ARM GAS  C:\Users\kbuchi\AppData\Local\Temp\cc1vqAiO.s 			page 1


   1              		.cpu cortex-m0
   2              		.fpu softvfp
   3              		.eabi_attribute 20, 1
   4              		.eabi_attribute 21, 1
   5              		.eabi_attribute 23, 3
   6              		.eabi_attribute 24, 1
   7              		.eabi_attribute 25, 1
   8              		.eabi_attribute 26, 1
   9              		.eabi_attribute 30, 1
  10              		.eabi_attribute 34, 0
  11              		.eabi_attribute 18, 4
  12              		.code	16
  13              		.file	"cyfitter_cfg.c"
  14              		.text
  15              	.Ltext0:
  16              		.cfi_sections	.debug_frame
  17              		.section	.text.cfg_write_bytes32,"ax",%progbits
  18              		.align	2
  19              		.code	16
  20              		.thumb_func
  21              		.type	cfg_write_bytes32, %function
  22              	cfg_write_bytes32:
  23              	.LFB3:
  24              		.file 1 ".\\Generated_Source\\PSoC4\\cyfitter_cfg.c"
   1:.\Generated_Source\PSoC4/cyfitter_cfg.c **** /*******************************************************************************
   2:.\Generated_Source\PSoC4/cyfitter_cfg.c **** * FILENAME: cyfitter_cfg.c
   3:.\Generated_Source\PSoC4/cyfitter_cfg.c **** * 
   4:.\Generated_Source\PSoC4/cyfitter_cfg.c **** * PSoC Creator  3.2
   5:.\Generated_Source\PSoC4/cyfitter_cfg.c **** *
   6:.\Generated_Source\PSoC4/cyfitter_cfg.c **** * DESCRIPTION:
   7:.\Generated_Source\PSoC4/cyfitter_cfg.c **** * This file contains device initialization code.
   8:.\Generated_Source\PSoC4/cyfitter_cfg.c **** * Except for the user defined sections in CyClockStartupError(), this file should not be modified.
   9:.\Generated_Source\PSoC4/cyfitter_cfg.c **** * This file is automatically generated by PSoC Creator.
  10:.\Generated_Source\PSoC4/cyfitter_cfg.c **** *
  11:.\Generated_Source\PSoC4/cyfitter_cfg.c **** ********************************************************************************
  12:.\Generated_Source\PSoC4/cyfitter_cfg.c **** * Copyright (c) 2007-2015 Cypress Semiconductor.  All rights reserved.
  13:.\Generated_Source\PSoC4/cyfitter_cfg.c **** * You may use this file only in accordance with the license, terms, conditions, 
  14:.\Generated_Source\PSoC4/cyfitter_cfg.c **** * disclaimers, and limitations in the end user license agreement accompanying 
  15:.\Generated_Source\PSoC4/cyfitter_cfg.c **** * the software package with which this file was provided.
  16:.\Generated_Source\PSoC4/cyfitter_cfg.c **** ********************************************************************************/
  17:.\Generated_Source\PSoC4/cyfitter_cfg.c **** 
  18:.\Generated_Source\PSoC4/cyfitter_cfg.c **** #include <string.h>
  19:.\Generated_Source\PSoC4/cyfitter_cfg.c **** #include "cytypes.h"
  20:.\Generated_Source\PSoC4/cyfitter_cfg.c **** #include "cydevice_trm.h"
  21:.\Generated_Source\PSoC4/cyfitter_cfg.c **** #include "cyfitter.h"
  22:.\Generated_Source\PSoC4/cyfitter_cfg.c **** #include "CyLib.h"
  23:.\Generated_Source\PSoC4/cyfitter_cfg.c **** #include "CyLFClk.h"
  24:.\Generated_Source\PSoC4/cyfitter_cfg.c **** #include "cyfitter_cfg.h"
  25:.\Generated_Source\PSoC4/cyfitter_cfg.c **** 
  26:.\Generated_Source\PSoC4/cyfitter_cfg.c **** 
  27:.\Generated_Source\PSoC4/cyfitter_cfg.c **** #if defined(__GNUC__) || defined(__ARMCC_VERSION)
  28:.\Generated_Source\PSoC4/cyfitter_cfg.c ****     #define CYPACKED 
  29:.\Generated_Source\PSoC4/cyfitter_cfg.c ****     #define CYPACKED_ATTR __attribute__ ((packed))
  30:.\Generated_Source\PSoC4/cyfitter_cfg.c ****     #define CYALIGNED __attribute__ ((aligned))
  31:.\Generated_Source\PSoC4/cyfitter_cfg.c ****     #define CY_CFG_UNUSED __attribute__ ((unused))
  32:.\Generated_Source\PSoC4/cyfitter_cfg.c ****     #define CY_CFG_SECTION __attribute__ ((section(".psocinit")))
  33:.\Generated_Source\PSoC4/cyfitter_cfg.c ****     
ARM GAS  C:\Users\kbuchi\AppData\Local\Temp\cc1vqAiO.s 			page 2


  34:.\Generated_Source\PSoC4/cyfitter_cfg.c ****     #if defined(__ARMCC_VERSION)
  35:.\Generated_Source\PSoC4/cyfitter_cfg.c ****         #define CY_CFG_MEMORY_BARRIER() __memory_changed()
  36:.\Generated_Source\PSoC4/cyfitter_cfg.c ****     #else
  37:.\Generated_Source\PSoC4/cyfitter_cfg.c ****         #define CY_CFG_MEMORY_BARRIER() __sync_synchronize()
  38:.\Generated_Source\PSoC4/cyfitter_cfg.c ****     #endif
  39:.\Generated_Source\PSoC4/cyfitter_cfg.c ****     
  40:.\Generated_Source\PSoC4/cyfitter_cfg.c **** #elif defined(__ICCARM__)
  41:.\Generated_Source\PSoC4/cyfitter_cfg.c ****     #include <intrinsics.h>
  42:.\Generated_Source\PSoC4/cyfitter_cfg.c **** 
  43:.\Generated_Source\PSoC4/cyfitter_cfg.c ****     #define CYPACKED __packed
  44:.\Generated_Source\PSoC4/cyfitter_cfg.c ****     #define CYPACKED_ATTR 
  45:.\Generated_Source\PSoC4/cyfitter_cfg.c ****     #define CYALIGNED _Pragma("data_alignment=4")
  46:.\Generated_Source\PSoC4/cyfitter_cfg.c ****     #define CY_CFG_UNUSED _Pragma("diag_suppress=Pe177")
  47:.\Generated_Source\PSoC4/cyfitter_cfg.c ****     #define CY_CFG_SECTION _Pragma("location=\".psocinit\"")
  48:.\Generated_Source\PSoC4/cyfitter_cfg.c ****     
  49:.\Generated_Source\PSoC4/cyfitter_cfg.c ****     #define CY_CFG_MEMORY_BARRIER() __DMB()
  50:.\Generated_Source\PSoC4/cyfitter_cfg.c ****     
  51:.\Generated_Source\PSoC4/cyfitter_cfg.c **** #else
  52:.\Generated_Source\PSoC4/cyfitter_cfg.c ****     #error Unsupported toolchain
  53:.\Generated_Source\PSoC4/cyfitter_cfg.c **** #endif
  54:.\Generated_Source\PSoC4/cyfitter_cfg.c **** 
  55:.\Generated_Source\PSoC4/cyfitter_cfg.c **** 
  56:.\Generated_Source\PSoC4/cyfitter_cfg.c **** CY_CFG_UNUSED
  57:.\Generated_Source\PSoC4/cyfitter_cfg.c **** static void CYMEMZERO(void *s, size_t n);
  58:.\Generated_Source\PSoC4/cyfitter_cfg.c **** CY_CFG_UNUSED
  59:.\Generated_Source\PSoC4/cyfitter_cfg.c **** static void CYMEMZERO(void *s, size_t n)
  60:.\Generated_Source\PSoC4/cyfitter_cfg.c **** {
  61:.\Generated_Source\PSoC4/cyfitter_cfg.c **** 	(void)memset(s, 0, n);
  62:.\Generated_Source\PSoC4/cyfitter_cfg.c **** }
  63:.\Generated_Source\PSoC4/cyfitter_cfg.c **** CY_CFG_UNUSED
  64:.\Generated_Source\PSoC4/cyfitter_cfg.c **** static void CYCONFIGCPY(void *dest, const void *src, size_t n);
  65:.\Generated_Source\PSoC4/cyfitter_cfg.c **** CY_CFG_UNUSED
  66:.\Generated_Source\PSoC4/cyfitter_cfg.c **** static void CYCONFIGCPY(void *dest, const void *src, size_t n)
  67:.\Generated_Source\PSoC4/cyfitter_cfg.c **** {
  68:.\Generated_Source\PSoC4/cyfitter_cfg.c **** 	(void)memcpy(dest, src, n);
  69:.\Generated_Source\PSoC4/cyfitter_cfg.c **** }
  70:.\Generated_Source\PSoC4/cyfitter_cfg.c **** CY_CFG_UNUSED
  71:.\Generated_Source\PSoC4/cyfitter_cfg.c **** static void CYCONFIGCPYCODE(void *dest, const void *src, size_t n);
  72:.\Generated_Source\PSoC4/cyfitter_cfg.c **** CY_CFG_UNUSED
  73:.\Generated_Source\PSoC4/cyfitter_cfg.c **** static void CYCONFIGCPYCODE(void *dest, const void *src, size_t n)
  74:.\Generated_Source\PSoC4/cyfitter_cfg.c **** {
  75:.\Generated_Source\PSoC4/cyfitter_cfg.c **** 	(void)memcpy(dest, src, n);
  76:.\Generated_Source\PSoC4/cyfitter_cfg.c **** }
  77:.\Generated_Source\PSoC4/cyfitter_cfg.c **** 
  78:.\Generated_Source\PSoC4/cyfitter_cfg.c **** 
  79:.\Generated_Source\PSoC4/cyfitter_cfg.c **** 
  80:.\Generated_Source\PSoC4/cyfitter_cfg.c **** /* Clock startup error codes                                                   */
  81:.\Generated_Source\PSoC4/cyfitter_cfg.c **** #define CYCLOCKSTART_NO_ERROR    0u
  82:.\Generated_Source\PSoC4/cyfitter_cfg.c **** #define CYCLOCKSTART_XTAL_ERROR  1u
  83:.\Generated_Source\PSoC4/cyfitter_cfg.c **** #define CYCLOCKSTART_32KHZ_ERROR 2u
  84:.\Generated_Source\PSoC4/cyfitter_cfg.c **** #define CYCLOCKSTART_PLL_ERROR   3u
  85:.\Generated_Source\PSoC4/cyfitter_cfg.c **** 
  86:.\Generated_Source\PSoC4/cyfitter_cfg.c **** #ifdef CY_NEED_CYCLOCKSTARTUPERROR
  87:.\Generated_Source\PSoC4/cyfitter_cfg.c **** /*******************************************************************************
  88:.\Generated_Source\PSoC4/cyfitter_cfg.c **** * Function Name: CyClockStartupError
  89:.\Generated_Source\PSoC4/cyfitter_cfg.c **** ********************************************************************************
  90:.\Generated_Source\PSoC4/cyfitter_cfg.c **** * Summary:
ARM GAS  C:\Users\kbuchi\AppData\Local\Temp\cc1vqAiO.s 			page 3


  91:.\Generated_Source\PSoC4/cyfitter_cfg.c **** *  If an error is encountered during clock configuration (crystal startup error,
  92:.\Generated_Source\PSoC4/cyfitter_cfg.c **** *  PLL lock error, etc.), the system will end up here.  Unless reimplemented by
  93:.\Generated_Source\PSoC4/cyfitter_cfg.c **** *  the customer, this function will stop in an infinite loop.
  94:.\Generated_Source\PSoC4/cyfitter_cfg.c **** *
  95:.\Generated_Source\PSoC4/cyfitter_cfg.c **** * Parameters:
  96:.\Generated_Source\PSoC4/cyfitter_cfg.c **** *   void
  97:.\Generated_Source\PSoC4/cyfitter_cfg.c **** *
  98:.\Generated_Source\PSoC4/cyfitter_cfg.c **** * Return:
  99:.\Generated_Source\PSoC4/cyfitter_cfg.c **** *   void
 100:.\Generated_Source\PSoC4/cyfitter_cfg.c **** *
 101:.\Generated_Source\PSoC4/cyfitter_cfg.c **** *******************************************************************************/
 102:.\Generated_Source\PSoC4/cyfitter_cfg.c **** CY_CFG_UNUSED
 103:.\Generated_Source\PSoC4/cyfitter_cfg.c **** static void CyClockStartupError(uint8 errorCode);
 104:.\Generated_Source\PSoC4/cyfitter_cfg.c **** CY_CFG_UNUSED
 105:.\Generated_Source\PSoC4/cyfitter_cfg.c **** static void CyClockStartupError(uint8 errorCode)
 106:.\Generated_Source\PSoC4/cyfitter_cfg.c **** {
 107:.\Generated_Source\PSoC4/cyfitter_cfg.c ****     /* To remove the compiler warning if errorCode not used.                */
 108:.\Generated_Source\PSoC4/cyfitter_cfg.c ****     errorCode = errorCode;
 109:.\Generated_Source\PSoC4/cyfitter_cfg.c **** 
 110:.\Generated_Source\PSoC4/cyfitter_cfg.c ****     /* `#START CyClockStartupError` */
 111:.\Generated_Source\PSoC4/cyfitter_cfg.c **** 
 112:.\Generated_Source\PSoC4/cyfitter_cfg.c ****     /* If we have a clock startup error (bad MHz crystal, PLL lock, etc.),  */
 113:.\Generated_Source\PSoC4/cyfitter_cfg.c ****     /* we will end up here to allow the customer to implement something to  */
 114:.\Generated_Source\PSoC4/cyfitter_cfg.c ****     /* deal with the clock condition.                                       */
 115:.\Generated_Source\PSoC4/cyfitter_cfg.c **** 
 116:.\Generated_Source\PSoC4/cyfitter_cfg.c ****     /* `#END` */
 117:.\Generated_Source\PSoC4/cyfitter_cfg.c **** 
 118:.\Generated_Source\PSoC4/cyfitter_cfg.c ****     /* If nothing else, stop here since the clocks have not started         */
 119:.\Generated_Source\PSoC4/cyfitter_cfg.c ****     /* correctly.                                                           */
 120:.\Generated_Source\PSoC4/cyfitter_cfg.c ****     while(1) {}
 121:.\Generated_Source\PSoC4/cyfitter_cfg.c **** }
 122:.\Generated_Source\PSoC4/cyfitter_cfg.c **** #endif
 123:.\Generated_Source\PSoC4/cyfitter_cfg.c **** 
 124:.\Generated_Source\PSoC4/cyfitter_cfg.c **** #define CY_CFG_BASE_ADDR_COUNT 1u
 125:.\Generated_Source\PSoC4/cyfitter_cfg.c **** CYPACKED typedef struct
 126:.\Generated_Source\PSoC4/cyfitter_cfg.c **** {
 127:.\Generated_Source\PSoC4/cyfitter_cfg.c **** 	uint8 offset;
 128:.\Generated_Source\PSoC4/cyfitter_cfg.c **** 	uint8 value;
 129:.\Generated_Source\PSoC4/cyfitter_cfg.c **** } CYPACKED_ATTR cy_cfg_addrvalue_t;
 130:.\Generated_Source\PSoC4/cyfitter_cfg.c **** 
 131:.\Generated_Source\PSoC4/cyfitter_cfg.c **** 
 132:.\Generated_Source\PSoC4/cyfitter_cfg.c **** 
 133:.\Generated_Source\PSoC4/cyfitter_cfg.c **** /*******************************************************************************
 134:.\Generated_Source\PSoC4/cyfitter_cfg.c **** * Function Name: cfg_write_bytes32
 135:.\Generated_Source\PSoC4/cyfitter_cfg.c **** ********************************************************************************
 136:.\Generated_Source\PSoC4/cyfitter_cfg.c **** * Summary:
 137:.\Generated_Source\PSoC4/cyfitter_cfg.c **** *  This function is used for setting up the chip configuration areas that
 138:.\Generated_Source\PSoC4/cyfitter_cfg.c **** *  contain relatively sparse data.
 139:.\Generated_Source\PSoC4/cyfitter_cfg.c **** *
 140:.\Generated_Source\PSoC4/cyfitter_cfg.c **** * Parameters:
 141:.\Generated_Source\PSoC4/cyfitter_cfg.c **** *   void
 142:.\Generated_Source\PSoC4/cyfitter_cfg.c **** *
 143:.\Generated_Source\PSoC4/cyfitter_cfg.c **** * Return:
 144:.\Generated_Source\PSoC4/cyfitter_cfg.c **** *   void
 145:.\Generated_Source\PSoC4/cyfitter_cfg.c **** *
 146:.\Generated_Source\PSoC4/cyfitter_cfg.c **** *******************************************************************************/
 147:.\Generated_Source\PSoC4/cyfitter_cfg.c **** static void cfg_write_bytes32(const uint32 addr_table[], const cy_cfg_addrvalue_t data_table[]);
ARM GAS  C:\Users\kbuchi\AppData\Local\Temp\cc1vqAiO.s 			page 4


 148:.\Generated_Source\PSoC4/cyfitter_cfg.c **** static void cfg_write_bytes32(const uint32 addr_table[], const cy_cfg_addrvalue_t data_table[])
 149:.\Generated_Source\PSoC4/cyfitter_cfg.c **** {
  25              		.loc 1 149 0
  26              		.cfi_startproc
  27              	.LVL0:
  28 0000 F0B5     		push	{r4, r5, r6, r7, lr}
  29              		.cfi_def_cfa_offset 20
  30              		.cfi_offset 4, -20
  31              		.cfi_offset 5, -16
  32              		.cfi_offset 6, -12
  33              		.cfi_offset 7, -8
  34              		.cfi_offset 14, -4
  35              	.LVL1:
 150:.\Generated_Source\PSoC4/cyfitter_cfg.c **** 	/* For 32-bit little-endian architectures */
 151:.\Generated_Source\PSoC4/cyfitter_cfg.c **** 	uint32 i, j = 0u;
  36              		.loc 1 151 0
  37 0002 0022     		mov	r2, #0
 152:.\Generated_Source\PSoC4/cyfitter_cfg.c **** 	for (i = 0u; i < CY_CFG_BASE_ADDR_COUNT; i++)
  38              		.loc 1 152 0
  39 0004 0027     		mov	r7, #0
  40              	.LBB2:
 153:.\Generated_Source\PSoC4/cyfitter_cfg.c **** 	{
 154:.\Generated_Source\PSoC4/cyfitter_cfg.c **** 		uint32 baseAddr = addr_table[i];
 155:.\Generated_Source\PSoC4/cyfitter_cfg.c **** 		uint8 count = (uint8)baseAddr;
 156:.\Generated_Source\PSoC4/cyfitter_cfg.c **** 		baseAddr &= 0xFFFFFF00u;
  41              		.loc 1 156 0
  42 0006 FF23     		mov	r3, #255
  43 0008 9C46     		mov	ip, r3
  44              	.LBE2:
 152:.\Generated_Source\PSoC4/cyfitter_cfg.c **** 	for (i = 0u; i < CY_CFG_BASE_ADDR_COUNT; i++)
  45              		.loc 1 152 0
  46 000a 11E0     		b	.L2
  47              	.LVL2:
  48              	.L5:
  49              	.LBB3:
 154:.\Generated_Source\PSoC4/cyfitter_cfg.c **** 		uint32 baseAddr = addr_table[i];
  50              		.loc 1 154 0
  51 000c BB00     		lsl	r3, r7, #2
  52 000e C658     		ldr	r6, [r0, r3]
  53              	.LVL3:
 155:.\Generated_Source\PSoC4/cyfitter_cfg.c **** 		uint8 count = (uint8)baseAddr;
  54              		.loc 1 155 0
  55 0010 F3B2     		uxtb	r3, r6
  56              	.LVL4:
  57              		.loc 1 156 0
  58 0012 6446     		mov	r4, ip
  59 0014 A643     		bic	r6, r4
  60              	.LVL5:
 157:.\Generated_Source\PSoC4/cyfitter_cfg.c **** 		while (count != 0u)
  61              		.loc 1 157 0
  62 0016 08E0     		b	.L3
  63              	.L4:
 158:.\Generated_Source\PSoC4/cyfitter_cfg.c **** 		{
 159:.\Generated_Source\PSoC4/cyfitter_cfg.c **** 			CY_SET_XTND_REG8((void CYFAR *)(baseAddr + data_table[j].offset), data_table[j].value);
  64              		.loc 1 159 0
  65 0018 5400     		lsl	r4, r2, #1
  66 001a 0C19     		add	r4, r1, r4
ARM GAS  C:\Users\kbuchi\AppData\Local\Temp\cc1vqAiO.s 			page 5


  67 001c 2578     		ldrb	r5, [r4]
  68 001e AD19     		add	r5, r5, r6
  69 0020 6478     		ldrb	r4, [r4, #1]
  70 0022 2C70     		strb	r4, [r5]
 160:.\Generated_Source\PSoC4/cyfitter_cfg.c **** 			j++;
  71              		.loc 1 160 0
  72 0024 0132     		add	r2, r2, #1
  73              	.LVL6:
 161:.\Generated_Source\PSoC4/cyfitter_cfg.c **** 			count--;
  74              		.loc 1 161 0
  75 0026 013B     		sub	r3, r3, #1
  76              	.LVL7:
  77 0028 DBB2     		uxtb	r3, r3
  78              	.LVL8:
  79              	.L3:
 157:.\Generated_Source\PSoC4/cyfitter_cfg.c **** 		while (count != 0u)
  80              		.loc 1 157 0 discriminator 1
  81 002a 002B     		cmp	r3, #0
  82 002c F4D1     		bne	.L4
  83              	.LBE3:
 152:.\Generated_Source\PSoC4/cyfitter_cfg.c **** 	for (i = 0u; i < CY_CFG_BASE_ADDR_COUNT; i++)
  84              		.loc 1 152 0
  85 002e 0137     		add	r7, r7, #1
  86              	.LVL9:
  87              	.L2:
 152:.\Generated_Source\PSoC4/cyfitter_cfg.c **** 	for (i = 0u; i < CY_CFG_BASE_ADDR_COUNT; i++)
  88              		.loc 1 152 0 is_stmt 0 discriminator 1
  89 0030 002F     		cmp	r7, #0
  90 0032 EBD0     		beq	.L5
 162:.\Generated_Source\PSoC4/cyfitter_cfg.c **** 		}
 163:.\Generated_Source\PSoC4/cyfitter_cfg.c **** 	}
 164:.\Generated_Source\PSoC4/cyfitter_cfg.c **** }
  91              		.loc 1 164 0 is_stmt 1
  92              		@ sp needed
  93              	.LVL10:
  94 0034 F0BD     		pop	{r4, r5, r6, r7, pc}
  95              		.cfi_endproc
  96              	.LFE3:
  97              		.size	cfg_write_bytes32, .-cfg_write_bytes32
  98 0036 C046     		.section	.text.CYMEMZERO,"ax",%progbits
  99              		.align	2
 100              		.code	16
 101              		.thumb_func
 102              		.type	CYMEMZERO, %function
 103              	CYMEMZERO:
 104              	.LFB0:
  60:.\Generated_Source\PSoC4/cyfitter_cfg.c **** {
 105              		.loc 1 60 0
 106              		.cfi_startproc
 107              	.LVL11:
 108 0000 08B5     		push	{r3, lr}
 109              		.cfi_def_cfa_offset 8
 110              		.cfi_offset 3, -8
 111              		.cfi_offset 14, -4
 112 0002 0A1C     		mov	r2, r1
  61:.\Generated_Source\PSoC4/cyfitter_cfg.c **** 	(void)memset(s, 0, n);
 113              		.loc 1 61 0
ARM GAS  C:\Users\kbuchi\AppData\Local\Temp\cc1vqAiO.s 			page 6


 114 0004 0021     		mov	r1, #0
 115              	.LVL12:
 116 0006 FFF7FEFF 		bl	memset
 117              	.LVL13:
  62:.\Generated_Source\PSoC4/cyfitter_cfg.c **** }
 118              		.loc 1 62 0
 119              		@ sp needed
 120 000a 08BD     		pop	{r3, pc}
 121              		.cfi_endproc
 122              	.LFE0:
 123              		.size	CYMEMZERO, .-CYMEMZERO
 124              		.section	.psocinit,"ax",%progbits
 125              		.align	2
 126              		.code	16
 127              		.thumb_func
 128              		.type	ClockSetup, %function
 129              	ClockSetup:
 130              	.LFB4:
 165:.\Generated_Source\PSoC4/cyfitter_cfg.c **** 
 166:.\Generated_Source\PSoC4/cyfitter_cfg.c **** 
 167:.\Generated_Source\PSoC4/cyfitter_cfg.c **** /*******************************************************************************
 168:.\Generated_Source\PSoC4/cyfitter_cfg.c **** * Function Name: ClockSetup
 169:.\Generated_Source\PSoC4/cyfitter_cfg.c **** ********************************************************************************
 170:.\Generated_Source\PSoC4/cyfitter_cfg.c **** *
 171:.\Generated_Source\PSoC4/cyfitter_cfg.c **** * Summary:
 172:.\Generated_Source\PSoC4/cyfitter_cfg.c **** *   Performs the initialization of all of the clocks in the device based on the
 173:.\Generated_Source\PSoC4/cyfitter_cfg.c **** *   settings in the Clock tab of the DWR.  This includes enabling the requested
 174:.\Generated_Source\PSoC4/cyfitter_cfg.c **** *   clocks and setting the necessary dividers to produce the desired frequency. 
 175:.\Generated_Source\PSoC4/cyfitter_cfg.c **** *
 176:.\Generated_Source\PSoC4/cyfitter_cfg.c **** * Parameters:
 177:.\Generated_Source\PSoC4/cyfitter_cfg.c **** *   void
 178:.\Generated_Source\PSoC4/cyfitter_cfg.c **** *
 179:.\Generated_Source\PSoC4/cyfitter_cfg.c **** * Return:
 180:.\Generated_Source\PSoC4/cyfitter_cfg.c **** *   void
 181:.\Generated_Source\PSoC4/cyfitter_cfg.c **** *
 182:.\Generated_Source\PSoC4/cyfitter_cfg.c **** *******************************************************************************/
 183:.\Generated_Source\PSoC4/cyfitter_cfg.c **** static void ClockSetup(void);
 184:.\Generated_Source\PSoC4/cyfitter_cfg.c **** CY_CFG_SECTION
 185:.\Generated_Source\PSoC4/cyfitter_cfg.c **** static void ClockSetup(void)
 186:.\Generated_Source\PSoC4/cyfitter_cfg.c **** {
 131              		.loc 1 186 0
 132              		.cfi_startproc
 133 0000 10B5     		push	{r4, lr}
 134              		.cfi_def_cfa_offset 8
 135              		.cfi_offset 4, -8
 136              		.cfi_offset 14, -4
 187:.\Generated_Source\PSoC4/cyfitter_cfg.c **** 	/* Enable HALF_EN before trimming for the flash accelerator. */
 188:.\Generated_Source\PSoC4/cyfitter_cfg.c **** 	CY_SET_REG32((void CYXDATA *)(CYREG_CLK_SELECT), (CY_GET_REG32((void *)CYREG_CLK_SELECT) | 0x00040
 137              		.loc 1 188 0
 138 0002 0F4C     		ldr	r4, .L8
 139 0004 2268     		ldr	r2, [r4]
 140 0006 8023     		mov	r3, #128
 141 0008 DB02     		lsl	r3, r3, #11
 142 000a 1343     		orr	r3, r2
 143 000c 2360     		str	r3, [r4]
 189:.\Generated_Source\PSoC4/cyfitter_cfg.c **** 
 190:.\Generated_Source\PSoC4/cyfitter_cfg.c **** 	/* Setup and trim IMO based on desired frequency. */
ARM GAS  C:\Users\kbuchi\AppData\Local\Temp\cc1vqAiO.s 			page 7


 191:.\Generated_Source\PSoC4/cyfitter_cfg.c **** 	CySysClkWriteImoFreq(24u);
 144              		.loc 1 191 0
 145 000e 1820     		mov	r0, #24
 146 0010 FFF7FEFF 		bl	CySysClkWriteImoFreq
 147              	.LVL14:
 192:.\Generated_Source\PSoC4/cyfitter_cfg.c **** 
 193:.\Generated_Source\PSoC4/cyfitter_cfg.c **** 	/* Disable HALF_EN since it is not required at this IMO frequency. */
 194:.\Generated_Source\PSoC4/cyfitter_cfg.c **** 	CY_SET_REG32((void CYXDATA *)(CYREG_CLK_SELECT), (CY_GET_REG32((void *)CYREG_CLK_SELECT) & 0xFFFBF
 148              		.loc 1 194 0
 149 0014 2268     		ldr	r2, [r4]
 150 0016 0B4B     		ldr	r3, .L8+4
 151 0018 1340     		and	r3, r2
 152 001a 2360     		str	r3, [r4]
 195:.\Generated_Source\PSoC4/cyfitter_cfg.c **** 	/* CYDEV_CLK_ILO_CONFIG Starting address: CYDEV_CLK_ILO_CONFIG */
 196:.\Generated_Source\PSoC4/cyfitter_cfg.c **** 	CY_SET_XTND_REG32((void CYFAR *)(CYREG_CLK_ILO_CONFIG), 0x80000006u);
 153              		.loc 1 196 0
 154 001c 0A4A     		ldr	r2, .L8+8
 155 001e 0B4B     		ldr	r3, .L8+12
 156 0020 1A60     		str	r2, [r3]
 197:.\Generated_Source\PSoC4/cyfitter_cfg.c **** 
 198:.\Generated_Source\PSoC4/cyfitter_cfg.c **** 
 199:.\Generated_Source\PSoC4/cyfitter_cfg.c **** 	/* CYDEV_CLK_IMO_CONFIG Starting address: CYDEV_CLK_IMO_CONFIG */
 200:.\Generated_Source\PSoC4/cyfitter_cfg.c **** 	CY_SET_XTND_REG32((void CYFAR *)(CYREG_CLK_IMO_CONFIG), 0x80000000u);
 157              		.loc 1 200 0
 158 0022 8022     		mov	r2, #128
 159 0024 1206     		lsl	r2, r2, #24
 160 0026 0A4B     		ldr	r3, .L8+16
 161 0028 1A60     		str	r2, [r3]
 201:.\Generated_Source\PSoC4/cyfitter_cfg.c **** 
 202:.\Generated_Source\PSoC4/cyfitter_cfg.c **** 	(void)CyIntSetVector(9u, &CySysWdtIsr);
 162              		.loc 1 202 0
 163 002a 0920     		mov	r0, #9
 164 002c 0949     		ldr	r1, .L8+20
 165 002e FFF7FEFF 		bl	CyIntSetVector
 166              	.LVL15:
 203:.\Generated_Source\PSoC4/cyfitter_cfg.c **** 	CyIntEnable(9u);
 167              		.loc 1 203 0
 168 0032 0920     		mov	r0, #9
 169 0034 FFF7FEFF 		bl	CyIntEnable
 170              	.LVL16:
 204:.\Generated_Source\PSoC4/cyfitter_cfg.c **** 	CY_SET_XTND_REG32((void CYFAR *)(CYREG_WDT_CONFIG), 0x00000000u);
 171              		.loc 1 204 0
 172 0038 0022     		mov	r2, #0
 173 003a 074B     		ldr	r3, .L8+24
 174 003c 1A60     		str	r2, [r3]
 205:.\Generated_Source\PSoC4/cyfitter_cfg.c **** }
 175              		.loc 1 205 0
 176              		@ sp needed
 177 003e 10BD     		pop	{r4, pc}
 178              	.L9:
 179              		.align	2
 180              	.L8:
 181 0040 00010B40 		.word	1074462976
 182 0044 FFFFFBFF 		.word	-262145
 183 0048 06000080 		.word	-2147483642
 184 004c 04010B40 		.word	1074462980
 185 0050 08010B40 		.word	1074462984
ARM GAS  C:\Users\kbuchi\AppData\Local\Temp\cc1vqAiO.s 			page 8


 186 0054 00000000 		.word	CySysWdtIsr
 187 0058 0C020B40 		.word	1074463244
 188              		.cfi_endproc
 189              	.LFE4:
 190              		.size	ClockSetup, .-ClockSetup
 191              		.align	2
 192              		.global	cyfitter_cfg
 193              		.code	16
 194              		.thumb_func
 195              		.type	cyfitter_cfg, %function
 196              	cyfitter_cfg:
 197              	.LFB6:
 206:.\Generated_Source\PSoC4/cyfitter_cfg.c **** 
 207:.\Generated_Source\PSoC4/cyfitter_cfg.c **** 
 208:.\Generated_Source\PSoC4/cyfitter_cfg.c **** /* Analog API Functions */
 209:.\Generated_Source\PSoC4/cyfitter_cfg.c **** 
 210:.\Generated_Source\PSoC4/cyfitter_cfg.c **** 
 211:.\Generated_Source\PSoC4/cyfitter_cfg.c **** /*******************************************************************************
 212:.\Generated_Source\PSoC4/cyfitter_cfg.c **** * Function Name: AnalogSetDefault
 213:.\Generated_Source\PSoC4/cyfitter_cfg.c **** ********************************************************************************
 214:.\Generated_Source\PSoC4/cyfitter_cfg.c **** *
 215:.\Generated_Source\PSoC4/cyfitter_cfg.c **** * Summary:
 216:.\Generated_Source\PSoC4/cyfitter_cfg.c **** *  Sets up the analog portions of the chip to default values based on chip
 217:.\Generated_Source\PSoC4/cyfitter_cfg.c **** *  configuration options from the project.
 218:.\Generated_Source\PSoC4/cyfitter_cfg.c **** *
 219:.\Generated_Source\PSoC4/cyfitter_cfg.c **** * Parameters:
 220:.\Generated_Source\PSoC4/cyfitter_cfg.c **** *  void
 221:.\Generated_Source\PSoC4/cyfitter_cfg.c **** *
 222:.\Generated_Source\PSoC4/cyfitter_cfg.c **** * Return:
 223:.\Generated_Source\PSoC4/cyfitter_cfg.c **** *  void
 224:.\Generated_Source\PSoC4/cyfitter_cfg.c **** *
 225:.\Generated_Source\PSoC4/cyfitter_cfg.c **** *******************************************************************************/
 226:.\Generated_Source\PSoC4/cyfitter_cfg.c **** static void AnalogSetDefault(void);
 227:.\Generated_Source\PSoC4/cyfitter_cfg.c **** static void AnalogSetDefault(void)
 228:.\Generated_Source\PSoC4/cyfitter_cfg.c **** {
 229:.\Generated_Source\PSoC4/cyfitter_cfg.c **** }
 230:.\Generated_Source\PSoC4/cyfitter_cfg.c **** 
 231:.\Generated_Source\PSoC4/cyfitter_cfg.c **** #define CY_AMUX_UNUSED CYREG_CM0_ROM_DWT
 232:.\Generated_Source\PSoC4/cyfitter_cfg.c **** 
 233:.\Generated_Source\PSoC4/cyfitter_cfg.c **** 
 234:.\Generated_Source\PSoC4/cyfitter_cfg.c **** /*******************************************************************************
 235:.\Generated_Source\PSoC4/cyfitter_cfg.c **** * Function Name: cyfitter_cfg
 236:.\Generated_Source\PSoC4/cyfitter_cfg.c **** ********************************************************************************
 237:.\Generated_Source\PSoC4/cyfitter_cfg.c **** * Summary:
 238:.\Generated_Source\PSoC4/cyfitter_cfg.c **** *  This function is called by the start-up code for the selected device. It
 239:.\Generated_Source\PSoC4/cyfitter_cfg.c **** *  performs all of the necessary device configuration based on the design
 240:.\Generated_Source\PSoC4/cyfitter_cfg.c **** *  settings.  This includes settings from the Design Wide Resources (DWR) such
 241:.\Generated_Source\PSoC4/cyfitter_cfg.c **** *  as Clocks and Pins as well as any component configuration that is necessary.
 242:.\Generated_Source\PSoC4/cyfitter_cfg.c **** *
 243:.\Generated_Source\PSoC4/cyfitter_cfg.c **** * Parameters:  
 244:.\Generated_Source\PSoC4/cyfitter_cfg.c **** *   void
 245:.\Generated_Source\PSoC4/cyfitter_cfg.c **** *
 246:.\Generated_Source\PSoC4/cyfitter_cfg.c **** * Return:
 247:.\Generated_Source\PSoC4/cyfitter_cfg.c **** *   void
 248:.\Generated_Source\PSoC4/cyfitter_cfg.c **** *
 249:.\Generated_Source\PSoC4/cyfitter_cfg.c **** *******************************************************************************/
 250:.\Generated_Source\PSoC4/cyfitter_cfg.c **** CY_CFG_SECTION
ARM GAS  C:\Users\kbuchi\AppData\Local\Temp\cc1vqAiO.s 			page 9


 251:.\Generated_Source\PSoC4/cyfitter_cfg.c **** void cyfitter_cfg(void)
 252:.\Generated_Source\PSoC4/cyfitter_cfg.c **** {
 198              		.loc 1 252 0
 199              		.cfi_startproc
 200 005c 38B5     		push	{r3, r4, r5, lr}
 201              		.cfi_def_cfa_offset 16
 202              		.cfi_offset 3, -16
 203              		.cfi_offset 4, -12
 204              		.cfi_offset 5, -8
 205              		.cfi_offset 14, -4
 253:.\Generated_Source\PSoC4/cyfitter_cfg.c **** 	/* Disable interrupts by default. Let user enable if/when they want. */
 254:.\Generated_Source\PSoC4/cyfitter_cfg.c **** 	CyGlobalIntDisable;
 206              		.loc 1 254 0
 207              	@ 254 ".\Generated_Source\PSoC4\cyfitter_cfg.c" 1
 208 005e 72B6     		CPSID   i
 209              	@ 0 "" 2
 210              	.LVL17:
 211              		.code	16
 212              	.LBB4:
 255:.\Generated_Source\PSoC4/cyfitter_cfg.c **** 
 256:.\Generated_Source\PSoC4/cyfitter_cfg.c **** 	{
 257:.\Generated_Source\PSoC4/cyfitter_cfg.c **** 		static const uint32 CYCODE cy_cfg_addr_table[] = {
 258:.\Generated_Source\PSoC4/cyfitter_cfg.c **** 			0x400F6002u, /* Base address: 0x400F6000 Count: 2 */
 259:.\Generated_Source\PSoC4/cyfitter_cfg.c **** 		};
 260:.\Generated_Source\PSoC4/cyfitter_cfg.c **** 
 261:.\Generated_Source\PSoC4/cyfitter_cfg.c **** 		static const cy_cfg_addrvalue_t CYCODE cy_cfg_data_table[] = {
 262:.\Generated_Source\PSoC4/cyfitter_cfg.c **** 			{0x02u, 0x01u},
 263:.\Generated_Source\PSoC4/cyfitter_cfg.c **** 			{0x11u, 0x01u},
 264:.\Generated_Source\PSoC4/cyfitter_cfg.c **** 		};
 265:.\Generated_Source\PSoC4/cyfitter_cfg.c **** 
 266:.\Generated_Source\PSoC4/cyfitter_cfg.c **** 
 267:.\Generated_Source\PSoC4/cyfitter_cfg.c **** 
 268:.\Generated_Source\PSoC4/cyfitter_cfg.c **** 		CYPACKED typedef struct {
 269:.\Generated_Source\PSoC4/cyfitter_cfg.c **** 			void CYFAR *address;
 270:.\Generated_Source\PSoC4/cyfitter_cfg.c **** 			uint16 size;
 271:.\Generated_Source\PSoC4/cyfitter_cfg.c **** 		} CYPACKED_ATTR cfg_memset_t;
 272:.\Generated_Source\PSoC4/cyfitter_cfg.c **** 
 273:.\Generated_Source\PSoC4/cyfitter_cfg.c **** 		static const cfg_memset_t CYCODE cfg_memset_list [] = {
 274:.\Generated_Source\PSoC4/cyfitter_cfg.c **** 			/* address, size */
 275:.\Generated_Source\PSoC4/cyfitter_cfg.c **** 			{(void CYFAR *)(CYDEV_UDB_P0_U0_BASE), 1024u},
 276:.\Generated_Source\PSoC4/cyfitter_cfg.c **** 			{(void CYFAR *)(CYDEV_UDB_DSI0_BASE), 1024u},
 277:.\Generated_Source\PSoC4/cyfitter_cfg.c **** 		};
 278:.\Generated_Source\PSoC4/cyfitter_cfg.c **** 
 279:.\Generated_Source\PSoC4/cyfitter_cfg.c **** 		uint8 CYDATA i;
 280:.\Generated_Source\PSoC4/cyfitter_cfg.c **** 
 281:.\Generated_Source\PSoC4/cyfitter_cfg.c **** 		/* Zero out critical memory blocks before beginning configuration */
 282:.\Generated_Source\PSoC4/cyfitter_cfg.c **** 		for (i = 0u; i < (sizeof(cfg_memset_list)/sizeof(cfg_memset_list[0])); i++)
 213              		.loc 1 282 0
 214 0060 0024     		mov	r4, #0
 215              	.LBB5:
 283:.\Generated_Source\PSoC4/cyfitter_cfg.c **** 		{
 284:.\Generated_Source\PSoC4/cyfitter_cfg.c **** 			const cfg_memset_t CYCODE * CYDATA ms = &cfg_memset_list[i];
 216              		.loc 1 284 0
 217 0062 1F4D     		ldr	r5, .L13
 218              	.LBE5:
 282:.\Generated_Source\PSoC4/cyfitter_cfg.c **** 		for (i = 0u; i < (sizeof(cfg_memset_list)/sizeof(cfg_memset_list[0])); i++)
 219              		.loc 1 282 0
ARM GAS  C:\Users\kbuchi\AppData\Local\Temp\cc1vqAiO.s 			page 10


 220 0064 0CE0     		b	.L11
 221              	.LVL18:
 222              	.L12:
 223              	.LBB6:
 224              		.loc 1 284 0 discriminator 2
 225 0066 6300     		lsl	r3, r4, #1
 226 0068 1B19     		add	r3, r3, r4
 227 006a 5B00     		lsl	r3, r3, #1
 228 006c EB18     		add	r3, r5, r3
 229              	.LVL19:
 285:.\Generated_Source\PSoC4/cyfitter_cfg.c **** 			CYMEMZERO(ms->address, (size_t)(uint32)(ms->size));
 230              		.loc 1 285 0 discriminator 2
 231 006e 9988     		ldrh	r1, [r3, #4]
 232 0070 1A88     		ldrh	r2, [r3]
 233 0072 5888     		ldrh	r0, [r3, #2]
 234 0074 0004     		lsl	r0, r0, #16
 235 0076 1043     		orr	r0, r2
 236 0078 FFF7FEFF 		bl	CYMEMZERO
 237              	.LVL20:
 238              	.LBE6:
 282:.\Generated_Source\PSoC4/cyfitter_cfg.c **** 		for (i = 0u; i < (sizeof(cfg_memset_list)/sizeof(cfg_memset_list[0])); i++)
 239              		.loc 1 282 0 discriminator 2
 240 007c 0134     		add	r4, r4, #1
 241              	.LVL21:
 242 007e E4B2     		uxtb	r4, r4
 243              	.LVL22:
 244              	.L11:
 282:.\Generated_Source\PSoC4/cyfitter_cfg.c **** 		for (i = 0u; i < (sizeof(cfg_memset_list)/sizeof(cfg_memset_list[0])); i++)
 245              		.loc 1 282 0 is_stmt 0 discriminator 1
 246 0080 012C     		cmp	r4, #1
 247 0082 F0D9     		bls	.L12
 286:.\Generated_Source\PSoC4/cyfitter_cfg.c **** 		}
 287:.\Generated_Source\PSoC4/cyfitter_cfg.c **** 
 288:.\Generated_Source\PSoC4/cyfitter_cfg.c **** 		cfg_write_bytes32(cy_cfg_addr_table, cy_cfg_data_table);
 248              		.loc 1 288 0 is_stmt 1
 249 0084 1649     		ldr	r1, .L13
 250 0086 081C     		mov	r0, r1
 251 0088 0C30     		add	r0, r0, #12
 252 008a 1031     		add	r1, r1, #16
 253 008c FFF7FEFF 		bl	cfg_write_bytes32
 254              	.LVL23:
 289:.\Generated_Source\PSoC4/cyfitter_cfg.c **** 
 290:.\Generated_Source\PSoC4/cyfitter_cfg.c **** 		/* HSIOM Starting address: CYDEV_HSIOM_BASE */
 291:.\Generated_Source\PSoC4/cyfitter_cfg.c **** 		CY_SET_XTND_REG32((void CYFAR *)(CYREG_HSIOM_PORT_SEL3), 0x0000EE00u);
 255              		.loc 1 291 0
 256 0090 EE22     		mov	r2, #238
 257 0092 1202     		lsl	r2, r2, #8
 258 0094 134B     		ldr	r3, .L13+4
 259 0096 1A60     		str	r2, [r3]
 292:.\Generated_Source\PSoC4/cyfitter_cfg.c **** 
 293:.\Generated_Source\PSoC4/cyfitter_cfg.c **** 		/* UDB_PA_0 Starting address: CYDEV_UDB_PA0_BASE */
 294:.\Generated_Source\PSoC4/cyfitter_cfg.c **** 		CY_SET_XTND_REG32((void CYFAR *)(CYDEV_UDB_PA0_BASE), 0x00990000u);
 260              		.loc 1 294 0
 261 0098 9923     		mov	r3, #153
 262 009a 1B04     		lsl	r3, r3, #16
 263 009c 124A     		ldr	r2, .L13+8
 264 009e 1360     		str	r3, [r2]
ARM GAS  C:\Users\kbuchi\AppData\Local\Temp\cc1vqAiO.s 			page 11


 295:.\Generated_Source\PSoC4/cyfitter_cfg.c **** 		CY_SET_XTND_REG32((void CYFAR *)(CYREG_UDB_PA0_CFG4), 0x00020000u);
 265              		.loc 1 295 0
 266 00a0 8021     		mov	r1, #128
 267 00a2 8902     		lsl	r1, r1, #10
 268 00a4 114A     		ldr	r2, .L13+12
 269 00a6 1160     		str	r1, [r2]
 296:.\Generated_Source\PSoC4/cyfitter_cfg.c **** 
 297:.\Generated_Source\PSoC4/cyfitter_cfg.c **** 		/* UDB_PA_3 Starting address: CYDEV_UDB_PA3_BASE */
 298:.\Generated_Source\PSoC4/cyfitter_cfg.c **** 		CY_SET_XTND_REG32((void CYFAR *)(CYDEV_UDB_PA3_BASE), 0x00990000u);
 270              		.loc 1 298 0
 271 00a8 114A     		ldr	r2, .L13+16
 272 00aa 1360     		str	r3, [r2]
 299:.\Generated_Source\PSoC4/cyfitter_cfg.c **** 
 300:.\Generated_Source\PSoC4/cyfitter_cfg.c **** 		/* Enable digital routing */
 301:.\Generated_Source\PSoC4/cyfitter_cfg.c **** 		CY_SET_XTND_REG8((void *)CYREG_UDB_UDBIF_BANK_CTL, CY_GET_XTND_REG8((void *)CYREG_UDB_UDBIF_BANK_
 273              		.loc 1 301 0
 274 00ac 114B     		ldr	r3, .L13+20
 275 00ae 1978     		ldrb	r1, [r3]
 276 00b0 0222     		mov	r2, #2
 277 00b2 0A43     		orr	r2, r1
 278 00b4 1A70     		strb	r2, [r3]
 302:.\Generated_Source\PSoC4/cyfitter_cfg.c **** 
 303:.\Generated_Source\PSoC4/cyfitter_cfg.c **** 		/* Enable UDB array */
 304:.\Generated_Source\PSoC4/cyfitter_cfg.c **** 		CY_SET_XTND_REG8((void *)CYREG_UDB_UDBIF_WAIT_CFG, (uint8)((CY_GET_XTND_REG8((void *)CYREG_UDB_UD
 279              		.loc 1 304 0
 280 00b6 104A     		ldr	r2, .L13+24
 281 00b8 1178     		ldrb	r1, [r2]
 282 00ba 3C20     		mov	r0, #60
 283 00bc 8143     		bic	r1, r0
 284 00be 1420     		mov	r0, #20
 285 00c0 0143     		orr	r1, r0
 286 00c2 1170     		strb	r1, [r2]
 305:.\Generated_Source\PSoC4/cyfitter_cfg.c **** 		CY_SET_XTND_REG8((void *)CYREG_UDB_UDBIF_BANK_CTL, (uint8)(CY_GET_XTND_REG8((void *)CYREG_UDB_UDB
 287              		.loc 1 305 0
 288 00c4 1978     		ldrb	r1, [r3]
 289 00c6 1622     		mov	r2, #22
 290 00c8 0A43     		orr	r2, r1
 291 00ca 1A70     		strb	r2, [r3]
 292              	.LBE4:
 306:.\Generated_Source\PSoC4/cyfitter_cfg.c **** 	}
 307:.\Generated_Source\PSoC4/cyfitter_cfg.c **** 
 308:.\Generated_Source\PSoC4/cyfitter_cfg.c **** 	/* Perform second pass device configuration. These items must be configured in specific order afte
 309:.\Generated_Source\PSoC4/cyfitter_cfg.c **** 	/* IOPINS0_0 Starting address: CYDEV_PRT0_DR */
 310:.\Generated_Source\PSoC4/cyfitter_cfg.c **** 	CY_SET_XTND_REG32((void CYFAR *)(CYREG_PRT0_PC), 0x00000032u);
 293              		.loc 1 310 0
 294 00cc 3222     		mov	r2, #50
 295 00ce 0B4B     		ldr	r3, .L13+28
 296 00d0 1A60     		str	r2, [r3]
 311:.\Generated_Source\PSoC4/cyfitter_cfg.c **** 
 312:.\Generated_Source\PSoC4/cyfitter_cfg.c **** 	/* IOPINS0_3 Starting address: CYDEV_PRT3_DR */
 313:.\Generated_Source\PSoC4/cyfitter_cfg.c **** 	CY_SET_XTND_REG32((void CYFAR *)(CYREG_PRT3_PC), 0x00000D80u);
 297              		.loc 1 313 0
 298 00d2 D822     		mov	r2, #216
 299 00d4 1201     		lsl	r2, r2, #4
 300 00d6 0A4B     		ldr	r3, .L13+32
 301 00d8 1A60     		str	r2, [r3]
 314:.\Generated_Source\PSoC4/cyfitter_cfg.c **** 
ARM GAS  C:\Users\kbuchi\AppData\Local\Temp\cc1vqAiO.s 			page 12


 315:.\Generated_Source\PSoC4/cyfitter_cfg.c **** 	/* Setup clocks based on selections from Clock DWR */
 316:.\Generated_Source\PSoC4/cyfitter_cfg.c **** 	ClockSetup();
 302              		.loc 1 316 0
 303 00da FFF791FF 		bl	ClockSetup
 304              	.LVL24:
 317:.\Generated_Source\PSoC4/cyfitter_cfg.c **** 
 318:.\Generated_Source\PSoC4/cyfitter_cfg.c **** 	/* Perform basic analog initialization to defaults */
 319:.\Generated_Source\PSoC4/cyfitter_cfg.c **** 	AnalogSetDefault();
 320:.\Generated_Source\PSoC4/cyfitter_cfg.c **** 
 321:.\Generated_Source\PSoC4/cyfitter_cfg.c **** }
 305              		.loc 1 321 0
 306              		@ sp needed
 307              	.LVL25:
 308 00de 38BD     		pop	{r3, r4, r5, pc}
 309              	.L14:
 310              		.align	2
 311              	.L13:
 312 00e0 00000000 		.word	.LANCHOR0
 313 00e4 0C000140 		.word	1073807372
 314 00e8 00500F40 		.word	1074745344
 315 00ec 04500F40 		.word	1074745348
 316 00f0 30500F40 		.word	1074745392
 317 00f4 00700F40 		.word	1074753536
 318 00f8 01700F40 		.word	1074753537
 319 00fc 08000440 		.word	1074003976
 320 0100 08030440 		.word	1074004744
 321              		.cfi_endproc
 322              	.LFE6:
 323              		.size	cyfitter_cfg, .-cyfitter_cfg
 324              		.section	.rodata
 325              		.align	2
 326              		.set	.LANCHOR0,. + 0
 327              		.type	cfg_memset_list.4740, %object
 328              		.size	cfg_memset_list.4740, 12
 329              	cfg_memset_list.4740:
 330 0000 00300F40 		.word	1074737152
 331 0004 0004     		.short	1024
 332 0006 00400F40 		.4byte	1074741248
 333 000a 0004     		.short	1024
 334              		.type	cy_cfg_addr_table.4734, %object
 335              		.size	cy_cfg_addr_table.4734, 4
 336              	cy_cfg_addr_table.4734:
 337 000c 02600F40 		.word	1074749442
 338              		.type	cy_cfg_data_table.4735, %object
 339              		.size	cy_cfg_data_table.4735, 4
 340              	cy_cfg_data_table.4735:
 341 0010 02       		.byte	2
 342 0011 01       		.byte	1
 343 0012 11       		.byte	17
 344 0013 01       		.byte	1
 345              		.text
 346              	.Letext0:
 347              		.file 2 "c:\\works\\programs\\psoc_creator\\psoc creator\\3.2\\psoc_creator\\import\\gnu\\arm\\4.8
 348              		.file 3 ".\\Generated_Source\\PSoC4\\cytypes.h"
 349              		.file 4 ".\\Generated_Source\\PSoC4\\CyLib.h"
 350              		.section	.debug_info,"",%progbits
 351              	.Ldebug_info0:
ARM GAS  C:\Users\kbuchi\AppData\Local\Temp\cc1vqAiO.s 			page 13


 352 0000 A7030000 		.4byte	0x3a7
 353 0004 0400     		.2byte	0x4
 354 0006 00000000 		.4byte	.Ldebug_abbrev0
 355 000a 04       		.byte	0x4
 356 000b 01       		.uleb128 0x1
 357 000c 58010000 		.4byte	.LASF38
 358 0010 01       		.byte	0x1
 359 0011 00020000 		.4byte	.LASF39
 360 0015 5D000000 		.4byte	.LASF40
 361 0019 30000000 		.4byte	.Ldebug_ranges0+0x30
 362 001d 00000000 		.4byte	0
 363 0021 00000000 		.4byte	.Ldebug_line0
 364 0025 02       		.uleb128 0x2
 365 0026 04       		.byte	0x4
 366 0027 05       		.byte	0x5
 367 0028 696E7400 		.ascii	"int\000"
 368 002c 03       		.uleb128 0x3
 369 002d 06000000 		.4byte	.LASF11
 370 0031 02       		.byte	0x2
 371 0032 D4       		.byte	0xd4
 372 0033 37000000 		.4byte	0x37
 373 0037 04       		.uleb128 0x4
 374 0038 04       		.byte	0x4
 375 0039 07       		.byte	0x7
 376 003a 1F010000 		.4byte	.LASF0
 377 003e 04       		.uleb128 0x4
 378 003f 01       		.byte	0x1
 379 0040 06       		.byte	0x6
 380 0041 7D020000 		.4byte	.LASF1
 381 0045 04       		.uleb128 0x4
 382 0046 01       		.byte	0x1
 383 0047 08       		.byte	0x8
 384 0048 B1000000 		.4byte	.LASF2
 385 004c 04       		.uleb128 0x4
 386 004d 02       		.byte	0x2
 387 004e 05       		.byte	0x5
 388 004f 55020000 		.4byte	.LASF3
 389 0053 04       		.uleb128 0x4
 390 0054 02       		.byte	0x2
 391 0055 07       		.byte	0x7
 392 0056 89020000 		.4byte	.LASF4
 393 005a 04       		.uleb128 0x4
 394 005b 04       		.byte	0x4
 395 005c 05       		.byte	0x5
 396 005d 74020000 		.4byte	.LASF5
 397 0061 04       		.uleb128 0x4
 398 0062 04       		.byte	0x4
 399 0063 07       		.byte	0x7
 400 0064 8F000000 		.4byte	.LASF6
 401 0068 04       		.uleb128 0x4
 402 0069 08       		.byte	0x8
 403 006a 05       		.byte	0x5
 404 006b 28020000 		.4byte	.LASF7
 405 006f 04       		.uleb128 0x4
 406 0070 08       		.byte	0x8
 407 0071 07       		.byte	0x7
 408 0072 41010000 		.4byte	.LASF8
ARM GAS  C:\Users\kbuchi\AppData\Local\Temp\cc1vqAiO.s 			page 14


 409 0076 04       		.uleb128 0x4
 410 0077 04       		.byte	0x4
 411 0078 07       		.byte	0x7
 412 0079 F7010000 		.4byte	.LASF9
 413 007d 05       		.uleb128 0x5
 414 007e 04       		.byte	0x4
 415 007f 06       		.uleb128 0x6
 416 0080 04       		.byte	0x4
 417 0081 85000000 		.4byte	0x85
 418 0085 07       		.uleb128 0x7
 419 0086 04       		.uleb128 0x4
 420 0087 01       		.byte	0x1
 421 0088 08       		.byte	0x8
 422 0089 36020000 		.4byte	.LASF10
 423 008d 03       		.uleb128 0x3
 424 008e A1000000 		.4byte	.LASF12
 425 0092 03       		.byte	0x3
 426 0093 B3       		.byte	0xb3
 427 0094 45000000 		.4byte	0x45
 428 0098 03       		.uleb128 0x3
 429 0099 06010000 		.4byte	.LASF13
 430 009d 03       		.byte	0x3
 431 009e B4       		.byte	0xb4
 432 009f 53000000 		.4byte	0x53
 433 00a3 03       		.uleb128 0x3
 434 00a4 18010000 		.4byte	.LASF14
 435 00a8 03       		.byte	0x3
 436 00a9 B5       		.byte	0xb5
 437 00aa 61000000 		.4byte	0x61
 438 00ae 04       		.uleb128 0x4
 439 00af 04       		.byte	0x4
 440 00b0 04       		.byte	0x4
 441 00b1 57000000 		.4byte	.LASF15
 442 00b5 04       		.uleb128 0x4
 443 00b6 08       		.byte	0x8
 444 00b7 04       		.byte	0x4
 445 00b8 C6000000 		.4byte	.LASF16
 446 00bc 08       		.uleb128 0x8
 447 00bd 8A000000 		.4byte	.LASF17
 448 00c1 03       		.byte	0x3
 449 00c2 5D01     		.2byte	0x15d
 450 00c4 C8000000 		.4byte	0xc8
 451 00c8 09       		.uleb128 0x9
 452 00c9 8D000000 		.4byte	0x8d
 453 00cd 08       		.uleb128 0x8
 454 00ce 00000000 		.4byte	.LASF18
 455 00d2 03       		.byte	0x3
 456 00d3 5F01     		.2byte	0x15f
 457 00d5 D9000000 		.4byte	0xd9
 458 00d9 09       		.uleb128 0x9
 459 00da A3000000 		.4byte	0xa3
 460 00de 08       		.uleb128 0x8
 461 00df D4010000 		.4byte	.LASF19
 462 00e3 03       		.byte	0x3
 463 00e4 6F01     		.2byte	0x16f
 464 00e6 7F000000 		.4byte	0x7f
 465 00ea 0A       		.uleb128 0xa
ARM GAS  C:\Users\kbuchi\AppData\Local\Temp\cc1vqAiO.s 			page 15


 466 00eb 02       		.byte	0x2
 467 00ec 01       		.byte	0x1
 468 00ed 7D       		.byte	0x7d
 469 00ee 0B010000 		.4byte	0x10b
 470 00f2 0B       		.uleb128 0xb
 471 00f3 4E020000 		.4byte	.LASF20
 472 00f7 01       		.byte	0x1
 473 00f8 7F       		.byte	0x7f
 474 00f9 8D000000 		.4byte	0x8d
 475 00fd 00       		.byte	0
 476 00fe 0B       		.uleb128 0xb
 477 00ff 1C000000 		.4byte	.LASF21
 478 0103 01       		.byte	0x1
 479 0104 80       		.byte	0x80
 480 0105 8D000000 		.4byte	0x8d
 481 0109 01       		.byte	0x1
 482 010a 00       		.byte	0
 483 010b 03       		.uleb128 0x3
 484 010c 3B020000 		.4byte	.LASF22
 485 0110 01       		.byte	0x1
 486 0111 81       		.byte	0x81
 487 0112 EA000000 		.4byte	0xea
 488 0116 0C       		.uleb128 0xc
 489 0117 CD000000 		.4byte	.LASF27
 490 011b 01       		.byte	0x1
 491 011c 94       		.byte	0x94
 492 011d 00000000 		.4byte	.LFB3
 493 0121 36000000 		.4byte	.LFE3-.LFB3
 494 0125 01       		.uleb128 0x1
 495 0126 9C       		.byte	0x9c
 496 0127 84010000 		.4byte	0x184
 497 012b 0D       		.uleb128 0xd
 498 012c FB000000 		.4byte	.LASF23
 499 0130 01       		.byte	0x1
 500 0131 94       		.byte	0x94
 501 0132 84010000 		.4byte	0x184
 502 0136 01       		.uleb128 0x1
 503 0137 50       		.byte	0x50
 504 0138 0D       		.uleb128 0xd
 505 0139 0D010000 		.4byte	.LASF24
 506 013d 01       		.byte	0x1
 507 013e 94       		.byte	0x94
 508 013f 8F010000 		.4byte	0x18f
 509 0143 01       		.uleb128 0x1
 510 0144 51       		.byte	0x51
 511 0145 0E       		.uleb128 0xe
 512 0146 6900     		.ascii	"i\000"
 513 0148 01       		.byte	0x1
 514 0149 97       		.byte	0x97
 515 014a A3000000 		.4byte	0xa3
 516 014e 00000000 		.4byte	.LLST0
 517 0152 0E       		.uleb128 0xe
 518 0153 6A00     		.ascii	"j\000"
 519 0155 01       		.byte	0x1
 520 0156 97       		.byte	0x97
 521 0157 A3000000 		.4byte	0xa3
 522 015b 1F000000 		.4byte	.LLST1
ARM GAS  C:\Users\kbuchi\AppData\Local\Temp\cc1vqAiO.s 			page 16


 523 015f 0F       		.uleb128 0xf
 524 0160 00000000 		.4byte	.Ldebug_ranges0+0
 525 0164 10       		.uleb128 0x10
 526 0165 EE010000 		.4byte	.LASF25
 527 0169 01       		.byte	0x1
 528 016a 9A       		.byte	0x9a
 529 016b A3000000 		.4byte	0xa3
 530 016f 3E000000 		.4byte	.LLST2
 531 0173 10       		.uleb128 0x10
 532 0174 22000000 		.4byte	.LASF26
 533 0178 01       		.byte	0x1
 534 0179 9B       		.byte	0x9b
 535 017a 8D000000 		.4byte	0x8d
 536 017e 51000000 		.4byte	.LLST3
 537 0182 00       		.byte	0
 538 0183 00       		.byte	0
 539 0184 06       		.uleb128 0x6
 540 0185 04       		.byte	0x4
 541 0186 8A010000 		.4byte	0x18a
 542 018a 11       		.uleb128 0x11
 543 018b A3000000 		.4byte	0xa3
 544 018f 06       		.uleb128 0x6
 545 0190 04       		.byte	0x4
 546 0191 95010000 		.4byte	0x195
 547 0195 11       		.uleb128 0x11
 548 0196 0B010000 		.4byte	0x10b
 549 019a 0C       		.uleb128 0xc
 550 019b A7000000 		.4byte	.LASF28
 551 019f 01       		.byte	0x1
 552 01a0 3B       		.byte	0x3b
 553 01a1 00000000 		.4byte	.LFB0
 554 01a5 0C000000 		.4byte	.LFE0-.LFB0
 555 01a9 01       		.uleb128 0x1
 556 01aa 9C       		.byte	0x9c
 557 01ab E7010000 		.4byte	0x1e7
 558 01af 12       		.uleb128 0x12
 559 01b0 7300     		.ascii	"s\000"
 560 01b2 01       		.byte	0x1
 561 01b3 3B       		.byte	0x3b
 562 01b4 7D000000 		.4byte	0x7d
 563 01b8 87000000 		.4byte	.LLST4
 564 01bc 12       		.uleb128 0x12
 565 01bd 6E00     		.ascii	"n\000"
 566 01bf 01       		.byte	0x1
 567 01c0 3B       		.byte	0x3b
 568 01c1 2C000000 		.4byte	0x2c
 569 01c5 A8000000 		.4byte	.LLST5
 570 01c9 13       		.uleb128 0x13
 571 01ca 0A000000 		.4byte	.LVL13
 572 01ce 55030000 		.4byte	0x355
 573 01d2 14       		.uleb128 0x14
 574 01d3 01       		.uleb128 0x1
 575 01d4 52       		.byte	0x52
 576 01d5 03       		.uleb128 0x3
 577 01d6 F3       		.byte	0xf3
 578 01d7 01       		.uleb128 0x1
 579 01d8 51       		.byte	0x51
ARM GAS  C:\Users\kbuchi\AppData\Local\Temp\cc1vqAiO.s 			page 17


 580 01d9 14       		.uleb128 0x14
 581 01da 01       		.uleb128 0x1
 582 01db 51       		.byte	0x51
 583 01dc 01       		.uleb128 0x1
 584 01dd 30       		.byte	0x30
 585 01de 14       		.uleb128 0x14
 586 01df 01       		.uleb128 0x1
 587 01e0 50       		.byte	0x50
 588 01e1 03       		.uleb128 0x3
 589 01e2 F3       		.byte	0xf3
 590 01e3 01       		.uleb128 0x1
 591 01e4 50       		.byte	0x50
 592 01e5 00       		.byte	0
 593 01e6 00       		.byte	0
 594 01e7 0C       		.uleb128 0xc
 595 01e8 28000000 		.4byte	.LASF29
 596 01ec 01       		.byte	0x1
 597 01ed B9       		.byte	0xb9
 598 01ee 00000000 		.4byte	.LFB4
 599 01f2 5C000000 		.4byte	.LFE4-.LFB4
 600 01f6 01       		.uleb128 0x1
 601 01f7 9C       		.byte	0x9c
 602 01f8 32020000 		.4byte	0x232
 603 01fc 15       		.uleb128 0x15
 604 01fd 14000000 		.4byte	.LVL14
 605 0201 72030000 		.4byte	0x372
 606 0205 0F020000 		.4byte	0x20f
 607 0209 14       		.uleb128 0x14
 608 020a 01       		.uleb128 0x1
 609 020b 50       		.byte	0x50
 610 020c 01       		.uleb128 0x1
 611 020d 48       		.byte	0x48
 612 020e 00       		.byte	0
 613 020f 15       		.uleb128 0x15
 614 0210 32000000 		.4byte	.LVL15
 615 0214 83030000 		.4byte	0x383
 616 0218 22020000 		.4byte	0x222
 617 021c 14       		.uleb128 0x14
 618 021d 01       		.uleb128 0x1
 619 021e 50       		.byte	0x50
 620 021f 01       		.uleb128 0x1
 621 0220 39       		.byte	0x39
 622 0221 00       		.byte	0
 623 0222 13       		.uleb128 0x13
 624 0223 38000000 		.4byte	.LVL16
 625 0227 9D030000 		.4byte	0x39d
 626 022b 14       		.uleb128 0x14
 627 022c 01       		.uleb128 0x1
 628 022d 50       		.byte	0x50
 629 022e 01       		.uleb128 0x1
 630 022f 39       		.byte	0x39
 631 0230 00       		.byte	0
 632 0231 00       		.byte	0
 633 0232 16       		.uleb128 0x16
 634 0233 2C010000 		.4byte	.LASF41
 635 0237 01       		.byte	0x1
 636 0238 FB       		.byte	0xfb
ARM GAS  C:\Users\kbuchi\AppData\Local\Temp\cc1vqAiO.s 			page 18


 637 0239 5C000000 		.4byte	.LFB6
 638 023d A8000000 		.4byte	.LFE6-.LFB6
 639 0241 01       		.uleb128 0x1
 640 0242 9C       		.byte	0x9c
 641 0243 2B030000 		.4byte	0x32b
 642 0247 17       		.uleb128 0x17
 643 0248 60000000 		.4byte	.LBB4
 644 024c 6C000000 		.4byte	.LBE4-.LBB4
 645 0250 21030000 		.4byte	0x321
 646 0254 18       		.uleb128 0x18
 647 0255 33000000 		.4byte	.LASF30
 648 0259 01       		.byte	0x1
 649 025a 0101     		.2byte	0x101
 650 025c 3B030000 		.4byte	0x33b
 651 0260 05       		.uleb128 0x5
 652 0261 03       		.byte	0x3
 653 0262 0C000000 		.4byte	cy_cfg_addr_table.4734
 654 0266 18       		.uleb128 0x18
 655 0267 45000000 		.4byte	.LASF31
 656 026b 01       		.byte	0x1
 657 026c 0501     		.2byte	0x105
 658 026e 50030000 		.4byte	0x350
 659 0272 05       		.uleb128 0x5
 660 0273 03       		.byte	0x3
 661 0274 10000000 		.4byte	cy_cfg_data_table.4735
 662 0278 19       		.uleb128 0x19
 663 0279 06       		.byte	0x6
 664 027a 01       		.byte	0x1
 665 027b 0C01     		.2byte	0x10c
 666 027d 9C020000 		.4byte	0x29c
 667 0281 1A       		.uleb128 0x1a
 668 0282 39010000 		.4byte	.LASF32
 669 0286 01       		.byte	0x1
 670 0287 0D01     		.2byte	0x10d
 671 0289 7D000000 		.4byte	0x7d
 672 028d 00       		.byte	0
 673 028e 1A       		.uleb128 0x1a
 674 028f 85000000 		.4byte	.LASF33
 675 0293 01       		.byte	0x1
 676 0294 0E01     		.2byte	0x10e
 677 0296 98000000 		.4byte	0x98
 678 029a 04       		.byte	0x4
 679 029b 00       		.byte	0
 680 029c 08       		.uleb128 0x8
 681 029d E1010000 		.4byte	.LASF34
 682 02a1 01       		.byte	0x1
 683 02a2 0F01     		.2byte	0x10f
 684 02a4 78020000 		.4byte	0x278
 685 02a8 1B       		.uleb128 0x1b
 686 02a9 9C020000 		.4byte	0x29c
 687 02ad B8020000 		.4byte	0x2b8
 688 02b1 1C       		.uleb128 0x1c
 689 02b2 76000000 		.4byte	0x76
 690 02b6 01       		.byte	0x1
 691 02b7 00       		.byte	0
 692 02b8 18       		.uleb128 0x18
 693 02b9 EB000000 		.4byte	.LASF35
ARM GAS  C:\Users\kbuchi\AppData\Local\Temp\cc1vqAiO.s 			page 19


 694 02bd 01       		.byte	0x1
 695 02be 1101     		.2byte	0x111
 696 02c0 CA020000 		.4byte	0x2ca
 697 02c4 05       		.uleb128 0x5
 698 02c5 03       		.byte	0x3
 699 02c6 00000000 		.4byte	cfg_memset_list.4740
 700 02ca 11       		.uleb128 0x11
 701 02cb A8020000 		.4byte	0x2a8
 702 02cf 1D       		.uleb128 0x1d
 703 02d0 6900     		.ascii	"i\000"
 704 02d2 01       		.byte	0x1
 705 02d3 1701     		.2byte	0x117
 706 02d5 8D000000 		.4byte	0x8d
 707 02d9 D4000000 		.4byte	.LLST6
 708 02dd 1E       		.uleb128 0x1e
 709 02de 18000000 		.4byte	.Ldebug_ranges0+0x18
 710 02e2 0A030000 		.4byte	0x30a
 711 02e6 1D       		.uleb128 0x1d
 712 02e7 6D7300   		.ascii	"ms\000"
 713 02ea 01       		.byte	0x1
 714 02eb 1C01     		.2byte	0x11c
 715 02ed F5020000 		.4byte	0x2f5
 716 02f1 0B010000 		.4byte	.LLST7
 717 02f5 06       		.uleb128 0x6
 718 02f6 04       		.byte	0x4
 719 02f7 FB020000 		.4byte	0x2fb
 720 02fb 11       		.uleb128 0x11
 721 02fc 9C020000 		.4byte	0x29c
 722 0300 1F       		.uleb128 0x1f
 723 0301 7C000000 		.4byte	.LVL20
 724 0305 9A010000 		.4byte	0x19a
 725 0309 00       		.byte	0
 726 030a 13       		.uleb128 0x13
 727 030b 90000000 		.4byte	.LVL23
 728 030f 16010000 		.4byte	0x116
 729 0313 14       		.uleb128 0x14
 730 0314 01       		.uleb128 0x1
 731 0315 51       		.byte	0x51
 732 0316 02       		.uleb128 0x2
 733 0317 75       		.byte	0x75
 734 0318 10       		.sleb128 16
 735 0319 14       		.uleb128 0x14
 736 031a 01       		.uleb128 0x1
 737 031b 50       		.byte	0x50
 738 031c 02       		.uleb128 0x2
 739 031d 75       		.byte	0x75
 740 031e 0C       		.sleb128 12
 741 031f 00       		.byte	0
 742 0320 00       		.byte	0
 743 0321 1F       		.uleb128 0x1f
 744 0322 DE000000 		.4byte	.LVL24
 745 0326 E7010000 		.4byte	0x1e7
 746 032a 00       		.byte	0
 747 032b 1B       		.uleb128 0x1b
 748 032c A3000000 		.4byte	0xa3
 749 0330 3B030000 		.4byte	0x33b
 750 0334 1C       		.uleb128 0x1c
ARM GAS  C:\Users\kbuchi\AppData\Local\Temp\cc1vqAiO.s 			page 20


 751 0335 76000000 		.4byte	0x76
 752 0339 00       		.byte	0
 753 033a 00       		.byte	0
 754 033b 11       		.uleb128 0x11
 755 033c 2B030000 		.4byte	0x32b
 756 0340 1B       		.uleb128 0x1b
 757 0341 0B010000 		.4byte	0x10b
 758 0345 50030000 		.4byte	0x350
 759 0349 1C       		.uleb128 0x1c
 760 034a 76000000 		.4byte	0x76
 761 034e 01       		.byte	0x1
 762 034f 00       		.byte	0
 763 0350 11       		.uleb128 0x11
 764 0351 40030000 		.4byte	0x340
 765 0355 20       		.uleb128 0x20
 766 0356 BF000000 		.4byte	.LASF36
 767 035a 7D000000 		.4byte	0x7d
 768 035e 72030000 		.4byte	0x372
 769 0362 21       		.uleb128 0x21
 770 0363 7D000000 		.4byte	0x7d
 771 0367 21       		.uleb128 0x21
 772 0368 25000000 		.4byte	0x25
 773 036c 21       		.uleb128 0x21
 774 036d 76000000 		.4byte	0x76
 775 0371 00       		.byte	0
 776 0372 22       		.uleb128 0x22
 777 0373 5F020000 		.4byte	.LASF37
 778 0377 04       		.byte	0x4
 779 0378 31       		.byte	0x31
 780 0379 83030000 		.4byte	0x383
 781 037d 21       		.uleb128 0x21
 782 037e A3000000 		.4byte	0xa3
 783 0382 00       		.byte	0
 784 0383 23       		.uleb128 0x23
 785 0384 0D000000 		.4byte	.LASF42
 786 0388 04       		.byte	0x4
 787 0389 46       		.byte	0x46
 788 038a DE000000 		.4byte	0xde
 789 038e 9D030000 		.4byte	0x39d
 790 0392 21       		.uleb128 0x21
 791 0393 8D000000 		.4byte	0x8d
 792 0397 21       		.uleb128 0x21
 793 0398 DE000000 		.4byte	0xde
 794 039c 00       		.byte	0
 795 039d 24       		.uleb128 0x24
 796 039e DF000000 		.4byte	.LASF43
 797 03a2 04       		.byte	0x4
 798 03a3 4C       		.byte	0x4c
 799 03a4 21       		.uleb128 0x21
 800 03a5 8D000000 		.4byte	0x8d
 801 03a9 00       		.byte	0
 802 03aa 00       		.byte	0
 803              		.section	.debug_abbrev,"",%progbits
 804              	.Ldebug_abbrev0:
 805 0000 01       		.uleb128 0x1
 806 0001 11       		.uleb128 0x11
 807 0002 01       		.byte	0x1
ARM GAS  C:\Users\kbuchi\AppData\Local\Temp\cc1vqAiO.s 			page 21


 808 0003 25       		.uleb128 0x25
 809 0004 0E       		.uleb128 0xe
 810 0005 13       		.uleb128 0x13
 811 0006 0B       		.uleb128 0xb
 812 0007 03       		.uleb128 0x3
 813 0008 0E       		.uleb128 0xe
 814 0009 1B       		.uleb128 0x1b
 815 000a 0E       		.uleb128 0xe
 816 000b 55       		.uleb128 0x55
 817 000c 17       		.uleb128 0x17
 818 000d 11       		.uleb128 0x11
 819 000e 01       		.uleb128 0x1
 820 000f 10       		.uleb128 0x10
 821 0010 17       		.uleb128 0x17
 822 0011 00       		.byte	0
 823 0012 00       		.byte	0
 824 0013 02       		.uleb128 0x2
 825 0014 24       		.uleb128 0x24
 826 0015 00       		.byte	0
 827 0016 0B       		.uleb128 0xb
 828 0017 0B       		.uleb128 0xb
 829 0018 3E       		.uleb128 0x3e
 830 0019 0B       		.uleb128 0xb
 831 001a 03       		.uleb128 0x3
 832 001b 08       		.uleb128 0x8
 833 001c 00       		.byte	0
 834 001d 00       		.byte	0
 835 001e 03       		.uleb128 0x3
 836 001f 16       		.uleb128 0x16
 837 0020 00       		.byte	0
 838 0021 03       		.uleb128 0x3
 839 0022 0E       		.uleb128 0xe
 840 0023 3A       		.uleb128 0x3a
 841 0024 0B       		.uleb128 0xb
 842 0025 3B       		.uleb128 0x3b
 843 0026 0B       		.uleb128 0xb
 844 0027 49       		.uleb128 0x49
 845 0028 13       		.uleb128 0x13
 846 0029 00       		.byte	0
 847 002a 00       		.byte	0
 848 002b 04       		.uleb128 0x4
 849 002c 24       		.uleb128 0x24
 850 002d 00       		.byte	0
 851 002e 0B       		.uleb128 0xb
 852 002f 0B       		.uleb128 0xb
 853 0030 3E       		.uleb128 0x3e
 854 0031 0B       		.uleb128 0xb
 855 0032 03       		.uleb128 0x3
 856 0033 0E       		.uleb128 0xe
 857 0034 00       		.byte	0
 858 0035 00       		.byte	0
 859 0036 05       		.uleb128 0x5
 860 0037 0F       		.uleb128 0xf
 861 0038 00       		.byte	0
 862 0039 0B       		.uleb128 0xb
 863 003a 0B       		.uleb128 0xb
 864 003b 00       		.byte	0
ARM GAS  C:\Users\kbuchi\AppData\Local\Temp\cc1vqAiO.s 			page 22


 865 003c 00       		.byte	0
 866 003d 06       		.uleb128 0x6
 867 003e 0F       		.uleb128 0xf
 868 003f 00       		.byte	0
 869 0040 0B       		.uleb128 0xb
 870 0041 0B       		.uleb128 0xb
 871 0042 49       		.uleb128 0x49
 872 0043 13       		.uleb128 0x13
 873 0044 00       		.byte	0
 874 0045 00       		.byte	0
 875 0046 07       		.uleb128 0x7
 876 0047 15       		.uleb128 0x15
 877 0048 00       		.byte	0
 878 0049 27       		.uleb128 0x27
 879 004a 19       		.uleb128 0x19
 880 004b 00       		.byte	0
 881 004c 00       		.byte	0
 882 004d 08       		.uleb128 0x8
 883 004e 16       		.uleb128 0x16
 884 004f 00       		.byte	0
 885 0050 03       		.uleb128 0x3
 886 0051 0E       		.uleb128 0xe
 887 0052 3A       		.uleb128 0x3a
 888 0053 0B       		.uleb128 0xb
 889 0054 3B       		.uleb128 0x3b
 890 0055 05       		.uleb128 0x5
 891 0056 49       		.uleb128 0x49
 892 0057 13       		.uleb128 0x13
 893 0058 00       		.byte	0
 894 0059 00       		.byte	0
 895 005a 09       		.uleb128 0x9
 896 005b 35       		.uleb128 0x35
 897 005c 00       		.byte	0
 898 005d 49       		.uleb128 0x49
 899 005e 13       		.uleb128 0x13
 900 005f 00       		.byte	0
 901 0060 00       		.byte	0
 902 0061 0A       		.uleb128 0xa
 903 0062 13       		.uleb128 0x13
 904 0063 01       		.byte	0x1
 905 0064 0B       		.uleb128 0xb
 906 0065 0B       		.uleb128 0xb
 907 0066 3A       		.uleb128 0x3a
 908 0067 0B       		.uleb128 0xb
 909 0068 3B       		.uleb128 0x3b
 910 0069 0B       		.uleb128 0xb
 911 006a 01       		.uleb128 0x1
 912 006b 13       		.uleb128 0x13
 913 006c 00       		.byte	0
 914 006d 00       		.byte	0
 915 006e 0B       		.uleb128 0xb
 916 006f 0D       		.uleb128 0xd
 917 0070 00       		.byte	0
 918 0071 03       		.uleb128 0x3
 919 0072 0E       		.uleb128 0xe
 920 0073 3A       		.uleb128 0x3a
 921 0074 0B       		.uleb128 0xb
ARM GAS  C:\Users\kbuchi\AppData\Local\Temp\cc1vqAiO.s 			page 23


 922 0075 3B       		.uleb128 0x3b
 923 0076 0B       		.uleb128 0xb
 924 0077 49       		.uleb128 0x49
 925 0078 13       		.uleb128 0x13
 926 0079 38       		.uleb128 0x38
 927 007a 0B       		.uleb128 0xb
 928 007b 00       		.byte	0
 929 007c 00       		.byte	0
 930 007d 0C       		.uleb128 0xc
 931 007e 2E       		.uleb128 0x2e
 932 007f 01       		.byte	0x1
 933 0080 03       		.uleb128 0x3
 934 0081 0E       		.uleb128 0xe
 935 0082 3A       		.uleb128 0x3a
 936 0083 0B       		.uleb128 0xb
 937 0084 3B       		.uleb128 0x3b
 938 0085 0B       		.uleb128 0xb
 939 0086 27       		.uleb128 0x27
 940 0087 19       		.uleb128 0x19
 941 0088 11       		.uleb128 0x11
 942 0089 01       		.uleb128 0x1
 943 008a 12       		.uleb128 0x12
 944 008b 06       		.uleb128 0x6
 945 008c 40       		.uleb128 0x40
 946 008d 18       		.uleb128 0x18
 947 008e 9742     		.uleb128 0x2117
 948 0090 19       		.uleb128 0x19
 949 0091 01       		.uleb128 0x1
 950 0092 13       		.uleb128 0x13
 951 0093 00       		.byte	0
 952 0094 00       		.byte	0
 953 0095 0D       		.uleb128 0xd
 954 0096 05       		.uleb128 0x5
 955 0097 00       		.byte	0
 956 0098 03       		.uleb128 0x3
 957 0099 0E       		.uleb128 0xe
 958 009a 3A       		.uleb128 0x3a
 959 009b 0B       		.uleb128 0xb
 960 009c 3B       		.uleb128 0x3b
 961 009d 0B       		.uleb128 0xb
 962 009e 49       		.uleb128 0x49
 963 009f 13       		.uleb128 0x13
 964 00a0 02       		.uleb128 0x2
 965 00a1 18       		.uleb128 0x18
 966 00a2 00       		.byte	0
 967 00a3 00       		.byte	0
 968 00a4 0E       		.uleb128 0xe
 969 00a5 34       		.uleb128 0x34
 970 00a6 00       		.byte	0
 971 00a7 03       		.uleb128 0x3
 972 00a8 08       		.uleb128 0x8
 973 00a9 3A       		.uleb128 0x3a
 974 00aa 0B       		.uleb128 0xb
 975 00ab 3B       		.uleb128 0x3b
 976 00ac 0B       		.uleb128 0xb
 977 00ad 49       		.uleb128 0x49
 978 00ae 13       		.uleb128 0x13
ARM GAS  C:\Users\kbuchi\AppData\Local\Temp\cc1vqAiO.s 			page 24


 979 00af 02       		.uleb128 0x2
 980 00b0 17       		.uleb128 0x17
 981 00b1 00       		.byte	0
 982 00b2 00       		.byte	0
 983 00b3 0F       		.uleb128 0xf
 984 00b4 0B       		.uleb128 0xb
 985 00b5 01       		.byte	0x1
 986 00b6 55       		.uleb128 0x55
 987 00b7 17       		.uleb128 0x17
 988 00b8 00       		.byte	0
 989 00b9 00       		.byte	0
 990 00ba 10       		.uleb128 0x10
 991 00bb 34       		.uleb128 0x34
 992 00bc 00       		.byte	0
 993 00bd 03       		.uleb128 0x3
 994 00be 0E       		.uleb128 0xe
 995 00bf 3A       		.uleb128 0x3a
 996 00c0 0B       		.uleb128 0xb
 997 00c1 3B       		.uleb128 0x3b
 998 00c2 0B       		.uleb128 0xb
 999 00c3 49       		.uleb128 0x49
 1000 00c4 13       		.uleb128 0x13
 1001 00c5 02       		.uleb128 0x2
 1002 00c6 17       		.uleb128 0x17
 1003 00c7 00       		.byte	0
 1004 00c8 00       		.byte	0
 1005 00c9 11       		.uleb128 0x11
 1006 00ca 26       		.uleb128 0x26
 1007 00cb 00       		.byte	0
 1008 00cc 49       		.uleb128 0x49
 1009 00cd 13       		.uleb128 0x13
 1010 00ce 00       		.byte	0
 1011 00cf 00       		.byte	0
 1012 00d0 12       		.uleb128 0x12
 1013 00d1 05       		.uleb128 0x5
 1014 00d2 00       		.byte	0
 1015 00d3 03       		.uleb128 0x3
 1016 00d4 08       		.uleb128 0x8
 1017 00d5 3A       		.uleb128 0x3a
 1018 00d6 0B       		.uleb128 0xb
 1019 00d7 3B       		.uleb128 0x3b
 1020 00d8 0B       		.uleb128 0xb
 1021 00d9 49       		.uleb128 0x49
 1022 00da 13       		.uleb128 0x13
 1023 00db 02       		.uleb128 0x2
 1024 00dc 17       		.uleb128 0x17
 1025 00dd 00       		.byte	0
 1026 00de 00       		.byte	0
 1027 00df 13       		.uleb128 0x13
 1028 00e0 898201   		.uleb128 0x4109
 1029 00e3 01       		.byte	0x1
 1030 00e4 11       		.uleb128 0x11
 1031 00e5 01       		.uleb128 0x1
 1032 00e6 31       		.uleb128 0x31
 1033 00e7 13       		.uleb128 0x13
 1034 00e8 00       		.byte	0
 1035 00e9 00       		.byte	0
ARM GAS  C:\Users\kbuchi\AppData\Local\Temp\cc1vqAiO.s 			page 25


 1036 00ea 14       		.uleb128 0x14
 1037 00eb 8A8201   		.uleb128 0x410a
 1038 00ee 00       		.byte	0
 1039 00ef 02       		.uleb128 0x2
 1040 00f0 18       		.uleb128 0x18
 1041 00f1 9142     		.uleb128 0x2111
 1042 00f3 18       		.uleb128 0x18
 1043 00f4 00       		.byte	0
 1044 00f5 00       		.byte	0
 1045 00f6 15       		.uleb128 0x15
 1046 00f7 898201   		.uleb128 0x4109
 1047 00fa 01       		.byte	0x1
 1048 00fb 11       		.uleb128 0x11
 1049 00fc 01       		.uleb128 0x1
 1050 00fd 31       		.uleb128 0x31
 1051 00fe 13       		.uleb128 0x13
 1052 00ff 01       		.uleb128 0x1
 1053 0100 13       		.uleb128 0x13
 1054 0101 00       		.byte	0
 1055 0102 00       		.byte	0
 1056 0103 16       		.uleb128 0x16
 1057 0104 2E       		.uleb128 0x2e
 1058 0105 01       		.byte	0x1
 1059 0106 3F       		.uleb128 0x3f
 1060 0107 19       		.uleb128 0x19
 1061 0108 03       		.uleb128 0x3
 1062 0109 0E       		.uleb128 0xe
 1063 010a 3A       		.uleb128 0x3a
 1064 010b 0B       		.uleb128 0xb
 1065 010c 3B       		.uleb128 0x3b
 1066 010d 0B       		.uleb128 0xb
 1067 010e 27       		.uleb128 0x27
 1068 010f 19       		.uleb128 0x19
 1069 0110 11       		.uleb128 0x11
 1070 0111 01       		.uleb128 0x1
 1071 0112 12       		.uleb128 0x12
 1072 0113 06       		.uleb128 0x6
 1073 0114 40       		.uleb128 0x40
 1074 0115 18       		.uleb128 0x18
 1075 0116 9742     		.uleb128 0x2117
 1076 0118 19       		.uleb128 0x19
 1077 0119 01       		.uleb128 0x1
 1078 011a 13       		.uleb128 0x13
 1079 011b 00       		.byte	0
 1080 011c 00       		.byte	0
 1081 011d 17       		.uleb128 0x17
 1082 011e 0B       		.uleb128 0xb
 1083 011f 01       		.byte	0x1
 1084 0120 11       		.uleb128 0x11
 1085 0121 01       		.uleb128 0x1
 1086 0122 12       		.uleb128 0x12
 1087 0123 06       		.uleb128 0x6
 1088 0124 01       		.uleb128 0x1
 1089 0125 13       		.uleb128 0x13
 1090 0126 00       		.byte	0
 1091 0127 00       		.byte	0
 1092 0128 18       		.uleb128 0x18
ARM GAS  C:\Users\kbuchi\AppData\Local\Temp\cc1vqAiO.s 			page 26


 1093 0129 34       		.uleb128 0x34
 1094 012a 00       		.byte	0
 1095 012b 03       		.uleb128 0x3
 1096 012c 0E       		.uleb128 0xe
 1097 012d 3A       		.uleb128 0x3a
 1098 012e 0B       		.uleb128 0xb
 1099 012f 3B       		.uleb128 0x3b
 1100 0130 05       		.uleb128 0x5
 1101 0131 49       		.uleb128 0x49
 1102 0132 13       		.uleb128 0x13
 1103 0133 02       		.uleb128 0x2
 1104 0134 18       		.uleb128 0x18
 1105 0135 00       		.byte	0
 1106 0136 00       		.byte	0
 1107 0137 19       		.uleb128 0x19
 1108 0138 13       		.uleb128 0x13
 1109 0139 01       		.byte	0x1
 1110 013a 0B       		.uleb128 0xb
 1111 013b 0B       		.uleb128 0xb
 1112 013c 3A       		.uleb128 0x3a
 1113 013d 0B       		.uleb128 0xb
 1114 013e 3B       		.uleb128 0x3b
 1115 013f 05       		.uleb128 0x5
 1116 0140 01       		.uleb128 0x1
 1117 0141 13       		.uleb128 0x13
 1118 0142 00       		.byte	0
 1119 0143 00       		.byte	0
 1120 0144 1A       		.uleb128 0x1a
 1121 0145 0D       		.uleb128 0xd
 1122 0146 00       		.byte	0
 1123 0147 03       		.uleb128 0x3
 1124 0148 0E       		.uleb128 0xe
 1125 0149 3A       		.uleb128 0x3a
 1126 014a 0B       		.uleb128 0xb
 1127 014b 3B       		.uleb128 0x3b
 1128 014c 05       		.uleb128 0x5
 1129 014d 49       		.uleb128 0x49
 1130 014e 13       		.uleb128 0x13
 1131 014f 38       		.uleb128 0x38
 1132 0150 0B       		.uleb128 0xb
 1133 0151 00       		.byte	0
 1134 0152 00       		.byte	0
 1135 0153 1B       		.uleb128 0x1b
 1136 0154 01       		.uleb128 0x1
 1137 0155 01       		.byte	0x1
 1138 0156 49       		.uleb128 0x49
 1139 0157 13       		.uleb128 0x13
 1140 0158 01       		.uleb128 0x1
 1141 0159 13       		.uleb128 0x13
 1142 015a 00       		.byte	0
 1143 015b 00       		.byte	0
 1144 015c 1C       		.uleb128 0x1c
 1145 015d 21       		.uleb128 0x21
 1146 015e 00       		.byte	0
 1147 015f 49       		.uleb128 0x49
 1148 0160 13       		.uleb128 0x13
 1149 0161 2F       		.uleb128 0x2f
ARM GAS  C:\Users\kbuchi\AppData\Local\Temp\cc1vqAiO.s 			page 27


 1150 0162 0B       		.uleb128 0xb
 1151 0163 00       		.byte	0
 1152 0164 00       		.byte	0
 1153 0165 1D       		.uleb128 0x1d
 1154 0166 34       		.uleb128 0x34
 1155 0167 00       		.byte	0
 1156 0168 03       		.uleb128 0x3
 1157 0169 08       		.uleb128 0x8
 1158 016a 3A       		.uleb128 0x3a
 1159 016b 0B       		.uleb128 0xb
 1160 016c 3B       		.uleb128 0x3b
 1161 016d 05       		.uleb128 0x5
 1162 016e 49       		.uleb128 0x49
 1163 016f 13       		.uleb128 0x13
 1164 0170 02       		.uleb128 0x2
 1165 0171 17       		.uleb128 0x17
 1166 0172 00       		.byte	0
 1167 0173 00       		.byte	0
 1168 0174 1E       		.uleb128 0x1e
 1169 0175 0B       		.uleb128 0xb
 1170 0176 01       		.byte	0x1
 1171 0177 55       		.uleb128 0x55
 1172 0178 17       		.uleb128 0x17
 1173 0179 01       		.uleb128 0x1
 1174 017a 13       		.uleb128 0x13
 1175 017b 00       		.byte	0
 1176 017c 00       		.byte	0
 1177 017d 1F       		.uleb128 0x1f
 1178 017e 898201   		.uleb128 0x4109
 1179 0181 00       		.byte	0
 1180 0182 11       		.uleb128 0x11
 1181 0183 01       		.uleb128 0x1
 1182 0184 31       		.uleb128 0x31
 1183 0185 13       		.uleb128 0x13
 1184 0186 00       		.byte	0
 1185 0187 00       		.byte	0
 1186 0188 20       		.uleb128 0x20
 1187 0189 2E       		.uleb128 0x2e
 1188 018a 01       		.byte	0x1
 1189 018b 3F       		.uleb128 0x3f
 1190 018c 19       		.uleb128 0x19
 1191 018d 03       		.uleb128 0x3
 1192 018e 0E       		.uleb128 0xe
 1193 018f 27       		.uleb128 0x27
 1194 0190 19       		.uleb128 0x19
 1195 0191 49       		.uleb128 0x49
 1196 0192 13       		.uleb128 0x13
 1197 0193 34       		.uleb128 0x34
 1198 0194 19       		.uleb128 0x19
 1199 0195 3C       		.uleb128 0x3c
 1200 0196 19       		.uleb128 0x19
 1201 0197 01       		.uleb128 0x1
 1202 0198 13       		.uleb128 0x13
 1203 0199 00       		.byte	0
 1204 019a 00       		.byte	0
 1205 019b 21       		.uleb128 0x21
 1206 019c 05       		.uleb128 0x5
ARM GAS  C:\Users\kbuchi\AppData\Local\Temp\cc1vqAiO.s 			page 28


 1207 019d 00       		.byte	0
 1208 019e 49       		.uleb128 0x49
 1209 019f 13       		.uleb128 0x13
 1210 01a0 00       		.byte	0
 1211 01a1 00       		.byte	0
 1212 01a2 22       		.uleb128 0x22
 1213 01a3 2E       		.uleb128 0x2e
 1214 01a4 01       		.byte	0x1
 1215 01a5 3F       		.uleb128 0x3f
 1216 01a6 19       		.uleb128 0x19
 1217 01a7 03       		.uleb128 0x3
 1218 01a8 0E       		.uleb128 0xe
 1219 01a9 3A       		.uleb128 0x3a
 1220 01aa 0B       		.uleb128 0xb
 1221 01ab 3B       		.uleb128 0x3b
 1222 01ac 0B       		.uleb128 0xb
 1223 01ad 27       		.uleb128 0x27
 1224 01ae 19       		.uleb128 0x19
 1225 01af 3C       		.uleb128 0x3c
 1226 01b0 19       		.uleb128 0x19
 1227 01b1 01       		.uleb128 0x1
 1228 01b2 13       		.uleb128 0x13
 1229 01b3 00       		.byte	0
 1230 01b4 00       		.byte	0
 1231 01b5 23       		.uleb128 0x23
 1232 01b6 2E       		.uleb128 0x2e
 1233 01b7 01       		.byte	0x1
 1234 01b8 3F       		.uleb128 0x3f
 1235 01b9 19       		.uleb128 0x19
 1236 01ba 03       		.uleb128 0x3
 1237 01bb 0E       		.uleb128 0xe
 1238 01bc 3A       		.uleb128 0x3a
 1239 01bd 0B       		.uleb128 0xb
 1240 01be 3B       		.uleb128 0x3b
 1241 01bf 0B       		.uleb128 0xb
 1242 01c0 27       		.uleb128 0x27
 1243 01c1 19       		.uleb128 0x19
 1244 01c2 49       		.uleb128 0x49
 1245 01c3 13       		.uleb128 0x13
 1246 01c4 3C       		.uleb128 0x3c
 1247 01c5 19       		.uleb128 0x19
 1248 01c6 01       		.uleb128 0x1
 1249 01c7 13       		.uleb128 0x13
 1250 01c8 00       		.byte	0
 1251 01c9 00       		.byte	0
 1252 01ca 24       		.uleb128 0x24
 1253 01cb 2E       		.uleb128 0x2e
 1254 01cc 01       		.byte	0x1
 1255 01cd 3F       		.uleb128 0x3f
 1256 01ce 19       		.uleb128 0x19
 1257 01cf 03       		.uleb128 0x3
 1258 01d0 0E       		.uleb128 0xe
 1259 01d1 3A       		.uleb128 0x3a
 1260 01d2 0B       		.uleb128 0xb
 1261 01d3 3B       		.uleb128 0x3b
 1262 01d4 0B       		.uleb128 0xb
 1263 01d5 27       		.uleb128 0x27
ARM GAS  C:\Users\kbuchi\AppData\Local\Temp\cc1vqAiO.s 			page 29


 1264 01d6 19       		.uleb128 0x19
 1265 01d7 3C       		.uleb128 0x3c
 1266 01d8 19       		.uleb128 0x19
 1267 01d9 00       		.byte	0
 1268 01da 00       		.byte	0
 1269 01db 00       		.byte	0
 1270              		.section	.debug_loc,"",%progbits
 1271              	.Ldebug_loc0:
 1272              	.LLST0:
 1273 0000 02000000 		.4byte	.LVL1
 1274 0004 0C000000 		.4byte	.LVL2
 1275 0008 0200     		.2byte	0x2
 1276 000a 30       		.byte	0x30
 1277 000b 9F       		.byte	0x9f
 1278 000c 0C000000 		.4byte	.LVL2
 1279 0010 34000000 		.4byte	.LVL10
 1280 0014 0100     		.2byte	0x1
 1281 0016 57       		.byte	0x57
 1282 0017 00000000 		.4byte	0
 1283 001b 00000000 		.4byte	0
 1284              	.LLST1:
 1285 001f 02000000 		.4byte	.LVL1
 1286 0023 0C000000 		.4byte	.LVL2
 1287 0027 0200     		.2byte	0x2
 1288 0029 30       		.byte	0x30
 1289 002a 9F       		.byte	0x9f
 1290 002b 0C000000 		.4byte	.LVL2
 1291 002f 36000000 		.4byte	.LFE3
 1292 0033 0100     		.2byte	0x1
 1293 0035 52       		.byte	0x52
 1294 0036 00000000 		.4byte	0
 1295 003a 00000000 		.4byte	0
 1296              	.LLST2:
 1297 003e 10000000 		.4byte	.LVL3
 1298 0042 30000000 		.4byte	.LVL9
 1299 0046 0100     		.2byte	0x1
 1300 0048 56       		.byte	0x56
 1301 0049 00000000 		.4byte	0
 1302 004d 00000000 		.4byte	0
 1303              	.LLST3:
 1304 0051 12000000 		.4byte	.LVL4
 1305 0055 16000000 		.4byte	.LVL5
 1306 0059 0100     		.2byte	0x1
 1307 005b 56       		.byte	0x56
 1308 005c 16000000 		.4byte	.LVL5
 1309 0060 28000000 		.4byte	.LVL7
 1310 0064 0100     		.2byte	0x1
 1311 0066 53       		.byte	0x53
 1312 0067 28000000 		.4byte	.LVL7
 1313 006b 2A000000 		.4byte	.LVL8
 1314 006f 0300     		.2byte	0x3
 1315 0071 73       		.byte	0x73
 1316 0072 01       		.sleb128 1
 1317 0073 9F       		.byte	0x9f
 1318 0074 2A000000 		.4byte	.LVL8
 1319 0078 30000000 		.4byte	.LVL9
 1320 007c 0100     		.2byte	0x1
ARM GAS  C:\Users\kbuchi\AppData\Local\Temp\cc1vqAiO.s 			page 30


 1321 007e 53       		.byte	0x53
 1322 007f 00000000 		.4byte	0
 1323 0083 00000000 		.4byte	0
 1324              	.LLST4:
 1325 0087 00000000 		.4byte	.LVL11
 1326 008b 09000000 		.4byte	.LVL13-1
 1327 008f 0100     		.2byte	0x1
 1328 0091 50       		.byte	0x50
 1329 0092 09000000 		.4byte	.LVL13-1
 1330 0096 0C000000 		.4byte	.LFE0
 1331 009a 0400     		.2byte	0x4
 1332 009c F3       		.byte	0xf3
 1333 009d 01       		.uleb128 0x1
 1334 009e 50       		.byte	0x50
 1335 009f 9F       		.byte	0x9f
 1336 00a0 00000000 		.4byte	0
 1337 00a4 00000000 		.4byte	0
 1338              	.LLST5:
 1339 00a8 00000000 		.4byte	.LVL11
 1340 00ac 06000000 		.4byte	.LVL12
 1341 00b0 0100     		.2byte	0x1
 1342 00b2 51       		.byte	0x51
 1343 00b3 06000000 		.4byte	.LVL12
 1344 00b7 09000000 		.4byte	.LVL13-1
 1345 00bb 0100     		.2byte	0x1
 1346 00bd 52       		.byte	0x52
 1347 00be 09000000 		.4byte	.LVL13-1
 1348 00c2 0C000000 		.4byte	.LFE0
 1349 00c6 0400     		.2byte	0x4
 1350 00c8 F3       		.byte	0xf3
 1351 00c9 01       		.uleb128 0x1
 1352 00ca 51       		.byte	0x51
 1353 00cb 9F       		.byte	0x9f
 1354 00cc 00000000 		.4byte	0
 1355 00d0 00000000 		.4byte	0
 1356              	.LLST6:
 1357 00d4 60000000 		.4byte	.LVL17
 1358 00d8 66000000 		.4byte	.LVL18
 1359 00dc 0200     		.2byte	0x2
 1360 00de 30       		.byte	0x30
 1361 00df 9F       		.byte	0x9f
 1362 00e0 66000000 		.4byte	.LVL18
 1363 00e4 7E000000 		.4byte	.LVL21
 1364 00e8 0100     		.2byte	0x1
 1365 00ea 54       		.byte	0x54
 1366 00eb 7E000000 		.4byte	.LVL21
 1367 00ef 80000000 		.4byte	.LVL22
 1368 00f3 0300     		.2byte	0x3
 1369 00f5 74       		.byte	0x74
 1370 00f6 7F       		.sleb128 -1
 1371 00f7 9F       		.byte	0x9f
 1372 00f8 80000000 		.4byte	.LVL22
 1373 00fc DE000000 		.4byte	.LVL25
 1374 0100 0100     		.2byte	0x1
 1375 0102 54       		.byte	0x54
 1376 0103 00000000 		.4byte	0
 1377 0107 00000000 		.4byte	0
ARM GAS  C:\Users\kbuchi\AppData\Local\Temp\cc1vqAiO.s 			page 31


 1378              	.LLST7:
 1379 010b 6E000000 		.4byte	.LVL19
 1380 010f 7B000000 		.4byte	.LVL20-1
 1381 0113 0100     		.2byte	0x1
 1382 0115 53       		.byte	0x53
 1383 0116 7B000000 		.4byte	.LVL20-1
 1384 011a 7E000000 		.4byte	.LVL21
 1385 011e 0D00     		.2byte	0xd
 1386 0120 74       		.byte	0x74
 1387 0121 00       		.sleb128 0
 1388 0122 31       		.byte	0x31
 1389 0123 24       		.byte	0x24
 1390 0124 74       		.byte	0x74
 1391 0125 00       		.sleb128 0
 1392 0126 22       		.byte	0x22
 1393 0127 31       		.byte	0x31
 1394 0128 24       		.byte	0x24
 1395 0129 75       		.byte	0x75
 1396 012a 00       		.sleb128 0
 1397 012b 22       		.byte	0x22
 1398 012c 9F       		.byte	0x9f
 1399 012d 7E000000 		.4byte	.LVL21
 1400 0131 80000000 		.4byte	.LVL22
 1401 0135 0D00     		.2byte	0xd
 1402 0137 74       		.byte	0x74
 1403 0138 7F       		.sleb128 -1
 1404 0139 74       		.byte	0x74
 1405 013a 7F       		.sleb128 -1
 1406 013b 31       		.byte	0x31
 1407 013c 24       		.byte	0x24
 1408 013d 22       		.byte	0x22
 1409 013e 31       		.byte	0x31
 1410 013f 24       		.byte	0x24
 1411 0140 75       		.byte	0x75
 1412 0141 00       		.sleb128 0
 1413 0142 22       		.byte	0x22
 1414 0143 9F       		.byte	0x9f
 1415 0144 00000000 		.4byte	0
 1416 0148 00000000 		.4byte	0
 1417              		.section	.debug_aranges,"",%progbits
 1418 0000 34000000 		.4byte	0x34
 1419 0004 0200     		.2byte	0x2
 1420 0006 00000000 		.4byte	.Ldebug_info0
 1421 000a 04       		.byte	0x4
 1422 000b 00       		.byte	0
 1423 000c 0000     		.2byte	0
 1424 000e 0000     		.2byte	0
 1425 0010 00000000 		.4byte	.LFB3
 1426 0014 36000000 		.4byte	.LFE3-.LFB3
 1427 0018 00000000 		.4byte	.LFB0
 1428 001c 0C000000 		.4byte	.LFE0-.LFB0
 1429 0020 00000000 		.4byte	.LFB4
 1430 0024 5C000000 		.4byte	.LFE4-.LFB4
 1431 0028 5C000000 		.4byte	.LFB6
 1432 002c A8000000 		.4byte	.LFE6-.LFB6
 1433 0030 00000000 		.4byte	0
 1434 0034 00000000 		.4byte	0
ARM GAS  C:\Users\kbuchi\AppData\Local\Temp\cc1vqAiO.s 			page 32


 1435              		.section	.debug_ranges,"",%progbits
 1436              	.Ldebug_ranges0:
 1437 0000 06000000 		.4byte	.LBB2
 1438 0004 0A000000 		.4byte	.LBE2
 1439 0008 0C000000 		.4byte	.LBB3
 1440 000c 2E000000 		.4byte	.LBE3
 1441 0010 00000000 		.4byte	0
 1442 0014 00000000 		.4byte	0
 1443 0018 62000000 		.4byte	.LBB5
 1444 001c 64000000 		.4byte	.LBE5
 1445 0020 66000000 		.4byte	.LBB6
 1446 0024 7C000000 		.4byte	.LBE6
 1447 0028 00000000 		.4byte	0
 1448 002c 00000000 		.4byte	0
 1449 0030 00000000 		.4byte	.LFB3
 1450 0034 36000000 		.4byte	.LFE3
 1451 0038 00000000 		.4byte	.LFB0
 1452 003c 0C000000 		.4byte	.LFE0
 1453 0040 00000000 		.4byte	.LFB4
 1454 0044 5C000000 		.4byte	.LFE4
 1455 0048 5C000000 		.4byte	.LFB6
 1456 004c 04010000 		.4byte	.LFE6
 1457 0050 00000000 		.4byte	0
 1458 0054 00000000 		.4byte	0
 1459              		.section	.debug_line,"",%progbits
 1460              	.Ldebug_line0:
 1461 0000 5E010000 		.section	.debug_str,"MS",%progbits,1
 1461      0200D800 
 1461      00000201 
 1461      FB0E0D00 
 1461      01010101 
 1462              	.LASF18:
 1463 0000 72656733 		.ascii	"reg32\000"
 1463      3200
 1464              	.LASF11:
 1465 0006 73697A65 		.ascii	"size_t\000"
 1465      5F7400
 1466              	.LASF42:
 1467 000d 4379496E 		.ascii	"CyIntSetVector\000"
 1467      74536574 
 1467      56656374 
 1467      6F7200
 1468              	.LASF21:
 1469 001c 76616C75 		.ascii	"value\000"
 1469      6500
 1470              	.LASF26:
 1471 0022 636F756E 		.ascii	"count\000"
 1471      7400
 1472              	.LASF29:
 1473 0028 436C6F63 		.ascii	"ClockSetup\000"
 1473      6B536574 
 1473      757000
 1474              	.LASF30:
 1475 0033 63795F63 		.ascii	"cy_cfg_addr_table\000"
 1475      66675F61 
 1475      6464725F 
 1475      7461626C 
ARM GAS  C:\Users\kbuchi\AppData\Local\Temp\cc1vqAiO.s 			page 33


 1475      6500
 1476              	.LASF31:
 1477 0045 63795F63 		.ascii	"cy_cfg_data_table\000"
 1477      66675F64 
 1477      6174615F 
 1477      7461626C 
 1477      6500
 1478              	.LASF15:
 1479 0057 666C6F61 		.ascii	"float\000"
 1479      7400
 1480              	.LASF40:
 1481 005d 433A5C57 		.ascii	"C:\\WORKS\\WS\\WS_E2\\psoc\\D-21_s-5#1.cydsn\000"
 1481      4F524B53 
 1481      5C57535C 
 1481      57535F45 
 1481      325C7073 
 1482              	.LASF33:
 1483 0085 73697A65 		.ascii	"size\000"
 1483      00
 1484              	.LASF17:
 1485 008a 72656738 		.ascii	"reg8\000"
 1485      00
 1486              	.LASF6:
 1487 008f 6C6F6E67 		.ascii	"long unsigned int\000"
 1487      20756E73 
 1487      69676E65 
 1487      6420696E 
 1487      7400
 1488              	.LASF12:
 1489 00a1 75696E74 		.ascii	"uint8\000"
 1489      3800
 1490              	.LASF28:
 1491 00a7 43594D45 		.ascii	"CYMEMZERO\000"
 1491      4D5A4552 
 1491      4F00
 1492              	.LASF2:
 1493 00b1 756E7369 		.ascii	"unsigned char\000"
 1493      676E6564 
 1493      20636861 
 1493      7200
 1494              	.LASF36:
 1495 00bf 6D656D73 		.ascii	"memset\000"
 1495      657400
 1496              	.LASF16:
 1497 00c6 646F7562 		.ascii	"double\000"
 1497      6C6500
 1498              	.LASF27:
 1499 00cd 6366675F 		.ascii	"cfg_write_bytes32\000"
 1499      77726974 
 1499      655F6279 
 1499      74657333 
 1499      3200
 1500              	.LASF43:
 1501 00df 4379496E 		.ascii	"CyIntEnable\000"
 1501      74456E61 
 1501      626C6500 
 1502              	.LASF35:
ARM GAS  C:\Users\kbuchi\AppData\Local\Temp\cc1vqAiO.s 			page 34


 1503 00eb 6366675F 		.ascii	"cfg_memset_list\000"
 1503      6D656D73 
 1503      65745F6C 
 1503      69737400 
 1504              	.LASF23:
 1505 00fb 61646472 		.ascii	"addr_table\000"
 1505      5F746162 
 1505      6C6500
 1506              	.LASF13:
 1507 0106 75696E74 		.ascii	"uint16\000"
 1507      313600
 1508              	.LASF24:
 1509 010d 64617461 		.ascii	"data_table\000"
 1509      5F746162 
 1509      6C6500
 1510              	.LASF14:
 1511 0118 75696E74 		.ascii	"uint32\000"
 1511      333200
 1512              	.LASF0:
 1513 011f 756E7369 		.ascii	"unsigned int\000"
 1513      676E6564 
 1513      20696E74 
 1513      00
 1514              	.LASF41:
 1515 012c 63796669 		.ascii	"cyfitter_cfg\000"
 1515      74746572 
 1515      5F636667 
 1515      00
 1516              	.LASF32:
 1517 0139 61646472 		.ascii	"address\000"
 1517      65737300 
 1518              	.LASF8:
 1519 0141 6C6F6E67 		.ascii	"long long unsigned int\000"
 1519      206C6F6E 
 1519      6720756E 
 1519      7369676E 
 1519      65642069 
 1520              	.LASF38:
 1521 0158 474E5520 		.ascii	"GNU C 4.8.4 20140526 (release) [ARM/embedded-4_8-br"
 1521      4320342E 
 1521      382E3420 
 1521      32303134 
 1521      30353236 
 1522 018b 616E6368 		.ascii	"anch revision 211358] -mcpu=cortex-m0 -mthumb -g -O"
 1522      20726576 
 1522      6973696F 
 1522      6E203231 
 1522      31333538 
 1523 01be 67202D66 		.ascii	"g -ffunction-sections\000"
 1523      66756E63 
 1523      74696F6E 
 1523      2D736563 
 1523      74696F6E 
 1524              	.LASF19:
 1525 01d4 63796973 		.ascii	"cyisraddress\000"
 1525      72616464 
 1525      72657373 
ARM GAS  C:\Users\kbuchi\AppData\Local\Temp\cc1vqAiO.s 			page 35


 1525      00
 1526              	.LASF34:
 1527 01e1 6366675F 		.ascii	"cfg_memset_t\000"
 1527      6D656D73 
 1527      65745F74 
 1527      00
 1528              	.LASF25:
 1529 01ee 62617365 		.ascii	"baseAddr\000"
 1529      41646472 
 1529      00
 1530              	.LASF9:
 1531 01f7 73697A65 		.ascii	"sizetype\000"
 1531      74797065 
 1531      00
 1532              	.LASF39:
 1533 0200 2E5C4765 		.ascii	".\\Generated_Source\\PSoC4\\cyfitter_cfg.c\000"
 1533      6E657261 
 1533      7465645F 
 1533      536F7572 
 1533      63655C50 
 1534              	.LASF7:
 1535 0228 6C6F6E67 		.ascii	"long long int\000"
 1535      206C6F6E 
 1535      6720696E 
 1535      7400
 1536              	.LASF10:
 1537 0236 63686172 		.ascii	"char\000"
 1537      00
 1538              	.LASF22:
 1539 023b 63795F63 		.ascii	"cy_cfg_addrvalue_t\000"
 1539      66675F61 
 1539      64647276 
 1539      616C7565 
 1539      5F7400
 1540              	.LASF20:
 1541 024e 6F666673 		.ascii	"offset\000"
 1541      657400
 1542              	.LASF3:
 1543 0255 73686F72 		.ascii	"short int\000"
 1543      7420696E 
 1543      7400
 1544              	.LASF37:
 1545 025f 43795379 		.ascii	"CySysClkWriteImoFreq\000"
 1545      73436C6B 
 1545      57726974 
 1545      65496D6F 
 1545      46726571 
 1546              	.LASF5:
 1547 0274 6C6F6E67 		.ascii	"long int\000"
 1547      20696E74 
 1547      00
 1548              	.LASF1:
 1549 027d 7369676E 		.ascii	"signed char\000"
 1549      65642063 
 1549      68617200 
 1550              	.LASF4:
 1551 0289 73686F72 		.ascii	"short unsigned int\000"
ARM GAS  C:\Users\kbuchi\AppData\Local\Temp\cc1vqAiO.s 			page 36


 1551      7420756E 
 1551      7369676E 
 1551      65642069 
 1551      6E7400
 1552              		.ident	"GCC: (GNU Tools for ARM Embedded Processors) 4.8.4 20140526 (release) [ARM/embedded-4_8-br
