ARM GAS  C:\Users\kbuchi\AppData\Local\Temp\ccLvjiP8.s 			page 1


   1              		.cpu cortex-m0
   2              		.fpu softvfp
   3              		.eabi_attribute 20, 1
   4              		.eabi_attribute 21, 1
   5              		.eabi_attribute 23, 3
   6              		.eabi_attribute 24, 1
   7              		.eabi_attribute 25, 1
   8              		.eabi_attribute 26, 1
   9              		.eabi_attribute 30, 1
  10              		.eabi_attribute 34, 0
  11              		.eabi_attribute 18, 4
  12              		.code	16
  13              		.file	"cyfitter_cfg.c"
  14              		.text
  15              	.Ltext0:
  16              		.cfi_sections	.debug_frame
  17              		.section	.text.cfg_write_bytes32,"ax",%progbits
  18              		.align	2
  19              		.code	16
  20              		.thumb_func
  21              		.type	cfg_write_bytes32, %function
  22              	cfg_write_bytes32:
  23              	.LFB3:
  24              		.file 1 ".\\Generated_Source\\PSoC4\\cyfitter_cfg.c"
   1:.\Generated_Source\PSoC4/cyfitter_cfg.c **** /*******************************************************************************
   2:.\Generated_Source\PSoC4/cyfitter_cfg.c **** * FILENAME: cyfitter_cfg.c
   3:.\Generated_Source\PSoC4/cyfitter_cfg.c **** * 
   4:.\Generated_Source\PSoC4/cyfitter_cfg.c **** * PSoC Creator  3.2
   5:.\Generated_Source\PSoC4/cyfitter_cfg.c **** *
   6:.\Generated_Source\PSoC4/cyfitter_cfg.c **** * DESCRIPTION:
   7:.\Generated_Source\PSoC4/cyfitter_cfg.c **** * This file contains device initialization code.
   8:.\Generated_Source\PSoC4/cyfitter_cfg.c **** * Except for the user defined sections in CyClockStartupError(), this file should not be modified.
   9:.\Generated_Source\PSoC4/cyfitter_cfg.c **** * This file is automatically generated by PSoC Creator.
  10:.\Generated_Source\PSoC4/cyfitter_cfg.c **** *
  11:.\Generated_Source\PSoC4/cyfitter_cfg.c **** ********************************************************************************
  12:.\Generated_Source\PSoC4/cyfitter_cfg.c **** * Copyright (c) 2007-2015 Cypress Semiconductor.  All rights reserved.
  13:.\Generated_Source\PSoC4/cyfitter_cfg.c **** * You may use this file only in accordance with the license, terms, conditions, 
  14:.\Generated_Source\PSoC4/cyfitter_cfg.c **** * disclaimers, and limitations in the end user license agreement accompanying 
  15:.\Generated_Source\PSoC4/cyfitter_cfg.c **** * the software package with which this file was provided.
  16:.\Generated_Source\PSoC4/cyfitter_cfg.c **** ********************************************************************************/
  17:.\Generated_Source\PSoC4/cyfitter_cfg.c **** 
  18:.\Generated_Source\PSoC4/cyfitter_cfg.c **** #include <string.h>
  19:.\Generated_Source\PSoC4/cyfitter_cfg.c **** #include "cytypes.h"
  20:.\Generated_Source\PSoC4/cyfitter_cfg.c **** #include "cydevice_trm.h"
  21:.\Generated_Source\PSoC4/cyfitter_cfg.c **** #include "cyfitter.h"
  22:.\Generated_Source\PSoC4/cyfitter_cfg.c **** #include "CyLib.h"
  23:.\Generated_Source\PSoC4/cyfitter_cfg.c **** #include "CyLFClk.h"
  24:.\Generated_Source\PSoC4/cyfitter_cfg.c **** #include "cyfitter_cfg.h"
  25:.\Generated_Source\PSoC4/cyfitter_cfg.c **** 
  26:.\Generated_Source\PSoC4/cyfitter_cfg.c **** 
  27:.\Generated_Source\PSoC4/cyfitter_cfg.c **** #if defined(__GNUC__) || defined(__ARMCC_VERSION)
  28:.\Generated_Source\PSoC4/cyfitter_cfg.c ****     #define CYPACKED 
  29:.\Generated_Source\PSoC4/cyfitter_cfg.c ****     #define CYPACKED_ATTR __attribute__ ((packed))
  30:.\Generated_Source\PSoC4/cyfitter_cfg.c ****     #define CYALIGNED __attribute__ ((aligned))
  31:.\Generated_Source\PSoC4/cyfitter_cfg.c ****     #define CY_CFG_UNUSED __attribute__ ((unused))
  32:.\Generated_Source\PSoC4/cyfitter_cfg.c ****     #define CY_CFG_SECTION __attribute__ ((section(".psocinit")))
  33:.\Generated_Source\PSoC4/cyfitter_cfg.c ****     
ARM GAS  C:\Users\kbuchi\AppData\Local\Temp\ccLvjiP8.s 			page 2


  34:.\Generated_Source\PSoC4/cyfitter_cfg.c ****     #if defined(__ARMCC_VERSION)
  35:.\Generated_Source\PSoC4/cyfitter_cfg.c ****         #define CY_CFG_MEMORY_BARRIER() __memory_changed()
  36:.\Generated_Source\PSoC4/cyfitter_cfg.c ****     #else
  37:.\Generated_Source\PSoC4/cyfitter_cfg.c ****         #define CY_CFG_MEMORY_BARRIER() __sync_synchronize()
  38:.\Generated_Source\PSoC4/cyfitter_cfg.c ****     #endif
  39:.\Generated_Source\PSoC4/cyfitter_cfg.c ****     
  40:.\Generated_Source\PSoC4/cyfitter_cfg.c **** #elif defined(__ICCARM__)
  41:.\Generated_Source\PSoC4/cyfitter_cfg.c ****     #include <intrinsics.h>
  42:.\Generated_Source\PSoC4/cyfitter_cfg.c **** 
  43:.\Generated_Source\PSoC4/cyfitter_cfg.c ****     #define CYPACKED __packed
  44:.\Generated_Source\PSoC4/cyfitter_cfg.c ****     #define CYPACKED_ATTR 
  45:.\Generated_Source\PSoC4/cyfitter_cfg.c ****     #define CYALIGNED _Pragma("data_alignment=4")
  46:.\Generated_Source\PSoC4/cyfitter_cfg.c ****     #define CY_CFG_UNUSED _Pragma("diag_suppress=Pe177")
  47:.\Generated_Source\PSoC4/cyfitter_cfg.c ****     #define CY_CFG_SECTION _Pragma("location=\".psocinit\"")
  48:.\Generated_Source\PSoC4/cyfitter_cfg.c ****     
  49:.\Generated_Source\PSoC4/cyfitter_cfg.c ****     #define CY_CFG_MEMORY_BARRIER() __DMB()
  50:.\Generated_Source\PSoC4/cyfitter_cfg.c ****     
  51:.\Generated_Source\PSoC4/cyfitter_cfg.c **** #else
  52:.\Generated_Source\PSoC4/cyfitter_cfg.c ****     #error Unsupported toolchain
  53:.\Generated_Source\PSoC4/cyfitter_cfg.c **** #endif
  54:.\Generated_Source\PSoC4/cyfitter_cfg.c **** 
  55:.\Generated_Source\PSoC4/cyfitter_cfg.c **** 
  56:.\Generated_Source\PSoC4/cyfitter_cfg.c **** CY_CFG_UNUSED
  57:.\Generated_Source\PSoC4/cyfitter_cfg.c **** static void CYMEMZERO(void *s, size_t n);
  58:.\Generated_Source\PSoC4/cyfitter_cfg.c **** CY_CFG_UNUSED
  59:.\Generated_Source\PSoC4/cyfitter_cfg.c **** static void CYMEMZERO(void *s, size_t n)
  60:.\Generated_Source\PSoC4/cyfitter_cfg.c **** {
  61:.\Generated_Source\PSoC4/cyfitter_cfg.c **** 	(void)memset(s, 0, n);
  62:.\Generated_Source\PSoC4/cyfitter_cfg.c **** }
  63:.\Generated_Source\PSoC4/cyfitter_cfg.c **** CY_CFG_UNUSED
  64:.\Generated_Source\PSoC4/cyfitter_cfg.c **** static void CYCONFIGCPY(void *dest, const void *src, size_t n);
  65:.\Generated_Source\PSoC4/cyfitter_cfg.c **** CY_CFG_UNUSED
  66:.\Generated_Source\PSoC4/cyfitter_cfg.c **** static void CYCONFIGCPY(void *dest, const void *src, size_t n)
  67:.\Generated_Source\PSoC4/cyfitter_cfg.c **** {
  68:.\Generated_Source\PSoC4/cyfitter_cfg.c **** 	(void)memcpy(dest, src, n);
  69:.\Generated_Source\PSoC4/cyfitter_cfg.c **** }
  70:.\Generated_Source\PSoC4/cyfitter_cfg.c **** CY_CFG_UNUSED
  71:.\Generated_Source\PSoC4/cyfitter_cfg.c **** static void CYCONFIGCPYCODE(void *dest, const void *src, size_t n);
  72:.\Generated_Source\PSoC4/cyfitter_cfg.c **** CY_CFG_UNUSED
  73:.\Generated_Source\PSoC4/cyfitter_cfg.c **** static void CYCONFIGCPYCODE(void *dest, const void *src, size_t n)
  74:.\Generated_Source\PSoC4/cyfitter_cfg.c **** {
  75:.\Generated_Source\PSoC4/cyfitter_cfg.c **** 	(void)memcpy(dest, src, n);
  76:.\Generated_Source\PSoC4/cyfitter_cfg.c **** }
  77:.\Generated_Source\PSoC4/cyfitter_cfg.c **** 
  78:.\Generated_Source\PSoC4/cyfitter_cfg.c **** 
  79:.\Generated_Source\PSoC4/cyfitter_cfg.c **** 
  80:.\Generated_Source\PSoC4/cyfitter_cfg.c **** /* Clock startup error codes                                                   */
  81:.\Generated_Source\PSoC4/cyfitter_cfg.c **** #define CYCLOCKSTART_NO_ERROR    0u
  82:.\Generated_Source\PSoC4/cyfitter_cfg.c **** #define CYCLOCKSTART_XTAL_ERROR  1u
  83:.\Generated_Source\PSoC4/cyfitter_cfg.c **** #define CYCLOCKSTART_32KHZ_ERROR 2u
  84:.\Generated_Source\PSoC4/cyfitter_cfg.c **** #define CYCLOCKSTART_PLL_ERROR   3u
  85:.\Generated_Source\PSoC4/cyfitter_cfg.c **** 
  86:.\Generated_Source\PSoC4/cyfitter_cfg.c **** #ifdef CY_NEED_CYCLOCKSTARTUPERROR
  87:.\Generated_Source\PSoC4/cyfitter_cfg.c **** /*******************************************************************************
  88:.\Generated_Source\PSoC4/cyfitter_cfg.c **** * Function Name: CyClockStartupError
  89:.\Generated_Source\PSoC4/cyfitter_cfg.c **** ********************************************************************************
  90:.\Generated_Source\PSoC4/cyfitter_cfg.c **** * Summary:
ARM GAS  C:\Users\kbuchi\AppData\Local\Temp\ccLvjiP8.s 			page 3


  91:.\Generated_Source\PSoC4/cyfitter_cfg.c **** *  If an error is encountered during clock configuration (crystal startup error,
  92:.\Generated_Source\PSoC4/cyfitter_cfg.c **** *  PLL lock error, etc.), the system will end up here.  Unless reimplemented by
  93:.\Generated_Source\PSoC4/cyfitter_cfg.c **** *  the customer, this function will stop in an infinite loop.
  94:.\Generated_Source\PSoC4/cyfitter_cfg.c **** *
  95:.\Generated_Source\PSoC4/cyfitter_cfg.c **** * Parameters:
  96:.\Generated_Source\PSoC4/cyfitter_cfg.c **** *   void
  97:.\Generated_Source\PSoC4/cyfitter_cfg.c **** *
  98:.\Generated_Source\PSoC4/cyfitter_cfg.c **** * Return:
  99:.\Generated_Source\PSoC4/cyfitter_cfg.c **** *   void
 100:.\Generated_Source\PSoC4/cyfitter_cfg.c **** *
 101:.\Generated_Source\PSoC4/cyfitter_cfg.c **** *******************************************************************************/
 102:.\Generated_Source\PSoC4/cyfitter_cfg.c **** CY_CFG_UNUSED
 103:.\Generated_Source\PSoC4/cyfitter_cfg.c **** static void CyClockStartupError(uint8 errorCode);
 104:.\Generated_Source\PSoC4/cyfitter_cfg.c **** CY_CFG_UNUSED
 105:.\Generated_Source\PSoC4/cyfitter_cfg.c **** static void CyClockStartupError(uint8 errorCode)
 106:.\Generated_Source\PSoC4/cyfitter_cfg.c **** {
 107:.\Generated_Source\PSoC4/cyfitter_cfg.c ****     /* To remove the compiler warning if errorCode not used.                */
 108:.\Generated_Source\PSoC4/cyfitter_cfg.c ****     errorCode = errorCode;
 109:.\Generated_Source\PSoC4/cyfitter_cfg.c **** 
 110:.\Generated_Source\PSoC4/cyfitter_cfg.c ****     /* `#START CyClockStartupError` */
 111:.\Generated_Source\PSoC4/cyfitter_cfg.c **** 
 112:.\Generated_Source\PSoC4/cyfitter_cfg.c ****     /* If we have a clock startup error (bad MHz crystal, PLL lock, etc.),  */
 113:.\Generated_Source\PSoC4/cyfitter_cfg.c ****     /* we will end up here to allow the customer to implement something to  */
 114:.\Generated_Source\PSoC4/cyfitter_cfg.c ****     /* deal with the clock condition.                                       */
 115:.\Generated_Source\PSoC4/cyfitter_cfg.c **** 
 116:.\Generated_Source\PSoC4/cyfitter_cfg.c ****     /* `#END` */
 117:.\Generated_Source\PSoC4/cyfitter_cfg.c **** 
 118:.\Generated_Source\PSoC4/cyfitter_cfg.c ****     /* If nothing else, stop here since the clocks have not started         */
 119:.\Generated_Source\PSoC4/cyfitter_cfg.c ****     /* correctly.                                                           */
 120:.\Generated_Source\PSoC4/cyfitter_cfg.c ****     while(1) {}
 121:.\Generated_Source\PSoC4/cyfitter_cfg.c **** }
 122:.\Generated_Source\PSoC4/cyfitter_cfg.c **** #endif
 123:.\Generated_Source\PSoC4/cyfitter_cfg.c **** 
 124:.\Generated_Source\PSoC4/cyfitter_cfg.c **** #define CY_CFG_BASE_ADDR_COUNT 6u
 125:.\Generated_Source\PSoC4/cyfitter_cfg.c **** CYPACKED typedef struct
 126:.\Generated_Source\PSoC4/cyfitter_cfg.c **** {
 127:.\Generated_Source\PSoC4/cyfitter_cfg.c **** 	uint8 offset;
 128:.\Generated_Source\PSoC4/cyfitter_cfg.c **** 	uint8 value;
 129:.\Generated_Source\PSoC4/cyfitter_cfg.c **** } CYPACKED_ATTR cy_cfg_addrvalue_t;
 130:.\Generated_Source\PSoC4/cyfitter_cfg.c **** 
 131:.\Generated_Source\PSoC4/cyfitter_cfg.c **** 
 132:.\Generated_Source\PSoC4/cyfitter_cfg.c **** 
 133:.\Generated_Source\PSoC4/cyfitter_cfg.c **** /*******************************************************************************
 134:.\Generated_Source\PSoC4/cyfitter_cfg.c **** * Function Name: cfg_write_bytes32
 135:.\Generated_Source\PSoC4/cyfitter_cfg.c **** ********************************************************************************
 136:.\Generated_Source\PSoC4/cyfitter_cfg.c **** * Summary:
 137:.\Generated_Source\PSoC4/cyfitter_cfg.c **** *  This function is used for setting up the chip configuration areas that
 138:.\Generated_Source\PSoC4/cyfitter_cfg.c **** *  contain relatively sparse data.
 139:.\Generated_Source\PSoC4/cyfitter_cfg.c **** *
 140:.\Generated_Source\PSoC4/cyfitter_cfg.c **** * Parameters:
 141:.\Generated_Source\PSoC4/cyfitter_cfg.c **** *   void
 142:.\Generated_Source\PSoC4/cyfitter_cfg.c **** *
 143:.\Generated_Source\PSoC4/cyfitter_cfg.c **** * Return:
 144:.\Generated_Source\PSoC4/cyfitter_cfg.c **** *   void
 145:.\Generated_Source\PSoC4/cyfitter_cfg.c **** *
 146:.\Generated_Source\PSoC4/cyfitter_cfg.c **** *******************************************************************************/
 147:.\Generated_Source\PSoC4/cyfitter_cfg.c **** static void cfg_write_bytes32(const uint32 addr_table[], const cy_cfg_addrvalue_t data_table[]);
ARM GAS  C:\Users\kbuchi\AppData\Local\Temp\ccLvjiP8.s 			page 4


 148:.\Generated_Source\PSoC4/cyfitter_cfg.c **** static void cfg_write_bytes32(const uint32 addr_table[], const cy_cfg_addrvalue_t data_table[])
 149:.\Generated_Source\PSoC4/cyfitter_cfg.c **** {
  25              		.loc 1 149 0
  26              		.cfi_startproc
  27              	.LVL0:
  28 0000 F0B5     		push	{r4, r5, r6, r7, lr}
  29              		.cfi_def_cfa_offset 20
  30              		.cfi_offset 4, -20
  31              		.cfi_offset 5, -16
  32              		.cfi_offset 6, -12
  33              		.cfi_offset 7, -8
  34              		.cfi_offset 14, -4
  35              	.LVL1:
 150:.\Generated_Source\PSoC4/cyfitter_cfg.c **** 	/* For 32-bit little-endian architectures */
 151:.\Generated_Source\PSoC4/cyfitter_cfg.c **** 	uint32 i, j = 0u;
  36              		.loc 1 151 0
  37 0002 0022     		mov	r2, #0
 152:.\Generated_Source\PSoC4/cyfitter_cfg.c **** 	for (i = 0u; i < CY_CFG_BASE_ADDR_COUNT; i++)
  38              		.loc 1 152 0
  39 0004 0027     		mov	r7, #0
  40              	.LBB2:
 153:.\Generated_Source\PSoC4/cyfitter_cfg.c **** 	{
 154:.\Generated_Source\PSoC4/cyfitter_cfg.c **** 		uint32 baseAddr = addr_table[i];
 155:.\Generated_Source\PSoC4/cyfitter_cfg.c **** 		uint8 count = (uint8)baseAddr;
 156:.\Generated_Source\PSoC4/cyfitter_cfg.c **** 		baseAddr &= 0xFFFFFF00u;
  41              		.loc 1 156 0
  42 0006 FF23     		mov	r3, #255
  43 0008 9C46     		mov	ip, r3
  44              	.LBE2:
 152:.\Generated_Source\PSoC4/cyfitter_cfg.c **** 	for (i = 0u; i < CY_CFG_BASE_ADDR_COUNT; i++)
  45              		.loc 1 152 0
  46 000a 11E0     		b	.L2
  47              	.LVL2:
  48              	.L5:
  49              	.LBB3:
 154:.\Generated_Source\PSoC4/cyfitter_cfg.c **** 		uint32 baseAddr = addr_table[i];
  50              		.loc 1 154 0
  51 000c BB00     		lsl	r3, r7, #2
  52 000e C658     		ldr	r6, [r0, r3]
  53              	.LVL3:
 155:.\Generated_Source\PSoC4/cyfitter_cfg.c **** 		uint8 count = (uint8)baseAddr;
  54              		.loc 1 155 0
  55 0010 F3B2     		uxtb	r3, r6
  56              	.LVL4:
  57              		.loc 1 156 0
  58 0012 6446     		mov	r4, ip
  59 0014 A643     		bic	r6, r4
  60              	.LVL5:
 157:.\Generated_Source\PSoC4/cyfitter_cfg.c **** 		while (count != 0u)
  61              		.loc 1 157 0
  62 0016 08E0     		b	.L3
  63              	.L4:
 158:.\Generated_Source\PSoC4/cyfitter_cfg.c **** 		{
 159:.\Generated_Source\PSoC4/cyfitter_cfg.c **** 			CY_SET_XTND_REG8((void CYFAR *)(baseAddr + data_table[j].offset), data_table[j].value);
  64              		.loc 1 159 0
  65 0018 5400     		lsl	r4, r2, #1
  66 001a 0C19     		add	r4, r1, r4
ARM GAS  C:\Users\kbuchi\AppData\Local\Temp\ccLvjiP8.s 			page 5


  67 001c 2578     		ldrb	r5, [r4]
  68 001e AD19     		add	r5, r5, r6
  69 0020 6478     		ldrb	r4, [r4, #1]
  70 0022 2C70     		strb	r4, [r5]
 160:.\Generated_Source\PSoC4/cyfitter_cfg.c **** 			j++;
  71              		.loc 1 160 0
  72 0024 0132     		add	r2, r2, #1
  73              	.LVL6:
 161:.\Generated_Source\PSoC4/cyfitter_cfg.c **** 			count--;
  74              		.loc 1 161 0
  75 0026 013B     		sub	r3, r3, #1
  76              	.LVL7:
  77 0028 DBB2     		uxtb	r3, r3
  78              	.LVL8:
  79              	.L3:
 157:.\Generated_Source\PSoC4/cyfitter_cfg.c **** 		while (count != 0u)
  80              		.loc 1 157 0 discriminator 1
  81 002a 002B     		cmp	r3, #0
  82 002c F4D1     		bne	.L4
  83              	.LBE3:
 152:.\Generated_Source\PSoC4/cyfitter_cfg.c **** 	for (i = 0u; i < CY_CFG_BASE_ADDR_COUNT; i++)
  84              		.loc 1 152 0
  85 002e 0137     		add	r7, r7, #1
  86              	.LVL9:
  87              	.L2:
 152:.\Generated_Source\PSoC4/cyfitter_cfg.c **** 	for (i = 0u; i < CY_CFG_BASE_ADDR_COUNT; i++)
  88              		.loc 1 152 0 is_stmt 0 discriminator 1
  89 0030 052F     		cmp	r7, #5
  90 0032 EBD9     		bls	.L5
 162:.\Generated_Source\PSoC4/cyfitter_cfg.c **** 		}
 163:.\Generated_Source\PSoC4/cyfitter_cfg.c **** 	}
 164:.\Generated_Source\PSoC4/cyfitter_cfg.c **** }
  91              		.loc 1 164 0 is_stmt 1
  92              		@ sp needed
  93              	.LVL10:
  94 0034 F0BD     		pop	{r4, r5, r6, r7, pc}
  95              		.cfi_endproc
  96              	.LFE3:
  97              		.size	cfg_write_bytes32, .-cfg_write_bytes32
  98 0036 C046     		.section	.text.CYMEMZERO,"ax",%progbits
  99              		.align	2
 100              		.code	16
 101              		.thumb_func
 102              		.type	CYMEMZERO, %function
 103              	CYMEMZERO:
 104              	.LFB0:
  60:.\Generated_Source\PSoC4/cyfitter_cfg.c **** {
 105              		.loc 1 60 0
 106              		.cfi_startproc
 107              	.LVL11:
 108 0000 08B5     		push	{r3, lr}
 109              		.cfi_def_cfa_offset 8
 110              		.cfi_offset 3, -8
 111              		.cfi_offset 14, -4
 112 0002 0A1C     		mov	r2, r1
  61:.\Generated_Source\PSoC4/cyfitter_cfg.c **** 	(void)memset(s, 0, n);
 113              		.loc 1 61 0
ARM GAS  C:\Users\kbuchi\AppData\Local\Temp\ccLvjiP8.s 			page 6


 114 0004 0021     		mov	r1, #0
 115              	.LVL12:
 116 0006 FFF7FEFF 		bl	memset
 117              	.LVL13:
  62:.\Generated_Source\PSoC4/cyfitter_cfg.c **** }
 118              		.loc 1 62 0
 119              		@ sp needed
 120 000a 08BD     		pop	{r3, pc}
 121              		.cfi_endproc
 122              	.LFE0:
 123              		.size	CYMEMZERO, .-CYMEMZERO
 124              		.section	.psocinit,"ax",%progbits
 125              		.align	2
 126              		.code	16
 127              		.thumb_func
 128              		.type	ClockSetup, %function
 129              	ClockSetup:
 130              	.LFB4:
 165:.\Generated_Source\PSoC4/cyfitter_cfg.c **** 
 166:.\Generated_Source\PSoC4/cyfitter_cfg.c **** 
 167:.\Generated_Source\PSoC4/cyfitter_cfg.c **** /*******************************************************************************
 168:.\Generated_Source\PSoC4/cyfitter_cfg.c **** * Function Name: ClockSetup
 169:.\Generated_Source\PSoC4/cyfitter_cfg.c **** ********************************************************************************
 170:.\Generated_Source\PSoC4/cyfitter_cfg.c **** *
 171:.\Generated_Source\PSoC4/cyfitter_cfg.c **** * Summary:
 172:.\Generated_Source\PSoC4/cyfitter_cfg.c **** *   Performs the initialization of all of the clocks in the device based on the
 173:.\Generated_Source\PSoC4/cyfitter_cfg.c **** *   settings in the Clock tab of the DWR.  This includes enabling the requested
 174:.\Generated_Source\PSoC4/cyfitter_cfg.c **** *   clocks and setting the necessary dividers to produce the desired frequency. 
 175:.\Generated_Source\PSoC4/cyfitter_cfg.c **** *
 176:.\Generated_Source\PSoC4/cyfitter_cfg.c **** * Parameters:
 177:.\Generated_Source\PSoC4/cyfitter_cfg.c **** *   void
 178:.\Generated_Source\PSoC4/cyfitter_cfg.c **** *
 179:.\Generated_Source\PSoC4/cyfitter_cfg.c **** * Return:
 180:.\Generated_Source\PSoC4/cyfitter_cfg.c **** *   void
 181:.\Generated_Source\PSoC4/cyfitter_cfg.c **** *
 182:.\Generated_Source\PSoC4/cyfitter_cfg.c **** *******************************************************************************/
 183:.\Generated_Source\PSoC4/cyfitter_cfg.c **** static void ClockSetup(void);
 184:.\Generated_Source\PSoC4/cyfitter_cfg.c **** CY_CFG_SECTION
 185:.\Generated_Source\PSoC4/cyfitter_cfg.c **** static void ClockSetup(void)
 186:.\Generated_Source\PSoC4/cyfitter_cfg.c **** {
 131              		.loc 1 186 0
 132              		.cfi_startproc
 133 0000 10B5     		push	{r4, lr}
 134              		.cfi_def_cfa_offset 8
 135              		.cfi_offset 4, -8
 136              		.cfi_offset 14, -4
 187:.\Generated_Source\PSoC4/cyfitter_cfg.c **** 	/* Enable HALF_EN before trimming for the flash accelerator. */
 188:.\Generated_Source\PSoC4/cyfitter_cfg.c **** 	CY_SET_REG32((void CYXDATA *)(CYREG_CLK_SELECT), (CY_GET_REG32((void *)CYREG_CLK_SELECT) | 0x00040
 137              		.loc 1 188 0
 138 0002 0F4C     		ldr	r4, .L8
 139 0004 2268     		ldr	r2, [r4]
 140 0006 8023     		mov	r3, #128
 141 0008 DB02     		lsl	r3, r3, #11
 142 000a 1343     		orr	r3, r2
 143 000c 2360     		str	r3, [r4]
 189:.\Generated_Source\PSoC4/cyfitter_cfg.c **** 
 190:.\Generated_Source\PSoC4/cyfitter_cfg.c **** 	/* Setup and trim IMO based on desired frequency. */
ARM GAS  C:\Users\kbuchi\AppData\Local\Temp\ccLvjiP8.s 			page 7


 191:.\Generated_Source\PSoC4/cyfitter_cfg.c **** 	CySysClkWriteImoFreq(24u);
 144              		.loc 1 191 0
 145 000e 1820     		mov	r0, #24
 146 0010 FFF7FEFF 		bl	CySysClkWriteImoFreq
 147              	.LVL14:
 192:.\Generated_Source\PSoC4/cyfitter_cfg.c **** 
 193:.\Generated_Source\PSoC4/cyfitter_cfg.c **** 	/* Disable HALF_EN since it is not required at this IMO frequency. */
 194:.\Generated_Source\PSoC4/cyfitter_cfg.c **** 	CY_SET_REG32((void CYXDATA *)(CYREG_CLK_SELECT), (CY_GET_REG32((void *)CYREG_CLK_SELECT) & 0xFFFBF
 148              		.loc 1 194 0
 149 0014 2268     		ldr	r2, [r4]
 150 0016 0B4B     		ldr	r3, .L8+4
 151 0018 1340     		and	r3, r2
 152 001a 2360     		str	r3, [r4]
 195:.\Generated_Source\PSoC4/cyfitter_cfg.c **** 	/* CYDEV_CLK_ILO_CONFIG Starting address: CYDEV_CLK_ILO_CONFIG */
 196:.\Generated_Source\PSoC4/cyfitter_cfg.c **** 	CY_SET_XTND_REG32((void CYFAR *)(CYREG_CLK_ILO_CONFIG), 0x80000006u);
 153              		.loc 1 196 0
 154 001c 0A4A     		ldr	r2, .L8+8
 155 001e 0B4B     		ldr	r3, .L8+12
 156 0020 1A60     		str	r2, [r3]
 197:.\Generated_Source\PSoC4/cyfitter_cfg.c **** 
 198:.\Generated_Source\PSoC4/cyfitter_cfg.c **** 
 199:.\Generated_Source\PSoC4/cyfitter_cfg.c **** 	/* CYDEV_CLK_IMO_CONFIG Starting address: CYDEV_CLK_IMO_CONFIG */
 200:.\Generated_Source\PSoC4/cyfitter_cfg.c **** 	CY_SET_XTND_REG32((void CYFAR *)(CYREG_CLK_IMO_CONFIG), 0x80000000u);
 157              		.loc 1 200 0
 158 0022 8022     		mov	r2, #128
 159 0024 1206     		lsl	r2, r2, #24
 160 0026 0A4B     		ldr	r3, .L8+16
 161 0028 1A60     		str	r2, [r3]
 201:.\Generated_Source\PSoC4/cyfitter_cfg.c **** 
 202:.\Generated_Source\PSoC4/cyfitter_cfg.c **** 	(void)CyIntSetVector(9u, &CySysWdtIsr);
 162              		.loc 1 202 0
 163 002a 0920     		mov	r0, #9
 164 002c 0949     		ldr	r1, .L8+20
 165 002e FFF7FEFF 		bl	CyIntSetVector
 166              	.LVL15:
 203:.\Generated_Source\PSoC4/cyfitter_cfg.c **** 	CyIntEnable(9u);
 167              		.loc 1 203 0
 168 0032 0920     		mov	r0, #9
 169 0034 FFF7FEFF 		bl	CyIntEnable
 170              	.LVL16:
 204:.\Generated_Source\PSoC4/cyfitter_cfg.c **** 	CY_SET_XTND_REG32((void CYFAR *)(CYREG_WDT_CONFIG), 0x00000000u);
 171              		.loc 1 204 0
 172 0038 0022     		mov	r2, #0
 173 003a 074B     		ldr	r3, .L8+24
 174 003c 1A60     		str	r2, [r3]
 205:.\Generated_Source\PSoC4/cyfitter_cfg.c **** }
 175              		.loc 1 205 0
 176              		@ sp needed
 177 003e 10BD     		pop	{r4, pc}
 178              	.L9:
 179              		.align	2
 180              	.L8:
 181 0040 00010B40 		.word	1074462976
 182 0044 FFFFFBFF 		.word	-262145
 183 0048 06000080 		.word	-2147483642
 184 004c 04010B40 		.word	1074462980
 185 0050 08010B40 		.word	1074462984
ARM GAS  C:\Users\kbuchi\AppData\Local\Temp\ccLvjiP8.s 			page 8


 186 0054 00000000 		.word	CySysWdtIsr
 187 0058 0C020B40 		.word	1074463244
 188              		.cfi_endproc
 189              	.LFE4:
 190              		.size	ClockSetup, .-ClockSetup
 191              		.align	2
 192              		.global	cyfitter_cfg
 193              		.code	16
 194              		.thumb_func
 195              		.type	cyfitter_cfg, %function
 196              	cyfitter_cfg:
 197              	.LFB6:
 206:.\Generated_Source\PSoC4/cyfitter_cfg.c **** 
 207:.\Generated_Source\PSoC4/cyfitter_cfg.c **** 
 208:.\Generated_Source\PSoC4/cyfitter_cfg.c **** /* Analog API Functions */
 209:.\Generated_Source\PSoC4/cyfitter_cfg.c **** 
 210:.\Generated_Source\PSoC4/cyfitter_cfg.c **** 
 211:.\Generated_Source\PSoC4/cyfitter_cfg.c **** /*******************************************************************************
 212:.\Generated_Source\PSoC4/cyfitter_cfg.c **** * Function Name: AnalogSetDefault
 213:.\Generated_Source\PSoC4/cyfitter_cfg.c **** ********************************************************************************
 214:.\Generated_Source\PSoC4/cyfitter_cfg.c **** *
 215:.\Generated_Source\PSoC4/cyfitter_cfg.c **** * Summary:
 216:.\Generated_Source\PSoC4/cyfitter_cfg.c **** *  Sets up the analog portions of the chip to default values based on chip
 217:.\Generated_Source\PSoC4/cyfitter_cfg.c **** *  configuration options from the project.
 218:.\Generated_Source\PSoC4/cyfitter_cfg.c **** *
 219:.\Generated_Source\PSoC4/cyfitter_cfg.c **** * Parameters:
 220:.\Generated_Source\PSoC4/cyfitter_cfg.c **** *  void
 221:.\Generated_Source\PSoC4/cyfitter_cfg.c **** *
 222:.\Generated_Source\PSoC4/cyfitter_cfg.c **** * Return:
 223:.\Generated_Source\PSoC4/cyfitter_cfg.c **** *  void
 224:.\Generated_Source\PSoC4/cyfitter_cfg.c **** *
 225:.\Generated_Source\PSoC4/cyfitter_cfg.c **** *******************************************************************************/
 226:.\Generated_Source\PSoC4/cyfitter_cfg.c **** static void AnalogSetDefault(void);
 227:.\Generated_Source\PSoC4/cyfitter_cfg.c **** static void AnalogSetDefault(void)
 228:.\Generated_Source\PSoC4/cyfitter_cfg.c **** {
 229:.\Generated_Source\PSoC4/cyfitter_cfg.c **** }
 230:.\Generated_Source\PSoC4/cyfitter_cfg.c **** 
 231:.\Generated_Source\PSoC4/cyfitter_cfg.c **** #define CY_AMUX_UNUSED CYREG_CM0_ROM_DWT
 232:.\Generated_Source\PSoC4/cyfitter_cfg.c **** 
 233:.\Generated_Source\PSoC4/cyfitter_cfg.c **** 
 234:.\Generated_Source\PSoC4/cyfitter_cfg.c **** /*******************************************************************************
 235:.\Generated_Source\PSoC4/cyfitter_cfg.c **** * Function Name: cyfitter_cfg
 236:.\Generated_Source\PSoC4/cyfitter_cfg.c **** ********************************************************************************
 237:.\Generated_Source\PSoC4/cyfitter_cfg.c **** * Summary:
 238:.\Generated_Source\PSoC4/cyfitter_cfg.c **** *  This function is called by the start-up code for the selected device. It
 239:.\Generated_Source\PSoC4/cyfitter_cfg.c **** *  performs all of the necessary device configuration based on the design
 240:.\Generated_Source\PSoC4/cyfitter_cfg.c **** *  settings.  This includes settings from the Design Wide Resources (DWR) such
 241:.\Generated_Source\PSoC4/cyfitter_cfg.c **** *  as Clocks and Pins as well as any component configuration that is necessary.
 242:.\Generated_Source\PSoC4/cyfitter_cfg.c **** *
 243:.\Generated_Source\PSoC4/cyfitter_cfg.c **** * Parameters:  
 244:.\Generated_Source\PSoC4/cyfitter_cfg.c **** *   void
 245:.\Generated_Source\PSoC4/cyfitter_cfg.c **** *
 246:.\Generated_Source\PSoC4/cyfitter_cfg.c **** * Return:
 247:.\Generated_Source\PSoC4/cyfitter_cfg.c **** *   void
 248:.\Generated_Source\PSoC4/cyfitter_cfg.c **** *
 249:.\Generated_Source\PSoC4/cyfitter_cfg.c **** *******************************************************************************/
 250:.\Generated_Source\PSoC4/cyfitter_cfg.c **** CY_CFG_SECTION
ARM GAS  C:\Users\kbuchi\AppData\Local\Temp\ccLvjiP8.s 			page 9


 251:.\Generated_Source\PSoC4/cyfitter_cfg.c **** void cyfitter_cfg(void)
 252:.\Generated_Source\PSoC4/cyfitter_cfg.c **** {
 198              		.loc 1 252 0
 199              		.cfi_startproc
 200 005c 38B5     		push	{r3, r4, r5, lr}
 201              		.cfi_def_cfa_offset 16
 202              		.cfi_offset 3, -16
 203              		.cfi_offset 4, -12
 204              		.cfi_offset 5, -8
 205              		.cfi_offset 14, -4
 253:.\Generated_Source\PSoC4/cyfitter_cfg.c **** 	/* Disable interrupts by default. Let user enable if/when they want. */
 254:.\Generated_Source\PSoC4/cyfitter_cfg.c **** 	CyGlobalIntDisable;
 206              		.loc 1 254 0
 207              	@ 254 ".\Generated_Source\PSoC4\cyfitter_cfg.c" 1
 208 005e 72B6     		CPSID   i
 209              	@ 0 "" 2
 210              	.LVL17:
 211              		.code	16
 212              	.LBB4:
 255:.\Generated_Source\PSoC4/cyfitter_cfg.c **** 
 256:.\Generated_Source\PSoC4/cyfitter_cfg.c **** 	{
 257:.\Generated_Source\PSoC4/cyfitter_cfg.c **** 		static const uint32 CYCODE cy_cfg_addr_table[] = {
 258:.\Generated_Source\PSoC4/cyfitter_cfg.c **** 			0x400F3004u, /* Base address: 0x400F3000 Count: 4 */
 259:.\Generated_Source\PSoC4/cyfitter_cfg.c **** 			0x400F3103u, /* Base address: 0x400F3100 Count: 3 */
 260:.\Generated_Source\PSoC4/cyfitter_cfg.c **** 			0x400F3303u, /* Base address: 0x400F3300 Count: 3 */
 261:.\Generated_Source\PSoC4/cyfitter_cfg.c **** 			0x400F4004u, /* Base address: 0x400F4000 Count: 4 */
 262:.\Generated_Source\PSoC4/cyfitter_cfg.c **** 			0x400F4103u, /* Base address: 0x400F4100 Count: 3 */
 263:.\Generated_Source\PSoC4/cyfitter_cfg.c **** 			0x400F6002u, /* Base address: 0x400F6000 Count: 2 */
 264:.\Generated_Source\PSoC4/cyfitter_cfg.c **** 		};
 265:.\Generated_Source\PSoC4/cyfitter_cfg.c **** 
 266:.\Generated_Source\PSoC4/cyfitter_cfg.c **** 		static const cy_cfg_addrvalue_t CYCODE cy_cfg_data_table[] = {
 267:.\Generated_Source\PSoC4/cyfitter_cfg.c **** 			{0xBAu, 0x30u},
 268:.\Generated_Source\PSoC4/cyfitter_cfg.c **** 			{0xD8u, 0x0Bu},
 269:.\Generated_Source\PSoC4/cyfitter_cfg.c **** 			{0xDCu, 0x09u},
 270:.\Generated_Source\PSoC4/cyfitter_cfg.c **** 			{0xDFu, 0x01u},
 271:.\Generated_Source\PSoC4/cyfitter_cfg.c **** 			{0x1Eu, 0x08u},
 272:.\Generated_Source\PSoC4/cyfitter_cfg.c **** 			{0x7Fu, 0x80u},
 273:.\Generated_Source\PSoC4/cyfitter_cfg.c **** 			{0xDEu, 0x80u},
 274:.\Generated_Source\PSoC4/cyfitter_cfg.c **** 			{0xABu, 0x80u},
 275:.\Generated_Source\PSoC4/cyfitter_cfg.c **** 			{0xB6u, 0x04u},
 276:.\Generated_Source\PSoC4/cyfitter_cfg.c **** 			{0xEAu, 0x40u},
 277:.\Generated_Source\PSoC4/cyfitter_cfg.c **** 			{0x03u, 0x20u},
 278:.\Generated_Source\PSoC4/cyfitter_cfg.c **** 			{0x57u, 0x80u},
 279:.\Generated_Source\PSoC4/cyfitter_cfg.c **** 			{0xC0u, 0x10u},
 280:.\Generated_Source\PSoC4/cyfitter_cfg.c **** 			{0xD4u, 0x40u},
 281:.\Generated_Source\PSoC4/cyfitter_cfg.c **** 			{0xABu, 0x20u},
 282:.\Generated_Source\PSoC4/cyfitter_cfg.c **** 			{0xB7u, 0x80u},
 283:.\Generated_Source\PSoC4/cyfitter_cfg.c **** 			{0xECu, 0x20u},
 284:.\Generated_Source\PSoC4/cyfitter_cfg.c **** 			{0x02u, 0x01u},
 285:.\Generated_Source\PSoC4/cyfitter_cfg.c **** 			{0x11u, 0x01u},
 286:.\Generated_Source\PSoC4/cyfitter_cfg.c **** 		};
 287:.\Generated_Source\PSoC4/cyfitter_cfg.c **** 
 288:.\Generated_Source\PSoC4/cyfitter_cfg.c **** 
 289:.\Generated_Source\PSoC4/cyfitter_cfg.c **** 
 290:.\Generated_Source\PSoC4/cyfitter_cfg.c **** 		CYPACKED typedef struct {
 291:.\Generated_Source\PSoC4/cyfitter_cfg.c **** 			void CYFAR *address;
 292:.\Generated_Source\PSoC4/cyfitter_cfg.c **** 			uint16 size;
ARM GAS  C:\Users\kbuchi\AppData\Local\Temp\ccLvjiP8.s 			page 10


 293:.\Generated_Source\PSoC4/cyfitter_cfg.c **** 		} CYPACKED_ATTR cfg_memset_t;
 294:.\Generated_Source\PSoC4/cyfitter_cfg.c **** 
 295:.\Generated_Source\PSoC4/cyfitter_cfg.c **** 		static const cfg_memset_t CYCODE cfg_memset_list [] = {
 296:.\Generated_Source\PSoC4/cyfitter_cfg.c **** 			/* address, size */
 297:.\Generated_Source\PSoC4/cyfitter_cfg.c **** 			{(void CYFAR *)(CYDEV_UDB_P0_U0_BASE), 1024u},
 298:.\Generated_Source\PSoC4/cyfitter_cfg.c **** 			{(void CYFAR *)(CYDEV_UDB_DSI0_BASE), 1024u},
 299:.\Generated_Source\PSoC4/cyfitter_cfg.c **** 		};
 300:.\Generated_Source\PSoC4/cyfitter_cfg.c **** 
 301:.\Generated_Source\PSoC4/cyfitter_cfg.c **** 		uint8 CYDATA i;
 302:.\Generated_Source\PSoC4/cyfitter_cfg.c **** 
 303:.\Generated_Source\PSoC4/cyfitter_cfg.c **** 		/* Zero out critical memory blocks before beginning configuration */
 304:.\Generated_Source\PSoC4/cyfitter_cfg.c **** 		for (i = 0u; i < (sizeof(cfg_memset_list)/sizeof(cfg_memset_list[0])); i++)
 213              		.loc 1 304 0
 214 0060 0024     		mov	r4, #0
 215              	.LBB5:
 305:.\Generated_Source\PSoC4/cyfitter_cfg.c **** 		{
 306:.\Generated_Source\PSoC4/cyfitter_cfg.c **** 			const cfg_memset_t CYCODE * CYDATA ms = &cfg_memset_list[i];
 216              		.loc 1 306 0
 217 0062 254D     		ldr	r5, .L13
 218              	.LBE5:
 304:.\Generated_Source\PSoC4/cyfitter_cfg.c **** 		for (i = 0u; i < (sizeof(cfg_memset_list)/sizeof(cfg_memset_list[0])); i++)
 219              		.loc 1 304 0
 220 0064 0CE0     		b	.L11
 221              	.LVL18:
 222              	.L12:
 223              	.LBB6:
 224              		.loc 1 306 0 discriminator 2
 225 0066 6300     		lsl	r3, r4, #1
 226 0068 1B19     		add	r3, r3, r4
 227 006a 5B00     		lsl	r3, r3, #1
 228 006c EB18     		add	r3, r5, r3
 229              	.LVL19:
 307:.\Generated_Source\PSoC4/cyfitter_cfg.c **** 			CYMEMZERO(ms->address, (size_t)(uint32)(ms->size));
 230              		.loc 1 307 0 discriminator 2
 231 006e 9988     		ldrh	r1, [r3, #4]
 232 0070 1A88     		ldrh	r2, [r3]
 233 0072 5888     		ldrh	r0, [r3, #2]
 234 0074 0004     		lsl	r0, r0, #16
 235 0076 1043     		orr	r0, r2
 236 0078 FFF7FEFF 		bl	CYMEMZERO
 237              	.LVL20:
 238              	.LBE6:
 304:.\Generated_Source\PSoC4/cyfitter_cfg.c **** 		for (i = 0u; i < (sizeof(cfg_memset_list)/sizeof(cfg_memset_list[0])); i++)
 239              		.loc 1 304 0 discriminator 2
 240 007c 0134     		add	r4, r4, #1
 241              	.LVL21:
 242 007e E4B2     		uxtb	r4, r4
 243              	.LVL22:
 244              	.L11:
 304:.\Generated_Source\PSoC4/cyfitter_cfg.c **** 		for (i = 0u; i < (sizeof(cfg_memset_list)/sizeof(cfg_memset_list[0])); i++)
 245              		.loc 1 304 0 is_stmt 0 discriminator 1
 246 0080 012C     		cmp	r4, #1
 247 0082 F0D9     		bls	.L12
 308:.\Generated_Source\PSoC4/cyfitter_cfg.c **** 		}
 309:.\Generated_Source\PSoC4/cyfitter_cfg.c **** 
 310:.\Generated_Source\PSoC4/cyfitter_cfg.c **** 		cfg_write_bytes32(cy_cfg_addr_table, cy_cfg_data_table);
 248              		.loc 1 310 0 is_stmt 1
ARM GAS  C:\Users\kbuchi\AppData\Local\Temp\ccLvjiP8.s 			page 11


 249 0084 1C49     		ldr	r1, .L13
 250 0086 081C     		mov	r0, r1
 251 0088 0C30     		add	r0, r0, #12
 252 008a 2431     		add	r1, r1, #36
 253 008c FFF7FEFF 		bl	cfg_write_bytes32
 254              	.LVL23:
 311:.\Generated_Source\PSoC4/cyfitter_cfg.c **** 
 312:.\Generated_Source\PSoC4/cyfitter_cfg.c **** 		/* HSIOM Starting address: CYDEV_HSIOM_BASE */
 313:.\Generated_Source\PSoC4/cyfitter_cfg.c **** 		CY_SET_XTND_REG32((void CYFAR *)(CYDEV_HSIOM_BASE), 0x00000300u);
 255              		.loc 1 313 0
 256 0090 C022     		mov	r2, #192
 257 0092 9200     		lsl	r2, r2, #2
 258 0094 194B     		ldr	r3, .L13+4
 259 0096 1A60     		str	r2, [r3]
 314:.\Generated_Source\PSoC4/cyfitter_cfg.c **** 		CY_SET_XTND_REG32((void CYFAR *)(CYREG_HSIOM_PORT_SEL3), 0x0000EE00u);
 260              		.loc 1 314 0
 261 0098 EE22     		mov	r2, #238
 262 009a 1202     		lsl	r2, r2, #8
 263 009c 184B     		ldr	r3, .L13+8
 264 009e 1A60     		str	r2, [r3]
 315:.\Generated_Source\PSoC4/cyfitter_cfg.c **** 
 316:.\Generated_Source\PSoC4/cyfitter_cfg.c **** 		/* UDB_PA_0 Starting address: CYDEV_UDB_PA0_BASE */
 317:.\Generated_Source\PSoC4/cyfitter_cfg.c **** 		CY_SET_XTND_REG32((void CYFAR *)(CYDEV_UDB_PA0_BASE), 0x00990004u);
 265              		.loc 1 317 0
 266 00a0 184A     		ldr	r2, .L13+12
 267 00a2 194B     		ldr	r3, .L13+16
 268 00a4 1A60     		str	r2, [r3]
 318:.\Generated_Source\PSoC4/cyfitter_cfg.c **** 		CY_SET_XTND_REG32((void CYFAR *)(CYREG_UDB_PA0_CFG4), 0x000A0000u);
 269              		.loc 1 318 0
 270 00a6 A022     		mov	r2, #160
 271 00a8 1203     		lsl	r2, r2, #12
 272 00aa 184B     		ldr	r3, .L13+20
 273 00ac 1A60     		str	r2, [r3]
 319:.\Generated_Source\PSoC4/cyfitter_cfg.c **** 		CY_SET_XTND_REG32((void CYFAR *)(CYREG_UDB_PA0_CFG8), 0x00100000u);
 274              		.loc 1 319 0
 275 00ae 8022     		mov	r2, #128
 276 00b0 5203     		lsl	r2, r2, #13
 277 00b2 174B     		ldr	r3, .L13+24
 278 00b4 1A60     		str	r2, [r3]
 320:.\Generated_Source\PSoC4/cyfitter_cfg.c **** 
 321:.\Generated_Source\PSoC4/cyfitter_cfg.c **** 		/* UDB_PA_3 Starting address: CYDEV_UDB_PA3_BASE */
 322:.\Generated_Source\PSoC4/cyfitter_cfg.c **** 		CY_SET_XTND_REG32((void CYFAR *)(CYDEV_UDB_PA3_BASE), 0x00990000u);
 279              		.loc 1 322 0
 280 00b6 9922     		mov	r2, #153
 281 00b8 1204     		lsl	r2, r2, #16
 282 00ba 164B     		ldr	r3, .L13+28
 283 00bc 1A60     		str	r2, [r3]
 323:.\Generated_Source\PSoC4/cyfitter_cfg.c **** 
 324:.\Generated_Source\PSoC4/cyfitter_cfg.c **** 		/* Enable digital routing */
 325:.\Generated_Source\PSoC4/cyfitter_cfg.c **** 		CY_SET_XTND_REG8((void *)CYREG_UDB_UDBIF_BANK_CTL, CY_GET_XTND_REG8((void *)CYREG_UDB_UDBIF_BANK_
 284              		.loc 1 325 0
 285 00be 164B     		ldr	r3, .L13+32
 286 00c0 1978     		ldrb	r1, [r3]
 287 00c2 0222     		mov	r2, #2
 288 00c4 0A43     		orr	r2, r1
 289 00c6 1A70     		strb	r2, [r3]
 326:.\Generated_Source\PSoC4/cyfitter_cfg.c **** 
ARM GAS  C:\Users\kbuchi\AppData\Local\Temp\ccLvjiP8.s 			page 12


 327:.\Generated_Source\PSoC4/cyfitter_cfg.c **** 		/* Enable UDB array */
 328:.\Generated_Source\PSoC4/cyfitter_cfg.c **** 		CY_SET_XTND_REG8((void *)CYREG_UDB_UDBIF_WAIT_CFG, (uint8)((CY_GET_XTND_REG8((void *)CYREG_UDB_UD
 290              		.loc 1 328 0
 291 00c8 144A     		ldr	r2, .L13+36
 292 00ca 1178     		ldrb	r1, [r2]
 293 00cc 3C20     		mov	r0, #60
 294 00ce 8143     		bic	r1, r0
 295 00d0 1420     		mov	r0, #20
 296 00d2 0143     		orr	r1, r0
 297 00d4 1170     		strb	r1, [r2]
 329:.\Generated_Source\PSoC4/cyfitter_cfg.c **** 		CY_SET_XTND_REG8((void *)CYREG_UDB_UDBIF_BANK_CTL, (uint8)(CY_GET_XTND_REG8((void *)CYREG_UDB_UDB
 298              		.loc 1 329 0
 299 00d6 1978     		ldrb	r1, [r3]
 300 00d8 1622     		mov	r2, #22
 301 00da 0A43     		orr	r2, r1
 302 00dc 1A70     		strb	r2, [r3]
 303              	.LBE4:
 330:.\Generated_Source\PSoC4/cyfitter_cfg.c **** 	}
 331:.\Generated_Source\PSoC4/cyfitter_cfg.c **** 
 332:.\Generated_Source\PSoC4/cyfitter_cfg.c **** 	/* Perform second pass device configuration. These items must be configured in specific order afte
 333:.\Generated_Source\PSoC4/cyfitter_cfg.c **** 	/* IOPINS0_0 Starting address: CYDEV_PRT0_DR */
 334:.\Generated_Source\PSoC4/cyfitter_cfg.c **** 	CY_SET_XTND_REG32((void CYFAR *)(CYREG_PRT0_DR), 0x00000007u);
 304              		.loc 1 334 0
 305 00de 0722     		mov	r2, #7
 306 00e0 0F4B     		ldr	r3, .L13+40
 307 00e2 1A60     		str	r2, [r3]
 335:.\Generated_Source\PSoC4/cyfitter_cfg.c **** 	CY_SET_XTND_REG32((void CYFAR *)(CYREG_PRT0_PC), 0x00000D92u);
 308              		.loc 1 335 0
 309 00e4 0F4A     		ldr	r2, .L13+44
 310 00e6 104B     		ldr	r3, .L13+48
 311 00e8 1A60     		str	r2, [r3]
 336:.\Generated_Source\PSoC4/cyfitter_cfg.c **** 
 337:.\Generated_Source\PSoC4/cyfitter_cfg.c **** 	/* IOPINS0_3 Starting address: CYDEV_PRT3_DR */
 338:.\Generated_Source\PSoC4/cyfitter_cfg.c **** 	CY_SET_XTND_REG32((void CYFAR *)(CYREG_PRT3_PC), 0x00000D80u);
 312              		.loc 1 338 0
 313 00ea D822     		mov	r2, #216
 314 00ec 1201     		lsl	r2, r2, #4
 315 00ee 0F4B     		ldr	r3, .L13+52
 316 00f0 1A60     		str	r2, [r3]
 339:.\Generated_Source\PSoC4/cyfitter_cfg.c **** 
 340:.\Generated_Source\PSoC4/cyfitter_cfg.c **** 	/* Setup clocks based on selections from Clock DWR */
 341:.\Generated_Source\PSoC4/cyfitter_cfg.c **** 	ClockSetup();
 317              		.loc 1 341 0
 318 00f2 FFF785FF 		bl	ClockSetup
 319              	.LVL24:
 342:.\Generated_Source\PSoC4/cyfitter_cfg.c **** 
 343:.\Generated_Source\PSoC4/cyfitter_cfg.c **** 	/* Perform basic analog initialization to defaults */
 344:.\Generated_Source\PSoC4/cyfitter_cfg.c **** 	AnalogSetDefault();
 345:.\Generated_Source\PSoC4/cyfitter_cfg.c **** 
 346:.\Generated_Source\PSoC4/cyfitter_cfg.c **** }
 320              		.loc 1 346 0
 321              		@ sp needed
 322              	.LVL25:
 323 00f6 38BD     		pop	{r3, r4, r5, pc}
 324              	.L14:
 325              		.align	2
 326              	.L13:
ARM GAS  C:\Users\kbuchi\AppData\Local\Temp\ccLvjiP8.s 			page 13


 327 00f8 00000000 		.word	.LANCHOR0
 328 00fc 00000140 		.word	1073807360
 329 0100 0C000140 		.word	1073807372
 330 0104 04009900 		.word	10027012
 331 0108 00500F40 		.word	1074745344
 332 010c 04500F40 		.word	1074745348
 333 0110 08500F40 		.word	1074745352
 334 0114 30500F40 		.word	1074745392
 335 0118 00700F40 		.word	1074753536
 336 011c 01700F40 		.word	1074753537
 337 0120 00000440 		.word	1074003968
 338 0124 920D0000 		.word	3474
 339 0128 08000440 		.word	1074003976
 340 012c 08030440 		.word	1074004744
 341              		.cfi_endproc
 342              	.LFE6:
 343              		.size	cyfitter_cfg, .-cyfitter_cfg
 344              		.section	.rodata
 345              		.align	2
 346              		.set	.LANCHOR0,. + 0
 347              		.type	cfg_memset_list.4740, %object
 348              		.size	cfg_memset_list.4740, 12
 349              	cfg_memset_list.4740:
 350 0000 00300F40 		.word	1074737152
 351 0004 0004     		.short	1024
 352 0006 00400F40 		.4byte	1074741248
 353 000a 0004     		.short	1024
 354              		.type	cy_cfg_addr_table.4734, %object
 355              		.size	cy_cfg_addr_table.4734, 24
 356              	cy_cfg_addr_table.4734:
 357 000c 04300F40 		.word	1074737156
 358 0010 03310F40 		.word	1074737411
 359 0014 03330F40 		.word	1074737923
 360 0018 04400F40 		.word	1074741252
 361 001c 03410F40 		.word	1074741507
 362 0020 02600F40 		.word	1074749442
 363              		.type	cy_cfg_data_table.4735, %object
 364              		.size	cy_cfg_data_table.4735, 38
 365              	cy_cfg_data_table.4735:
 366 0024 BA       		.byte	-70
 367 0025 30       		.byte	48
 368 0026 D8       		.byte	-40
 369 0027 0B       		.byte	11
 370 0028 DC       		.byte	-36
 371 0029 09       		.byte	9
 372 002a DF       		.byte	-33
 373 002b 01       		.byte	1
 374 002c 1E       		.byte	30
 375 002d 08       		.byte	8
 376 002e 7F       		.byte	127
 377 002f 80       		.byte	-128
 378 0030 DE       		.byte	-34
 379 0031 80       		.byte	-128
 380 0032 AB       		.byte	-85
 381 0033 80       		.byte	-128
 382 0034 B6       		.byte	-74
 383 0035 04       		.byte	4
ARM GAS  C:\Users\kbuchi\AppData\Local\Temp\ccLvjiP8.s 			page 14


 384 0036 EA       		.byte	-22
 385 0037 40       		.byte	64
 386 0038 03       		.byte	3
 387 0039 20       		.byte	32
 388 003a 57       		.byte	87
 389 003b 80       		.byte	-128
 390 003c C0       		.byte	-64
 391 003d 10       		.byte	16
 392 003e D4       		.byte	-44
 393 003f 40       		.byte	64
 394 0040 AB       		.byte	-85
 395 0041 20       		.byte	32
 396 0042 B7       		.byte	-73
 397 0043 80       		.byte	-128
 398 0044 EC       		.byte	-20
 399 0045 20       		.byte	32
 400 0046 02       		.byte	2
 401 0047 01       		.byte	1
 402 0048 11       		.byte	17
 403 0049 01       		.byte	1
 404 004a 0000     		.text
 405              	.Letext0:
 406              		.file 2 "c:\\works\\programs\\psoc_creator\\psoc creator\\3.2\\psoc_creator\\import\\gnu\\arm\\4.8
 407              		.file 3 ".\\Generated_Source\\PSoC4\\cytypes.h"
 408              		.file 4 ".\\Generated_Source\\PSoC4\\CyLib.h"
 409              		.section	.debug_info,"",%progbits
 410              	.Ldebug_info0:
 411 0000 A7030000 		.4byte	0x3a7
 412 0004 0400     		.2byte	0x4
 413 0006 00000000 		.4byte	.Ldebug_abbrev0
 414 000a 04       		.byte	0x4
 415 000b 01       		.uleb128 0x1
 416 000c 63010000 		.4byte	.LASF38
 417 0010 01       		.byte	0x1
 418 0011 0B020000 		.4byte	.LASF39
 419 0015 30010000 		.4byte	.LASF40
 420 0019 30000000 		.4byte	.Ldebug_ranges0+0x30
 421 001d 00000000 		.4byte	0
 422 0021 00000000 		.4byte	.Ldebug_line0
 423 0025 02       		.uleb128 0x2
 424 0026 04       		.byte	0x4
 425 0027 05       		.byte	0x5
 426 0028 696E7400 		.ascii	"int\000"
 427 002c 03       		.uleb128 0x3
 428 002d 06000000 		.4byte	.LASF11
 429 0031 02       		.byte	0x2
 430 0032 D4       		.byte	0xd4
 431 0033 37000000 		.4byte	0x37
 432 0037 04       		.uleb128 0x4
 433 0038 04       		.byte	0x4
 434 0039 07       		.byte	0x7
 435 003a F7000000 		.4byte	.LASF0
 436 003e 04       		.uleb128 0x4
 437 003f 01       		.byte	0x1
 438 0040 06       		.byte	0x6
 439 0041 88020000 		.4byte	.LASF1
 440 0045 04       		.uleb128 0x4
ARM GAS  C:\Users\kbuchi\AppData\Local\Temp\ccLvjiP8.s 			page 15


 441 0046 01       		.byte	0x1
 442 0047 08       		.byte	0x8
 443 0048 99000000 		.4byte	.LASF2
 444 004c 04       		.uleb128 0x4
 445 004d 02       		.byte	0x2
 446 004e 05       		.byte	0x5
 447 004f 60020000 		.4byte	.LASF3
 448 0053 04       		.uleb128 0x4
 449 0054 02       		.byte	0x2
 450 0055 07       		.byte	0x7
 451 0056 94020000 		.4byte	.LASF4
 452 005a 04       		.uleb128 0x4
 453 005b 04       		.byte	0x4
 454 005c 05       		.byte	0x5
 455 005d 7F020000 		.4byte	.LASF5
 456 0061 04       		.uleb128 0x4
 457 0062 04       		.byte	0x4
 458 0063 07       		.byte	0x7
 459 0064 77000000 		.4byte	.LASF6
 460 0068 04       		.uleb128 0x4
 461 0069 08       		.byte	0x8
 462 006a 05       		.byte	0x5
 463 006b 33020000 		.4byte	.LASF7
 464 006f 04       		.uleb128 0x4
 465 0070 08       		.byte	0x8
 466 0071 07       		.byte	0x7
 467 0072 19010000 		.4byte	.LASF8
 468 0076 04       		.uleb128 0x4
 469 0077 04       		.byte	0x4
 470 0078 07       		.byte	0x7
 471 0079 02020000 		.4byte	.LASF9
 472 007d 05       		.uleb128 0x5
 473 007e 04       		.byte	0x4
 474 007f 06       		.uleb128 0x6
 475 0080 04       		.byte	0x4
 476 0081 85000000 		.4byte	0x85
 477 0085 07       		.uleb128 0x7
 478 0086 04       		.uleb128 0x4
 479 0087 01       		.byte	0x1
 480 0088 08       		.byte	0x8
 481 0089 41020000 		.4byte	.LASF10
 482 008d 03       		.uleb128 0x3
 483 008e 89000000 		.4byte	.LASF12
 484 0092 03       		.byte	0x3
 485 0093 B3       		.byte	0xb3
 486 0094 45000000 		.4byte	0x45
 487 0098 03       		.uleb128 0x3
 488 0099 DE000000 		.4byte	.LASF13
 489 009d 03       		.byte	0x3
 490 009e B4       		.byte	0xb4
 491 009f 53000000 		.4byte	0x53
 492 00a3 03       		.uleb128 0x3
 493 00a4 F0000000 		.4byte	.LASF14
 494 00a8 03       		.byte	0x3
 495 00a9 B5       		.byte	0xb5
 496 00aa 61000000 		.4byte	0x61
 497 00ae 04       		.uleb128 0x4
ARM GAS  C:\Users\kbuchi\AppData\Local\Temp\ccLvjiP8.s 			page 16


 498 00af 04       		.byte	0x4
 499 00b0 04       		.byte	0x4
 500 00b1 57000000 		.4byte	.LASF15
 501 00b5 04       		.uleb128 0x4
 502 00b6 08       		.byte	0x8
 503 00b7 04       		.byte	0x4
 504 00b8 AE000000 		.4byte	.LASF16
 505 00bc 08       		.uleb128 0x8
 506 00bd 72000000 		.4byte	.LASF17
 507 00c1 03       		.byte	0x3
 508 00c2 5D01     		.2byte	0x15d
 509 00c4 C8000000 		.4byte	0xc8
 510 00c8 09       		.uleb128 0x9
 511 00c9 8D000000 		.4byte	0x8d
 512 00cd 08       		.uleb128 0x8
 513 00ce 00000000 		.4byte	.LASF18
 514 00d2 03       		.byte	0x3
 515 00d3 5F01     		.2byte	0x15f
 516 00d5 D9000000 		.4byte	0xd9
 517 00d9 09       		.uleb128 0x9
 518 00da A3000000 		.4byte	0xa3
 519 00de 08       		.uleb128 0x8
 520 00df DF010000 		.4byte	.LASF19
 521 00e3 03       		.byte	0x3
 522 00e4 6F01     		.2byte	0x16f
 523 00e6 7F000000 		.4byte	0x7f
 524 00ea 0A       		.uleb128 0xa
 525 00eb 02       		.byte	0x2
 526 00ec 01       		.byte	0x1
 527 00ed 7D       		.byte	0x7d
 528 00ee 0B010000 		.4byte	0x10b
 529 00f2 0B       		.uleb128 0xb
 530 00f3 59020000 		.4byte	.LASF20
 531 00f7 01       		.byte	0x1
 532 00f8 7F       		.byte	0x7f
 533 00f9 8D000000 		.4byte	0x8d
 534 00fd 00       		.byte	0
 535 00fe 0B       		.uleb128 0xb
 536 00ff 1C000000 		.4byte	.LASF21
 537 0103 01       		.byte	0x1
 538 0104 80       		.byte	0x80
 539 0105 8D000000 		.4byte	0x8d
 540 0109 01       		.byte	0x1
 541 010a 00       		.byte	0
 542 010b 03       		.uleb128 0x3
 543 010c 46020000 		.4byte	.LASF22
 544 0110 01       		.byte	0x1
 545 0111 81       		.byte	0x81
 546 0112 EA000000 		.4byte	0xea
 547 0116 0C       		.uleb128 0xc
 548 0117 B5000000 		.4byte	.LASF27
 549 011b 01       		.byte	0x1
 550 011c 94       		.byte	0x94
 551 011d 00000000 		.4byte	.LFB3
 552 0121 36000000 		.4byte	.LFE3-.LFB3
 553 0125 01       		.uleb128 0x1
 554 0126 9C       		.byte	0x9c
ARM GAS  C:\Users\kbuchi\AppData\Local\Temp\ccLvjiP8.s 			page 17


 555 0127 84010000 		.4byte	0x184
 556 012b 0D       		.uleb128 0xd
 557 012c D3000000 		.4byte	.LASF23
 558 0130 01       		.byte	0x1
 559 0131 94       		.byte	0x94
 560 0132 84010000 		.4byte	0x184
 561 0136 01       		.uleb128 0x1
 562 0137 50       		.byte	0x50
 563 0138 0D       		.uleb128 0xd
 564 0139 E5000000 		.4byte	.LASF24
 565 013d 01       		.byte	0x1
 566 013e 94       		.byte	0x94
 567 013f 8F010000 		.4byte	0x18f
 568 0143 01       		.uleb128 0x1
 569 0144 51       		.byte	0x51
 570 0145 0E       		.uleb128 0xe
 571 0146 6900     		.ascii	"i\000"
 572 0148 01       		.byte	0x1
 573 0149 97       		.byte	0x97
 574 014a A3000000 		.4byte	0xa3
 575 014e 00000000 		.4byte	.LLST0
 576 0152 0E       		.uleb128 0xe
 577 0153 6A00     		.ascii	"j\000"
 578 0155 01       		.byte	0x1
 579 0156 97       		.byte	0x97
 580 0157 A3000000 		.4byte	0xa3
 581 015b 1F000000 		.4byte	.LLST1
 582 015f 0F       		.uleb128 0xf
 583 0160 00000000 		.4byte	.Ldebug_ranges0+0
 584 0164 10       		.uleb128 0x10
 585 0165 F9010000 		.4byte	.LASF25
 586 0169 01       		.byte	0x1
 587 016a 9A       		.byte	0x9a
 588 016b A3000000 		.4byte	0xa3
 589 016f 3E000000 		.4byte	.LLST2
 590 0173 10       		.uleb128 0x10
 591 0174 22000000 		.4byte	.LASF26
 592 0178 01       		.byte	0x1
 593 0179 9B       		.byte	0x9b
 594 017a 8D000000 		.4byte	0x8d
 595 017e 51000000 		.4byte	.LLST3
 596 0182 00       		.byte	0
 597 0183 00       		.byte	0
 598 0184 06       		.uleb128 0x6
 599 0185 04       		.byte	0x4
 600 0186 8A010000 		.4byte	0x18a
 601 018a 11       		.uleb128 0x11
 602 018b A3000000 		.4byte	0xa3
 603 018f 06       		.uleb128 0x6
 604 0190 04       		.byte	0x4
 605 0191 95010000 		.4byte	0x195
 606 0195 11       		.uleb128 0x11
 607 0196 0B010000 		.4byte	0x10b
 608 019a 0C       		.uleb128 0xc
 609 019b 8F000000 		.4byte	.LASF28
 610 019f 01       		.byte	0x1
 611 01a0 3B       		.byte	0x3b
ARM GAS  C:\Users\kbuchi\AppData\Local\Temp\ccLvjiP8.s 			page 18


 612 01a1 00000000 		.4byte	.LFB0
 613 01a5 0C000000 		.4byte	.LFE0-.LFB0
 614 01a9 01       		.uleb128 0x1
 615 01aa 9C       		.byte	0x9c
 616 01ab E7010000 		.4byte	0x1e7
 617 01af 12       		.uleb128 0x12
 618 01b0 7300     		.ascii	"s\000"
 619 01b2 01       		.byte	0x1
 620 01b3 3B       		.byte	0x3b
 621 01b4 7D000000 		.4byte	0x7d
 622 01b8 87000000 		.4byte	.LLST4
 623 01bc 12       		.uleb128 0x12
 624 01bd 6E00     		.ascii	"n\000"
 625 01bf 01       		.byte	0x1
 626 01c0 3B       		.byte	0x3b
 627 01c1 2C000000 		.4byte	0x2c
 628 01c5 A8000000 		.4byte	.LLST5
 629 01c9 13       		.uleb128 0x13
 630 01ca 0A000000 		.4byte	.LVL13
 631 01ce 55030000 		.4byte	0x355
 632 01d2 14       		.uleb128 0x14
 633 01d3 01       		.uleb128 0x1
 634 01d4 52       		.byte	0x52
 635 01d5 03       		.uleb128 0x3
 636 01d6 F3       		.byte	0xf3
 637 01d7 01       		.uleb128 0x1
 638 01d8 51       		.byte	0x51
 639 01d9 14       		.uleb128 0x14
 640 01da 01       		.uleb128 0x1
 641 01db 51       		.byte	0x51
 642 01dc 01       		.uleb128 0x1
 643 01dd 30       		.byte	0x30
 644 01de 14       		.uleb128 0x14
 645 01df 01       		.uleb128 0x1
 646 01e0 50       		.byte	0x50
 647 01e1 03       		.uleb128 0x3
 648 01e2 F3       		.byte	0xf3
 649 01e3 01       		.uleb128 0x1
 650 01e4 50       		.byte	0x50
 651 01e5 00       		.byte	0
 652 01e6 00       		.byte	0
 653 01e7 0C       		.uleb128 0xc
 654 01e8 28000000 		.4byte	.LASF29
 655 01ec 01       		.byte	0x1
 656 01ed B9       		.byte	0xb9
 657 01ee 00000000 		.4byte	.LFB4
 658 01f2 5C000000 		.4byte	.LFE4-.LFB4
 659 01f6 01       		.uleb128 0x1
 660 01f7 9C       		.byte	0x9c
 661 01f8 32020000 		.4byte	0x232
 662 01fc 15       		.uleb128 0x15
 663 01fd 14000000 		.4byte	.LVL14
 664 0201 72030000 		.4byte	0x372
 665 0205 0F020000 		.4byte	0x20f
 666 0209 14       		.uleb128 0x14
 667 020a 01       		.uleb128 0x1
 668 020b 50       		.byte	0x50
ARM GAS  C:\Users\kbuchi\AppData\Local\Temp\ccLvjiP8.s 			page 19


 669 020c 01       		.uleb128 0x1
 670 020d 48       		.byte	0x48
 671 020e 00       		.byte	0
 672 020f 15       		.uleb128 0x15
 673 0210 32000000 		.4byte	.LVL15
 674 0214 83030000 		.4byte	0x383
 675 0218 22020000 		.4byte	0x222
 676 021c 14       		.uleb128 0x14
 677 021d 01       		.uleb128 0x1
 678 021e 50       		.byte	0x50
 679 021f 01       		.uleb128 0x1
 680 0220 39       		.byte	0x39
 681 0221 00       		.byte	0
 682 0222 13       		.uleb128 0x13
 683 0223 38000000 		.4byte	.LVL16
 684 0227 9D030000 		.4byte	0x39d
 685 022b 14       		.uleb128 0x14
 686 022c 01       		.uleb128 0x1
 687 022d 50       		.byte	0x50
 688 022e 01       		.uleb128 0x1
 689 022f 39       		.byte	0x39
 690 0230 00       		.byte	0
 691 0231 00       		.byte	0
 692 0232 16       		.uleb128 0x16
 693 0233 04010000 		.4byte	.LASF41
 694 0237 01       		.byte	0x1
 695 0238 FB       		.byte	0xfb
 696 0239 5C000000 		.4byte	.LFB6
 697 023d D4000000 		.4byte	.LFE6-.LFB6
 698 0241 01       		.uleb128 0x1
 699 0242 9C       		.byte	0x9c
 700 0243 2B030000 		.4byte	0x32b
 701 0247 17       		.uleb128 0x17
 702 0248 60000000 		.4byte	.LBB4
 703 024c 7E000000 		.4byte	.LBE4-.LBB4
 704 0250 21030000 		.4byte	0x321
 705 0254 18       		.uleb128 0x18
 706 0255 33000000 		.4byte	.LASF30
 707 0259 01       		.byte	0x1
 708 025a 0101     		.2byte	0x101
 709 025c 3B030000 		.4byte	0x33b
 710 0260 05       		.uleb128 0x5
 711 0261 03       		.byte	0x3
 712 0262 0C000000 		.4byte	cy_cfg_addr_table.4734
 713 0266 18       		.uleb128 0x18
 714 0267 45000000 		.4byte	.LASF31
 715 026b 01       		.byte	0x1
 716 026c 0A01     		.2byte	0x10a
 717 026e 50030000 		.4byte	0x350
 718 0272 05       		.uleb128 0x5
 719 0273 03       		.byte	0x3
 720 0274 24000000 		.4byte	cy_cfg_data_table.4735
 721 0278 19       		.uleb128 0x19
 722 0279 06       		.byte	0x6
 723 027a 01       		.byte	0x1
 724 027b 2201     		.2byte	0x122
 725 027d 9C020000 		.4byte	0x29c
ARM GAS  C:\Users\kbuchi\AppData\Local\Temp\ccLvjiP8.s 			page 20


 726 0281 1A       		.uleb128 0x1a
 727 0282 11010000 		.4byte	.LASF32
 728 0286 01       		.byte	0x1
 729 0287 2301     		.2byte	0x123
 730 0289 7D000000 		.4byte	0x7d
 731 028d 00       		.byte	0
 732 028e 1A       		.uleb128 0x1a
 733 028f 6D000000 		.4byte	.LASF33
 734 0293 01       		.byte	0x1
 735 0294 2401     		.2byte	0x124
 736 0296 98000000 		.4byte	0x98
 737 029a 04       		.byte	0x4
 738 029b 00       		.byte	0
 739 029c 08       		.uleb128 0x8
 740 029d EC010000 		.4byte	.LASF34
 741 02a1 01       		.byte	0x1
 742 02a2 2501     		.2byte	0x125
 743 02a4 78020000 		.4byte	0x278
 744 02a8 1B       		.uleb128 0x1b
 745 02a9 9C020000 		.4byte	0x29c
 746 02ad B8020000 		.4byte	0x2b8
 747 02b1 1C       		.uleb128 0x1c
 748 02b2 76000000 		.4byte	0x76
 749 02b6 01       		.byte	0x1
 750 02b7 00       		.byte	0
 751 02b8 18       		.uleb128 0x18
 752 02b9 5D000000 		.4byte	.LASF35
 753 02bd 01       		.byte	0x1
 754 02be 2701     		.2byte	0x127
 755 02c0 CA020000 		.4byte	0x2ca
 756 02c4 05       		.uleb128 0x5
 757 02c5 03       		.byte	0x3
 758 02c6 00000000 		.4byte	cfg_memset_list.4740
 759 02ca 11       		.uleb128 0x11
 760 02cb A8020000 		.4byte	0x2a8
 761 02cf 1D       		.uleb128 0x1d
 762 02d0 6900     		.ascii	"i\000"
 763 02d2 01       		.byte	0x1
 764 02d3 2D01     		.2byte	0x12d
 765 02d5 8D000000 		.4byte	0x8d
 766 02d9 D4000000 		.4byte	.LLST6
 767 02dd 1E       		.uleb128 0x1e
 768 02de 18000000 		.4byte	.Ldebug_ranges0+0x18
 769 02e2 0A030000 		.4byte	0x30a
 770 02e6 1D       		.uleb128 0x1d
 771 02e7 6D7300   		.ascii	"ms\000"
 772 02ea 01       		.byte	0x1
 773 02eb 3201     		.2byte	0x132
 774 02ed F5020000 		.4byte	0x2f5
 775 02f1 0B010000 		.4byte	.LLST7
 776 02f5 06       		.uleb128 0x6
 777 02f6 04       		.byte	0x4
 778 02f7 FB020000 		.4byte	0x2fb
 779 02fb 11       		.uleb128 0x11
 780 02fc 9C020000 		.4byte	0x29c
 781 0300 1F       		.uleb128 0x1f
 782 0301 7C000000 		.4byte	.LVL20
ARM GAS  C:\Users\kbuchi\AppData\Local\Temp\ccLvjiP8.s 			page 21


 783 0305 9A010000 		.4byte	0x19a
 784 0309 00       		.byte	0
 785 030a 13       		.uleb128 0x13
 786 030b 90000000 		.4byte	.LVL23
 787 030f 16010000 		.4byte	0x116
 788 0313 14       		.uleb128 0x14
 789 0314 01       		.uleb128 0x1
 790 0315 51       		.byte	0x51
 791 0316 02       		.uleb128 0x2
 792 0317 75       		.byte	0x75
 793 0318 24       		.sleb128 36
 794 0319 14       		.uleb128 0x14
 795 031a 01       		.uleb128 0x1
 796 031b 50       		.byte	0x50
 797 031c 02       		.uleb128 0x2
 798 031d 75       		.byte	0x75
 799 031e 0C       		.sleb128 12
 800 031f 00       		.byte	0
 801 0320 00       		.byte	0
 802 0321 1F       		.uleb128 0x1f
 803 0322 F6000000 		.4byte	.LVL24
 804 0326 E7010000 		.4byte	0x1e7
 805 032a 00       		.byte	0
 806 032b 1B       		.uleb128 0x1b
 807 032c A3000000 		.4byte	0xa3
 808 0330 3B030000 		.4byte	0x33b
 809 0334 1C       		.uleb128 0x1c
 810 0335 76000000 		.4byte	0x76
 811 0339 05       		.byte	0x5
 812 033a 00       		.byte	0
 813 033b 11       		.uleb128 0x11
 814 033c 2B030000 		.4byte	0x32b
 815 0340 1B       		.uleb128 0x1b
 816 0341 0B010000 		.4byte	0x10b
 817 0345 50030000 		.4byte	0x350
 818 0349 1C       		.uleb128 0x1c
 819 034a 76000000 		.4byte	0x76
 820 034e 12       		.byte	0x12
 821 034f 00       		.byte	0
 822 0350 11       		.uleb128 0x11
 823 0351 40030000 		.4byte	0x340
 824 0355 20       		.uleb128 0x20
 825 0356 A7000000 		.4byte	.LASF36
 826 035a 7D000000 		.4byte	0x7d
 827 035e 72030000 		.4byte	0x372
 828 0362 21       		.uleb128 0x21
 829 0363 7D000000 		.4byte	0x7d
 830 0367 21       		.uleb128 0x21
 831 0368 25000000 		.4byte	0x25
 832 036c 21       		.uleb128 0x21
 833 036d 76000000 		.4byte	0x76
 834 0371 00       		.byte	0
 835 0372 22       		.uleb128 0x22
 836 0373 6A020000 		.4byte	.LASF37
 837 0377 04       		.byte	0x4
 838 0378 31       		.byte	0x31
 839 0379 83030000 		.4byte	0x383
ARM GAS  C:\Users\kbuchi\AppData\Local\Temp\ccLvjiP8.s 			page 22


 840 037d 21       		.uleb128 0x21
 841 037e A3000000 		.4byte	0xa3
 842 0382 00       		.byte	0
 843 0383 23       		.uleb128 0x23
 844 0384 0D000000 		.4byte	.LASF42
 845 0388 04       		.byte	0x4
 846 0389 46       		.byte	0x46
 847 038a DE000000 		.4byte	0xde
 848 038e 9D030000 		.4byte	0x39d
 849 0392 21       		.uleb128 0x21
 850 0393 8D000000 		.4byte	0x8d
 851 0397 21       		.uleb128 0x21
 852 0398 DE000000 		.4byte	0xde
 853 039c 00       		.byte	0
 854 039d 24       		.uleb128 0x24
 855 039e C7000000 		.4byte	.LASF43
 856 03a2 04       		.byte	0x4
 857 03a3 4C       		.byte	0x4c
 858 03a4 21       		.uleb128 0x21
 859 03a5 8D000000 		.4byte	0x8d
 860 03a9 00       		.byte	0
 861 03aa 00       		.byte	0
 862              		.section	.debug_abbrev,"",%progbits
 863              	.Ldebug_abbrev0:
 864 0000 01       		.uleb128 0x1
 865 0001 11       		.uleb128 0x11
 866 0002 01       		.byte	0x1
 867 0003 25       		.uleb128 0x25
 868 0004 0E       		.uleb128 0xe
 869 0005 13       		.uleb128 0x13
 870 0006 0B       		.uleb128 0xb
 871 0007 03       		.uleb128 0x3
 872 0008 0E       		.uleb128 0xe
 873 0009 1B       		.uleb128 0x1b
 874 000a 0E       		.uleb128 0xe
 875 000b 55       		.uleb128 0x55
 876 000c 17       		.uleb128 0x17
 877 000d 11       		.uleb128 0x11
 878 000e 01       		.uleb128 0x1
 879 000f 10       		.uleb128 0x10
 880 0010 17       		.uleb128 0x17
 881 0011 00       		.byte	0
 882 0012 00       		.byte	0
 883 0013 02       		.uleb128 0x2
 884 0014 24       		.uleb128 0x24
 885 0015 00       		.byte	0
 886 0016 0B       		.uleb128 0xb
 887 0017 0B       		.uleb128 0xb
 888 0018 3E       		.uleb128 0x3e
 889 0019 0B       		.uleb128 0xb
 890 001a 03       		.uleb128 0x3
 891 001b 08       		.uleb128 0x8
 892 001c 00       		.byte	0
 893 001d 00       		.byte	0
 894 001e 03       		.uleb128 0x3
 895 001f 16       		.uleb128 0x16
 896 0020 00       		.byte	0
ARM GAS  C:\Users\kbuchi\AppData\Local\Temp\ccLvjiP8.s 			page 23


 897 0021 03       		.uleb128 0x3
 898 0022 0E       		.uleb128 0xe
 899 0023 3A       		.uleb128 0x3a
 900 0024 0B       		.uleb128 0xb
 901 0025 3B       		.uleb128 0x3b
 902 0026 0B       		.uleb128 0xb
 903 0027 49       		.uleb128 0x49
 904 0028 13       		.uleb128 0x13
 905 0029 00       		.byte	0
 906 002a 00       		.byte	0
 907 002b 04       		.uleb128 0x4
 908 002c 24       		.uleb128 0x24
 909 002d 00       		.byte	0
 910 002e 0B       		.uleb128 0xb
 911 002f 0B       		.uleb128 0xb
 912 0030 3E       		.uleb128 0x3e
 913 0031 0B       		.uleb128 0xb
 914 0032 03       		.uleb128 0x3
 915 0033 0E       		.uleb128 0xe
 916 0034 00       		.byte	0
 917 0035 00       		.byte	0
 918 0036 05       		.uleb128 0x5
 919 0037 0F       		.uleb128 0xf
 920 0038 00       		.byte	0
 921 0039 0B       		.uleb128 0xb
 922 003a 0B       		.uleb128 0xb
 923 003b 00       		.byte	0
 924 003c 00       		.byte	0
 925 003d 06       		.uleb128 0x6
 926 003e 0F       		.uleb128 0xf
 927 003f 00       		.byte	0
 928 0040 0B       		.uleb128 0xb
 929 0041 0B       		.uleb128 0xb
 930 0042 49       		.uleb128 0x49
 931 0043 13       		.uleb128 0x13
 932 0044 00       		.byte	0
 933 0045 00       		.byte	0
 934 0046 07       		.uleb128 0x7
 935 0047 15       		.uleb128 0x15
 936 0048 00       		.byte	0
 937 0049 27       		.uleb128 0x27
 938 004a 19       		.uleb128 0x19
 939 004b 00       		.byte	0
 940 004c 00       		.byte	0
 941 004d 08       		.uleb128 0x8
 942 004e 16       		.uleb128 0x16
 943 004f 00       		.byte	0
 944 0050 03       		.uleb128 0x3
 945 0051 0E       		.uleb128 0xe
 946 0052 3A       		.uleb128 0x3a
 947 0053 0B       		.uleb128 0xb
 948 0054 3B       		.uleb128 0x3b
 949 0055 05       		.uleb128 0x5
 950 0056 49       		.uleb128 0x49
 951 0057 13       		.uleb128 0x13
 952 0058 00       		.byte	0
 953 0059 00       		.byte	0
ARM GAS  C:\Users\kbuchi\AppData\Local\Temp\ccLvjiP8.s 			page 24


 954 005a 09       		.uleb128 0x9
 955 005b 35       		.uleb128 0x35
 956 005c 00       		.byte	0
 957 005d 49       		.uleb128 0x49
 958 005e 13       		.uleb128 0x13
 959 005f 00       		.byte	0
 960 0060 00       		.byte	0
 961 0061 0A       		.uleb128 0xa
 962 0062 13       		.uleb128 0x13
 963 0063 01       		.byte	0x1
 964 0064 0B       		.uleb128 0xb
 965 0065 0B       		.uleb128 0xb
 966 0066 3A       		.uleb128 0x3a
 967 0067 0B       		.uleb128 0xb
 968 0068 3B       		.uleb128 0x3b
 969 0069 0B       		.uleb128 0xb
 970 006a 01       		.uleb128 0x1
 971 006b 13       		.uleb128 0x13
 972 006c 00       		.byte	0
 973 006d 00       		.byte	0
 974 006e 0B       		.uleb128 0xb
 975 006f 0D       		.uleb128 0xd
 976 0070 00       		.byte	0
 977 0071 03       		.uleb128 0x3
 978 0072 0E       		.uleb128 0xe
 979 0073 3A       		.uleb128 0x3a
 980 0074 0B       		.uleb128 0xb
 981 0075 3B       		.uleb128 0x3b
 982 0076 0B       		.uleb128 0xb
 983 0077 49       		.uleb128 0x49
 984 0078 13       		.uleb128 0x13
 985 0079 38       		.uleb128 0x38
 986 007a 0B       		.uleb128 0xb
 987 007b 00       		.byte	0
 988 007c 00       		.byte	0
 989 007d 0C       		.uleb128 0xc
 990 007e 2E       		.uleb128 0x2e
 991 007f 01       		.byte	0x1
 992 0080 03       		.uleb128 0x3
 993 0081 0E       		.uleb128 0xe
 994 0082 3A       		.uleb128 0x3a
 995 0083 0B       		.uleb128 0xb
 996 0084 3B       		.uleb128 0x3b
 997 0085 0B       		.uleb128 0xb
 998 0086 27       		.uleb128 0x27
 999 0087 19       		.uleb128 0x19
 1000 0088 11       		.uleb128 0x11
 1001 0089 01       		.uleb128 0x1
 1002 008a 12       		.uleb128 0x12
 1003 008b 06       		.uleb128 0x6
 1004 008c 40       		.uleb128 0x40
 1005 008d 18       		.uleb128 0x18
 1006 008e 9742     		.uleb128 0x2117
 1007 0090 19       		.uleb128 0x19
 1008 0091 01       		.uleb128 0x1
 1009 0092 13       		.uleb128 0x13
 1010 0093 00       		.byte	0
ARM GAS  C:\Users\kbuchi\AppData\Local\Temp\ccLvjiP8.s 			page 25


 1011 0094 00       		.byte	0
 1012 0095 0D       		.uleb128 0xd
 1013 0096 05       		.uleb128 0x5
 1014 0097 00       		.byte	0
 1015 0098 03       		.uleb128 0x3
 1016 0099 0E       		.uleb128 0xe
 1017 009a 3A       		.uleb128 0x3a
 1018 009b 0B       		.uleb128 0xb
 1019 009c 3B       		.uleb128 0x3b
 1020 009d 0B       		.uleb128 0xb
 1021 009e 49       		.uleb128 0x49
 1022 009f 13       		.uleb128 0x13
 1023 00a0 02       		.uleb128 0x2
 1024 00a1 18       		.uleb128 0x18
 1025 00a2 00       		.byte	0
 1026 00a3 00       		.byte	0
 1027 00a4 0E       		.uleb128 0xe
 1028 00a5 34       		.uleb128 0x34
 1029 00a6 00       		.byte	0
 1030 00a7 03       		.uleb128 0x3
 1031 00a8 08       		.uleb128 0x8
 1032 00a9 3A       		.uleb128 0x3a
 1033 00aa 0B       		.uleb128 0xb
 1034 00ab 3B       		.uleb128 0x3b
 1035 00ac 0B       		.uleb128 0xb
 1036 00ad 49       		.uleb128 0x49
 1037 00ae 13       		.uleb128 0x13
 1038 00af 02       		.uleb128 0x2
 1039 00b0 17       		.uleb128 0x17
 1040 00b1 00       		.byte	0
 1041 00b2 00       		.byte	0
 1042 00b3 0F       		.uleb128 0xf
 1043 00b4 0B       		.uleb128 0xb
 1044 00b5 01       		.byte	0x1
 1045 00b6 55       		.uleb128 0x55
 1046 00b7 17       		.uleb128 0x17
 1047 00b8 00       		.byte	0
 1048 00b9 00       		.byte	0
 1049 00ba 10       		.uleb128 0x10
 1050 00bb 34       		.uleb128 0x34
 1051 00bc 00       		.byte	0
 1052 00bd 03       		.uleb128 0x3
 1053 00be 0E       		.uleb128 0xe
 1054 00bf 3A       		.uleb128 0x3a
 1055 00c0 0B       		.uleb128 0xb
 1056 00c1 3B       		.uleb128 0x3b
 1057 00c2 0B       		.uleb128 0xb
 1058 00c3 49       		.uleb128 0x49
 1059 00c4 13       		.uleb128 0x13
 1060 00c5 02       		.uleb128 0x2
 1061 00c6 17       		.uleb128 0x17
 1062 00c7 00       		.byte	0
 1063 00c8 00       		.byte	0
 1064 00c9 11       		.uleb128 0x11
 1065 00ca 26       		.uleb128 0x26
 1066 00cb 00       		.byte	0
 1067 00cc 49       		.uleb128 0x49
ARM GAS  C:\Users\kbuchi\AppData\Local\Temp\ccLvjiP8.s 			page 26


 1068 00cd 13       		.uleb128 0x13
 1069 00ce 00       		.byte	0
 1070 00cf 00       		.byte	0
 1071 00d0 12       		.uleb128 0x12
 1072 00d1 05       		.uleb128 0x5
 1073 00d2 00       		.byte	0
 1074 00d3 03       		.uleb128 0x3
 1075 00d4 08       		.uleb128 0x8
 1076 00d5 3A       		.uleb128 0x3a
 1077 00d6 0B       		.uleb128 0xb
 1078 00d7 3B       		.uleb128 0x3b
 1079 00d8 0B       		.uleb128 0xb
 1080 00d9 49       		.uleb128 0x49
 1081 00da 13       		.uleb128 0x13
 1082 00db 02       		.uleb128 0x2
 1083 00dc 17       		.uleb128 0x17
 1084 00dd 00       		.byte	0
 1085 00de 00       		.byte	0
 1086 00df 13       		.uleb128 0x13
 1087 00e0 898201   		.uleb128 0x4109
 1088 00e3 01       		.byte	0x1
 1089 00e4 11       		.uleb128 0x11
 1090 00e5 01       		.uleb128 0x1
 1091 00e6 31       		.uleb128 0x31
 1092 00e7 13       		.uleb128 0x13
 1093 00e8 00       		.byte	0
 1094 00e9 00       		.byte	0
 1095 00ea 14       		.uleb128 0x14
 1096 00eb 8A8201   		.uleb128 0x410a
 1097 00ee 00       		.byte	0
 1098 00ef 02       		.uleb128 0x2
 1099 00f0 18       		.uleb128 0x18
 1100 00f1 9142     		.uleb128 0x2111
 1101 00f3 18       		.uleb128 0x18
 1102 00f4 00       		.byte	0
 1103 00f5 00       		.byte	0
 1104 00f6 15       		.uleb128 0x15
 1105 00f7 898201   		.uleb128 0x4109
 1106 00fa 01       		.byte	0x1
 1107 00fb 11       		.uleb128 0x11
 1108 00fc 01       		.uleb128 0x1
 1109 00fd 31       		.uleb128 0x31
 1110 00fe 13       		.uleb128 0x13
 1111 00ff 01       		.uleb128 0x1
 1112 0100 13       		.uleb128 0x13
 1113 0101 00       		.byte	0
 1114 0102 00       		.byte	0
 1115 0103 16       		.uleb128 0x16
 1116 0104 2E       		.uleb128 0x2e
 1117 0105 01       		.byte	0x1
 1118 0106 3F       		.uleb128 0x3f
 1119 0107 19       		.uleb128 0x19
 1120 0108 03       		.uleb128 0x3
 1121 0109 0E       		.uleb128 0xe
 1122 010a 3A       		.uleb128 0x3a
 1123 010b 0B       		.uleb128 0xb
 1124 010c 3B       		.uleb128 0x3b
ARM GAS  C:\Users\kbuchi\AppData\Local\Temp\ccLvjiP8.s 			page 27


 1125 010d 0B       		.uleb128 0xb
 1126 010e 27       		.uleb128 0x27
 1127 010f 19       		.uleb128 0x19
 1128 0110 11       		.uleb128 0x11
 1129 0111 01       		.uleb128 0x1
 1130 0112 12       		.uleb128 0x12
 1131 0113 06       		.uleb128 0x6
 1132 0114 40       		.uleb128 0x40
 1133 0115 18       		.uleb128 0x18
 1134 0116 9742     		.uleb128 0x2117
 1135 0118 19       		.uleb128 0x19
 1136 0119 01       		.uleb128 0x1
 1137 011a 13       		.uleb128 0x13
 1138 011b 00       		.byte	0
 1139 011c 00       		.byte	0
 1140 011d 17       		.uleb128 0x17
 1141 011e 0B       		.uleb128 0xb
 1142 011f 01       		.byte	0x1
 1143 0120 11       		.uleb128 0x11
 1144 0121 01       		.uleb128 0x1
 1145 0122 12       		.uleb128 0x12
 1146 0123 06       		.uleb128 0x6
 1147 0124 01       		.uleb128 0x1
 1148 0125 13       		.uleb128 0x13
 1149 0126 00       		.byte	0
 1150 0127 00       		.byte	0
 1151 0128 18       		.uleb128 0x18
 1152 0129 34       		.uleb128 0x34
 1153 012a 00       		.byte	0
 1154 012b 03       		.uleb128 0x3
 1155 012c 0E       		.uleb128 0xe
 1156 012d 3A       		.uleb128 0x3a
 1157 012e 0B       		.uleb128 0xb
 1158 012f 3B       		.uleb128 0x3b
 1159 0130 05       		.uleb128 0x5
 1160 0131 49       		.uleb128 0x49
 1161 0132 13       		.uleb128 0x13
 1162 0133 02       		.uleb128 0x2
 1163 0134 18       		.uleb128 0x18
 1164 0135 00       		.byte	0
 1165 0136 00       		.byte	0
 1166 0137 19       		.uleb128 0x19
 1167 0138 13       		.uleb128 0x13
 1168 0139 01       		.byte	0x1
 1169 013a 0B       		.uleb128 0xb
 1170 013b 0B       		.uleb128 0xb
 1171 013c 3A       		.uleb128 0x3a
 1172 013d 0B       		.uleb128 0xb
 1173 013e 3B       		.uleb128 0x3b
 1174 013f 05       		.uleb128 0x5
 1175 0140 01       		.uleb128 0x1
 1176 0141 13       		.uleb128 0x13
 1177 0142 00       		.byte	0
 1178 0143 00       		.byte	0
 1179 0144 1A       		.uleb128 0x1a
 1180 0145 0D       		.uleb128 0xd
 1181 0146 00       		.byte	0
ARM GAS  C:\Users\kbuchi\AppData\Local\Temp\ccLvjiP8.s 			page 28


 1182 0147 03       		.uleb128 0x3
 1183 0148 0E       		.uleb128 0xe
 1184 0149 3A       		.uleb128 0x3a
 1185 014a 0B       		.uleb128 0xb
 1186 014b 3B       		.uleb128 0x3b
 1187 014c 05       		.uleb128 0x5
 1188 014d 49       		.uleb128 0x49
 1189 014e 13       		.uleb128 0x13
 1190 014f 38       		.uleb128 0x38
 1191 0150 0B       		.uleb128 0xb
 1192 0151 00       		.byte	0
 1193 0152 00       		.byte	0
 1194 0153 1B       		.uleb128 0x1b
 1195 0154 01       		.uleb128 0x1
 1196 0155 01       		.byte	0x1
 1197 0156 49       		.uleb128 0x49
 1198 0157 13       		.uleb128 0x13
 1199 0158 01       		.uleb128 0x1
 1200 0159 13       		.uleb128 0x13
 1201 015a 00       		.byte	0
 1202 015b 00       		.byte	0
 1203 015c 1C       		.uleb128 0x1c
 1204 015d 21       		.uleb128 0x21
 1205 015e 00       		.byte	0
 1206 015f 49       		.uleb128 0x49
 1207 0160 13       		.uleb128 0x13
 1208 0161 2F       		.uleb128 0x2f
 1209 0162 0B       		.uleb128 0xb
 1210 0163 00       		.byte	0
 1211 0164 00       		.byte	0
 1212 0165 1D       		.uleb128 0x1d
 1213 0166 34       		.uleb128 0x34
 1214 0167 00       		.byte	0
 1215 0168 03       		.uleb128 0x3
 1216 0169 08       		.uleb128 0x8
 1217 016a 3A       		.uleb128 0x3a
 1218 016b 0B       		.uleb128 0xb
 1219 016c 3B       		.uleb128 0x3b
 1220 016d 05       		.uleb128 0x5
 1221 016e 49       		.uleb128 0x49
 1222 016f 13       		.uleb128 0x13
 1223 0170 02       		.uleb128 0x2
 1224 0171 17       		.uleb128 0x17
 1225 0172 00       		.byte	0
 1226 0173 00       		.byte	0
 1227 0174 1E       		.uleb128 0x1e
 1228 0175 0B       		.uleb128 0xb
 1229 0176 01       		.byte	0x1
 1230 0177 55       		.uleb128 0x55
 1231 0178 17       		.uleb128 0x17
 1232 0179 01       		.uleb128 0x1
 1233 017a 13       		.uleb128 0x13
 1234 017b 00       		.byte	0
 1235 017c 00       		.byte	0
 1236 017d 1F       		.uleb128 0x1f
 1237 017e 898201   		.uleb128 0x4109
 1238 0181 00       		.byte	0
ARM GAS  C:\Users\kbuchi\AppData\Local\Temp\ccLvjiP8.s 			page 29


 1239 0182 11       		.uleb128 0x11
 1240 0183 01       		.uleb128 0x1
 1241 0184 31       		.uleb128 0x31
 1242 0185 13       		.uleb128 0x13
 1243 0186 00       		.byte	0
 1244 0187 00       		.byte	0
 1245 0188 20       		.uleb128 0x20
 1246 0189 2E       		.uleb128 0x2e
 1247 018a 01       		.byte	0x1
 1248 018b 3F       		.uleb128 0x3f
 1249 018c 19       		.uleb128 0x19
 1250 018d 03       		.uleb128 0x3
 1251 018e 0E       		.uleb128 0xe
 1252 018f 27       		.uleb128 0x27
 1253 0190 19       		.uleb128 0x19
 1254 0191 49       		.uleb128 0x49
 1255 0192 13       		.uleb128 0x13
 1256 0193 34       		.uleb128 0x34
 1257 0194 19       		.uleb128 0x19
 1258 0195 3C       		.uleb128 0x3c
 1259 0196 19       		.uleb128 0x19
 1260 0197 01       		.uleb128 0x1
 1261 0198 13       		.uleb128 0x13
 1262 0199 00       		.byte	0
 1263 019a 00       		.byte	0
 1264 019b 21       		.uleb128 0x21
 1265 019c 05       		.uleb128 0x5
 1266 019d 00       		.byte	0
 1267 019e 49       		.uleb128 0x49
 1268 019f 13       		.uleb128 0x13
 1269 01a0 00       		.byte	0
 1270 01a1 00       		.byte	0
 1271 01a2 22       		.uleb128 0x22
 1272 01a3 2E       		.uleb128 0x2e
 1273 01a4 01       		.byte	0x1
 1274 01a5 3F       		.uleb128 0x3f
 1275 01a6 19       		.uleb128 0x19
 1276 01a7 03       		.uleb128 0x3
 1277 01a8 0E       		.uleb128 0xe
 1278 01a9 3A       		.uleb128 0x3a
 1279 01aa 0B       		.uleb128 0xb
 1280 01ab 3B       		.uleb128 0x3b
 1281 01ac 0B       		.uleb128 0xb
 1282 01ad 27       		.uleb128 0x27
 1283 01ae 19       		.uleb128 0x19
 1284 01af 3C       		.uleb128 0x3c
 1285 01b0 19       		.uleb128 0x19
 1286 01b1 01       		.uleb128 0x1
 1287 01b2 13       		.uleb128 0x13
 1288 01b3 00       		.byte	0
 1289 01b4 00       		.byte	0
 1290 01b5 23       		.uleb128 0x23
 1291 01b6 2E       		.uleb128 0x2e
 1292 01b7 01       		.byte	0x1
 1293 01b8 3F       		.uleb128 0x3f
 1294 01b9 19       		.uleb128 0x19
 1295 01ba 03       		.uleb128 0x3
ARM GAS  C:\Users\kbuchi\AppData\Local\Temp\ccLvjiP8.s 			page 30


 1296 01bb 0E       		.uleb128 0xe
 1297 01bc 3A       		.uleb128 0x3a
 1298 01bd 0B       		.uleb128 0xb
 1299 01be 3B       		.uleb128 0x3b
 1300 01bf 0B       		.uleb128 0xb
 1301 01c0 27       		.uleb128 0x27
 1302 01c1 19       		.uleb128 0x19
 1303 01c2 49       		.uleb128 0x49
 1304 01c3 13       		.uleb128 0x13
 1305 01c4 3C       		.uleb128 0x3c
 1306 01c5 19       		.uleb128 0x19
 1307 01c6 01       		.uleb128 0x1
 1308 01c7 13       		.uleb128 0x13
 1309 01c8 00       		.byte	0
 1310 01c9 00       		.byte	0
 1311 01ca 24       		.uleb128 0x24
 1312 01cb 2E       		.uleb128 0x2e
 1313 01cc 01       		.byte	0x1
 1314 01cd 3F       		.uleb128 0x3f
 1315 01ce 19       		.uleb128 0x19
 1316 01cf 03       		.uleb128 0x3
 1317 01d0 0E       		.uleb128 0xe
 1318 01d1 3A       		.uleb128 0x3a
 1319 01d2 0B       		.uleb128 0xb
 1320 01d3 3B       		.uleb128 0x3b
 1321 01d4 0B       		.uleb128 0xb
 1322 01d5 27       		.uleb128 0x27
 1323 01d6 19       		.uleb128 0x19
 1324 01d7 3C       		.uleb128 0x3c
 1325 01d8 19       		.uleb128 0x19
 1326 01d9 00       		.byte	0
 1327 01da 00       		.byte	0
 1328 01db 00       		.byte	0
 1329              		.section	.debug_loc,"",%progbits
 1330              	.Ldebug_loc0:
 1331              	.LLST0:
 1332 0000 02000000 		.4byte	.LVL1
 1333 0004 0C000000 		.4byte	.LVL2
 1334 0008 0200     		.2byte	0x2
 1335 000a 30       		.byte	0x30
 1336 000b 9F       		.byte	0x9f
 1337 000c 0C000000 		.4byte	.LVL2
 1338 0010 34000000 		.4byte	.LVL10
 1339 0014 0100     		.2byte	0x1
 1340 0016 57       		.byte	0x57
 1341 0017 00000000 		.4byte	0
 1342 001b 00000000 		.4byte	0
 1343              	.LLST1:
 1344 001f 02000000 		.4byte	.LVL1
 1345 0023 0C000000 		.4byte	.LVL2
 1346 0027 0200     		.2byte	0x2
 1347 0029 30       		.byte	0x30
 1348 002a 9F       		.byte	0x9f
 1349 002b 0C000000 		.4byte	.LVL2
 1350 002f 36000000 		.4byte	.LFE3
 1351 0033 0100     		.2byte	0x1
 1352 0035 52       		.byte	0x52
ARM GAS  C:\Users\kbuchi\AppData\Local\Temp\ccLvjiP8.s 			page 31


 1353 0036 00000000 		.4byte	0
 1354 003a 00000000 		.4byte	0
 1355              	.LLST2:
 1356 003e 10000000 		.4byte	.LVL3
 1357 0042 30000000 		.4byte	.LVL9
 1358 0046 0100     		.2byte	0x1
 1359 0048 56       		.byte	0x56
 1360 0049 00000000 		.4byte	0
 1361 004d 00000000 		.4byte	0
 1362              	.LLST3:
 1363 0051 12000000 		.4byte	.LVL4
 1364 0055 16000000 		.4byte	.LVL5
 1365 0059 0100     		.2byte	0x1
 1366 005b 56       		.byte	0x56
 1367 005c 16000000 		.4byte	.LVL5
 1368 0060 28000000 		.4byte	.LVL7
 1369 0064 0100     		.2byte	0x1
 1370 0066 53       		.byte	0x53
 1371 0067 28000000 		.4byte	.LVL7
 1372 006b 2A000000 		.4byte	.LVL8
 1373 006f 0300     		.2byte	0x3
 1374 0071 73       		.byte	0x73
 1375 0072 01       		.sleb128 1
 1376 0073 9F       		.byte	0x9f
 1377 0074 2A000000 		.4byte	.LVL8
 1378 0078 30000000 		.4byte	.LVL9
 1379 007c 0100     		.2byte	0x1
 1380 007e 53       		.byte	0x53
 1381 007f 00000000 		.4byte	0
 1382 0083 00000000 		.4byte	0
 1383              	.LLST4:
 1384 0087 00000000 		.4byte	.LVL11
 1385 008b 09000000 		.4byte	.LVL13-1
 1386 008f 0100     		.2byte	0x1
 1387 0091 50       		.byte	0x50
 1388 0092 09000000 		.4byte	.LVL13-1
 1389 0096 0C000000 		.4byte	.LFE0
 1390 009a 0400     		.2byte	0x4
 1391 009c F3       		.byte	0xf3
 1392 009d 01       		.uleb128 0x1
 1393 009e 50       		.byte	0x50
 1394 009f 9F       		.byte	0x9f
 1395 00a0 00000000 		.4byte	0
 1396 00a4 00000000 		.4byte	0
 1397              	.LLST5:
 1398 00a8 00000000 		.4byte	.LVL11
 1399 00ac 06000000 		.4byte	.LVL12
 1400 00b0 0100     		.2byte	0x1
 1401 00b2 51       		.byte	0x51
 1402 00b3 06000000 		.4byte	.LVL12
 1403 00b7 09000000 		.4byte	.LVL13-1
 1404 00bb 0100     		.2byte	0x1
 1405 00bd 52       		.byte	0x52
 1406 00be 09000000 		.4byte	.LVL13-1
 1407 00c2 0C000000 		.4byte	.LFE0
 1408 00c6 0400     		.2byte	0x4
 1409 00c8 F3       		.byte	0xf3
ARM GAS  C:\Users\kbuchi\AppData\Local\Temp\ccLvjiP8.s 			page 32


 1410 00c9 01       		.uleb128 0x1
 1411 00ca 51       		.byte	0x51
 1412 00cb 9F       		.byte	0x9f
 1413 00cc 00000000 		.4byte	0
 1414 00d0 00000000 		.4byte	0
 1415              	.LLST6:
 1416 00d4 60000000 		.4byte	.LVL17
 1417 00d8 66000000 		.4byte	.LVL18
 1418 00dc 0200     		.2byte	0x2
 1419 00de 30       		.byte	0x30
 1420 00df 9F       		.byte	0x9f
 1421 00e0 66000000 		.4byte	.LVL18
 1422 00e4 7E000000 		.4byte	.LVL21
 1423 00e8 0100     		.2byte	0x1
 1424 00ea 54       		.byte	0x54
 1425 00eb 7E000000 		.4byte	.LVL21
 1426 00ef 80000000 		.4byte	.LVL22
 1427 00f3 0300     		.2byte	0x3
 1428 00f5 74       		.byte	0x74
 1429 00f6 7F       		.sleb128 -1
 1430 00f7 9F       		.byte	0x9f
 1431 00f8 80000000 		.4byte	.LVL22
 1432 00fc F6000000 		.4byte	.LVL25
 1433 0100 0100     		.2byte	0x1
 1434 0102 54       		.byte	0x54
 1435 0103 00000000 		.4byte	0
 1436 0107 00000000 		.4byte	0
 1437              	.LLST7:
 1438 010b 6E000000 		.4byte	.LVL19
 1439 010f 7B000000 		.4byte	.LVL20-1
 1440 0113 0100     		.2byte	0x1
 1441 0115 53       		.byte	0x53
 1442 0116 7B000000 		.4byte	.LVL20-1
 1443 011a 7E000000 		.4byte	.LVL21
 1444 011e 0D00     		.2byte	0xd
 1445 0120 74       		.byte	0x74
 1446 0121 00       		.sleb128 0
 1447 0122 31       		.byte	0x31
 1448 0123 24       		.byte	0x24
 1449 0124 74       		.byte	0x74
 1450 0125 00       		.sleb128 0
 1451 0126 22       		.byte	0x22
 1452 0127 31       		.byte	0x31
 1453 0128 24       		.byte	0x24
 1454 0129 75       		.byte	0x75
 1455 012a 00       		.sleb128 0
 1456 012b 22       		.byte	0x22
 1457 012c 9F       		.byte	0x9f
 1458 012d 7E000000 		.4byte	.LVL21
 1459 0131 80000000 		.4byte	.LVL22
 1460 0135 0D00     		.2byte	0xd
 1461 0137 74       		.byte	0x74
 1462 0138 7F       		.sleb128 -1
 1463 0139 74       		.byte	0x74
 1464 013a 7F       		.sleb128 -1
 1465 013b 31       		.byte	0x31
 1466 013c 24       		.byte	0x24
ARM GAS  C:\Users\kbuchi\AppData\Local\Temp\ccLvjiP8.s 			page 33


 1467 013d 22       		.byte	0x22
 1468 013e 31       		.byte	0x31
 1469 013f 24       		.byte	0x24
 1470 0140 75       		.byte	0x75
 1471 0141 00       		.sleb128 0
 1472 0142 22       		.byte	0x22
 1473 0143 9F       		.byte	0x9f
 1474 0144 00000000 		.4byte	0
 1475 0148 00000000 		.4byte	0
 1476              		.section	.debug_aranges,"",%progbits
 1477 0000 34000000 		.4byte	0x34
 1478 0004 0200     		.2byte	0x2
 1479 0006 00000000 		.4byte	.Ldebug_info0
 1480 000a 04       		.byte	0x4
 1481 000b 00       		.byte	0
 1482 000c 0000     		.2byte	0
 1483 000e 0000     		.2byte	0
 1484 0010 00000000 		.4byte	.LFB3
 1485 0014 36000000 		.4byte	.LFE3-.LFB3
 1486 0018 00000000 		.4byte	.LFB0
 1487 001c 0C000000 		.4byte	.LFE0-.LFB0
 1488 0020 00000000 		.4byte	.LFB4
 1489 0024 5C000000 		.4byte	.LFE4-.LFB4
 1490 0028 5C000000 		.4byte	.LFB6
 1491 002c D4000000 		.4byte	.LFE6-.LFB6
 1492 0030 00000000 		.4byte	0
 1493 0034 00000000 		.4byte	0
 1494              		.section	.debug_ranges,"",%progbits
 1495              	.Ldebug_ranges0:
 1496 0000 06000000 		.4byte	.LBB2
 1497 0004 0A000000 		.4byte	.LBE2
 1498 0008 0C000000 		.4byte	.LBB3
 1499 000c 2E000000 		.4byte	.LBE3
 1500 0010 00000000 		.4byte	0
 1501 0014 00000000 		.4byte	0
 1502 0018 62000000 		.4byte	.LBB5
 1503 001c 64000000 		.4byte	.LBE5
 1504 0020 66000000 		.4byte	.LBB6
 1505 0024 7C000000 		.4byte	.LBE6
 1506 0028 00000000 		.4byte	0
 1507 002c 00000000 		.4byte	0
 1508 0030 00000000 		.4byte	.LFB3
 1509 0034 36000000 		.4byte	.LFE3
 1510 0038 00000000 		.4byte	.LFB0
 1511 003c 0C000000 		.4byte	.LFE0
 1512 0040 00000000 		.4byte	.LFB4
 1513 0044 5C000000 		.4byte	.LFE4
 1514 0048 5C000000 		.4byte	.LFB6
 1515 004c 30010000 		.4byte	.LFE6
 1516 0050 00000000 		.4byte	0
 1517 0054 00000000 		.4byte	0
 1518              		.section	.debug_line,"",%progbits
 1519              	.Ldebug_line0:
 1520 0000 61010000 		.section	.debug_str,"MS",%progbits,1
 1520      0200D800 
 1520      00000201 
 1520      FB0E0D00 
ARM GAS  C:\Users\kbuchi\AppData\Local\Temp\ccLvjiP8.s 			page 34


 1520      01010101 
 1521              	.LASF18:
 1522 0000 72656733 		.ascii	"reg32\000"
 1522      3200
 1523              	.LASF11:
 1524 0006 73697A65 		.ascii	"size_t\000"
 1524      5F7400
 1525              	.LASF42:
 1526 000d 4379496E 		.ascii	"CyIntSetVector\000"
 1526      74536574 
 1526      56656374 
 1526      6F7200
 1527              	.LASF21:
 1528 001c 76616C75 		.ascii	"value\000"
 1528      6500
 1529              	.LASF26:
 1530 0022 636F756E 		.ascii	"count\000"
 1530      7400
 1531              	.LASF29:
 1532 0028 436C6F63 		.ascii	"ClockSetup\000"
 1532      6B536574 
 1532      757000
 1533              	.LASF30:
 1534 0033 63795F63 		.ascii	"cy_cfg_addr_table\000"
 1534      66675F61 
 1534      6464725F 
 1534      7461626C 
 1534      6500
 1535              	.LASF31:
 1536 0045 63795F63 		.ascii	"cy_cfg_data_table\000"
 1536      66675F64 
 1536      6174615F 
 1536      7461626C 
 1536      6500
 1537              	.LASF15:
 1538 0057 666C6F61 		.ascii	"float\000"
 1538      7400
 1539              	.LASF35:
 1540 005d 6366675F 		.ascii	"cfg_memset_list\000"
 1540      6D656D73 
 1540      65745F6C 
 1540      69737400 
 1541              	.LASF33:
 1542 006d 73697A65 		.ascii	"size\000"
 1542      00
 1543              	.LASF17:
 1544 0072 72656738 		.ascii	"reg8\000"
 1544      00
 1545              	.LASF6:
 1546 0077 6C6F6E67 		.ascii	"long unsigned int\000"
 1546      20756E73 
 1546      69676E65 
 1546      6420696E 
 1546      7400
 1547              	.LASF12:
 1548 0089 75696E74 		.ascii	"uint8\000"
 1548      3800
ARM GAS  C:\Users\kbuchi\AppData\Local\Temp\ccLvjiP8.s 			page 35


 1549              	.LASF28:
 1550 008f 43594D45 		.ascii	"CYMEMZERO\000"
 1550      4D5A4552 
 1550      4F00
 1551              	.LASF2:
 1552 0099 756E7369 		.ascii	"unsigned char\000"
 1552      676E6564 
 1552      20636861 
 1552      7200
 1553              	.LASF36:
 1554 00a7 6D656D73 		.ascii	"memset\000"
 1554      657400
 1555              	.LASF16:
 1556 00ae 646F7562 		.ascii	"double\000"
 1556      6C6500
 1557              	.LASF27:
 1558 00b5 6366675F 		.ascii	"cfg_write_bytes32\000"
 1558      77726974 
 1558      655F6279 
 1558      74657333 
 1558      3200
 1559              	.LASF43:
 1560 00c7 4379496E 		.ascii	"CyIntEnable\000"
 1560      74456E61 
 1560      626C6500 
 1561              	.LASF23:
 1562 00d3 61646472 		.ascii	"addr_table\000"
 1562      5F746162 
 1562      6C6500
 1563              	.LASF13:
 1564 00de 75696E74 		.ascii	"uint16\000"
 1564      313600
 1565              	.LASF24:
 1566 00e5 64617461 		.ascii	"data_table\000"
 1566      5F746162 
 1566      6C6500
 1567              	.LASF14:
 1568 00f0 75696E74 		.ascii	"uint32\000"
 1568      333200
 1569              	.LASF0:
 1570 00f7 756E7369 		.ascii	"unsigned int\000"
 1570      676E6564 
 1570      20696E74 
 1570      00
 1571              	.LASF41:
 1572 0104 63796669 		.ascii	"cyfitter_cfg\000"
 1572      74746572 
 1572      5F636667 
 1572      00
 1573              	.LASF32:
 1574 0111 61646472 		.ascii	"address\000"
 1574      65737300 
 1575              	.LASF8:
 1576 0119 6C6F6E67 		.ascii	"long long unsigned int\000"
 1576      206C6F6E 
 1576      6720756E 
 1576      7369676E 
ARM GAS  C:\Users\kbuchi\AppData\Local\Temp\ccLvjiP8.s 			page 36


 1576      65642069 
 1577              	.LASF40:
 1578 0130 433A5C57 		.ascii	"C:\\WORKS\\WS\\WS_E2\\psoc\\D-21_s-6#1\\D-21_s-6#1."
 1578      4F524B53 
 1578      5C57535C 
 1578      57535F45 
 1578      325C7073 
 1579 015d 63796473 		.ascii	"cydsn\000"
 1579      6E00
 1580              	.LASF38:
 1581 0163 474E5520 		.ascii	"GNU C 4.8.4 20140526 (release) [ARM/embedded-4_8-br"
 1581      4320342E 
 1581      382E3420 
 1581      32303134 
 1581      30353236 
 1582 0196 616E6368 		.ascii	"anch revision 211358] -mcpu=cortex-m0 -mthumb -g -O"
 1582      20726576 
 1582      6973696F 
 1582      6E203231 
 1582      31333538 
 1583 01c9 67202D66 		.ascii	"g -ffunction-sections\000"
 1583      66756E63 
 1583      74696F6E 
 1583      2D736563 
 1583      74696F6E 
 1584              	.LASF19:
 1585 01df 63796973 		.ascii	"cyisraddress\000"
 1585      72616464 
 1585      72657373 
 1585      00
 1586              	.LASF34:
 1587 01ec 6366675F 		.ascii	"cfg_memset_t\000"
 1587      6D656D73 
 1587      65745F74 
 1587      00
 1588              	.LASF25:
 1589 01f9 62617365 		.ascii	"baseAddr\000"
 1589      41646472 
 1589      00
 1590              	.LASF9:
 1591 0202 73697A65 		.ascii	"sizetype\000"
 1591      74797065 
 1591      00
 1592              	.LASF39:
 1593 020b 2E5C4765 		.ascii	".\\Generated_Source\\PSoC4\\cyfitter_cfg.c\000"
 1593      6E657261 
 1593      7465645F 
 1593      536F7572 
 1593      63655C50 
 1594              	.LASF7:
 1595 0233 6C6F6E67 		.ascii	"long long int\000"
 1595      206C6F6E 
 1595      6720696E 
 1595      7400
 1596              	.LASF10:
 1597 0241 63686172 		.ascii	"char\000"
 1597      00
ARM GAS  C:\Users\kbuchi\AppData\Local\Temp\ccLvjiP8.s 			page 37


 1598              	.LASF22:
 1599 0246 63795F63 		.ascii	"cy_cfg_addrvalue_t\000"
 1599      66675F61 
 1599      64647276 
 1599      616C7565 
 1599      5F7400
 1600              	.LASF20:
 1601 0259 6F666673 		.ascii	"offset\000"
 1601      657400
 1602              	.LASF3:
 1603 0260 73686F72 		.ascii	"short int\000"
 1603      7420696E 
 1603      7400
 1604              	.LASF37:
 1605 026a 43795379 		.ascii	"CySysClkWriteImoFreq\000"
 1605      73436C6B 
 1605      57726974 
 1605      65496D6F 
 1605      46726571 
 1606              	.LASF5:
 1607 027f 6C6F6E67 		.ascii	"long int\000"
 1607      20696E74 
 1607      00
 1608              	.LASF1:
 1609 0288 7369676E 		.ascii	"signed char\000"
 1609      65642063 
 1609      68617200 
 1610              	.LASF4:
 1611 0294 73686F72 		.ascii	"short unsigned int\000"
 1611      7420756E 
 1611      7369676E 
 1611      65642069 
 1611      6E7400
 1612              		.ident	"GCC: (GNU Tools for ARM Embedded Processors) 4.8.4 20140526 (release) [ARM/embedded-4_8-br
