Archive member included because of file (symbol)

.\CortexM0\ARM_GCC_484\Debug\D-21_s-6#1.a(cyfitter_cfg.o)
                              .\CortexM0\ARM_GCC_484\Debug\Cm0Start.o (cyfitter_cfg)
.\CortexM0\ARM_GCC_484\Debug\D-21_s-6#1.a(CyLib.o)
                              .\CortexM0\ARM_GCC_484\Debug\D-21_s-6#1.a(cyfitter_cfg.o) (CyIntEnable)
.\CortexM0\ARM_GCC_484\Debug\D-21_s-6#1.a(CyLFClk.o)
                              .\CortexM0\ARM_GCC_484\Debug\D-21_s-6#1.a(cyfitter_cfg.o) (CySysWdtIsr)
.\CortexM0\ARM_GCC_484\Debug\D-21_s-6#1.a(OUT_1.o)
                              .\CortexM0\ARM_GCC_484\Debug\main.o (OUT_1_Write)
.\CortexM0\ARM_GCC_484\Debug\D-21_s-6#1.a(OUT_2.o)
                              .\CortexM0\ARM_GCC_484\Debug\main.o (OUT_2_Write)
.\CortexM0\ARM_GCC_484\Debug\D-21_s-6#1.a(PWM_1.o)
                              .\CortexM0\ARM_GCC_484\Debug\main.o (PWM_1_Start)
.\CortexM0\ARM_GCC_484\Debug\D-21_s-6#1.a(CyBootAsmGnu.o)
                              .\CortexM0\ARM_GCC_484\Debug\D-21_s-6#1.a(CyLib.o) (CyDelayCycles)
c:/works/programs/psoc_creator/psoc creator/3.2/psoc_creator/import/gnu/arm/4.8.4/bin/../lib/gcc/arm-none-eabi/4.8.4/armv6-m\libgcc.a(_udivsi3.o)
                              .\CortexM0\ARM_GCC_484\Debug\D-21_s-6#1.a(CyLib.o) (__aeabi_uidiv)
c:/works/programs/psoc_creator/psoc creator/3.2/psoc_creator/import/gnu/arm/4.8.4/bin/../lib/gcc/arm-none-eabi/4.8.4/armv6-m\libgcc.a(_dvmd_tls.o)
                              c:/works/programs/psoc_creator/psoc creator/3.2/psoc_creator/import/gnu/arm/4.8.4/bin/../lib/gcc/arm-none-eabi/4.8.4/armv6-m\libgcc.a(_udivsi3.o) (__aeabi_idiv0)
c:/works/programs/psoc_creator/psoc creator/3.2/psoc_creator/import/gnu/arm/4.8.4/bin/../lib/gcc/arm-none-eabi/4.8.4/../../../../arm-none-eabi/lib/armv6-m\libg_s.a(lib_a-errno.o)
                              .\CortexM0\ARM_GCC_484\Debug\Cm0Start.o (__errno)
c:/works/programs/psoc_creator/psoc creator/3.2/psoc_creator/import/gnu/arm/4.8.4/bin/../lib/gcc/arm-none-eabi/4.8.4/../../../../arm-none-eabi/lib/armv6-m\libg_s.a(lib_a-exit.o)
                              c:/works/programs/psoc_creator/psoc creator/3.2/psoc_creator/import/gnu/arm/4.8.4/bin/../lib/gcc/arm-none-eabi/4.8.4/../../../../arm-none-eabi/lib/armv6-m/crt0.o (exit)
c:/works/programs/psoc_creator/psoc creator/3.2/psoc_creator/import/gnu/arm/4.8.4/bin/../lib/gcc/arm-none-eabi/4.8.4/../../../../arm-none-eabi/lib/armv6-m\libg_s.a(lib_a-impure.o)
                              c:/works/programs/psoc_creator/psoc creator/3.2/psoc_creator/import/gnu/arm/4.8.4/bin/../lib/gcc/arm-none-eabi/4.8.4/../../../../arm-none-eabi/lib/armv6-m\libg_s.a(lib_a-exit.o) (_global_impure_ptr)
c:/works/programs/psoc_creator/psoc creator/3.2/psoc_creator/import/gnu/arm/4.8.4/bin/../lib/gcc/arm-none-eabi/4.8.4/../../../../arm-none-eabi/lib/armv6-m\libg_s.a(lib_a-init.o)
                              c:/works/programs/psoc_creator/psoc creator/3.2/psoc_creator/import/gnu/arm/4.8.4/bin/../lib/gcc/arm-none-eabi/4.8.4/../../../../arm-none-eabi/lib/armv6-m/crt0.o (__libc_init_array)
c:/works/programs/psoc_creator/psoc creator/3.2/psoc_creator/import/gnu/arm/4.8.4/bin/../lib/gcc/arm-none-eabi/4.8.4/../../../../arm-none-eabi/lib/armv6-m\libg_s.a(lib_a-memset.o)
                              c:/works/programs/psoc_creator/psoc creator/3.2/psoc_creator/import/gnu/arm/4.8.4/bin/../lib/gcc/arm-none-eabi/4.8.4/../../../../arm-none-eabi/lib/armv6-m/crt0.o (memset)

Discarded input sections

 .text          0x00000000        0x0 c:/works/programs/psoc_creator/psoc creator/3.2/psoc_creator/import/gnu/arm/4.8.4/bin/../lib/gcc/arm-none-eabi/4.8.4/armv6-m/crti.o
 .data          0x00000000        0x0 c:/works/programs/psoc_creator/psoc creator/3.2/psoc_creator/import/gnu/arm/4.8.4/bin/../lib/gcc/arm-none-eabi/4.8.4/armv6-m/crti.o
 .bss           0x00000000        0x0 c:/works/programs/psoc_creator/psoc creator/3.2/psoc_creator/import/gnu/arm/4.8.4/bin/../lib/gcc/arm-none-eabi/4.8.4/armv6-m/crti.o
 .data          0x00000000        0x4 c:/works/programs/psoc_creator/psoc creator/3.2/psoc_creator/import/gnu/arm/4.8.4/bin/../lib/gcc/arm-none-eabi/4.8.4/armv6-m/crtbegin.o
 .text          0x00000000       0x78 c:/works/programs/psoc_creator/psoc creator/3.2/psoc_creator/import/gnu/arm/4.8.4/bin/../lib/gcc/arm-none-eabi/4.8.4/../../../../arm-none-eabi/lib/armv6-m/crt0.o
 .data          0x00000000        0x0 c:/works/programs/psoc_creator/psoc creator/3.2/psoc_creator/import/gnu/arm/4.8.4/bin/../lib/gcc/arm-none-eabi/4.8.4/../../../../arm-none-eabi/lib/armv6-m/crt0.o
 .bss           0x00000000        0x0 c:/works/programs/psoc_creator/psoc creator/3.2/psoc_creator/import/gnu/arm/4.8.4/bin/../lib/gcc/arm-none-eabi/4.8.4/../../../../arm-none-eabi/lib/armv6-m/crt0.o
 .ARM.extab     0x00000000        0x0 c:/works/programs/psoc_creator/psoc creator/3.2/psoc_creator/import/gnu/arm/4.8.4/bin/../lib/gcc/arm-none-eabi/4.8.4/../../../../arm-none-eabi/lib/armv6-m/crt0.o
 .ARM.exidx     0x00000000        0x8 c:/works/programs/psoc_creator/psoc creator/3.2/psoc_creator/import/gnu/arm/4.8.4/bin/../lib/gcc/arm-none-eabi/4.8.4/../../../../arm-none-eabi/lib/armv6-m/crt0.o
 .text          0x00000000        0x0 .\CortexM0\ARM_GCC_484\Debug\main.o
 .data          0x00000000        0x0 .\CortexM0\ARM_GCC_484\Debug\main.o
 .bss           0x00000000        0x0 .\CortexM0\ARM_GCC_484\Debug\main.o
 .text.OUT_OnOff
                0x00000000       0x3c .\CortexM0\ARM_GCC_484\Debug\main.o
 .text          0x00000000        0x0 .\CortexM0\ARM_GCC_484\Debug\cymetadata.o
 .data          0x00000000        0x0 .\CortexM0\ARM_GCC_484\Debug\cymetadata.o
 .bss           0x00000000        0x0 .\CortexM0\ARM_GCC_484\Debug\cymetadata.o
 .text          0x00000000        0x0 .\CortexM0\ARM_GCC_484\Debug\Cm0Start.o
 .data          0x00000000        0x4 .\CortexM0\ARM_GCC_484\Debug\Cm0Start.o
 .bss           0x00000000        0x0 .\CortexM0\ARM_GCC_484\Debug\Cm0Start.o
 .text._exit    0x00000000        0xc .\CortexM0\ARM_GCC_484\Debug\Cm0Start.o
 .text._sbrk    0x00000000       0x30 .\CortexM0\ARM_GCC_484\Debug\Cm0Start.o
 .text          0x00000000        0x0 .\CortexM0\ARM_GCC_484\Debug\cybootloader.o
 .data          0x00000000        0x0 .\CortexM0\ARM_GCC_484\Debug\cybootloader.o
 .bss           0x00000000        0x0 .\CortexM0\ARM_GCC_484\Debug\cybootloader.o
 .text          0x00000000        0x0 .\CortexM0\ARM_GCC_484\Debug\D-21_s-6#1.a(cyfitter_cfg.o)
 .data          0x00000000        0x0 .\CortexM0\ARM_GCC_484\Debug\D-21_s-6#1.a(cyfitter_cfg.o)
 .bss           0x00000000        0x0 .\CortexM0\ARM_GCC_484\Debug\D-21_s-6#1.a(cyfitter_cfg.o)
 .text          0x00000000        0x0 .\CortexM0\ARM_GCC_484\Debug\D-21_s-6#1.a(CyLib.o)
 .bss           0x00000000       0x18 .\CortexM0\ARM_GCC_484\Debug\D-21_s-6#1.a(CyLib.o)
 .text.CySysClkImoStart
                0x00000000       0x14 .\CortexM0\ARM_GCC_484\Debug\D-21_s-6#1.a(CyLib.o)
 .text.CySysClkImoStop
                0x00000000       0x10 .\CortexM0\ARM_GCC_484\Debug\D-21_s-6#1.a(CyLib.o)
 .text.CySysClkWriteHfclkDirect
                0x00000000       0x24 .\CortexM0\ARM_GCC_484\Debug\D-21_s-6#1.a(CyLib.o)
 .text.CySysClkWriteSysclkDiv
                0x00000000       0x28 .\CortexM0\ARM_GCC_484\Debug\D-21_s-6#1.a(CyLib.o)
 .text.CySysLvdDisable
                0x00000000       0x20 .\CortexM0\ARM_GCC_484\Debug\D-21_s-6#1.a(CyLib.o)
 .text.CySysLvdGetInterruptSource
                0x00000000       0x10 .\CortexM0\ARM_GCC_484\Debug\D-21_s-6#1.a(CyLib.o)
 .text.CySysLvdClearInterrupt
                0x00000000        0xc .\CortexM0\ARM_GCC_484\Debug\D-21_s-6#1.a(CyLib.o)
 .text.CySysGetResetReason
                0x00000000       0x14 .\CortexM0\ARM_GCC_484\Debug\D-21_s-6#1.a(CyLib.o)
 .text.CyDisableInts
                0x00000000       0x10 .\CortexM0\ARM_GCC_484\Debug\D-21_s-6#1.a(CyLib.o)
 .text.CyEnableInts
                0x00000000        0xc .\CortexM0\ARM_GCC_484\Debug\D-21_s-6#1.a(CyLib.o)
 .text.CyIntGetState
                0x00000000       0x18 .\CortexM0\ARM_GCC_484\Debug\D-21_s-6#1.a(CyLib.o)
 .text.CyIntDisable
                0x00000000       0x14 .\CortexM0\ARM_GCC_484\Debug\D-21_s-6#1.a(CyLib.o)
 .text.CyIntSetPending
                0x00000000       0x14 .\CortexM0\ARM_GCC_484\Debug\D-21_s-6#1.a(CyLib.o)
 .text.CyIntClearPending
                0x00000000       0x14 .\CortexM0\ARM_GCC_484\Debug\D-21_s-6#1.a(CyLib.o)
 .text.CyIntSetSysVector
                0x00000000       0x20 .\CortexM0\ARM_GCC_484\Debug\D-21_s-6#1.a(CyLib.o)
 .text.CyIntGetSysVector
                0x00000000       0x1c .\CortexM0\ARM_GCC_484\Debug\D-21_s-6#1.a(CyLib.o)
 .text.CyIntGetVector
                0x00000000       0x1c .\CortexM0\ARM_GCC_484\Debug\D-21_s-6#1.a(CyLib.o)
 .text.CyIntSetPriority
                0x00000000       0x48 .\CortexM0\ARM_GCC_484\Debug\D-21_s-6#1.a(CyLib.o)
 .text.CyIntGetPriority
                0x00000000       0x2c .\CortexM0\ARM_GCC_484\Debug\D-21_s-6#1.a(CyLib.o)
 .text.CySoftwareReset
                0x00000000       0x18 .\CortexM0\ARM_GCC_484\Debug\D-21_s-6#1.a(CyLib.o)
 .text.CyDelay  0x00000000       0x30 .\CortexM0\ARM_GCC_484\Debug\D-21_s-6#1.a(CyLib.o)
 .text.CySysLvdEnable
                0x00000000       0x40 .\CortexM0\ARM_GCC_484\Debug\D-21_s-6#1.a(CyLib.o)
 .text.CyDelayFreq
                0x00000000       0x4c .\CortexM0\ARM_GCC_484\Debug\D-21_s-6#1.a(CyLib.o)
 .text.CySysTickStop
                0x00000000       0x10 .\CortexM0\ARM_GCC_484\Debug\D-21_s-6#1.a(CyLib.o)
 .text.CySysTickEnableInterrupt
                0x00000000       0x10 .\CortexM0\ARM_GCC_484\Debug\D-21_s-6#1.a(CyLib.o)
 .text.CySysTickEnable
                0x00000000       0x18 .\CortexM0\ARM_GCC_484\Debug\D-21_s-6#1.a(CyLib.o)
 .text.CySysTickDisableInterrupt
                0x00000000       0x10 .\CortexM0\ARM_GCC_484\Debug\D-21_s-6#1.a(CyLib.o)
 .text.CySysTickSetReload
                0x00000000       0x10 .\CortexM0\ARM_GCC_484\Debug\D-21_s-6#1.a(CyLib.o)
 .text.CySysTickGetReload
                0x00000000       0x10 .\CortexM0\ARM_GCC_484\Debug\D-21_s-6#1.a(CyLib.o)
 .text.CySysTickGetValue
                0x00000000       0x10 .\CortexM0\ARM_GCC_484\Debug\D-21_s-6#1.a(CyLib.o)
 .text.CySysTickGetCountFlag
                0x00000000       0x10 .\CortexM0\ARM_GCC_484\Debug\D-21_s-6#1.a(CyLib.o)
 .text.CySysTickServiceCallbacks
                0x00000000       0x28 .\CortexM0\ARM_GCC_484\Debug\D-21_s-6#1.a(CyLib.o)
 .text.CySysTickClear
                0x00000000        0xc .\CortexM0\ARM_GCC_484\Debug\D-21_s-6#1.a(CyLib.o)
 .text.CySysTickInit
                0x00000000       0x44 .\CortexM0\ARM_GCC_484\Debug\D-21_s-6#1.a(CyLib.o)
 .text.CySysTickStart
                0x00000000       0x20 .\CortexM0\ARM_GCC_484\Debug\D-21_s-6#1.a(CyLib.o)
 .text.CySysTickSetCallback
                0x00000000       0x10 .\CortexM0\ARM_GCC_484\Debug\D-21_s-6#1.a(CyLib.o)
 .text.CySysTickGetCallback
                0x00000000        0xc .\CortexM0\ARM_GCC_484\Debug\D-21_s-6#1.a(CyLib.o)
 .text.CyGetUniqueId
                0x00000000       0x70 .\CortexM0\ARM_GCC_484\Debug\D-21_s-6#1.a(CyLib.o)
 .text          0x00000000        0x0 .\CortexM0\ARM_GCC_484\Debug\D-21_s-6#1.a(CyLFClk.o)
 .text.CySysClkIloEnabled
                0x00000000       0x14 .\CortexM0\ARM_GCC_484\Debug\D-21_s-6#1.a(CyLFClk.o)
 .text.CySysClkIloStart
                0x00000000       0x14 .\CortexM0\ARM_GCC_484\Debug\D-21_s-6#1.a(CyLFClk.o)
 .text.CySysWdtGetEnabledStatus
                0x00000000       0x24 .\CortexM0\ARM_GCC_484\Debug\D-21_s-6#1.a(CyLFClk.o)
 .text.CySysWdtSetMode
                0x00000000       0x38 .\CortexM0\ARM_GCC_484\Debug\D-21_s-6#1.a(CyLFClk.o)
 .text.CySysClkLfclkPosedgeRestore
                0x00000000       0x2c .\CortexM0\ARM_GCC_484\Debug\D-21_s-6#1.a(CyLFClk.o)
 .text.CySysWdtGetMode
                0x00000000       0x14 .\CortexM0\ARM_GCC_484\Debug\D-21_s-6#1.a(CyLFClk.o)
 .text.CySysWdtSetClearOnMatch
                0x00000000       0x38 .\CortexM0\ARM_GCC_484\Debug\D-21_s-6#1.a(CyLFClk.o)
 .text.CySysWdtGetClearOnMatch
                0x00000000       0x24 .\CortexM0\ARM_GCC_484\Debug\D-21_s-6#1.a(CyLFClk.o)
 .text.CySysWdtEnable
                0x00000000       0x40 .\CortexM0\ARM_GCC_484\Debug\D-21_s-6#1.a(CyLFClk.o)
 .text.CySysWdtDisable
                0x00000000       0x44 .\CortexM0\ARM_GCC_484\Debug\D-21_s-6#1.a(CyLFClk.o)
 .text.CySysWdtSetCascade
                0x00000000       0x34 .\CortexM0\ARM_GCC_484\Debug\D-21_s-6#1.a(CyLFClk.o)
 .text.CySysWdtGetCascade
                0x00000000       0x14 .\CortexM0\ARM_GCC_484\Debug\D-21_s-6#1.a(CyLFClk.o)
 .text.CySysWdtSetMatch
                0x00000000       0x3c .\CortexM0\ARM_GCC_484\Debug\D-21_s-6#1.a(CyLFClk.o)
 .text.CySysWdtSetToggleBit
                0x00000000       0x2c .\CortexM0\ARM_GCC_484\Debug\D-21_s-6#1.a(CyLFClk.o)
 .text.CySysWdtGetToggleBit
                0x00000000       0x10 .\CortexM0\ARM_GCC_484\Debug\D-21_s-6#1.a(CyLFClk.o)
 .text.CySysWdtGetMatch
                0x00000000       0x20 .\CortexM0\ARM_GCC_484\Debug\D-21_s-6#1.a(CyLFClk.o)
 .text.CySysWdtGetCount
                0x00000000       0x3c .\CortexM0\ARM_GCC_484\Debug\D-21_s-6#1.a(CyLFClk.o)
 .text.CySysClkLfclkPosedgeCatch
                0x00000000       0x74 .\CortexM0\ARM_GCC_484\Debug\D-21_s-6#1.a(CyLFClk.o)
 .text.CySysClkIloStop
                0x00000000       0x38 .\CortexM0\ARM_GCC_484\Debug\D-21_s-6#1.a(CyLFClk.o)
 .text.CySysWdtGetInterruptSource
                0x00000000       0x14 .\CortexM0\ARM_GCC_484\Debug\D-21_s-6#1.a(CyLFClk.o)
 .text.CySysWdtResetCounters
                0x00000000       0x20 .\CortexM0\ARM_GCC_484\Debug\D-21_s-6#1.a(CyLFClk.o)
 .text.CySysWdtSetInterruptCallback
                0x00000000       0x20 .\CortexM0\ARM_GCC_484\Debug\D-21_s-6#1.a(CyLFClk.o)
 .text.CySysWdtGetInterruptCallback
                0x00000000       0x20 .\CortexM0\ARM_GCC_484\Debug\D-21_s-6#1.a(CyLFClk.o)
 .text.CySysWdtEnableCounterIsr
                0x00000000       0x34 .\CortexM0\ARM_GCC_484\Debug\D-21_s-6#1.a(CyLFClk.o)
 .text.CySysWdtDisableCounterIsr
                0x00000000       0x28 .\CortexM0\ARM_GCC_484\Debug\D-21_s-6#1.a(CyLFClk.o)
 .text.CySysTimerDelayUntilMatch
                0x00000000       0x6c .\CortexM0\ARM_GCC_484\Debug\D-21_s-6#1.a(CyLFClk.o)
 .text.CySysTimerDelay
                0x00000000       0x3c .\CortexM0\ARM_GCC_484\Debug\D-21_s-6#1.a(CyLFClk.o)
 .text.CySysWatchdogFeed
                0x00000000       0x60 .\CortexM0\ARM_GCC_484\Debug\D-21_s-6#1.a(CyLFClk.o)
 .rodata        0x00000000        0xc .\CortexM0\ARM_GCC_484\Debug\D-21_s-6#1.a(CyLFClk.o)
 .text          0x00000000        0x0 .\CortexM0\ARM_GCC_484\Debug\D-21_s-6#1.a(OUT_1.o)
 .data          0x00000000        0x0 .\CortexM0\ARM_GCC_484\Debug\D-21_s-6#1.a(OUT_1.o)
 .bss           0x00000000        0x0 .\CortexM0\ARM_GCC_484\Debug\D-21_s-6#1.a(OUT_1.o)
 .text.OUT_1_Write
                0x00000000       0x18 .\CortexM0\ARM_GCC_484\Debug\D-21_s-6#1.a(OUT_1.o)
 .text.OUT_1_SetDriveMode
                0x00000000       0x1c .\CortexM0\ARM_GCC_484\Debug\D-21_s-6#1.a(OUT_1.o)
 .text.OUT_1_Read
                0x00000000       0x10 .\CortexM0\ARM_GCC_484\Debug\D-21_s-6#1.a(OUT_1.o)
 .text.OUT_1_ReadDataReg
                0x00000000       0x10 .\CortexM0\ARM_GCC_484\Debug\D-21_s-6#1.a(OUT_1.o)
 .text.OUT_1_ClearInterrupt
                0x00000000       0x14 .\CortexM0\ARM_GCC_484\Debug\D-21_s-6#1.a(OUT_1.o)
 .text          0x00000000        0x0 .\CortexM0\ARM_GCC_484\Debug\D-21_s-6#1.a(OUT_2.o)
 .data          0x00000000        0x0 .\CortexM0\ARM_GCC_484\Debug\D-21_s-6#1.a(OUT_2.o)
 .bss           0x00000000        0x0 .\CortexM0\ARM_GCC_484\Debug\D-21_s-6#1.a(OUT_2.o)
 .text.OUT_2_Write
                0x00000000       0x18 .\CortexM0\ARM_GCC_484\Debug\D-21_s-6#1.a(OUT_2.o)
 .text.OUT_2_SetDriveMode
                0x00000000       0x1c .\CortexM0\ARM_GCC_484\Debug\D-21_s-6#1.a(OUT_2.o)
 .text.OUT_2_Read
                0x00000000       0x10 .\CortexM0\ARM_GCC_484\Debug\D-21_s-6#1.a(OUT_2.o)
 .text.OUT_2_ReadDataReg
                0x00000000       0x10 .\CortexM0\ARM_GCC_484\Debug\D-21_s-6#1.a(OUT_2.o)
 .text.OUT_2_ClearInterrupt
                0x00000000       0x14 .\CortexM0\ARM_GCC_484\Debug\D-21_s-6#1.a(OUT_2.o)
 .text          0x00000000        0x0 .\CortexM0\ARM_GCC_484\Debug\D-21_s-6#1.a(PWM_1.o)
 .data          0x00000000        0x0 .\CortexM0\ARM_GCC_484\Debug\D-21_s-6#1.a(PWM_1.o)
 .text.PWM_1_Enable
                0x00000000        0x4 .\CortexM0\ARM_GCC_484\Debug\D-21_s-6#1.a(PWM_1.o)
 .text.PWM_1_Stop
                0x00000000        0x4 .\CortexM0\ARM_GCC_484\Debug\D-21_s-6#1.a(PWM_1.o)
 .text.PWM_1_ReadCounter
                0x00000000       0x14 .\CortexM0\ARM_GCC_484\Debug\D-21_s-6#1.a(PWM_1.o)
 .text.PWM_1_ReadCompare
                0x00000000        0xc .\CortexM0\ARM_GCC_484\Debug\D-21_s-6#1.a(PWM_1.o)
 .text.PWM_1_ReadPeriod
                0x00000000        0xc .\CortexM0\ARM_GCC_484\Debug\D-21_s-6#1.a(PWM_1.o)
 .data          0x00000000        0x0 .\CortexM0\ARM_GCC_484\Debug\D-21_s-6#1.a(CyBootAsmGnu.o)
 .bss           0x00000000        0x0 .\CortexM0\ARM_GCC_484\Debug\D-21_s-6#1.a(CyBootAsmGnu.o)
 .text          0x00000000       0x9c c:/works/programs/psoc_creator/psoc creator/3.2/psoc_creator/import/gnu/arm/4.8.4/bin/../lib/gcc/arm-none-eabi/4.8.4/armv6-m\libgcc.a(_udivsi3.o)
 .data          0x00000000        0x0 c:/works/programs/psoc_creator/psoc creator/3.2/psoc_creator/import/gnu/arm/4.8.4/bin/../lib/gcc/arm-none-eabi/4.8.4/armv6-m\libgcc.a(_udivsi3.o)
 .bss           0x00000000        0x0 c:/works/programs/psoc_creator/psoc creator/3.2/psoc_creator/import/gnu/arm/4.8.4/bin/../lib/gcc/arm-none-eabi/4.8.4/armv6-m\libgcc.a(_udivsi3.o)
 .text          0x00000000        0x4 c:/works/programs/psoc_creator/psoc creator/3.2/psoc_creator/import/gnu/arm/4.8.4/bin/../lib/gcc/arm-none-eabi/4.8.4/armv6-m\libgcc.a(_dvmd_tls.o)
 .data          0x00000000        0x0 c:/works/programs/psoc_creator/psoc creator/3.2/psoc_creator/import/gnu/arm/4.8.4/bin/../lib/gcc/arm-none-eabi/4.8.4/armv6-m\libgcc.a(_dvmd_tls.o)
 .bss           0x00000000        0x0 c:/works/programs/psoc_creator/psoc creator/3.2/psoc_creator/import/gnu/arm/4.8.4/bin/../lib/gcc/arm-none-eabi/4.8.4/armv6-m\libgcc.a(_dvmd_tls.o)
 .text          0x00000000        0x0 c:/works/programs/psoc_creator/psoc creator/3.2/psoc_creator/import/gnu/arm/4.8.4/bin/../lib/gcc/arm-none-eabi/4.8.4/../../../../arm-none-eabi/lib/armv6-m\libg_s.a(lib_a-errno.o)
 .data          0x00000000        0x0 c:/works/programs/psoc_creator/psoc creator/3.2/psoc_creator/import/gnu/arm/4.8.4/bin/../lib/gcc/arm-none-eabi/4.8.4/../../../../arm-none-eabi/lib/armv6-m\libg_s.a(lib_a-errno.o)
 .bss           0x00000000        0x0 c:/works/programs/psoc_creator/psoc creator/3.2/psoc_creator/import/gnu/arm/4.8.4/bin/../lib/gcc/arm-none-eabi/4.8.4/../../../../arm-none-eabi/lib/armv6-m\libg_s.a(lib_a-errno.o)
 .text.__errno  0x00000000        0xc c:/works/programs/psoc_creator/psoc creator/3.2/psoc_creator/import/gnu/arm/4.8.4/bin/../lib/gcc/arm-none-eabi/4.8.4/../../../../arm-none-eabi/lib/armv6-m\libg_s.a(lib_a-errno.o)
 .text          0x00000000        0x0 c:/works/programs/psoc_creator/psoc creator/3.2/psoc_creator/import/gnu/arm/4.8.4/bin/../lib/gcc/arm-none-eabi/4.8.4/../../../../arm-none-eabi/lib/armv6-m\libg_s.a(lib_a-exit.o)
 .data          0x00000000        0x0 c:/works/programs/psoc_creator/psoc creator/3.2/psoc_creator/import/gnu/arm/4.8.4/bin/../lib/gcc/arm-none-eabi/4.8.4/../../../../arm-none-eabi/lib/armv6-m\libg_s.a(lib_a-exit.o)
 .bss           0x00000000        0x0 c:/works/programs/psoc_creator/psoc creator/3.2/psoc_creator/import/gnu/arm/4.8.4/bin/../lib/gcc/arm-none-eabi/4.8.4/../../../../arm-none-eabi/lib/armv6-m\libg_s.a(lib_a-exit.o)
 .text.exit     0x00000000       0x2c c:/works/programs/psoc_creator/psoc creator/3.2/psoc_creator/import/gnu/arm/4.8.4/bin/../lib/gcc/arm-none-eabi/4.8.4/../../../../arm-none-eabi/lib/armv6-m\libg_s.a(lib_a-exit.o)
 .text          0x00000000        0x0 c:/works/programs/psoc_creator/psoc creator/3.2/psoc_creator/import/gnu/arm/4.8.4/bin/../lib/gcc/arm-none-eabi/4.8.4/../../../../arm-none-eabi/lib/armv6-m\libg_s.a(lib_a-impure.o)
 .data          0x00000000        0x0 c:/works/programs/psoc_creator/psoc creator/3.2/psoc_creator/import/gnu/arm/4.8.4/bin/../lib/gcc/arm-none-eabi/4.8.4/../../../../arm-none-eabi/lib/armv6-m\libg_s.a(lib_a-impure.o)
 .bss           0x00000000        0x0 c:/works/programs/psoc_creator/psoc creator/3.2/psoc_creator/import/gnu/arm/4.8.4/bin/../lib/gcc/arm-none-eabi/4.8.4/../../../../arm-none-eabi/lib/armv6-m\libg_s.a(lib_a-impure.o)
 .data.impure_data
                0x00000000       0x60 c:/works/programs/psoc_creator/psoc creator/3.2/psoc_creator/import/gnu/arm/4.8.4/bin/../lib/gcc/arm-none-eabi/4.8.4/../../../../arm-none-eabi/lib/armv6-m\libg_s.a(lib_a-impure.o)
 .data._impure_ptr
                0x00000000        0x4 c:/works/programs/psoc_creator/psoc creator/3.2/psoc_creator/import/gnu/arm/4.8.4/bin/../lib/gcc/arm-none-eabi/4.8.4/../../../../arm-none-eabi/lib/armv6-m\libg_s.a(lib_a-impure.o)
 .rodata.str1.1
                0x00000000        0x2 c:/works/programs/psoc_creator/psoc creator/3.2/psoc_creator/import/gnu/arm/4.8.4/bin/../lib/gcc/arm-none-eabi/4.8.4/../../../../arm-none-eabi/lib/armv6-m\libg_s.a(lib_a-impure.o)
 .rodata._global_impure_ptr
                0x00000000        0x4 c:/works/programs/psoc_creator/psoc creator/3.2/psoc_creator/import/gnu/arm/4.8.4/bin/../lib/gcc/arm-none-eabi/4.8.4/../../../../arm-none-eabi/lib/armv6-m\libg_s.a(lib_a-impure.o)
 .text          0x00000000        0x0 c:/works/programs/psoc_creator/psoc creator/3.2/psoc_creator/import/gnu/arm/4.8.4/bin/../lib/gcc/arm-none-eabi/4.8.4/../../../../arm-none-eabi/lib/armv6-m\libg_s.a(lib_a-init.o)
 .data          0x00000000        0x0 c:/works/programs/psoc_creator/psoc creator/3.2/psoc_creator/import/gnu/arm/4.8.4/bin/../lib/gcc/arm-none-eabi/4.8.4/../../../../arm-none-eabi/lib/armv6-m\libg_s.a(lib_a-init.o)
 .bss           0x00000000        0x0 c:/works/programs/psoc_creator/psoc creator/3.2/psoc_creator/import/gnu/arm/4.8.4/bin/../lib/gcc/arm-none-eabi/4.8.4/../../../../arm-none-eabi/lib/armv6-m\libg_s.a(lib_a-init.o)
 .text          0x00000000        0x0 c:/works/programs/psoc_creator/psoc creator/3.2/psoc_creator/import/gnu/arm/4.8.4/bin/../lib/gcc/arm-none-eabi/4.8.4/../../../../arm-none-eabi/lib/armv6-m\libg_s.a(lib_a-memset.o)
 .data          0x00000000        0x0 c:/works/programs/psoc_creator/psoc creator/3.2/psoc_creator/import/gnu/arm/4.8.4/bin/../lib/gcc/arm-none-eabi/4.8.4/../../../../arm-none-eabi/lib/armv6-m\libg_s.a(lib_a-memset.o)
 .bss           0x00000000        0x0 c:/works/programs/psoc_creator/psoc creator/3.2/psoc_creator/import/gnu/arm/4.8.4/bin/../lib/gcc/arm-none-eabi/4.8.4/../../../../arm-none-eabi/lib/armv6-m\libg_s.a(lib_a-memset.o)
 .text          0x00000000        0x0 c:/works/programs/psoc_creator/psoc creator/3.2/psoc_creator/import/gnu/arm/4.8.4/bin/../lib/gcc/arm-none-eabi/4.8.4/armv6-m/crtend.o
 .data          0x00000000        0x0 c:/works/programs/psoc_creator/psoc creator/3.2/psoc_creator/import/gnu/arm/4.8.4/bin/../lib/gcc/arm-none-eabi/4.8.4/armv6-m/crtend.o
 .bss           0x00000000        0x0 c:/works/programs/psoc_creator/psoc creator/3.2/psoc_creator/import/gnu/arm/4.8.4/bin/../lib/gcc/arm-none-eabi/4.8.4/armv6-m/crtend.o
 .text          0x00000000        0x0 c:/works/programs/psoc_creator/psoc creator/3.2/psoc_creator/import/gnu/arm/4.8.4/bin/../lib/gcc/arm-none-eabi/4.8.4/armv6-m/crtn.o
 .data          0x00000000        0x0 c:/works/programs/psoc_creator/psoc creator/3.2/psoc_creator/import/gnu/arm/4.8.4/bin/../lib/gcc/arm-none-eabi/4.8.4/armv6-m/crtn.o
 .bss           0x00000000        0x0 c:/works/programs/psoc_creator/psoc creator/3.2/psoc_creator/import/gnu/arm/4.8.4/bin/../lib/gcc/arm-none-eabi/4.8.4/armv6-m/crtn.o

Memory Configuration

Name             Origin             Length             Attributes
rom              0x00000000         0x00008000         xr
ram              0x20000000         0x00001000         xrw
*default*        0x00000000         0xffffffff

Linker script and memory map

LOAD c:/works/programs/psoc_creator/psoc creator/3.2/psoc_creator/import/gnu/arm/4.8.4/bin/../lib/gcc/arm-none-eabi/4.8.4/armv6-m/crti.o
LOAD c:/works/programs/psoc_creator/psoc creator/3.2/psoc_creator/import/gnu/arm/4.8.4/bin/../lib/gcc/arm-none-eabi/4.8.4/armv6-m/crtbegin.o
LOAD c:/works/programs/psoc_creator/psoc creator/3.2/psoc_creator/import/gnu/arm/4.8.4/bin/../lib/gcc/arm-none-eabi/4.8.4/../../../../arm-none-eabi/lib/armv6-m/crt0.o
START GROUP
LOAD .\CortexM0\ARM_GCC_484\Debug\main.o
LOAD .\CortexM0\ARM_GCC_484\Debug\cymetadata.o
LOAD .\CortexM0\ARM_GCC_484\Debug\Cm0Start.o
LOAD .\CortexM0\ARM_GCC_484\Debug\cybootloader.o
LOAD .\CortexM0\ARM_GCC_484\Debug\D-21_s-6#1.a
LOAD C:\WORKS\Programs\PSoC_Creator\PSoC Creator\3.2\PSoC_Creator\psoc\content\cycomponentlibrary\CyComponentLibrary.cylib\CortexM0\ARM_GCC_484\Debug\CyComponentLibrary.a
END GROUP
START GROUP
LOAD c:/works/programs/psoc_creator/psoc creator/3.2/psoc_creator/import/gnu/arm/4.8.4/bin/../lib/gcc/arm-none-eabi/4.8.4/armv6-m\libgcc.a
LOAD c:/works/programs/psoc_creator/psoc creator/3.2/psoc_creator/import/gnu/arm/4.8.4/bin/../lib/gcc/arm-none-eabi/4.8.4/../../../../arm-none-eabi/lib/armv6-m\libg_s.a
LOAD c:/works/programs/psoc_creator/psoc creator/3.2/psoc_creator/import/gnu/arm/4.8.4/bin/../lib/gcc/arm-none-eabi/4.8.4/../../../../arm-none-eabi/lib/armv6-m\libc_s.a
END GROUP
START GROUP
LOAD c:/works/programs/psoc_creator/psoc creator/3.2/psoc_creator/import/gnu/arm/4.8.4/bin/../lib/gcc/arm-none-eabi/4.8.4/armv6-m\libgcc.a
LOAD c:/works/programs/psoc_creator/psoc creator/3.2/psoc_creator/import/gnu/arm/4.8.4/bin/../lib/gcc/arm-none-eabi/4.8.4/../../../../arm-none-eabi/lib/armv6-m\libc_s.a
END GROUP
LOAD c:/works/programs/psoc_creator/psoc creator/3.2/psoc_creator/import/gnu/arm/4.8.4/bin/../lib/gcc/arm-none-eabi/4.8.4/armv6-m/crtend.o
LOAD c:/works/programs/psoc_creator/psoc creator/3.2/psoc_creator/import/gnu/arm/4.8.4/bin/../lib/gcc/arm-none-eabi/4.8.4/armv6-m/crtn.o
START GROUP
LOAD c:/works/programs/psoc_creator/psoc creator/3.2/psoc_creator/import/gnu/arm/4.8.4/bin/../lib/gcc/arm-none-eabi/4.8.4/armv6-m\libgcc.a
LOAD c:/works/programs/psoc_creator/psoc creator/3.2/psoc_creator/import/gnu/arm/4.8.4/bin/../lib/gcc/arm-none-eabi/4.8.4/../../../../arm-none-eabi/lib/armv6-m\libc.a
LOAD c:/works/programs/psoc_creator/psoc creator/3.2/psoc_creator/import/gnu/arm/4.8.4/bin/../lib/gcc/arm-none-eabi/4.8.4/../../../../arm-none-eabi/lib/armv6-m\libnosys.a
END GROUP
                0x00000000                CY_APPL_ORIGIN = 0x0
                0x00000080                CY_FLASH_ROW_SIZE = 0x80
                0x00000001                CY_APPL_NUM = 0x1
                0x00000040                CY_METADATA_SIZE = 0x40
                0x20000128                PROVIDE (__cy_heap_start, _end)
                0x00000001                PROVIDE (__cy_region_num, ((__cy_regions_end - __cy_regions) / 0x10))
                0x20001000                PROVIDE (__cy_stack, (ORIGIN (ram) + 0x1000))
                0x20000c00                PROVIDE (__cy_heap_end, (__cy_stack - 0x400))

.cybootloader   0x00000000     0x1200
 *(.cybootloader)
 .cybootloader  0x00000000     0x1200 .\CortexM0\ARM_GCC_484\Debug\cybootloader.o
                0x00000000                cy_bootloader
                0x00001200                appl1_start = CY_APPL_ORIGIN?CY_APPL_ORIGIN:ALIGN (CY_FLASH_ROW_SIZE)
                0x00004880                appl2_start = (appl1_start + ALIGN ((((0x8000 - appl1_start) - (0x2 * CY_FLASH_ROW_SIZE)) / 0x2), CY_FLASH_ROW_SIZE))
                0x00001200                appl_start = (CY_APPL_NUM == 0x1)?appl1_start:appl2_start

.text           0x00001200      0x724
 CREATE_OBJECT_SYMBOLS
                0x00001200                PROVIDE (__cy_interrupt_vector, RomVectors)
 *(.romvectors)
 .romvectors    0x00001200       0x10 .\CortexM0\ARM_GCC_484\Debug\Cm0Start.o
                0x00001200                RomVectors
                0x00000001                ASSERT ((. != __cy_interrupt_vector), No interrupt vector)
                0x00000001                ASSERT (CY_APPL_ORIGIN?(SIZEOF (.cybootloader) <= CY_APPL_ORIGIN):0x1, Wrong image location)
                0x00001210                PROVIDE (__cy_reset, Reset)
 *(.text.Reset)
 .text.Reset    0x00001210       0x10 .\CortexM0\ARM_GCC_484\Debug\Cm0Start.o
                0x00001210                Reset
                0x00000001                ASSERT ((. != __cy_reset), No reset code)
 *(.psocinit)
 .psocinit      0x00001220      0x170 .\CortexM0\ARM_GCC_484\Debug\D-21_s-6#1.a(cyfitter_cfg.o)
                0x000012a4                cyfitter_cfg
                0x00001390                . = MAX (., 0x100)
 *(.text .text.* .gnu.linkonce.t.*)
 .text          0x00001390       0x60 c:/works/programs/psoc_creator/psoc creator/3.2/psoc_creator/import/gnu/arm/4.8.4/bin/../lib/gcc/arm-none-eabi/4.8.4/armv6-m/crtbegin.o
 .text.main     0x000013f0        0x8 .\CortexM0\ARM_GCC_484\Debug\main.o
                0x000013f0                main
 .text.IntDefaultHandler
                0x000013f8        0x4 .\CortexM0\ARM_GCC_484\Debug\Cm0Start.o
                0x000013f8                IntDefaultHandler
 .text.Start_c  0x000013fc       0x48 .\CortexM0\ARM_GCC_484\Debug\Cm0Start.o
                0x000013fc                Start_c
 .text.initialize_psoc
                0x00001444       0x5c .\CortexM0\ARM_GCC_484\Debug\Cm0Start.o
                0x00001444                initialize_psoc
 .text.cfg_write_bytes32
                0x000014a0       0x38 .\CortexM0\ARM_GCC_484\Debug\D-21_s-6#1.a(cyfitter_cfg.o)
 .text.CYMEMZERO
                0x000014d8        0xc .\CortexM0\ARM_GCC_484\Debug\D-21_s-6#1.a(cyfitter_cfg.o)
 .text.CyIntEnable
                0x000014e4       0x14 .\CortexM0\ARM_GCC_484\Debug\D-21_s-6#1.a(CyLib.o)
                0x000014e4                CyIntEnable
 .text.CyHalt   0x000014f8        0x4 .\CortexM0\ARM_GCC_484\Debug\D-21_s-6#1.a(CyLib.o)
                0x000014f8                CyHalt
 .text.CyIntSetVector
                0x000014fc       0x20 .\CortexM0\ARM_GCC_484\Debug\D-21_s-6#1.a(CyLib.o)
                0x000014fc                CyIntSetVector
 .text.CyDelayUs
                0x0000151c       0x14 .\CortexM0\ARM_GCC_484\Debug\D-21_s-6#1.a(CyLib.o)
                0x0000151c                CyDelayUs
 .text.CySysClkWriteImoFreq
                0x00001530      0x164 .\CortexM0\ARM_GCC_484\Debug\D-21_s-6#1.a(CyLib.o)
                0x00001530                CySysClkWriteImoFreq
 .text.CySysWdtLocked
                0x00001694       0x18 .\CortexM0\ARM_GCC_484\Debug\D-21_s-6#1.a(CyLFClk.o)
 .text.CySysWdtLock
                0x000016ac       0x1c .\CortexM0\ARM_GCC_484\Debug\D-21_s-6#1.a(CyLFClk.o)
                0x000016ac                CySysWdtLock
 .text.CySysWdtUnlock
                0x000016c8       0x30 .\CortexM0\ARM_GCC_484\Debug\D-21_s-6#1.a(CyLFClk.o)
                0x000016c8                CySysWdtUnlock
 .text.CySysWdtClearInterrupt
                0x000016f8       0x4c .\CortexM0\ARM_GCC_484\Debug\D-21_s-6#1.a(CyLFClk.o)
                0x000016f8                CySysWdtClearInterrupt
 .text.CySysWdtIsr
                0x00001744       0xa4 .\CortexM0\ARM_GCC_484\Debug\D-21_s-6#1.a(CyLFClk.o)
                0x00001744                CySysWdtIsr
 .text.PWM_1_WriteCounter
                0x000017e8        0xc .\CortexM0\ARM_GCC_484\Debug\D-21_s-6#1.a(PWM_1.o)
                0x000017e8                PWM_1_WriteCounter
 .text.PWM_1_WritePeriod
                0x000017f4        0xc .\CortexM0\ARM_GCC_484\Debug\D-21_s-6#1.a(PWM_1.o)
                0x000017f4                PWM_1_WritePeriod
 .text.PWM_1_WriteCompare
                0x00001800        0xc .\CortexM0\ARM_GCC_484\Debug\D-21_s-6#1.a(PWM_1.o)
                0x00001800                PWM_1_WriteCompare
 .text.PWM_1_SetInterruptMode
                0x0000180c        0xc .\CortexM0\ARM_GCC_484\Debug\D-21_s-6#1.a(PWM_1.o)
                0x0000180c                PWM_1_SetInterruptMode
 .text.PWM_1_ReadStatusRegister
                0x00001818        0xc .\CortexM0\ARM_GCC_484\Debug\D-21_s-6#1.a(PWM_1.o)
                0x00001818                PWM_1_ReadStatusRegister
 .text.PWM_1_ReadCapture
                0x00001824        0xc .\CortexM0\ARM_GCC_484\Debug\D-21_s-6#1.a(PWM_1.o)
                0x00001824                PWM_1_ReadCapture
 .text.PWM_1_ClearFIFO
                0x00001830       0x14 .\CortexM0\ARM_GCC_484\Debug\D-21_s-6#1.a(PWM_1.o)
                0x00001830                PWM_1_ClearFIFO
 .text.PWM_1_Init
                0x00001844       0x40 .\CortexM0\ARM_GCC_484\Debug\D-21_s-6#1.a(PWM_1.o)
                0x00001844                PWM_1_Init
 .text.PWM_1_Start
                0x00001884       0x1c .\CortexM0\ARM_GCC_484\Debug\D-21_s-6#1.a(PWM_1.o)
                0x00001884                PWM_1_Start
 .text          0x000018a0       0x28 .\CortexM0\ARM_GCC_484\Debug\D-21_s-6#1.a(CyBootAsmGnu.o)
                0x000018a0                CyDelayCycles
                0x000018b4                CyEnterCriticalSection
                0x000018bc                CyExitCriticalSection
 .text.__libc_init_array
                0x000018c8       0x4c c:/works/programs/psoc_creator/psoc creator/3.2/psoc_creator/import/gnu/arm/4.8.4/bin/../lib/gcc/arm-none-eabi/4.8.4/../../../../arm-none-eabi/lib/armv6-m\libg_s.a(lib_a-init.o)
                0x000018c8                __libc_init_array
 .text.memset   0x00001914       0x10 c:/works/programs/psoc_creator/psoc creator/3.2/psoc_creator/import/gnu/arm/4.8.4/bin/../lib/gcc/arm-none-eabi/4.8.4/../../../../arm-none-eabi/lib/armv6-m\libg_s.a(lib_a-memset.o)
                0x00001914                memset
 *(.plt)
 *(.gnu.warning)
 *(.glue_7t)
 .glue_7t       0x00000000        0x0 linker stubs
 *(.glue_7)
 .glue_7        0x00000000        0x0 linker stubs
 *(.vfp11_veneer)
 .vfp11_veneer  0x00000000        0x0 linker stubs
 *(.bootloader)
 *(.ARM.extab* .gnu.linkonce.armextab.*)
 *(.gcc_except_table)

.v4_bx          0x00001924        0x0
 .v4_bx         0x00000000        0x0 linker stubs

.iplt           0x00001924        0x0
 .iplt          0x00000000        0x0 c:/works/programs/psoc_creator/psoc creator/3.2/psoc_creator/import/gnu/arm/4.8.4/bin/../lib/gcc/arm-none-eabi/4.8.4/armv6-m/crtbegin.o

.eh_frame_hdr
 *(.eh_frame_hdr)

.eh_frame       0x00001924        0x4
 *(.eh_frame)
 .eh_frame      0x00001924        0x0 c:/works/programs/psoc_creator/psoc creator/3.2/psoc_creator/import/gnu/arm/4.8.4/bin/../lib/gcc/arm-none-eabi/4.8.4/armv6-m/crtbegin.o
 .eh_frame      0x00001924        0x4 c:/works/programs/psoc_creator/psoc creator/3.2/psoc_creator/import/gnu/arm/4.8.4/bin/../lib/gcc/arm-none-eabi/4.8.4/armv6-m/crtend.o
                0x00001928                PROVIDE (__exidx_start, .)

.ARM.exidx
 *(.ARM.exidx* .gnu.linkonce.armexidx.*)
                0x00001928                __exidx_end = .

.rodata         0x00001928      0x120
 *(.rodata .rodata.* .gnu.linkonce.r.*)
 .rodata        0x00001928       0xbc .\CortexM0\ARM_GCC_484\Debug\D-21_s-6#1.a(cyfitter_cfg.o)
 .rodata        0x000019e4       0x30 .\CortexM0\ARM_GCC_484\Debug\D-21_s-6#1.a(CyLib.o)
                0x000019e4                cyImoFreqMhz2Reg
                0x00001a14                . = ALIGN (0x4)
 *(.init)
 .init          0x00001a14        0x4 c:/works/programs/psoc_creator/psoc creator/3.2/psoc_creator/import/gnu/arm/4.8.4/bin/../lib/gcc/arm-none-eabi/4.8.4/armv6-m/crti.o
                0x00001a14                _init
 .init          0x00001a18        0x8 c:/works/programs/psoc_creator/psoc creator/3.2/psoc_creator/import/gnu/arm/4.8.4/bin/../lib/gcc/arm-none-eabi/4.8.4/armv6-m/crtn.o
                0x00001a20                . = ALIGN (0x4)
                0x00001a20                __preinit_array_start = .
 *(.preinit_array)
                0x00001a20                __preinit_array_end = .
                0x00001a20                . = ALIGN (0x4)
                0x00001a20                __init_array_start = .
 *(SORT(.init_array.*))
 *(.init_array)
 .init_array    0x00001a20        0x4 c:/works/programs/psoc_creator/psoc creator/3.2/psoc_creator/import/gnu/arm/4.8.4/bin/../lib/gcc/arm-none-eabi/4.8.4/armv6-m/crtbegin.o
 .init_array    0x00001a24        0x4 .\CortexM0\ARM_GCC_484\Debug\Cm0Start.o
                0x00001a28                __init_array_end = .
                0x00001a28                . = ALIGN (0x4)
 *(.fini)
 .fini          0x00001a28        0x4 c:/works/programs/psoc_creator/psoc creator/3.2/psoc_creator/import/gnu/arm/4.8.4/bin/../lib/gcc/arm-none-eabi/4.8.4/armv6-m/crti.o
                0x00001a28                _fini
 .fini          0x00001a2c        0x8 c:/works/programs/psoc_creator/psoc creator/3.2/psoc_creator/import/gnu/arm/4.8.4/bin/../lib/gcc/arm-none-eabi/4.8.4/armv6-m/crtn.o
                0x00001a34                . = ALIGN (0x4)
                0x00001a34                __fini_array_start = .
 *(.fini_array)
 .fini_array    0x00001a34        0x4 c:/works/programs/psoc_creator/psoc creator/3.2/psoc_creator/import/gnu/arm/4.8.4/bin/../lib/gcc/arm-none-eabi/4.8.4/armv6-m/crtbegin.o
 *(SORT(.fini_array.*))
                0x00001a38                __fini_array_end = .
                0x00001a38                . = ALIGN (0x4)
 *crtbegin.o(.ctors)
 *(EXCLUDE_FILE(*crtend.o) .ctors)
 *(SORT(.ctors.*))
 *crtend.o(.ctors)
                0x00001a38                . = ALIGN (0x4)
 *crtbegin.o(.dtors)
 *(EXCLUDE_FILE(*crtend.o) .dtors)
 *(SORT(.dtors.*))
 *crtend.o(.dtors)
                0x00001a38                . = ALIGN (0x4)
                0x00001a38                __cy_regions = .
                0x00001a38        0x4 LONG 0x1a48 __cy_region_init_ram
                0x00001a3c        0x4 LONG 0x200000d0 __cy_region_start_data
                0x00001a40        0x4 LONG 0x18 __cy_region_init_size_ram
                0x00001a44        0x4 LONG 0x40 __cy_region_zero_size_ram
                0x00001a48                __cy_regions_end = .
                0x00001a48                . = ALIGN (0x8)
                0x00001a48                _etext = .

.ramvectors     0x20000000       0xc0
                0x20000000                __cy_region_start_ram = .
 *(.ramvectors)
 .ramvectors    0x20000000       0xc0 .\CortexM0\ARM_GCC_484\Debug\Cm0Start.o
                0x20000000                CyRamVectors

.btldr_run      0x200000c0        0x4
 *(.bootloaderruntype)
 .bootloaderruntype
                0x200000c0        0x4 .\CortexM0\ARM_GCC_484\Debug\Cm0Start.o
                0x200000c0                cyBtldrRunType

.noinit         0x200000c8        0x4
 *(.noinit)
 .noinit        0x200000c8        0x4 .\CortexM0\ARM_GCC_484\Debug\Cm0Start.o

.data           0x200000d0       0x18 load address 0x00001a48
                0x200000d0                __cy_region_start_data = .
 *(.jcr)
 .jcr           0x200000d0        0x0 c:/works/programs/psoc_creator/psoc creator/3.2/psoc_creator/import/gnu/arm/4.8.4/bin/../lib/gcc/arm-none-eabi/4.8.4/armv6-m/crtbegin.o
 .jcr           0x200000d0        0x4 c:/works/programs/psoc_creator/psoc creator/3.2/psoc_creator/import/gnu/arm/4.8.4/bin/../lib/gcc/arm-none-eabi/4.8.4/armv6-m/crtend.o
 *(.got.plt)
 *(.got)
 *(.shdata)
 *(.data .data.* .gnu.linkonce.d.*)
 .data          0x200000d4       0x10 .\CortexM0\ARM_GCC_484\Debug\D-21_s-6#1.a(CyLib.o)
                0x200000d4                cydelay32kMs
                0x200000d8                cydelayFreqKhz
                0x200000dc                cydelayFreqMhz
                0x200000e0                cydelayFreqHz
 .data          0x200000e4        0x4 .\CortexM0\ARM_GCC_484\Debug\D-21_s-6#1.a(CyLFClk.o)
                0x200000e8                . = ALIGN (0x8)
 *(.ram)
                0x200000e8                _edata = .

.igot.plt       0x200000e8        0x0 load address 0x00001a60
 .igot.plt      0x00000000        0x0 c:/works/programs/psoc_creator/psoc creator/3.2/psoc_creator/import/gnu/arm/4.8.4/bin/../lib/gcc/arm-none-eabi/4.8.4/armv6-m/crtbegin.o

.bss            0x200000e8       0x40 load address 0x00001a60
                0x200000e8                PROVIDE (__bss_start__, .)
 *(.shbss)
 *(.bss .bss.* .gnu.linkonce.b.*)
 .bss           0x200000e8       0x1c c:/works/programs/psoc_creator/psoc creator/3.2/psoc_creator/import/gnu/arm/4.8.4/bin/../lib/gcc/arm-none-eabi/4.8.4/armv6-m/crtbegin.o
 .bss           0x20000104       0x1c .\CortexM0\ARM_GCC_484\Debug\D-21_s-6#1.a(CyLFClk.o)
 .bss           0x20000120        0x1 .\CortexM0\ARM_GCC_484\Debug\D-21_s-6#1.a(PWM_1.o)
                0x20000120                PWM_1_initVar
 *(COMMON)
                0x20000128                . = ALIGN (0x8)
 *fill*         0x20000121        0x7 
 *(.ram.b)
                0x20000128                _end = .
                0x20000128                __end = .
                0x20000128                PROVIDE (end, .)
                0x20000128                PROVIDE (__bss_end__, .)
                0x00001a48                __cy_region_init_ram = LOADADDR (.data)
                0x00000018                __cy_region_init_size_ram = (_edata - ADDR (.data))
                0x00000040                __cy_region_zero_size_ram = (_end - _edata)

.heap           0x20000128       0x80 load address 0x00001a60
                0x20000128                . = _end
                0x200001a8                . = (. + 0x80)
 *fill*         0x20000128       0x80 
                0x200001a8                __cy_heap_limit = .

.stack          0x20000c00      0x400
                0x20000c00                __cy_stack_limit = .
                0x20001000                . = (. + 0x400)
 *fill*         0x20000c00      0x400 
                0x00000001                ASSERT ((__cy_stack_limit >= __cy_heap_limit), region RAM overflowed with stack)

.cyloadermeta   0xf0000000       0x40
 *(.cyloadermeta)
 .cyloadermeta  0xf0000000       0x40 .\CortexM0\ARM_GCC_484\Debug\cybootloader.o
                0xf0000000                cy_meta_loader

.cyloadablemeta
                0x00007fc0       0x40
 *(.cyloadablemeta)
 .cyloadablemeta
                0x00007fc0       0x40 .\CortexM0\ARM_GCC_484\Debug\cymetadata.o
                0x00007fc0                cy_meta_loadable

.cyflashprotect
                0x90400000       0x20
 *(.cyflashprotect)
 .cyflashprotect
                0x90400000       0x20 .\CortexM0\ARM_GCC_484\Debug\cybootloader.o
                0x90400000                cy_meta_flashprotect

.cymeta         0x90500000        0xc
 *(.cymeta)
 .cymeta        0x90500000        0xc .\CortexM0\ARM_GCC_484\Debug\cybootloader.o
                0x90500000                cy_metadata

.cychipprotect  0x90600000        0x4
 *(.cychipprotect)
 .cychipprotect
                0x90600000        0x4 .\CortexM0\ARM_GCC_484\Debug\cybootloader.o
                0x90600000                cy_meta_chipprotect

.rel.dyn        0x00008000        0x0 load address 0x90600004
 .rel.iplt      0x00000000        0x0 c:/works/programs/psoc_creator/psoc creator/3.2/psoc_creator/import/gnu/arm/4.8.4/bin/../lib/gcc/arm-none-eabi/4.8.4/armv6-m/crtbegin.o

.stab
 *(.stab)

.stabstr
 *(.stabstr)

.debug
 *(.debug)

.line
 *(.line)

.debug_srcinfo
 *(.debug_srcinfo)

.debug_sfnames
 *(.debug_sfnames)

.debug_aranges  0x00000000      0x490
 *(.debug_aranges)
 .debug_aranges
                0x00000000       0x28 .\CortexM0\ARM_GCC_484\Debug\main.o
 .debug_aranges
                0x00000028       0x18 .\CortexM0\ARM_GCC_484\Debug\cymetadata.o
 .debug_aranges
                0x00000040       0x48 .\CortexM0\ARM_GCC_484\Debug\Cm0Start.o
 .debug_aranges
                0x00000088       0x18 .\CortexM0\ARM_GCC_484\Debug\cybootloader.o
 .debug_aranges
                0x000000a0       0x38 .\CortexM0\ARM_GCC_484\Debug\D-21_s-6#1.a(cyfitter_cfg.o)
 .debug_aranges
                0x000000d8      0x170 .\CortexM0\ARM_GCC_484\Debug\D-21_s-6#1.a(CyLib.o)
 .debug_aranges
                0x00000248      0x120 .\CortexM0\ARM_GCC_484\Debug\D-21_s-6#1.a(CyLFClk.o)
 .debug_aranges
                0x00000368       0x40 .\CortexM0\ARM_GCC_484\Debug\D-21_s-6#1.a(OUT_1.o)
 .debug_aranges
                0x000003a8       0x40 .\CortexM0\ARM_GCC_484\Debug\D-21_s-6#1.a(OUT_2.o)
 .debug_aranges
                0x000003e8       0x88 .\CortexM0\ARM_GCC_484\Debug\D-21_s-6#1.a(PWM_1.o)
 .debug_aranges
                0x00000470       0x20 .\CortexM0\ARM_GCC_484\Debug\D-21_s-6#1.a(CyBootAsmGnu.o)

.debug_pubnames
 *(.debug_pubnames)

.debug_info     0x00000000     0x2767
 *(.debug_info .gnu.linkonce.wi.*)
 .debug_info    0x00000000      0x189 .\CortexM0\ARM_GCC_484\Debug\main.o
 .debug_info    0x00000189       0xb1 .\CortexM0\ARM_GCC_484\Debug\cymetadata.o
 .debug_info    0x0000023a      0x397 .\CortexM0\ARM_GCC_484\Debug\Cm0Start.o
 .debug_info    0x000005d1      0x14d .\CortexM0\ARM_GCC_484\Debug\cybootloader.o
 .debug_info    0x0000071e      0x3bd .\CortexM0\ARM_GCC_484\Debug\D-21_s-6#1.a(cyfitter_cfg.o)
 .debug_info    0x00000adb      0xa5f .\CortexM0\ARM_GCC_484\Debug\D-21_s-6#1.a(CyLib.o)
 .debug_info    0x0000153a      0xc42 .\CortexM0\ARM_GCC_484\Debug\D-21_s-6#1.a(CyLFClk.o)
 .debug_info    0x0000217c      0x150 .\CortexM0\ARM_GCC_484\Debug\D-21_s-6#1.a(OUT_1.o)
 .debug_info    0x000022cc      0x150 .\CortexM0\ARM_GCC_484\Debug\D-21_s-6#1.a(OUT_2.o)
 .debug_info    0x0000241c      0x2c8 .\CortexM0\ARM_GCC_484\Debug\D-21_s-6#1.a(PWM_1.o)
 .debug_info    0x000026e4       0x83 .\CortexM0\ARM_GCC_484\Debug\D-21_s-6#1.a(CyBootAsmGnu.o)

.debug_abbrev   0x00000000      0xc99
 *(.debug_abbrev)
 .debug_abbrev  0x00000000       0xf8 .\CortexM0\ARM_GCC_484\Debug\main.o
 .debug_abbrev  0x000000f8       0x5d .\CortexM0\ARM_GCC_484\Debug\cymetadata.o
 .debug_abbrev  0x00000155      0x20d .\CortexM0\ARM_GCC_484\Debug\Cm0Start.o
 .debug_abbrev  0x00000362       0x77 .\CortexM0\ARM_GCC_484\Debug\cybootloader.o
 .debug_abbrev  0x000003d9      0x1dc .\CortexM0\ARM_GCC_484\Debug\D-21_s-6#1.a(cyfitter_cfg.o)
 .debug_abbrev  0x000005b5      0x20d .\CortexM0\ARM_GCC_484\Debug\D-21_s-6#1.a(CyLib.o)
 .debug_abbrev  0x000007c2      0x226 .\CortexM0\ARM_GCC_484\Debug\D-21_s-6#1.a(CyLFClk.o)
 .debug_abbrev  0x000009e8       0xb7 .\CortexM0\ARM_GCC_484\Debug\D-21_s-6#1.a(OUT_1.o)
 .debug_abbrev  0x00000a9f       0xb7 .\CortexM0\ARM_GCC_484\Debug\D-21_s-6#1.a(OUT_2.o)
 .debug_abbrev  0x00000b56      0x12f .\CortexM0\ARM_GCC_484\Debug\D-21_s-6#1.a(PWM_1.o)
 .debug_abbrev  0x00000c85       0x14 .\CortexM0\ARM_GCC_484\Debug\D-21_s-6#1.a(CyBootAsmGnu.o)

.debug_line     0x00000000     0x103d
 *(.debug_line)
 .debug_line    0x00000000       0xa1 .\CortexM0\ARM_GCC_484\Debug\main.o
 .debug_line    0x000000a1       0x53 .\CortexM0\ARM_GCC_484\Debug\cymetadata.o
 .debug_line    0x000000f4      0x231 .\CortexM0\ARM_GCC_484\Debug\Cm0Start.o
 .debug_line    0x00000325       0x55 .\CortexM0\ARM_GCC_484\Debug\cybootloader.o
 .debug_line    0x0000037a      0x16c .\CortexM0\ARM_GCC_484\Debug\D-21_s-6#1.a(cyfitter_cfg.o)
 .debug_line    0x000004e6      0x42f .\CortexM0\ARM_GCC_484\Debug\D-21_s-6#1.a(CyLib.o)
 .debug_line    0x00000915      0x3fa .\CortexM0\ARM_GCC_484\Debug\D-21_s-6#1.a(CyLFClk.o)
 .debug_line    0x00000d0f       0xab .\CortexM0\ARM_GCC_484\Debug\D-21_s-6#1.a(OUT_1.o)
 .debug_line    0x00000dba       0xab .\CortexM0\ARM_GCC_484\Debug\D-21_s-6#1.a(OUT_2.o)
 .debug_line    0x00000e65      0x16f .\CortexM0\ARM_GCC_484\Debug\D-21_s-6#1.a(PWM_1.o)
 .debug_line    0x00000fd4       0x69 .\CortexM0\ARM_GCC_484\Debug\D-21_s-6#1.a(CyBootAsmGnu.o)

.debug_frame    0x00000000      0xb40
 *(.debug_frame)
 .debug_frame   0x00000000       0x48 .\CortexM0\ARM_GCC_484\Debug\main.o
 .debug_frame   0x00000048       0xbc .\CortexM0\ARM_GCC_484\Debug\Cm0Start.o
 .debug_frame   0x00000104       0x8c .\CortexM0\ARM_GCC_484\Debug\D-21_s-6#1.a(cyfitter_cfg.o)
 .debug_frame   0x00000190      0x3bc .\CortexM0\ARM_GCC_484\Debug\D-21_s-6#1.a(CyLib.o)
 .debug_frame   0x0000054c      0x36c .\CortexM0\ARM_GCC_484\Debug\D-21_s-6#1.a(CyLFClk.o)
 .debug_frame   0x000008b8       0x60 .\CortexM0\ARM_GCC_484\Debug\D-21_s-6#1.a(OUT_1.o)
 .debug_frame   0x00000918       0x60 .\CortexM0\ARM_GCC_484\Debug\D-21_s-6#1.a(OUT_2.o)
 .debug_frame   0x00000978      0x114 .\CortexM0\ARM_GCC_484\Debug\D-21_s-6#1.a(PWM_1.o)
 .debug_frame   0x00000a8c       0x20 c:/works/programs/psoc_creator/psoc creator/3.2/psoc_creator/import/gnu/arm/4.8.4/bin/../lib/gcc/arm-none-eabi/4.8.4/armv6-m\libgcc.a(_udivsi3.o)
 .debug_frame   0x00000aac       0x20 c:/works/programs/psoc_creator/psoc creator/3.2/psoc_creator/import/gnu/arm/4.8.4/bin/../lib/gcc/arm-none-eabi/4.8.4/../../../../arm-none-eabi/lib/armv6-m\libg_s.a(lib_a-errno.o)
 .debug_frame   0x00000acc       0x28 c:/works/programs/psoc_creator/psoc creator/3.2/psoc_creator/import/gnu/arm/4.8.4/bin/../lib/gcc/arm-none-eabi/4.8.4/../../../../arm-none-eabi/lib/armv6-m\libg_s.a(lib_a-exit.o)
 .debug_frame   0x00000af4       0x2c c:/works/programs/psoc_creator/psoc creator/3.2/psoc_creator/import/gnu/arm/4.8.4/bin/../lib/gcc/arm-none-eabi/4.8.4/../../../../arm-none-eabi/lib/armv6-m\libg_s.a(lib_a-init.o)
 .debug_frame   0x00000b20       0x20 c:/works/programs/psoc_creator/psoc creator/3.2/psoc_creator/import/gnu/arm/4.8.4/bin/../lib/gcc/arm-none-eabi/4.8.4/../../../../arm-none-eabi/lib/armv6-m\libg_s.a(lib_a-memset.o)

.debug_str      0x00000000      0xf78
 *(.debug_str)
 .debug_str     0x00000000      0x17c .\CortexM0\ARM_GCC_484\Debug\main.o
                                0x1b5 (size before relaxing)
 .debug_str     0x0000017c       0x37 .\CortexM0\ARM_GCC_484\Debug\cymetadata.o
                                0x18b (size before relaxing)
 .debug_str     0x000001b3      0x172 .\CortexM0\ARM_GCC_484\Debug\Cm0Start.o
                                0x2e5 (size before relaxing)
 .debug_str     0x00000325       0x7a .\CortexM0\ARM_GCC_484\Debug\cybootloader.o
                                0x1ce (size before relaxing)
 .debug_str     0x0000039f      0x102 .\CortexM0\ARM_GCC_484\Debug\D-21_s-6#1.a(cyfitter_cfg.o)
                                0x2ad (size before relaxing)
 .debug_str     0x000004a1      0x44d .\CortexM0\ARM_GCC_484\Debug\D-21_s-6#1.a(CyLib.o)
                                0x62a (size before relaxing)
 .debug_str     0x000008ee      0x476 .\CortexM0\ARM_GCC_484\Debug\D-21_s-6#1.a(CyLFClk.o)
                                0x634 (size before relaxing)
 .debug_str     0x00000d64       0x6e .\CortexM0\ARM_GCC_484\Debug\D-21_s-6#1.a(OUT_1.o)
                                0x1e8 (size before relaxing)
 .debug_str     0x00000dd2       0x5b .\CortexM0\ARM_GCC_484\Debug\D-21_s-6#1.a(OUT_2.o)
                                0x1e8 (size before relaxing)
 .debug_str     0x00000e2d      0x14b .\CortexM0\ARM_GCC_484\Debug\D-21_s-6#1.a(PWM_1.o)
                                0x2dd (size before relaxing)

.debug_loc      0x00000000     0x11f7
 *(.debug_loc)
 .debug_loc     0x00000000       0x7c .\CortexM0\ARM_GCC_484\Debug\main.o
 .debug_loc     0x0000007c      0x144 .\CortexM0\ARM_GCC_484\Debug\Cm0Start.o
 .debug_loc     0x000001c0      0x14c .\CortexM0\ARM_GCC_484\Debug\D-21_s-6#1.a(cyfitter_cfg.o)
 .debug_loc     0x0000030c      0x5f7 .\CortexM0\ARM_GCC_484\Debug\D-21_s-6#1.a(CyLib.o)
 .debug_loc     0x00000903      0x7df .\CortexM0\ARM_GCC_484\Debug\D-21_s-6#1.a(CyLFClk.o)
 .debug_loc     0x000010e2       0x81 .\CortexM0\ARM_GCC_484\Debug\D-21_s-6#1.a(OUT_1.o)
 .debug_loc     0x00001163       0x81 .\CortexM0\ARM_GCC_484\Debug\D-21_s-6#1.a(OUT_2.o)
 .debug_loc     0x000011e4       0x13 .\CortexM0\ARM_GCC_484\Debug\D-21_s-6#1.a(PWM_1.o)

.debug_macinfo
 *(.debug_macinfo)

.debug_ranges   0x00000000      0x408
 *(.debug_ranges)
 .debug_ranges  0x00000000       0x18 .\CortexM0\ARM_GCC_484\Debug\main.o
 .debug_ranges  0x00000018       0x50 .\CortexM0\ARM_GCC_484\Debug\Cm0Start.o
 .debug_ranges  0x00000068       0x58 .\CortexM0\ARM_GCC_484\Debug\D-21_s-6#1.a(cyfitter_cfg.o)
 .debug_ranges  0x000000c0      0x160 .\CortexM0\ARM_GCC_484\Debug\D-21_s-6#1.a(CyLib.o)
 .debug_ranges  0x00000220      0x110 .\CortexM0\ARM_GCC_484\Debug\D-21_s-6#1.a(CyLFClk.o)
 .debug_ranges  0x00000330       0x30 .\CortexM0\ARM_GCC_484\Debug\D-21_s-6#1.a(OUT_1.o)
 .debug_ranges  0x00000360       0x30 .\CortexM0\ARM_GCC_484\Debug\D-21_s-6#1.a(OUT_2.o)
 .debug_ranges  0x00000390       0x78 .\CortexM0\ARM_GCC_484\Debug\D-21_s-6#1.a(PWM_1.o)

.comment        0x00000000       0x70
 .comment       0x00000000       0x70 .\CortexM0\ARM_GCC_484\Debug\main.o
                                 0x71 (size before relaxing)
 .comment       0x00000000       0x71 .\CortexM0\ARM_GCC_484\Debug\cymetadata.o
 .comment       0x00000000       0x71 .\CortexM0\ARM_GCC_484\Debug\Cm0Start.o
 .comment       0x00000000       0x71 .\CortexM0\ARM_GCC_484\Debug\cybootloader.o
 .comment       0x00000000       0x71 .\CortexM0\ARM_GCC_484\Debug\D-21_s-6#1.a(cyfitter_cfg.o)
 .comment       0x00000000       0x71 .\CortexM0\ARM_GCC_484\Debug\D-21_s-6#1.a(CyLib.o)
 .comment       0x00000000       0x71 .\CortexM0\ARM_GCC_484\Debug\D-21_s-6#1.a(CyLFClk.o)
 .comment       0x00000000       0x71 .\CortexM0\ARM_GCC_484\Debug\D-21_s-6#1.a(OUT_1.o)
 .comment       0x00000000       0x71 .\CortexM0\ARM_GCC_484\Debug\D-21_s-6#1.a(OUT_2.o)
 .comment       0x00000000       0x71 .\CortexM0\ARM_GCC_484\Debug\D-21_s-6#1.a(PWM_1.o)

.debug_weaknames
 *(.debug_weaknames)

.debug_funcnames
 *(.debug_funcnames)

.debug_typenames
 *(.debug_typenames)

.debug_varnames
 *(.debug_varnames)

.note.gnu.arm.ident
 *(.note.gnu.arm.ident)

.ARM.attributes
                0x00000000       0x28
 *(.ARM.attributes)
 .ARM.attributes
                0x00000000       0x1e c:/works/programs/psoc_creator/psoc creator/3.2/psoc_creator/import/gnu/arm/4.8.4/bin/../lib/gcc/arm-none-eabi/4.8.4/armv6-m/crti.o
 .ARM.attributes
                0x0000001e       0x2c c:/works/programs/psoc_creator/psoc creator/3.2/psoc_creator/import/gnu/arm/4.8.4/bin/../lib/gcc/arm-none-eabi/4.8.4/armv6-m/crtbegin.o
 .ARM.attributes
                0x0000004a       0x1b c:/works/programs/psoc_creator/psoc creator/3.2/psoc_creator/import/gnu/arm/4.8.4/bin/../lib/gcc/arm-none-eabi/4.8.4/../../../../arm-none-eabi/lib/armv6-m/crt0.o
 .ARM.attributes
                0x00000065       0x31 .\CortexM0\ARM_GCC_484\Debug\main.o
 .ARM.attributes
                0x00000096       0x31 .\CortexM0\ARM_GCC_484\Debug\cymetadata.o
 .ARM.attributes
                0x000000c7       0x31 .\CortexM0\ARM_GCC_484\Debug\Cm0Start.o
 .ARM.attributes
                0x000000f8       0x31 .\CortexM0\ARM_GCC_484\Debug\cybootloader.o
 .ARM.attributes
                0x00000129       0x31 .\CortexM0\ARM_GCC_484\Debug\D-21_s-6#1.a(cyfitter_cfg.o)
 .ARM.attributes
                0x0000015a       0x31 .\CortexM0\ARM_GCC_484\Debug\D-21_s-6#1.a(CyLib.o)
 .ARM.attributes
                0x0000018b       0x31 .\CortexM0\ARM_GCC_484\Debug\D-21_s-6#1.a(CyLFClk.o)
 .ARM.attributes
                0x000001bc       0x31 .\CortexM0\ARM_GCC_484\Debug\D-21_s-6#1.a(OUT_1.o)
 .ARM.attributes
                0x000001ed       0x31 .\CortexM0\ARM_GCC_484\Debug\D-21_s-6#1.a(OUT_2.o)
 .ARM.attributes
                0x0000021e       0x31 .\CortexM0\ARM_GCC_484\Debug\D-21_s-6#1.a(PWM_1.o)
 .ARM.attributes
                0x0000024f       0x21 .\CortexM0\ARM_GCC_484\Debug\D-21_s-6#1.a(CyBootAsmGnu.o)
 .ARM.attributes
                0x00000270       0x1e c:/works/programs/psoc_creator/psoc creator/3.2/psoc_creator/import/gnu/arm/4.8.4/bin/../lib/gcc/arm-none-eabi/4.8.4/armv6-m\libgcc.a(_udivsi3.o)
 .ARM.attributes
                0x0000028e       0x1e c:/works/programs/psoc_creator/psoc creator/3.2/psoc_creator/import/gnu/arm/4.8.4/bin/../lib/gcc/arm-none-eabi/4.8.4/armv6-m\libgcc.a(_dvmd_tls.o)
 .ARM.attributes
                0x000002ac       0x2c c:/works/programs/psoc_creator/psoc creator/3.2/psoc_creator/import/gnu/arm/4.8.4/bin/../lib/gcc/arm-none-eabi/4.8.4/../../../../arm-none-eabi/lib/armv6-m\libg_s.a(lib_a-errno.o)
 .ARM.attributes
                0x000002d8       0x2c c:/works/programs/psoc_creator/psoc creator/3.2/psoc_creator/import/gnu/arm/4.8.4/bin/../lib/gcc/arm-none-eabi/4.8.4/../../../../arm-none-eabi/lib/armv6-m\libg_s.a(lib_a-exit.o)
 .ARM.attributes
                0x00000304       0x2c c:/works/programs/psoc_creator/psoc creator/3.2/psoc_creator/import/gnu/arm/4.8.4/bin/../lib/gcc/arm-none-eabi/4.8.4/../../../../arm-none-eabi/lib/armv6-m\libg_s.a(lib_a-impure.o)
 .ARM.attributes
                0x00000330       0x2c c:/works/programs/psoc_creator/psoc creator/3.2/psoc_creator/import/gnu/arm/4.8.4/bin/../lib/gcc/arm-none-eabi/4.8.4/../../../../arm-none-eabi/lib/armv6-m\libg_s.a(lib_a-init.o)
 .ARM.attributes
                0x0000035c       0x2c c:/works/programs/psoc_creator/psoc creator/3.2/psoc_creator/import/gnu/arm/4.8.4/bin/../lib/gcc/arm-none-eabi/4.8.4/../../../../arm-none-eabi/lib/armv6-m\libg_s.a(lib_a-memset.o)
 .ARM.attributes
                0x00000388       0x2c c:/works/programs/psoc_creator/psoc creator/3.2/psoc_creator/import/gnu/arm/4.8.4/bin/../lib/gcc/arm-none-eabi/4.8.4/armv6-m/crtend.o
 .ARM.attributes
                0x000003b4       0x1e c:/works/programs/psoc_creator/psoc creator/3.2/psoc_creator/import/gnu/arm/4.8.4/bin/../lib/gcc/arm-none-eabi/4.8.4/armv6-m/crtn.o

/DISCARD/
 *(.note.GNU-stack)
OUTPUT(.\CortexM0\ARM_GCC_484\Debug\D-21_s-6#1.elf elf32-littlearm)
