Archive member included because of file (symbol)

.\CortexM0\ARM_GCC_484\Debug\D-21_s-7#1.a(cyfitter_cfg.o)
                              .\CortexM0\ARM_GCC_484\Debug\Cm0Start.o (cyfitter_cfg)
.\CortexM0\ARM_GCC_484\Debug\D-21_s-7#1.a(CyLib.o)
                              .\CortexM0\ARM_GCC_484\Debug\D-21_s-7#1.a(cyfitter_cfg.o) (CyIntEnable)
.\CortexM0\ARM_GCC_484\Debug\D-21_s-7#1.a(CyLFClk.o)
                              .\CortexM0\ARM_GCC_484\Debug\D-21_s-7#1.a(cyfitter_cfg.o) (CySysWdtIsr)
.\CortexM0\ARM_GCC_484\Debug\D-21_s-7#1.a(CapSense.o)
                              .\CortexM0\ARM_GCC_484\Debug\main.o (CapSense_IsBusy)
.\CortexM0\ARM_GCC_484\Debug\D-21_s-7#1.a(CapSense_CSHL.o)
                              .\CortexM0\ARM_GCC_484\Debug\main.o (CapSense_InitializeAllBaselines)
.\CortexM0\ARM_GCC_484\Debug\D-21_s-7#1.a(CapSense_INT.o)
                              .\CortexM0\ARM_GCC_484\Debug\D-21_s-7#1.a(CapSense.o) (CapSense_ISR)
.\CortexM0\ARM_GCC_484\Debug\D-21_s-7#1.a(CapSense_SMS.o)
                              .\CortexM0\ARM_GCC_484\Debug\D-21_s-7#1.a(CapSense_CSHL.o) (CapSense_UpdateThresholds)
.\CortexM0\ARM_GCC_484\Debug\D-21_s-7#1.a(CapSense_SampleClk.o)
                              .\CortexM0\ARM_GCC_484\Debug\D-21_s-7#1.a(CapSense.o) (CapSense_SampleClk_Start)
.\CortexM0\ARM_GCC_484\Debug\D-21_s-7#1.a(CapSense_SenseClk.o)
                              .\CortexM0\ARM_GCC_484\Debug\D-21_s-7#1.a(CapSense.o) (CapSense_SenseClk_Start)
.\CortexM0\ARM_GCC_484\Debug\D-21_s-7#1.a(PWM_1.o)
                              .\CortexM0\ARM_GCC_484\Debug\main.o (PWM_1_WriteCompare)
.\CortexM0\ARM_GCC_484\Debug\D-21_s-7#1.a(CyBootAsmGnu.o)
                              .\CortexM0\ARM_GCC_484\Debug\D-21_s-7#1.a(CyLib.o) (CyDelayCycles)
C:\WORKS\Programs\PSoC_Creator\PSoC Creator\3.2\PSoC_Creator\psoc\content\cycomponentlibrary\CyComponentLibrary.cylib\CapSense_CSD_P4_v2_20\PSoC4\Library\CapsenseP4Library_GCC.a(CSD_P4_SmartSense_v2_20.o)
                              .\CortexM0\ARM_GCC_484\Debug\D-21_s-7#1.a(CapSense_SMS.o) (CalibrateSensors_P4_v2_20)
c:/works/programs/psoc_creator/psoc creator/3.2/psoc_creator/import/gnu/arm/4.8.4/bin/../lib/gcc/arm-none-eabi/4.8.4/armv6-m\libgcc.a(_udivsi3.o)
                              .\CortexM0\ARM_GCC_484\Debug\D-21_s-7#1.a(CyLib.o) (__aeabi_uidiv)
c:/works/programs/psoc_creator/psoc creator/3.2/psoc_creator/import/gnu/arm/4.8.4/bin/../lib/gcc/arm-none-eabi/4.8.4/armv6-m\libgcc.a(_divsi3.o)
                              .\CortexM0\ARM_GCC_484\Debug\D-21_s-7#1.a(CapSense_CSHL.o) (__aeabi_idiv)
c:/works/programs/psoc_creator/psoc creator/3.2/psoc_creator/import/gnu/arm/4.8.4/bin/../lib/gcc/arm-none-eabi/4.8.4/armv6-m\libgcc.a(_dvmd_tls.o)
                              c:/works/programs/psoc_creator/psoc creator/3.2/psoc_creator/import/gnu/arm/4.8.4/bin/../lib/gcc/arm-none-eabi/4.8.4/armv6-m\libgcc.a(_udivsi3.o) (__aeabi_idiv0)
c:/works/programs/psoc_creator/psoc creator/3.2/psoc_creator/import/gnu/arm/4.8.4/bin/../lib/gcc/arm-none-eabi/4.8.4/../../../../arm-none-eabi/lib/armv6-m\libg_s.a(lib_a-errno.o)
                              .\CortexM0\ARM_GCC_484\Debug\Cm0Start.o (__errno)
c:/works/programs/psoc_creator/psoc creator/3.2/psoc_creator/import/gnu/arm/4.8.4/bin/../lib/gcc/arm-none-eabi/4.8.4/../../../../arm-none-eabi/lib/armv6-m\libg_s.a(lib_a-exit.o)
                              c:/works/programs/psoc_creator/psoc creator/3.2/psoc_creator/import/gnu/arm/4.8.4/bin/../lib/gcc/arm-none-eabi/4.8.4/../../../../arm-none-eabi/lib/armv6-m/crt0.o (exit)
c:/works/programs/psoc_creator/psoc creator/3.2/psoc_creator/import/gnu/arm/4.8.4/bin/../lib/gcc/arm-none-eabi/4.8.4/../../../../arm-none-eabi/lib/armv6-m\libg_s.a(lib_a-impure.o)
                              c:/works/programs/psoc_creator/psoc creator/3.2/psoc_creator/import/gnu/arm/4.8.4/bin/../lib/gcc/arm-none-eabi/4.8.4/../../../../arm-none-eabi/lib/armv6-m\libg_s.a(lib_a-exit.o) (_global_impure_ptr)
c:/works/programs/psoc_creator/psoc creator/3.2/psoc_creator/import/gnu/arm/4.8.4/bin/../lib/gcc/arm-none-eabi/4.8.4/../../../../arm-none-eabi/lib/armv6-m\libg_s.a(lib_a-init.o)
                              c:/works/programs/psoc_creator/psoc creator/3.2/psoc_creator/import/gnu/arm/4.8.4/bin/../lib/gcc/arm-none-eabi/4.8.4/../../../../arm-none-eabi/lib/armv6-m/crt0.o (__libc_init_array)
c:/works/programs/psoc_creator/psoc creator/3.2/psoc_creator/import/gnu/arm/4.8.4/bin/../lib/gcc/arm-none-eabi/4.8.4/../../../../arm-none-eabi/lib/armv6-m\libg_s.a(lib_a-memset.o)
                              c:/works/programs/psoc_creator/psoc creator/3.2/psoc_creator/import/gnu/arm/4.8.4/bin/../lib/gcc/arm-none-eabi/4.8.4/../../../../arm-none-eabi/lib/armv6-m/crt0.o (memset)

Allocating common symbols
Common symbol       size              file

CapSense_noiseThreshold
                    0x1               .\CortexM0\ARM_GCC_484\Debug\D-21_s-7#1.a(CapSense_CSHL.o)
CapSense_csdTrim1   0x1               .\CortexM0\ARM_GCC_484\Debug\D-21_s-7#1.a(CapSense.o)
signRegisterTbl     0x5               .\CortexM0\ARM_GCC_484\Debug\D-21_s-7#1.a(CapSense_SMS.o)
CapSense_lowBaselineResetCnt
                    0x5               .\CortexM0\ARM_GCC_484\Debug\D-21_s-7#1.a(CapSense_CSHL.o)
runningDifferenceTbl
                    0x5               .\CortexM0\ARM_GCC_484\Debug\D-21_s-7#1.a(CapSense_SMS.o)
CapSense_sensorEnableMaskBackup
                    0x1               .\CortexM0\ARM_GCC_484\Debug\D-21_s-7#1.a(CapSense.o)
CapSense_senseClkDividerVal
                    0x5               .\CortexM0\ARM_GCC_484\Debug\D-21_s-7#1.a(CapSense.o)
CapSense_negativeNoiseThreshold
                    0x1               .\CortexM0\ARM_GCC_484\Debug\D-21_s-7#1.a(CapSense_CSHL.o)
CapSense_modulationIDAC
                    0x5               .\CortexM0\ARM_GCC_484\Debug\D-21_s-7#1.a(CapSense.o)
sampleMinTbl        0xa               .\CortexM0\ARM_GCC_484\Debug\D-21_s-7#1.a(CapSense_SMS.o)
CapSense_compensationIDAC
                    0x5               .\CortexM0\ARM_GCC_484\Debug\D-21_s-7#1.a(CapSense.o)
scanSpeedTbl        0x1               .\CortexM0\ARM_GCC_484\Debug\D-21_s-7#1.a(CapSense.o)
CapSense_unscannedSnsDriveMode
                    0x5               .\CortexM0\ARM_GCC_484\Debug\D-21_s-7#1.a(CapSense.o)
previousSampleTbl   0xa               .\CortexM0\ARM_GCC_484\Debug\D-21_s-7#1.a(CapSense_SMS.o)
CapSense_sampleClkDividerVal
                    0x5               .\CortexM0\ARM_GCC_484\Debug\D-21_s-7#1.a(CapSense.o)
kValueTbl           0x5               .\CortexM0\ARM_GCC_484\Debug\D-21_s-7#1.a(CapSense_SMS.o)
CapSense_config     0xc               .\CortexM0\ARM_GCC_484\Debug\D-21_s-7#1.a(CapSense_SMS.o)
sampleMaxTbl        0xa               .\CortexM0\ARM_GCC_484\Debug\D-21_s-7#1.a(CapSense_SMS.o)
CapSense_rawFilterData1
                    0xa               .\CortexM0\ARM_GCC_484\Debug\D-21_s-7#1.a(CapSense_CSHL.o)
CapSense_hysteresis
                    0x1               .\CortexM0\ARM_GCC_484\Debug\D-21_s-7#1.a(CapSense_CSHL.o)
noiseEnvelopeTbl    0x5               .\CortexM0\ARM_GCC_484\Debug\D-21_s-7#1.a(CapSense_SMS.o)
CapSense_fingerThreshold
                    0x1               .\CortexM0\ARM_GCC_484\Debug\D-21_s-7#1.a(CapSense_CSHL.o)

Discarded input sections

 .text          0x00000000        0x0 c:/works/programs/psoc_creator/psoc creator/3.2/psoc_creator/import/gnu/arm/4.8.4/bin/../lib/gcc/arm-none-eabi/4.8.4/armv6-m/crti.o
 .data          0x00000000        0x0 c:/works/programs/psoc_creator/psoc creator/3.2/psoc_creator/import/gnu/arm/4.8.4/bin/../lib/gcc/arm-none-eabi/4.8.4/armv6-m/crti.o
 .bss           0x00000000        0x0 c:/works/programs/psoc_creator/psoc creator/3.2/psoc_creator/import/gnu/arm/4.8.4/bin/../lib/gcc/arm-none-eabi/4.8.4/armv6-m/crti.o
 .data          0x00000000        0x4 c:/works/programs/psoc_creator/psoc creator/3.2/psoc_creator/import/gnu/arm/4.8.4/bin/../lib/gcc/arm-none-eabi/4.8.4/armv6-m/crtbegin.o
 .text          0x00000000       0x78 c:/works/programs/psoc_creator/psoc creator/3.2/psoc_creator/import/gnu/arm/4.8.4/bin/../lib/gcc/arm-none-eabi/4.8.4/../../../../arm-none-eabi/lib/armv6-m/crt0.o
 .data          0x00000000        0x0 c:/works/programs/psoc_creator/psoc creator/3.2/psoc_creator/import/gnu/arm/4.8.4/bin/../lib/gcc/arm-none-eabi/4.8.4/../../../../arm-none-eabi/lib/armv6-m/crt0.o
 .bss           0x00000000        0x0 c:/works/programs/psoc_creator/psoc creator/3.2/psoc_creator/import/gnu/arm/4.8.4/bin/../lib/gcc/arm-none-eabi/4.8.4/../../../../arm-none-eabi/lib/armv6-m/crt0.o
 .ARM.extab     0x00000000        0x0 c:/works/programs/psoc_creator/psoc creator/3.2/psoc_creator/import/gnu/arm/4.8.4/bin/../lib/gcc/arm-none-eabi/4.8.4/../../../../arm-none-eabi/lib/armv6-m/crt0.o
 .ARM.exidx     0x00000000        0x8 c:/works/programs/psoc_creator/psoc creator/3.2/psoc_creator/import/gnu/arm/4.8.4/bin/../lib/gcc/arm-none-eabi/4.8.4/../../../../arm-none-eabi/lib/armv6-m/crt0.o
 .text          0x00000000        0x0 .\CortexM0\ARM_GCC_484\Debug\main.o
 .data          0x00000000        0x0 .\CortexM0\ARM_GCC_484\Debug\main.o
 .bss           0x00000000        0x0 .\CortexM0\ARM_GCC_484\Debug\main.o
 .text          0x00000000        0x0 .\CortexM0\ARM_GCC_484\Debug\cybootloader.o
 .data          0x00000000        0x0 .\CortexM0\ARM_GCC_484\Debug\cybootloader.o
 .bss           0x00000000        0x0 .\CortexM0\ARM_GCC_484\Debug\cybootloader.o
 .text          0x00000000        0x0 .\CortexM0\ARM_GCC_484\Debug\cymetadata.o
 .data          0x00000000        0x0 .\CortexM0\ARM_GCC_484\Debug\cymetadata.o
 .bss           0x00000000        0x0 .\CortexM0\ARM_GCC_484\Debug\cymetadata.o
 .text          0x00000000        0x0 .\CortexM0\ARM_GCC_484\Debug\Cm0Start.o
 .data          0x00000000        0x4 .\CortexM0\ARM_GCC_484\Debug\Cm0Start.o
 .bss           0x00000000        0x0 .\CortexM0\ARM_GCC_484\Debug\Cm0Start.o
 .text._exit    0x00000000        0xc .\CortexM0\ARM_GCC_484\Debug\Cm0Start.o
 .text._sbrk    0x00000000       0x30 .\CortexM0\ARM_GCC_484\Debug\Cm0Start.o
 .text          0x00000000        0x0 .\CortexM0\ARM_GCC_484\Debug\D-21_s-7#1.a(cyfitter_cfg.o)
 .data          0x00000000        0x0 .\CortexM0\ARM_GCC_484\Debug\D-21_s-7#1.a(cyfitter_cfg.o)
 .bss           0x00000000        0x0 .\CortexM0\ARM_GCC_484\Debug\D-21_s-7#1.a(cyfitter_cfg.o)
 .text          0x00000000        0x0 .\CortexM0\ARM_GCC_484\Debug\D-21_s-7#1.a(CyLib.o)
 .bss           0x00000000       0x18 .\CortexM0\ARM_GCC_484\Debug\D-21_s-7#1.a(CyLib.o)
 .text.CySysClkImoStart
                0x00000000       0x14 .\CortexM0\ARM_GCC_484\Debug\D-21_s-7#1.a(CyLib.o)
 .text.CySysClkImoStop
                0x00000000       0x10 .\CortexM0\ARM_GCC_484\Debug\D-21_s-7#1.a(CyLib.o)
 .text.CySysClkWriteHfclkDirect
                0x00000000       0x24 .\CortexM0\ARM_GCC_484\Debug\D-21_s-7#1.a(CyLib.o)
 .text.CySysClkWriteSysclkDiv
                0x00000000       0x28 .\CortexM0\ARM_GCC_484\Debug\D-21_s-7#1.a(CyLib.o)
 .text.CySysLvdDisable
                0x00000000       0x20 .\CortexM0\ARM_GCC_484\Debug\D-21_s-7#1.a(CyLib.o)
 .text.CySysLvdGetInterruptSource
                0x00000000       0x10 .\CortexM0\ARM_GCC_484\Debug\D-21_s-7#1.a(CyLib.o)
 .text.CySysLvdClearInterrupt
                0x00000000        0xc .\CortexM0\ARM_GCC_484\Debug\D-21_s-7#1.a(CyLib.o)
 .text.CySysGetResetReason
                0x00000000       0x14 .\CortexM0\ARM_GCC_484\Debug\D-21_s-7#1.a(CyLib.o)
 .text.CyDisableInts
                0x00000000       0x10 .\CortexM0\ARM_GCC_484\Debug\D-21_s-7#1.a(CyLib.o)
 .text.CyEnableInts
                0x00000000        0xc .\CortexM0\ARM_GCC_484\Debug\D-21_s-7#1.a(CyLib.o)
 .text.CyIntGetState
                0x00000000       0x18 .\CortexM0\ARM_GCC_484\Debug\D-21_s-7#1.a(CyLib.o)
 .text.CyIntSetPending
                0x00000000       0x14 .\CortexM0\ARM_GCC_484\Debug\D-21_s-7#1.a(CyLib.o)
 .text.CyIntClearPending
                0x00000000       0x14 .\CortexM0\ARM_GCC_484\Debug\D-21_s-7#1.a(CyLib.o)
 .text.CyIntSetSysVector
                0x00000000       0x20 .\CortexM0\ARM_GCC_484\Debug\D-21_s-7#1.a(CyLib.o)
 .text.CyIntGetSysVector
                0x00000000       0x1c .\CortexM0\ARM_GCC_484\Debug\D-21_s-7#1.a(CyLib.o)
 .text.CyIntGetVector
                0x00000000       0x1c .\CortexM0\ARM_GCC_484\Debug\D-21_s-7#1.a(CyLib.o)
 .text.CyIntGetPriority
                0x00000000       0x2c .\CortexM0\ARM_GCC_484\Debug\D-21_s-7#1.a(CyLib.o)
 .text.CySoftwareReset
                0x00000000       0x18 .\CortexM0\ARM_GCC_484\Debug\D-21_s-7#1.a(CyLib.o)
 .text.CyDelay  0x00000000       0x30 .\CortexM0\ARM_GCC_484\Debug\D-21_s-7#1.a(CyLib.o)
 .text.CySysLvdEnable
                0x00000000       0x40 .\CortexM0\ARM_GCC_484\Debug\D-21_s-7#1.a(CyLib.o)
 .text.CyDelayFreq
                0x00000000       0x4c .\CortexM0\ARM_GCC_484\Debug\D-21_s-7#1.a(CyLib.o)
 .text.CySysTickStop
                0x00000000       0x10 .\CortexM0\ARM_GCC_484\Debug\D-21_s-7#1.a(CyLib.o)
 .text.CySysTickEnableInterrupt
                0x00000000       0x10 .\CortexM0\ARM_GCC_484\Debug\D-21_s-7#1.a(CyLib.o)
 .text.CySysTickEnable
                0x00000000       0x18 .\CortexM0\ARM_GCC_484\Debug\D-21_s-7#1.a(CyLib.o)
 .text.CySysTickDisableInterrupt
                0x00000000       0x10 .\CortexM0\ARM_GCC_484\Debug\D-21_s-7#1.a(CyLib.o)
 .text.CySysTickSetReload
                0x00000000       0x10 .\CortexM0\ARM_GCC_484\Debug\D-21_s-7#1.a(CyLib.o)
 .text.CySysTickGetReload
                0x00000000       0x10 .\CortexM0\ARM_GCC_484\Debug\D-21_s-7#1.a(CyLib.o)
 .text.CySysTickGetValue
                0x00000000       0x10 .\CortexM0\ARM_GCC_484\Debug\D-21_s-7#1.a(CyLib.o)
 .text.CySysTickGetCountFlag
                0x00000000       0x10 .\CortexM0\ARM_GCC_484\Debug\D-21_s-7#1.a(CyLib.o)
 .text.CySysTickServiceCallbacks
                0x00000000       0x28 .\CortexM0\ARM_GCC_484\Debug\D-21_s-7#1.a(CyLib.o)
 .text.CySysTickClear
                0x00000000        0xc .\CortexM0\ARM_GCC_484\Debug\D-21_s-7#1.a(CyLib.o)
 .text.CySysTickInit
                0x00000000       0x44 .\CortexM0\ARM_GCC_484\Debug\D-21_s-7#1.a(CyLib.o)
 .text.CySysTickStart
                0x00000000       0x20 .\CortexM0\ARM_GCC_484\Debug\D-21_s-7#1.a(CyLib.o)
 .text.CySysTickSetCallback
                0x00000000       0x10 .\CortexM0\ARM_GCC_484\Debug\D-21_s-7#1.a(CyLib.o)
 .text.CySysTickGetCallback
                0x00000000        0xc .\CortexM0\ARM_GCC_484\Debug\D-21_s-7#1.a(CyLib.o)
 .text.CyGetUniqueId
                0x00000000       0x70 .\CortexM0\ARM_GCC_484\Debug\D-21_s-7#1.a(CyLib.o)
 .text          0x00000000        0x0 .\CortexM0\ARM_GCC_484\Debug\D-21_s-7#1.a(CyLFClk.o)
 .text.CySysClkIloEnabled
                0x00000000       0x14 .\CortexM0\ARM_GCC_484\Debug\D-21_s-7#1.a(CyLFClk.o)
 .text.CySysClkIloStart
                0x00000000       0x14 .\CortexM0\ARM_GCC_484\Debug\D-21_s-7#1.a(CyLFClk.o)
 .text.CySysWdtGetEnabledStatus
                0x00000000       0x24 .\CortexM0\ARM_GCC_484\Debug\D-21_s-7#1.a(CyLFClk.o)
 .text.CySysWdtSetMode
                0x00000000       0x38 .\CortexM0\ARM_GCC_484\Debug\D-21_s-7#1.a(CyLFClk.o)
 .text.CySysClkLfclkPosedgeRestore
                0x00000000       0x2c .\CortexM0\ARM_GCC_484\Debug\D-21_s-7#1.a(CyLFClk.o)
 .text.CySysWdtGetMode
                0x00000000       0x14 .\CortexM0\ARM_GCC_484\Debug\D-21_s-7#1.a(CyLFClk.o)
 .text.CySysWdtSetClearOnMatch
                0x00000000       0x38 .\CortexM0\ARM_GCC_484\Debug\D-21_s-7#1.a(CyLFClk.o)
 .text.CySysWdtGetClearOnMatch
                0x00000000       0x24 .\CortexM0\ARM_GCC_484\Debug\D-21_s-7#1.a(CyLFClk.o)
 .text.CySysWdtEnable
                0x00000000       0x40 .\CortexM0\ARM_GCC_484\Debug\D-21_s-7#1.a(CyLFClk.o)
 .text.CySysWdtDisable
                0x00000000       0x44 .\CortexM0\ARM_GCC_484\Debug\D-21_s-7#1.a(CyLFClk.o)
 .text.CySysWdtSetCascade
                0x00000000       0x34 .\CortexM0\ARM_GCC_484\Debug\D-21_s-7#1.a(CyLFClk.o)
 .text.CySysWdtGetCascade
                0x00000000       0x14 .\CortexM0\ARM_GCC_484\Debug\D-21_s-7#1.a(CyLFClk.o)
 .text.CySysWdtSetMatch
                0x00000000       0x3c .\CortexM0\ARM_GCC_484\Debug\D-21_s-7#1.a(CyLFClk.o)
 .text.CySysWdtSetToggleBit
                0x00000000       0x2c .\CortexM0\ARM_GCC_484\Debug\D-21_s-7#1.a(CyLFClk.o)
 .text.CySysWdtGetToggleBit
                0x00000000       0x10 .\CortexM0\ARM_GCC_484\Debug\D-21_s-7#1.a(CyLFClk.o)
 .text.CySysWdtGetMatch
                0x00000000       0x20 .\CortexM0\ARM_GCC_484\Debug\D-21_s-7#1.a(CyLFClk.o)
 .text.CySysWdtGetCount
                0x00000000       0x3c .\CortexM0\ARM_GCC_484\Debug\D-21_s-7#1.a(CyLFClk.o)
 .text.CySysClkLfclkPosedgeCatch
                0x00000000       0x74 .\CortexM0\ARM_GCC_484\Debug\D-21_s-7#1.a(CyLFClk.o)
 .text.CySysClkIloStop
                0x00000000       0x38 .\CortexM0\ARM_GCC_484\Debug\D-21_s-7#1.a(CyLFClk.o)
 .text.CySysWdtGetInterruptSource
                0x00000000       0x14 .\CortexM0\ARM_GCC_484\Debug\D-21_s-7#1.a(CyLFClk.o)
 .text.CySysWdtResetCounters
                0x00000000       0x20 .\CortexM0\ARM_GCC_484\Debug\D-21_s-7#1.a(CyLFClk.o)
 .text.CySysWdtSetInterruptCallback
                0x00000000       0x20 .\CortexM0\ARM_GCC_484\Debug\D-21_s-7#1.a(CyLFClk.o)
 .text.CySysWdtGetInterruptCallback
                0x00000000       0x20 .\CortexM0\ARM_GCC_484\Debug\D-21_s-7#1.a(CyLFClk.o)
 .text.CySysWdtEnableCounterIsr
                0x00000000       0x34 .\CortexM0\ARM_GCC_484\Debug\D-21_s-7#1.a(CyLFClk.o)
 .text.CySysWdtDisableCounterIsr
                0x00000000       0x28 .\CortexM0\ARM_GCC_484\Debug\D-21_s-7#1.a(CyLFClk.o)
 .text.CySysTimerDelayUntilMatch
                0x00000000       0x6c .\CortexM0\ARM_GCC_484\Debug\D-21_s-7#1.a(CyLFClk.o)
 .text.CySysTimerDelay
                0x00000000       0x3c .\CortexM0\ARM_GCC_484\Debug\D-21_s-7#1.a(CyLFClk.o)
 .text.CySysWatchdogFeed
                0x00000000       0x60 .\CortexM0\ARM_GCC_484\Debug\D-21_s-7#1.a(CyLFClk.o)
 .rodata        0x00000000        0xc .\CortexM0\ARM_GCC_484\Debug\D-21_s-7#1.a(CyLFClk.o)
 .text          0x00000000        0x0 .\CortexM0\ARM_GCC_484\Debug\D-21_s-7#1.a(CapSense.o)
 .text.CapSense_Stop
                0x00000000       0x2c .\CortexM0\ARM_GCC_484\Debug\D-21_s-7#1.a(CapSense.o)
 .text.CapSense_WriteSensorRaw
                0x00000000       0x10 .\CortexM0\ARM_GCC_484\Debug\D-21_s-7#1.a(CapSense.o)
 .text.CapSense_SetScanResolution
                0x00000000        0xc .\CortexM0\ARM_GCC_484\Debug\D-21_s-7#1.a(CapSense.o)
 .text.CapSense_GetScanResolution
                0x00000000        0xc .\CortexM0\ARM_GCC_484\Debug\D-21_s-7#1.a(CapSense.o)
 .text.CapSense_SetPinDriveMode
                0x00000000       0x24 .\CortexM0\ARM_GCC_484\Debug\D-21_s-7#1.a(CapSense.o)
 .text.CapSense_SetDriveModeAllPins
                0x00000000       0x30 .\CortexM0\ARM_GCC_484\Debug\D-21_s-7#1.a(CapSense.o)
 .text.CapSense_RestoreDriveModeAllPins
                0x00000000       0x24 .\CortexM0\ARM_GCC_484\Debug\D-21_s-7#1.a(CapSense.o)
 .text.CapSense_EnableShieldElectrode
                0x00000000       0x34 .\CortexM0\ARM_GCC_484\Debug\D-21_s-7#1.a(CapSense.o)
 .text.CapSense_ReadCurrentScanningSensor
                0x00000000       0x1c .\CortexM0\ARM_GCC_484\Debug\D-21_s-7#1.a(CapSense.o)
 .text.CapSense_ScanWidget
                0x00000000       0x98 .\CortexM0\ARM_GCC_484\Debug\D-21_s-7#1.a(CapSense.o)
 .text.CapSense_GetSenseClkDivider
                0x00000000        0xc .\CortexM0\ARM_GCC_484\Debug\D-21_s-7#1.a(CapSense.o)
 .text.CapSense_SetSenseClkDivider
                0x00000000        0xc .\CortexM0\ARM_GCC_484\Debug\D-21_s-7#1.a(CapSense.o)
 .text.CapSense_GetModulatorClkDivider
                0x00000000        0xc .\CortexM0\ARM_GCC_484\Debug\D-21_s-7#1.a(CapSense.o)
 .text.CapSense_SetModulatorClkDivider
                0x00000000        0xc .\CortexM0\ARM_GCC_484\Debug\D-21_s-7#1.a(CapSense.o)
 .text.CapSense_GetModulationIDAC
                0x00000000        0xc .\CortexM0\ARM_GCC_484\Debug\D-21_s-7#1.a(CapSense.o)
 .text.CapSense_SetModulationIDAC
                0x00000000        0xc .\CortexM0\ARM_GCC_484\Debug\D-21_s-7#1.a(CapSense.o)
 .text.CapSense_GetCompensationIDAC
                0x00000000        0xc .\CortexM0\ARM_GCC_484\Debug\D-21_s-7#1.a(CapSense.o)
 .text.CapSense_SetCompensationIDAC
                0x00000000        0xc .\CortexM0\ARM_GCC_484\Debug\D-21_s-7#1.a(CapSense.o)
 .text.CapSense_GetIDACRange
                0x00000000       0x14 .\CortexM0\ARM_GCC_484\Debug\D-21_s-7#1.a(CapSense.o)
 .text.CapSense_SetIDACRange
                0x00000000       0x28 .\CortexM0\ARM_GCC_484\Debug\D-21_s-7#1.a(CapSense.o)
 .text.CapSense_SetUnscannedSensorState
                0x00000000        0xc .\CortexM0\ARM_GCC_484\Debug\D-21_s-7#1.a(CapSense.o)
 .text          0x00000000        0x0 .\CortexM0\ARM_GCC_484\Debug\D-21_s-7#1.a(CapSense_CSHL.o)
 .text.CapSense_InitializeEnabledBaselines
                0x00000000       0x34 .\CortexM0\ARM_GCC_484\Debug\D-21_s-7#1.a(CapSense_CSHL.o)
 .text.CapSense_GetBaselineData
                0x00000000        0xc .\CortexM0\ARM_GCC_484\Debug\D-21_s-7#1.a(CapSense_CSHL.o)
 .text.CapSense_SetBaselineData
                0x00000000        0xc .\CortexM0\ARM_GCC_484\Debug\D-21_s-7#1.a(CapSense_CSHL.o)
 .text.CapSense_GetDiffCountData
                0x00000000        0xc .\CortexM0\ARM_GCC_484\Debug\D-21_s-7#1.a(CapSense_CSHL.o)
 .text.CapSense_SetDiffCountData
                0x00000000        0xc .\CortexM0\ARM_GCC_484\Debug\D-21_s-7#1.a(CapSense_CSHL.o)
 .text.CapSense_GetFingerThreshold
                0x00000000        0xc .\CortexM0\ARM_GCC_484\Debug\D-21_s-7#1.a(CapSense_CSHL.o)
 .text.CapSense_GetNoiseThreshold
                0x00000000        0xc .\CortexM0\ARM_GCC_484\Debug\D-21_s-7#1.a(CapSense_CSHL.o)
 .text.CapSense_GetFingerHysteresis
                0x00000000        0xc .\CortexM0\ARM_GCC_484\Debug\D-21_s-7#1.a(CapSense_CSHL.o)
 .text.CapSense_GetNegativeNoiseThreshold
                0x00000000        0xc .\CortexM0\ARM_GCC_484\Debug\D-21_s-7#1.a(CapSense_CSHL.o)
 .text.CapSense_SetFingerThreshold
                0x00000000        0xc .\CortexM0\ARM_GCC_484\Debug\D-21_s-7#1.a(CapSense_CSHL.o)
 .text.CapSense_SetNoiseThreshold
                0x00000000        0xc .\CortexM0\ARM_GCC_484\Debug\D-21_s-7#1.a(CapSense_CSHL.o)
 .text.CapSense_SetFingerHysteresis
                0x00000000        0xc .\CortexM0\ARM_GCC_484\Debug\D-21_s-7#1.a(CapSense_CSHL.o)
 .text.CapSense_SetNegativeNoiseThreshold
                0x00000000        0xc .\CortexM0\ARM_GCC_484\Debug\D-21_s-7#1.a(CapSense_CSHL.o)
 .text.CapSense_SetDebounce
                0x00000000        0xc .\CortexM0\ARM_GCC_484\Debug\D-21_s-7#1.a(CapSense_CSHL.o)
 .text.CapSense_SetLowBaselineReset
                0x00000000        0xc .\CortexM0\ARM_GCC_484\Debug\D-21_s-7#1.a(CapSense_CSHL.o)
 .text.CapSense_CheckIsSensorActive
                0x00000000       0x9c .\CortexM0\ARM_GCC_484\Debug\D-21_s-7#1.a(CapSense_CSHL.o)
 .text.CapSense_CheckIsWidgetActive
                0x00000000       0x20 .\CortexM0\ARM_GCC_484\Debug\D-21_s-7#1.a(CapSense_CSHL.o)
 .text.CapSense_CheckIsAnyWidgetActive
                0x00000000       0x20 .\CortexM0\ARM_GCC_484\Debug\D-21_s-7#1.a(CapSense_CSHL.o)
 .text.CapSense_EnableWidget
                0x00000000       0x20 .\CortexM0\ARM_GCC_484\Debug\D-21_s-7#1.a(CapSense_CSHL.o)
 .text.CapSense_DisableWidget
                0x00000000       0x20 .\CortexM0\ARM_GCC_484\Debug\D-21_s-7#1.a(CapSense_CSHL.o)
 .text.CapSense_GetRadialCentroidPos
                0x00000000       0x3c .\CortexM0\ARM_GCC_484\Debug\D-21_s-7#1.a(CapSense_CSHL.o)
 .text.CapSense_MedianFilter
                0x00000000       0x1c .\CortexM0\ARM_GCC_484\Debug\D-21_s-7#1.a(CapSense_CSHL.o)
 .text.CapSense_UpdateWidgetBaseline
                0x00000000       0x28 .\CortexM0\ARM_GCC_484\Debug\D-21_s-7#1.a(CapSense_CSHL.o)
 .text.CapSense_GetWidgetNumber
                0x00000000        0xc .\CortexM0\ARM_GCC_484\Debug\D-21_s-7#1.a(CapSense_CSHL.o)
 .text.CapSense_GetLowBaselineReset
                0x00000000        0xc .\CortexM0\ARM_GCC_484\Debug\D-21_s-7#1.a(CapSense_CSHL.o)
 .text.CapSense_GetDebounce
                0x00000000        0xc .\CortexM0\ARM_GCC_484\Debug\D-21_s-7#1.a(CapSense_CSHL.o)
 .text.CapSense_EnableRawDataFilters
                0x00000000        0xc .\CortexM0\ARM_GCC_484\Debug\D-21_s-7#1.a(CapSense_CSHL.o)
 .text.CapSense_DisableRawDataFilters
                0x00000000        0xc .\CortexM0\ARM_GCC_484\Debug\D-21_s-7#1.a(CapSense_CSHL.o)
 .text          0x00000000        0x0 .\CortexM0\ARM_GCC_484\Debug\D-21_s-7#1.a(CapSense_INT.o)
 .data          0x00000000        0x0 .\CortexM0\ARM_GCC_484\Debug\D-21_s-7#1.a(CapSense_INT.o)
 .text          0x00000000        0x0 .\CortexM0\ARM_GCC_484\Debug\D-21_s-7#1.a(CapSense_SMS.o)
 .bss           0x00000000        0x0 .\CortexM0\ARM_GCC_484\Debug\D-21_s-7#1.a(CapSense_SMS.o)
 .text.CapSense_SetSensitivity
                0x00000000       0x1c .\CortexM0\ARM_GCC_484\Debug\D-21_s-7#1.a(CapSense_SMS.o)
 .text.CapSense_GetSensitivityCoefficient
                0x00000000        0xc .\CortexM0\ARM_GCC_484\Debug\D-21_s-7#1.a(CapSense_SMS.o)
 .text.CapSense_GetNoiseEnvelope
                0x00000000       0x10 .\CortexM0\ARM_GCC_484\Debug\D-21_s-7#1.a(CapSense_SMS.o)
 .text.CapSense_GetNormalizedDiffCountData
                0x00000000       0x20 .\CortexM0\ARM_GCC_484\Debug\D-21_s-7#1.a(CapSense_SMS.o)
 .text          0x00000000        0x0 .\CortexM0\ARM_GCC_484\Debug\D-21_s-7#1.a(CapSense_SampleClk.o)
 .data          0x00000000        0x0 .\CortexM0\ARM_GCC_484\Debug\D-21_s-7#1.a(CapSense_SampleClk.o)
 .bss           0x00000000        0x0 .\CortexM0\ARM_GCC_484\Debug\D-21_s-7#1.a(CapSense_SampleClk.o)
 .text.CapSense_SampleClk_GetDividerRegister
                0x00000000        0xc .\CortexM0\ARM_GCC_484\Debug\D-21_s-7#1.a(CapSense_SampleClk.o)
 .text.CapSense_SampleClk_GetFractionalDividerRegister
                0x00000000        0x4 .\CortexM0\ARM_GCC_484\Debug\D-21_s-7#1.a(CapSense_SampleClk.o)
 .text          0x00000000        0x0 .\CortexM0\ARM_GCC_484\Debug\D-21_s-7#1.a(CapSense_SenseClk.o)
 .data          0x00000000        0x0 .\CortexM0\ARM_GCC_484\Debug\D-21_s-7#1.a(CapSense_SenseClk.o)
 .bss           0x00000000        0x0 .\CortexM0\ARM_GCC_484\Debug\D-21_s-7#1.a(CapSense_SenseClk.o)
 .text.CapSense_SenseClk_GetDividerRegister
                0x00000000        0xc .\CortexM0\ARM_GCC_484\Debug\D-21_s-7#1.a(CapSense_SenseClk.o)
 .text.CapSense_SenseClk_GetFractionalDividerRegister
                0x00000000        0x4 .\CortexM0\ARM_GCC_484\Debug\D-21_s-7#1.a(CapSense_SenseClk.o)
 .text          0x00000000        0x0 .\CortexM0\ARM_GCC_484\Debug\D-21_s-7#1.a(PWM_1.o)
 .data          0x00000000        0x0 .\CortexM0\ARM_GCC_484\Debug\D-21_s-7#1.a(PWM_1.o)
 .text.PWM_1_Stop
                0x00000000       0x10 .\CortexM0\ARM_GCC_484\Debug\D-21_s-7#1.a(PWM_1.o)
 .text.PWM_1_ReadCounter
                0x00000000       0x14 .\CortexM0\ARM_GCC_484\Debug\D-21_s-7#1.a(PWM_1.o)
 .text.PWM_1_ReadControlRegister
                0x00000000        0xc .\CortexM0\ARM_GCC_484\Debug\D-21_s-7#1.a(PWM_1.o)
 .text.PWM_1_WriteControlRegister
                0x00000000        0xc .\CortexM0\ARM_GCC_484\Debug\D-21_s-7#1.a(PWM_1.o)
 .text.PWM_1_ReadCompare
                0x00000000        0xc .\CortexM0\ARM_GCC_484\Debug\D-21_s-7#1.a(PWM_1.o)
 .text.PWM_1_ReadPeriod
                0x00000000        0xc .\CortexM0\ARM_GCC_484\Debug\D-21_s-7#1.a(PWM_1.o)
 .data          0x00000000        0x0 .\CortexM0\ARM_GCC_484\Debug\D-21_s-7#1.a(CyBootAsmGnu.o)
 .bss           0x00000000        0x0 .\CortexM0\ARM_GCC_484\Debug\D-21_s-7#1.a(CyBootAsmGnu.o)
 .text          0x00000000        0x0 C:\WORKS\Programs\PSoC_Creator\PSoC Creator\3.2\PSoC_Creator\psoc\content\cycomponentlibrary\CyComponentLibrary.cylib\CapSense_CSD_P4_v2_20\PSoC4\Library\CapsenseP4Library_GCC.a(CSD_P4_SmartSense_v2_20.o)
 .data          0x00000000        0x0 C:\WORKS\Programs\PSoC_Creator\PSoC Creator\3.2\PSoC_Creator\psoc\content\cycomponentlibrary\CyComponentLibrary.cylib\CapSense_CSD_P4_v2_20\PSoC4\Library\CapsenseP4Library_GCC.a(CSD_P4_SmartSense_v2_20.o)
 .bss           0x00000000        0x0 C:\WORKS\Programs\PSoC_Creator\PSoC Creator\3.2\PSoC_Creator\psoc\content\cycomponentlibrary\CyComponentLibrary.cylib\CapSense_CSD_P4_v2_20\PSoC4\Library\CapsenseP4Library_GCC.a(CSD_P4_SmartSense_v2_20.o)
 .data          0x00000000        0x0 c:/works/programs/psoc_creator/psoc creator/3.2/psoc_creator/import/gnu/arm/4.8.4/bin/../lib/gcc/arm-none-eabi/4.8.4/armv6-m\libgcc.a(_udivsi3.o)
 .bss           0x00000000        0x0 c:/works/programs/psoc_creator/psoc creator/3.2/psoc_creator/import/gnu/arm/4.8.4/bin/../lib/gcc/arm-none-eabi/4.8.4/armv6-m\libgcc.a(_udivsi3.o)
 .data          0x00000000        0x0 c:/works/programs/psoc_creator/psoc creator/3.2/psoc_creator/import/gnu/arm/4.8.4/bin/../lib/gcc/arm-none-eabi/4.8.4/armv6-m\libgcc.a(_divsi3.o)
 .bss           0x00000000        0x0 c:/works/programs/psoc_creator/psoc creator/3.2/psoc_creator/import/gnu/arm/4.8.4/bin/../lib/gcc/arm-none-eabi/4.8.4/armv6-m\libgcc.a(_divsi3.o)
 .data          0x00000000        0x0 c:/works/programs/psoc_creator/psoc creator/3.2/psoc_creator/import/gnu/arm/4.8.4/bin/../lib/gcc/arm-none-eabi/4.8.4/armv6-m\libgcc.a(_dvmd_tls.o)
 .bss           0x00000000        0x0 c:/works/programs/psoc_creator/psoc creator/3.2/psoc_creator/import/gnu/arm/4.8.4/bin/../lib/gcc/arm-none-eabi/4.8.4/armv6-m\libgcc.a(_dvmd_tls.o)
 .text          0x00000000        0x0 c:/works/programs/psoc_creator/psoc creator/3.2/psoc_creator/import/gnu/arm/4.8.4/bin/../lib/gcc/arm-none-eabi/4.8.4/../../../../arm-none-eabi/lib/armv6-m\libg_s.a(lib_a-errno.o)
 .data          0x00000000        0x0 c:/works/programs/psoc_creator/psoc creator/3.2/psoc_creator/import/gnu/arm/4.8.4/bin/../lib/gcc/arm-none-eabi/4.8.4/../../../../arm-none-eabi/lib/armv6-m\libg_s.a(lib_a-errno.o)
 .bss           0x00000000        0x0 c:/works/programs/psoc_creator/psoc creator/3.2/psoc_creator/import/gnu/arm/4.8.4/bin/../lib/gcc/arm-none-eabi/4.8.4/../../../../arm-none-eabi/lib/armv6-m\libg_s.a(lib_a-errno.o)
 .text.__errno  0x00000000        0xc c:/works/programs/psoc_creator/psoc creator/3.2/psoc_creator/import/gnu/arm/4.8.4/bin/../lib/gcc/arm-none-eabi/4.8.4/../../../../arm-none-eabi/lib/armv6-m\libg_s.a(lib_a-errno.o)
 .text          0x00000000        0x0 c:/works/programs/psoc_creator/psoc creator/3.2/psoc_creator/import/gnu/arm/4.8.4/bin/../lib/gcc/arm-none-eabi/4.8.4/../../../../arm-none-eabi/lib/armv6-m\libg_s.a(lib_a-exit.o)
 .data          0x00000000        0x0 c:/works/programs/psoc_creator/psoc creator/3.2/psoc_creator/import/gnu/arm/4.8.4/bin/../lib/gcc/arm-none-eabi/4.8.4/../../../../arm-none-eabi/lib/armv6-m\libg_s.a(lib_a-exit.o)
 .bss           0x00000000        0x0 c:/works/programs/psoc_creator/psoc creator/3.2/psoc_creator/import/gnu/arm/4.8.4/bin/../lib/gcc/arm-none-eabi/4.8.4/../../../../arm-none-eabi/lib/armv6-m\libg_s.a(lib_a-exit.o)
 .text.exit     0x00000000       0x2c c:/works/programs/psoc_creator/psoc creator/3.2/psoc_creator/import/gnu/arm/4.8.4/bin/../lib/gcc/arm-none-eabi/4.8.4/../../../../arm-none-eabi/lib/armv6-m\libg_s.a(lib_a-exit.o)
 .text          0x00000000        0x0 c:/works/programs/psoc_creator/psoc creator/3.2/psoc_creator/import/gnu/arm/4.8.4/bin/../lib/gcc/arm-none-eabi/4.8.4/../../../../arm-none-eabi/lib/armv6-m\libg_s.a(lib_a-impure.o)
 .data          0x00000000        0x0 c:/works/programs/psoc_creator/psoc creator/3.2/psoc_creator/import/gnu/arm/4.8.4/bin/../lib/gcc/arm-none-eabi/4.8.4/../../../../arm-none-eabi/lib/armv6-m\libg_s.a(lib_a-impure.o)
 .bss           0x00000000        0x0 c:/works/programs/psoc_creator/psoc creator/3.2/psoc_creator/import/gnu/arm/4.8.4/bin/../lib/gcc/arm-none-eabi/4.8.4/../../../../arm-none-eabi/lib/armv6-m\libg_s.a(lib_a-impure.o)
 .data.impure_data
                0x00000000       0x60 c:/works/programs/psoc_creator/psoc creator/3.2/psoc_creator/import/gnu/arm/4.8.4/bin/../lib/gcc/arm-none-eabi/4.8.4/../../../../arm-none-eabi/lib/armv6-m\libg_s.a(lib_a-impure.o)
 .data._impure_ptr
                0x00000000        0x4 c:/works/programs/psoc_creator/psoc creator/3.2/psoc_creator/import/gnu/arm/4.8.4/bin/../lib/gcc/arm-none-eabi/4.8.4/../../../../arm-none-eabi/lib/armv6-m\libg_s.a(lib_a-impure.o)
 .rodata.str1.1
                0x00000000        0x2 c:/works/programs/psoc_creator/psoc creator/3.2/psoc_creator/import/gnu/arm/4.8.4/bin/../lib/gcc/arm-none-eabi/4.8.4/../../../../arm-none-eabi/lib/armv6-m\libg_s.a(lib_a-impure.o)
 .rodata._global_impure_ptr
                0x00000000        0x4 c:/works/programs/psoc_creator/psoc creator/3.2/psoc_creator/import/gnu/arm/4.8.4/bin/../lib/gcc/arm-none-eabi/4.8.4/../../../../arm-none-eabi/lib/armv6-m\libg_s.a(lib_a-impure.o)
 .text          0x00000000        0x0 c:/works/programs/psoc_creator/psoc creator/3.2/psoc_creator/import/gnu/arm/4.8.4/bin/../lib/gcc/arm-none-eabi/4.8.4/../../../../arm-none-eabi/lib/armv6-m\libg_s.a(lib_a-init.o)
 .data          0x00000000        0x0 c:/works/programs/psoc_creator/psoc creator/3.2/psoc_creator/import/gnu/arm/4.8.4/bin/../lib/gcc/arm-none-eabi/4.8.4/../../../../arm-none-eabi/lib/armv6-m\libg_s.a(lib_a-init.o)
 .bss           0x00000000        0x0 c:/works/programs/psoc_creator/psoc creator/3.2/psoc_creator/import/gnu/arm/4.8.4/bin/../lib/gcc/arm-none-eabi/4.8.4/../../../../arm-none-eabi/lib/armv6-m\libg_s.a(lib_a-init.o)
 .text          0x00000000        0x0 c:/works/programs/psoc_creator/psoc creator/3.2/psoc_creator/import/gnu/arm/4.8.4/bin/../lib/gcc/arm-none-eabi/4.8.4/../../../../arm-none-eabi/lib/armv6-m\libg_s.a(lib_a-memset.o)
 .data          0x00000000        0x0 c:/works/programs/psoc_creator/psoc creator/3.2/psoc_creator/import/gnu/arm/4.8.4/bin/../lib/gcc/arm-none-eabi/4.8.4/../../../../arm-none-eabi/lib/armv6-m\libg_s.a(lib_a-memset.o)
 .bss           0x00000000        0x0 c:/works/programs/psoc_creator/psoc creator/3.2/psoc_creator/import/gnu/arm/4.8.4/bin/../lib/gcc/arm-none-eabi/4.8.4/../../../../arm-none-eabi/lib/armv6-m\libg_s.a(lib_a-memset.o)
 .text          0x00000000        0x0 c:/works/programs/psoc_creator/psoc creator/3.2/psoc_creator/import/gnu/arm/4.8.4/bin/../lib/gcc/arm-none-eabi/4.8.4/armv6-m/crtend.o
 .data          0x00000000        0x0 c:/works/programs/psoc_creator/psoc creator/3.2/psoc_creator/import/gnu/arm/4.8.4/bin/../lib/gcc/arm-none-eabi/4.8.4/armv6-m/crtend.o
 .bss           0x00000000        0x0 c:/works/programs/psoc_creator/psoc creator/3.2/psoc_creator/import/gnu/arm/4.8.4/bin/../lib/gcc/arm-none-eabi/4.8.4/armv6-m/crtend.o
 .text          0x00000000        0x0 c:/works/programs/psoc_creator/psoc creator/3.2/psoc_creator/import/gnu/arm/4.8.4/bin/../lib/gcc/arm-none-eabi/4.8.4/armv6-m/crtn.o
 .data          0x00000000        0x0 c:/works/programs/psoc_creator/psoc creator/3.2/psoc_creator/import/gnu/arm/4.8.4/bin/../lib/gcc/arm-none-eabi/4.8.4/armv6-m/crtn.o
 .bss           0x00000000        0x0 c:/works/programs/psoc_creator/psoc creator/3.2/psoc_creator/import/gnu/arm/4.8.4/bin/../lib/gcc/arm-none-eabi/4.8.4/armv6-m/crtn.o

Memory Configuration

Name             Origin             Length             Attributes
rom              0x00000000         0x00008000         xr
ram              0x20000000         0x00001000         xrw
*default*        0x00000000         0xffffffff

Linker script and memory map

LOAD c:/works/programs/psoc_creator/psoc creator/3.2/psoc_creator/import/gnu/arm/4.8.4/bin/../lib/gcc/arm-none-eabi/4.8.4/armv6-m/crti.o
LOAD c:/works/programs/psoc_creator/psoc creator/3.2/psoc_creator/import/gnu/arm/4.8.4/bin/../lib/gcc/arm-none-eabi/4.8.4/armv6-m/crtbegin.o
LOAD c:/works/programs/psoc_creator/psoc creator/3.2/psoc_creator/import/gnu/arm/4.8.4/bin/../lib/gcc/arm-none-eabi/4.8.4/../../../../arm-none-eabi/lib/armv6-m/crt0.o
START GROUP
LOAD .\CortexM0\ARM_GCC_484\Debug\main.o
LOAD .\CortexM0\ARM_GCC_484\Debug\cybootloader.o
LOAD .\CortexM0\ARM_GCC_484\Debug\cymetadata.o
LOAD .\CortexM0\ARM_GCC_484\Debug\Cm0Start.o
LOAD .\CortexM0\ARM_GCC_484\Debug\D-21_s-7#1.a
LOAD C:\WORKS\Programs\PSoC_Creator\PSoC Creator\3.2\PSoC_Creator\psoc\content\cycomponentlibrary\CyComponentLibrary.cylib\CapSense_CSD_P4_v2_20\PSoC4\Library\CapsenseP4Library_GCC.a
LOAD C:\WORKS\Programs\PSoC_Creator\PSoC Creator\3.2\PSoC_Creator\psoc\content\cycomponentlibrary\CyComponentLibrary.cylib\CortexM0\ARM_GCC_484\Debug\CyComponentLibrary.a
END GROUP
START GROUP
LOAD c:/works/programs/psoc_creator/psoc creator/3.2/psoc_creator/import/gnu/arm/4.8.4/bin/../lib/gcc/arm-none-eabi/4.8.4/armv6-m\libgcc.a
LOAD c:/works/programs/psoc_creator/psoc creator/3.2/psoc_creator/import/gnu/arm/4.8.4/bin/../lib/gcc/arm-none-eabi/4.8.4/../../../../arm-none-eabi/lib/armv6-m\libg_s.a
LOAD c:/works/programs/psoc_creator/psoc creator/3.2/psoc_creator/import/gnu/arm/4.8.4/bin/../lib/gcc/arm-none-eabi/4.8.4/../../../../arm-none-eabi/lib/armv6-m\libc_s.a
END GROUP
START GROUP
LOAD c:/works/programs/psoc_creator/psoc creator/3.2/psoc_creator/import/gnu/arm/4.8.4/bin/../lib/gcc/arm-none-eabi/4.8.4/armv6-m\libgcc.a
LOAD c:/works/programs/psoc_creator/psoc creator/3.2/psoc_creator/import/gnu/arm/4.8.4/bin/../lib/gcc/arm-none-eabi/4.8.4/../../../../arm-none-eabi/lib/armv6-m\libc_s.a
END GROUP
LOAD c:/works/programs/psoc_creator/psoc creator/3.2/psoc_creator/import/gnu/arm/4.8.4/bin/../lib/gcc/arm-none-eabi/4.8.4/armv6-m/crtend.o
LOAD c:/works/programs/psoc_creator/psoc creator/3.2/psoc_creator/import/gnu/arm/4.8.4/bin/../lib/gcc/arm-none-eabi/4.8.4/armv6-m/crtn.o
START GROUP
LOAD c:/works/programs/psoc_creator/psoc creator/3.2/psoc_creator/import/gnu/arm/4.8.4/bin/../lib/gcc/arm-none-eabi/4.8.4/armv6-m\libgcc.a
LOAD c:/works/programs/psoc_creator/psoc creator/3.2/psoc_creator/import/gnu/arm/4.8.4/bin/../lib/gcc/arm-none-eabi/4.8.4/../../../../arm-none-eabi/lib/armv6-m\libc.a
LOAD c:/works/programs/psoc_creator/psoc creator/3.2/psoc_creator/import/gnu/arm/4.8.4/bin/../lib/gcc/arm-none-eabi/4.8.4/../../../../arm-none-eabi/lib/armv6-m\libnosys.a
END GROUP
                0x00000000                CY_APPL_ORIGIN = 0x0
                0x00000080                CY_FLASH_ROW_SIZE = 0x80
                0x00000001                CY_APPL_NUM = 0x1
                0x00000040                CY_METADATA_SIZE = 0x40
                0x20000240                PROVIDE (__cy_heap_start, _end)
                0x00000001                PROVIDE (__cy_region_num, ((__cy_regions_end - __cy_regions) / 0x10))
                0x20001000                PROVIDE (__cy_stack, (ORIGIN (ram) + 0x1000))
                0x20000c00                PROVIDE (__cy_heap_end, (__cy_stack - 0x400))

.cybootloader   0x00000000     0x1200
 *(.cybootloader)
 .cybootloader  0x00000000     0x1200 .\CortexM0\ARM_GCC_484\Debug\cybootloader.o
                0x00000000                cy_bootloader
                0x00001200                appl1_start = CY_APPL_ORIGIN?CY_APPL_ORIGIN:ALIGN (CY_FLASH_ROW_SIZE)
                0x00004880                appl2_start = (appl1_start + ALIGN ((((0x8000 - appl1_start) - (0x2 * CY_FLASH_ROW_SIZE)) / 0x2), CY_FLASH_ROW_SIZE))
                0x00001200                appl_start = (CY_APPL_NUM == 0x1)?appl1_start:appl2_start

.text           0x00001200     0x1730
 CREATE_OBJECT_SYMBOLS
                0x00001200                PROVIDE (__cy_interrupt_vector, RomVectors)
 *(.romvectors)
 .romvectors    0x00001200       0x10 .\CortexM0\ARM_GCC_484\Debug\Cm0Start.o
                0x00001200                RomVectors
                0x00000001                ASSERT ((. != __cy_interrupt_vector), No interrupt vector)
                0x00000001                ASSERT (CY_APPL_ORIGIN?(SIZEOF (.cybootloader) <= CY_APPL_ORIGIN):0x1, Wrong image location)
                0x00001210                PROVIDE (__cy_reset, Reset)
 *(.text.Reset)
 .text.Reset    0x00001210       0x10 .\CortexM0\ARM_GCC_484\Debug\Cm0Start.o
                0x00001210                Reset
                0x00000001                ASSERT ((. != __cy_reset), No reset code)
 *(.psocinit)
 .psocinit      0x00001220      0x184 .\CortexM0\ARM_GCC_484\Debug\D-21_s-7#1.a(cyfitter_cfg.o)
                0x000012c4                cyfitter_cfg
                0x000013a4                . = MAX (., 0x100)
 *(.text .text.* .gnu.linkonce.t.*)
 .text          0x000013a4       0x60 c:/works/programs/psoc_creator/psoc creator/3.2/psoc_creator/import/gnu/arm/4.8.4/bin/../lib/gcc/arm-none-eabi/4.8.4/armv6-m/crtbegin.o
 .text.main     0x00001404       0x38 .\CortexM0\ARM_GCC_484\Debug\main.o
                0x00001404                main
 .text.IntDefaultHandler
                0x0000143c        0x4 .\CortexM0\ARM_GCC_484\Debug\Cm0Start.o
                0x0000143c                IntDefaultHandler
 .text.Start_c  0x00001440       0x48 .\CortexM0\ARM_GCC_484\Debug\Cm0Start.o
                0x00001440                Start_c
 .text.initialize_psoc
                0x00001488       0x5c .\CortexM0\ARM_GCC_484\Debug\Cm0Start.o
                0x00001488                initialize_psoc
 .text.cfg_write_bytes32
                0x000014e4       0x38 .\CortexM0\ARM_GCC_484\Debug\D-21_s-7#1.a(cyfitter_cfg.o)
 .text.CYMEMZERO
                0x0000151c        0xc .\CortexM0\ARM_GCC_484\Debug\D-21_s-7#1.a(cyfitter_cfg.o)
 .text.SetAnalogRoutingPumps
                0x00001528       0x40 .\CortexM0\ARM_GCC_484\Debug\D-21_s-7#1.a(cyfitter_cfg.o)
                0x00001528                SetAnalogRoutingPumps
 .text.AnalogSetDefault
                0x00001568        0xc .\CortexM0\ARM_GCC_484\Debug\D-21_s-7#1.a(cyfitter_cfg.o)
 .text.CyIntEnable
                0x00001574       0x14 .\CortexM0\ARM_GCC_484\Debug\D-21_s-7#1.a(CyLib.o)
                0x00001574                CyIntEnable
 .text.CyIntDisable
                0x00001588       0x14 .\CortexM0\ARM_GCC_484\Debug\D-21_s-7#1.a(CyLib.o)
                0x00001588                CyIntDisable
 .text.CyHalt   0x0000159c        0x4 .\CortexM0\ARM_GCC_484\Debug\D-21_s-7#1.a(CyLib.o)
                0x0000159c                CyHalt
 .text.CyIntSetVector
                0x000015a0       0x20 .\CortexM0\ARM_GCC_484\Debug\D-21_s-7#1.a(CyLib.o)
                0x000015a0                CyIntSetVector
 .text.CyIntSetPriority
                0x000015c0       0x48 .\CortexM0\ARM_GCC_484\Debug\D-21_s-7#1.a(CyLib.o)
                0x000015c0                CyIntSetPriority
 .text.CyDelayUs
                0x00001608       0x14 .\CortexM0\ARM_GCC_484\Debug\D-21_s-7#1.a(CyLib.o)
                0x00001608                CyDelayUs
 .text.CySysClkWriteImoFreq
                0x0000161c      0x164 .\CortexM0\ARM_GCC_484\Debug\D-21_s-7#1.a(CyLib.o)
                0x0000161c                CySysClkWriteImoFreq
 .text.CySysWdtLocked
                0x00001780       0x18 .\CortexM0\ARM_GCC_484\Debug\D-21_s-7#1.a(CyLFClk.o)
 .text.CySysWdtLock
                0x00001798       0x1c .\CortexM0\ARM_GCC_484\Debug\D-21_s-7#1.a(CyLFClk.o)
                0x00001798                CySysWdtLock
 .text.CySysWdtUnlock
                0x000017b4       0x30 .\CortexM0\ARM_GCC_484\Debug\D-21_s-7#1.a(CyLFClk.o)
                0x000017b4                CySysWdtUnlock
 .text.CySysWdtClearInterrupt
                0x000017e4       0x4c .\CortexM0\ARM_GCC_484\Debug\D-21_s-7#1.a(CyLFClk.o)
                0x000017e4                CySysWdtClearInterrupt
 .text.CySysWdtIsr
                0x00001830       0xa4 .\CortexM0\ARM_GCC_484\Debug\D-21_s-7#1.a(CyLFClk.o)
                0x00001830                CySysWdtIsr
 .text.CapSense_CsdHwBlockInit
                0x000018d4       0x84 .\CortexM0\ARM_GCC_484\Debug\D-21_s-7#1.a(CapSense.o)
                0x000018d4                CapSense_CsdHwBlockInit
 .text.CapSense_Enable
                0x00001958       0x3c .\CortexM0\ARM_GCC_484\Debug\D-21_s-7#1.a(CapSense.o)
                0x00001958                CapSense_Enable
 .text.CapSense_IsBusy
                0x00001994       0x10 .\CortexM0\ARM_GCC_484\Debug\D-21_s-7#1.a(CapSense.o)
                0x00001994                CapSense_IsBusy
 .text.CapSense_ReadSensorRaw
                0x000019a4       0x10 .\CortexM0\ARM_GCC_484\Debug\D-21_s-7#1.a(CapSense.o)
                0x000019a4                CapSense_ReadSensorRaw
 .text.CapSense_EnableSensor
                0x000019b4       0x48 .\CortexM0\ARM_GCC_484\Debug\D-21_s-7#1.a(CapSense.o)
                0x000019b4                CapSense_EnableSensor
 .text.CapSense_DisableSensor
                0x000019fc       0x70 .\CortexM0\ARM_GCC_484\Debug\D-21_s-7#1.a(CapSense.o)
                0x000019fc                CapSense_DisableSensor
 .text.CapSense_ClearSensors
                0x00001a6c       0x14 .\CortexM0\ARM_GCC_484\Debug\D-21_s-7#1.a(CapSense.o)
                0x00001a6c                CapSense_ClearSensors
 .text.CapSense_SetShieldDelay
                0x00001a80       0x14 .\CortexM0\ARM_GCC_484\Debug\D-21_s-7#1.a(CapSense.o)
                0x00001a80                CapSense_SetShieldDelay
 .text.CapSense_Init
                0x00001a94       0x28 .\CortexM0\ARM_GCC_484\Debug\D-21_s-7#1.a(CapSense.o)
                0x00001a94                CapSense_Init
 .text.CapSense_Start
                0x00001abc       0x38 .\CortexM0\ARM_GCC_484\Debug\D-21_s-7#1.a(CapSense.o)
                0x00001abc                CapSense_Start
 .text.CapSense_GetBitValue
                0x00001af4       0x18 .\CortexM0\ARM_GCC_484\Debug\D-21_s-7#1.a(CapSense.o)
                0x00001af4                CapSense_GetBitValue
 .text.CapSense_FindNextSensor
                0x00001b0c       0x24 .\CortexM0\ARM_GCC_484\Debug\D-21_s-7#1.a(CapSense.o)
                0x00001b0c                CapSense_FindNextSensor
 .text.CapSense_PreScan
                0x00001b30       0xcc .\CortexM0\ARM_GCC_484\Debug\D-21_s-7#1.a(CapSense.o)
                0x00001b30                CapSense_PreScan
 .text.CapSense_ScanSensor
                0x00001bfc       0x1c .\CortexM0\ARM_GCC_484\Debug\D-21_s-7#1.a(CapSense.o)
                0x00001bfc                CapSense_ScanSensor
 .text.CapSense_ScanEnabledWidgets
                0x00001c18       0x34 .\CortexM0\ARM_GCC_484\Debug\D-21_s-7#1.a(CapSense.o)
                0x00001c18                CapSense_ScanEnabledWidgets
 .text.CapSense_PostScan
                0x00001c4c       0x8c .\CortexM0\ARM_GCC_484\Debug\D-21_s-7#1.a(CapSense.o)
                0x00001c4c                CapSense_PostScan
 .text.CapSense_SetBitValue
                0x00001cd8       0x28 .\CortexM0\ARM_GCC_484\Debug\D-21_s-7#1.a(CapSense.o)
                0x00001cd8                CapSense_SetBitValue
 .text.CapSense_GetSensorRaw
                0x00001d00       0x2c .\CortexM0\ARM_GCC_484\Debug\D-21_s-7#1.a(CapSense.o)
                0x00001d00                CapSense_GetSensorRaw
 .text.CapSense_NormalizeWidgets
                0x00001d2c       0x44 .\CortexM0\ARM_GCC_484\Debug\D-21_s-7#1.a(CapSense.o)
                0x00001d2c                CapSense_NormalizeWidgets
 .text.CapSense_BaseInit
                0x00001d70       0x24 .\CortexM0\ARM_GCC_484\Debug\D-21_s-7#1.a(CapSense_CSHL.o)
                0x00001d70                CapSense_BaseInit
 .text.CapSense_InitializeSensorBaseline
                0x00001d94       0x18 .\CortexM0\ARM_GCC_484\Debug\D-21_s-7#1.a(CapSense_CSHL.o)
                0x00001d94                CapSense_InitializeSensorBaseline
 .text.CapSense_InitializeAllBaselines
                0x00001dac       0x14 .\CortexM0\ARM_GCC_484\Debug\D-21_s-7#1.a(CapSense_CSHL.o)
                0x00001dac                CapSense_InitializeAllBaselines
 .text.CapSense_FindMaximum
                0x00001dc0       0x2c .\CortexM0\ARM_GCC_484\Debug\D-21_s-7#1.a(CapSense_CSHL.o)
                0x00001dc0                CapSense_FindMaximum
 .text.CapSense_CalcCentroid
                0x00001dec       0xe8 .\CortexM0\ARM_GCC_484\Debug\D-21_s-7#1.a(CapSense_CSHL.o)
                0x00001dec                CapSense_CalcCentroid
 .text.CapSense_IIR4Filter
                0x00001ed4        0xc .\CortexM0\ARM_GCC_484\Debug\D-21_s-7#1.a(CapSense_CSHL.o)
                0x00001ed4                CapSense_IIR4Filter
 .text.CapSense_UpdateBaselineNoThreshold
                0x00001ee0      0x114 .\CortexM0\ARM_GCC_484\Debug\D-21_s-7#1.a(CapSense_CSHL.o)
                0x00001ee0                CapSense_UpdateBaselineNoThreshold
 .text.CapSense_UpdateSensorBaseline
                0x00001ff4       0x10 .\CortexM0\ARM_GCC_484\Debug\D-21_s-7#1.a(CapSense_CSHL.o)
                0x00001ff4                CapSense_UpdateSensorBaseline
 .text.CapSense_UpdateEnabledBaselines
                0x00002004       0x28 .\CortexM0\ARM_GCC_484\Debug\D-21_s-7#1.a(CapSense_CSHL.o)
                0x00002004                CapSense_UpdateEnabledBaselines
 .text.CapSense_GetCentroidPos
                0x0000202c       0x7c .\CortexM0\ARM_GCC_484\Debug\D-21_s-7#1.a(CapSense_CSHL.o)
                0x0000202c                CapSense_GetCentroidPos
 .text.CapSense_ISR
                0x000020a8       0x9c .\CortexM0\ARM_GCC_484\Debug\D-21_s-7#1.a(CapSense_INT.o)
                0x000020a8                CapSense_ISR
 .text.CapSense_UpdateThresholds
                0x00002144       0x7c .\CortexM0\ARM_GCC_484\Debug\D-21_s-7#1.a(CapSense_SMS.o)
                0x00002144                CapSense_UpdateThresholds
 .text.CapSense_SetAnalogSwitchesSrcDirect
                0x000021c0       0x10 .\CortexM0\ARM_GCC_484\Debug\D-21_s-7#1.a(CapSense_SMS.o)
                0x000021c0                CapSense_SetAnalogSwitchesSrcDirect
 .text.CapSense_DisableBaselineIDAC
                0x000021d0       0x1c .\CortexM0\ARM_GCC_484\Debug\D-21_s-7#1.a(CapSense_SMS.o)
                0x000021d0                CapSense_DisableBaselineIDAC
 .text.CapSense_EnableBaselineIDAC
                0x000021ec       0x50 .\CortexM0\ARM_GCC_484\Debug\D-21_s-7#1.a(CapSense_SMS.o)
                0x000021ec                CapSense_EnableBaselineIDAC
 .text.CapSense_AutoTune
                0x0000223c       0xbc .\CortexM0\ARM_GCC_484\Debug\D-21_s-7#1.a(CapSense_SMS.o)
                0x0000223c                CapSense_AutoTune
 .text.CapSense_SampleClk_Start
                0x000022f8       0x14 .\CortexM0\ARM_GCC_484\Debug\D-21_s-7#1.a(CapSense_SampleClk.o)
                0x000022f8                CapSense_SampleClk_Start
 .text.CapSense_SampleClk_Stop
                0x0000230c       0x10 .\CortexM0\ARM_GCC_484\Debug\D-21_s-7#1.a(CapSense_SampleClk.o)
                0x0000230c                CapSense_SampleClk_Stop
 .text.CapSense_SampleClk_SetFractionalDividerRegister
                0x0000231c       0x14 .\CortexM0\ARM_GCC_484\Debug\D-21_s-7#1.a(CapSense_SampleClk.o)
                0x0000231c                CapSense_SampleClk_SetFractionalDividerRegister
 .text.CapSense_SenseClk_Start
                0x00002330       0x14 .\CortexM0\ARM_GCC_484\Debug\D-21_s-7#1.a(CapSense_SenseClk.o)
                0x00002330                CapSense_SenseClk_Start
 .text.CapSense_SenseClk_Stop
                0x00002344       0x10 .\CortexM0\ARM_GCC_484\Debug\D-21_s-7#1.a(CapSense_SenseClk.o)
                0x00002344                CapSense_SenseClk_Stop
 .text.CapSense_SenseClk_SetFractionalDividerRegister
                0x00002354       0x14 .\CortexM0\ARM_GCC_484\Debug\D-21_s-7#1.a(CapSense_SenseClk.o)
                0x00002354                CapSense_SenseClk_SetFractionalDividerRegister
 .text.PWM_1_Enable
                0x00002368       0x10 .\CortexM0\ARM_GCC_484\Debug\D-21_s-7#1.a(PWM_1.o)
                0x00002368                PWM_1_Enable
 .text.PWM_1_WriteCounter
                0x00002378        0xc .\CortexM0\ARM_GCC_484\Debug\D-21_s-7#1.a(PWM_1.o)
                0x00002378                PWM_1_WriteCounter
 .text.PWM_1_WritePeriod
                0x00002384        0xc .\CortexM0\ARM_GCC_484\Debug\D-21_s-7#1.a(PWM_1.o)
                0x00002384                PWM_1_WritePeriod
 .text.PWM_1_WriteCompare
                0x00002390        0xc .\CortexM0\ARM_GCC_484\Debug\D-21_s-7#1.a(PWM_1.o)
                0x00002390                PWM_1_WriteCompare
 .text.PWM_1_SetInterruptMode
                0x0000239c        0xc .\CortexM0\ARM_GCC_484\Debug\D-21_s-7#1.a(PWM_1.o)
                0x0000239c                PWM_1_SetInterruptMode
 .text.PWM_1_ReadStatusRegister
                0x000023a8        0xc .\CortexM0\ARM_GCC_484\Debug\D-21_s-7#1.a(PWM_1.o)
                0x000023a8                PWM_1_ReadStatusRegister
 .text.PWM_1_ReadCapture
                0x000023b4        0xc .\CortexM0\ARM_GCC_484\Debug\D-21_s-7#1.a(PWM_1.o)
                0x000023b4                PWM_1_ReadCapture
 .text.PWM_1_ClearFIFO
                0x000023c0       0x14 .\CortexM0\ARM_GCC_484\Debug\D-21_s-7#1.a(PWM_1.o)
                0x000023c0                PWM_1_ClearFIFO
 .text.PWM_1_Init
                0x000023d4       0x50 .\CortexM0\ARM_GCC_484\Debug\D-21_s-7#1.a(PWM_1.o)
                0x000023d4                PWM_1_Init
 .text.PWM_1_Start
                0x00002424       0x20 .\CortexM0\ARM_GCC_484\Debug\D-21_s-7#1.a(PWM_1.o)
                0x00002424                PWM_1_Start
 *fill*         0x00002444        0x4 
 .text          0x00002448       0x28 .\CortexM0\ARM_GCC_484\Debug\D-21_s-7#1.a(CyBootAsmGnu.o)
                0x00002448                CyDelayCycles
                0x0000245c                CyEnterCriticalSection
                0x00002464                CyExitCriticalSection
 .text.CalibrateOneDAC_P4_v2_20
                0x00002470       0x40 C:\WORKS\Programs\PSoC_Creator\PSoC Creator\3.2\PSoC_Creator\psoc\content\cycomponentlibrary\CyComponentLibrary.cylib\CapSense_CSD_P4_v2_20\PSoC4\Library\CapsenseP4Library_GCC.a(CSD_P4_SmartSense_v2_20.o)
                0x00002470                CalibrateOneDAC_P4_v2_20
 .text.CalibrateSensors_P4_v2_20
                0x000024b0       0x22 C:\WORKS\Programs\PSoC_Creator\PSoC Creator\3.2\PSoC_Creator\psoc\content\cycomponentlibrary\CyComponentLibrary.cylib\CapSense_CSD_P4_v2_20\PSoC4\Library\CapsenseP4Library_GCC.a(CSD_P4_SmartSense_v2_20.o)
                0x000024b0                CalibrateSensors_P4_v2_20
 *fill*         0x000024d2        0x2 
 .text.TunePrescalers_P4_v2_20
                0x000024d4       0x48 C:\WORKS\Programs\PSoC_Creator\PSoC Creator\3.2\PSoC_Creator\psoc\content\cycomponentlibrary\CyComponentLibrary.cylib\CapSense_CSD_P4_v2_20\PSoC4\Library\CapsenseP4Library_GCC.a(CSD_P4_SmartSense_v2_20.o)
                0x000024d4                TunePrescalers_P4_v2_20
 .text.TuneSensitivity_P4_v2_20
                0x0000251c      0x100 C:\WORKS\Programs\PSoC_Creator\PSoC Creator\3.2\PSoC_Creator\psoc\content\cycomponentlibrary\CyComponentLibrary.cylib\CapSense_CSD_P4_v2_20\PSoC4\Library\CapsenseP4Library_GCC.a(CSD_P4_SmartSense_v2_20.o)
                0x0000251c                TuneSensitivity_P4_v2_20
 .text.MeasureNoiseEnvelope_P4_v2_20
                0x0000261c      0x118 C:\WORKS\Programs\PSoC_Creator\PSoC Creator\3.2\PSoC_Creator\psoc\content\cycomponentlibrary\CyComponentLibrary.cylib\CapSense_CSD_P4_v2_20\PSoC4\Library\CapsenseP4Library_GCC.a(CSD_P4_SmartSense_v2_20.o)
                0x0000261c                MeasureNoiseEnvelope_P4_v2_20
 .text.CalculateThresholds_P4_v2_20
                0x00002734       0x40 C:\WORKS\Programs\PSoC_Creator\PSoC Creator\3.2\PSoC_Creator\psoc\content\cycomponentlibrary\CyComponentLibrary.cylib\CapSense_CSD_P4_v2_20\PSoC4\Library\CapsenseP4Library_GCC.a(CSD_P4_SmartSense_v2_20.o)
                0x00002734                CalculateThresholds_P4_v2_20
 .text          0x00002774       0x9c c:/works/programs/psoc_creator/psoc creator/3.2/psoc_creator/import/gnu/arm/4.8.4/bin/../lib/gcc/arm-none-eabi/4.8.4/armv6-m\libgcc.a(_udivsi3.o)
                0x00002774                __aeabi_uidiv
                0x00002774                __udivsi3
                0x000027fc                __aeabi_uidivmod
 .text          0x00002810       0xc0 c:/works/programs/psoc_creator/psoc creator/3.2/psoc_creator/import/gnu/arm/4.8.4/bin/../lib/gcc/arm-none-eabi/4.8.4/armv6-m\libgcc.a(_divsi3.o)
                0x00002810                __divsi3
                0x00002810                __aeabi_idiv
                0x000028bc                __aeabi_idivmod
 .text          0x000028d0        0x4 c:/works/programs/psoc_creator/psoc creator/3.2/psoc_creator/import/gnu/arm/4.8.4/bin/../lib/gcc/arm-none-eabi/4.8.4/armv6-m\libgcc.a(_dvmd_tls.o)
                0x000028d0                __aeabi_idiv0
                0x000028d0                __aeabi_ldiv0
 .text.__libc_init_array
                0x000028d4       0x4c c:/works/programs/psoc_creator/psoc creator/3.2/psoc_creator/import/gnu/arm/4.8.4/bin/../lib/gcc/arm-none-eabi/4.8.4/../../../../arm-none-eabi/lib/armv6-m\libg_s.a(lib_a-init.o)
                0x000028d4                __libc_init_array
 .text.memset   0x00002920       0x10 c:/works/programs/psoc_creator/psoc creator/3.2/psoc_creator/import/gnu/arm/4.8.4/bin/../lib/gcc/arm-none-eabi/4.8.4/../../../../arm-none-eabi/lib/armv6-m\libg_s.a(lib_a-memset.o)
                0x00002920                memset
 *(.plt)
 *(.gnu.warning)
 *(.glue_7t)
 .glue_7t       0x00000000        0x0 linker stubs
 *(.glue_7)
 .glue_7        0x00000000        0x0 linker stubs
 *(.vfp11_veneer)
 .vfp11_veneer  0x00000000        0x0 linker stubs
 *(.bootloader)
 *(.ARM.extab* .gnu.linkonce.armextab.*)
 *(.gcc_except_table)

.v4_bx          0x00002930        0x0
 .v4_bx         0x00000000        0x0 linker stubs

.iplt           0x00002930        0x0
 .iplt          0x00000000        0x0 c:/works/programs/psoc_creator/psoc creator/3.2/psoc_creator/import/gnu/arm/4.8.4/bin/../lib/gcc/arm-none-eabi/4.8.4/armv6-m/crtbegin.o

.eh_frame_hdr
 *(.eh_frame_hdr)

.eh_frame       0x00002930        0x4
 *(.eh_frame)
 .eh_frame      0x00002930        0x0 c:/works/programs/psoc_creator/psoc creator/3.2/psoc_creator/import/gnu/arm/4.8.4/bin/../lib/gcc/arm-none-eabi/4.8.4/armv6-m/crtbegin.o
 .eh_frame      0x00002930        0x4 c:/works/programs/psoc_creator/psoc creator/3.2/psoc_creator/import/gnu/arm/4.8.4/bin/../lib/gcc/arm-none-eabi/4.8.4/armv6-m/crtend.o
                0x00002934                PROVIDE (__exidx_start, .)

.ARM.exidx
 *(.ARM.exidx* .gnu.linkonce.armexidx.*)
                0x00002934                __exidx_end = .

.rodata         0x00002934      0x1f4
 *(.rodata .rodata.* .gnu.linkonce.r.*)
 .rodata        0x00002934       0xd8 .\CortexM0\ARM_GCC_484\Debug\D-21_s-7#1.a(cyfitter_cfg.o)
 .rodata        0x00002a0c       0x30 .\CortexM0\ARM_GCC_484\Debug\D-21_s-7#1.a(CyLib.o)
                0x00002a0c                cyImoFreqMhz2Reg
 .rodata        0x00002a3c       0x68 .\CortexM0\ARM_GCC_484\Debug\D-21_s-7#1.a(CapSense.o)
                0x00002a3c                CapSense_portTable
                0x00002a44                CapSense_pinShiftTbl
                0x00002a4c                CapSense_prtSelTbl
                0x00002a60                CapSense_prtCfgTbl
                0x00002a74                CapSense_prtDRTbl
                0x00002a88                CapSense_widgetNumber
                0x00002a90                CapSense_maskTable
 .rodata        0x00002aa4        0x8 .\CortexM0\ARM_GCC_484\Debug\D-21_s-7#1.a(CapSense_CSHL.o)
                0x00002aa4                CapSense_numberOfSensors
                0x00002aa8                CapSense_rawDataIndex
 .rodata        0x00002aac       0x48 .\CortexM0\ARM_GCC_484\Debug\D-21_s-7#1.a(CapSense_SMS.o)
                0x00002aac                CapSense_configPointers
                0x00002ae4                prescalerTable
                0x00002af4                . = ALIGN (0x4)
 *(.init)
 .init          0x00002af4        0x4 c:/works/programs/psoc_creator/psoc creator/3.2/psoc_creator/import/gnu/arm/4.8.4/bin/../lib/gcc/arm-none-eabi/4.8.4/armv6-m/crti.o
                0x00002af4                _init
 .init          0x00002af8        0x8 c:/works/programs/psoc_creator/psoc creator/3.2/psoc_creator/import/gnu/arm/4.8.4/bin/../lib/gcc/arm-none-eabi/4.8.4/armv6-m/crtn.o
                0x00002b00                . = ALIGN (0x4)
                0x00002b00                __preinit_array_start = .
 *(.preinit_array)
                0x00002b00                __preinit_array_end = .
                0x00002b00                . = ALIGN (0x4)
                0x00002b00                __init_array_start = .
 *(SORT(.init_array.*))
 *(.init_array)
 .init_array    0x00002b00        0x4 c:/works/programs/psoc_creator/psoc creator/3.2/psoc_creator/import/gnu/arm/4.8.4/bin/../lib/gcc/arm-none-eabi/4.8.4/armv6-m/crtbegin.o
 .init_array    0x00002b04        0x4 .\CortexM0\ARM_GCC_484\Debug\Cm0Start.o
                0x00002b08                __init_array_end = .
                0x00002b08                . = ALIGN (0x4)
 *(.fini)
 .fini          0x00002b08        0x4 c:/works/programs/psoc_creator/psoc creator/3.2/psoc_creator/import/gnu/arm/4.8.4/bin/../lib/gcc/arm-none-eabi/4.8.4/armv6-m/crti.o
                0x00002b08                _fini
 .fini          0x00002b0c        0x8 c:/works/programs/psoc_creator/psoc creator/3.2/psoc_creator/import/gnu/arm/4.8.4/bin/../lib/gcc/arm-none-eabi/4.8.4/armv6-m/crtn.o
                0x00002b14                . = ALIGN (0x4)
                0x00002b14                __fini_array_start = .
 *(.fini_array)
 .fini_array    0x00002b14        0x4 c:/works/programs/psoc_creator/psoc creator/3.2/psoc_creator/import/gnu/arm/4.8.4/bin/../lib/gcc/arm-none-eabi/4.8.4/armv6-m/crtbegin.o
 *(SORT(.fini_array.*))
                0x00002b18                __fini_array_end = .
                0x00002b18                . = ALIGN (0x4)
 *crtbegin.o(.ctors)
 *(EXCLUDE_FILE(*crtend.o) .ctors)
 *(SORT(.ctors.*))
 *crtend.o(.ctors)
                0x00002b18                . = ALIGN (0x4)
 *crtbegin.o(.dtors)
 *(EXCLUDE_FILE(*crtend.o) .dtors)
 *(SORT(.dtors.*))
 *crtend.o(.dtors)
                0x00002b18                . = ALIGN (0x4)
                0x00002b18                __cy_regions = .
                0x00002b18        0x4 LONG 0x2b28 __cy_region_init_ram
                0x00002b1c        0x4 LONG 0x200000d0 __cy_region_start_data
                0x00002b20        0x4 LONG 0x50 __cy_region_init_size_ram
                0x00002b24        0x4 LONG 0x120 __cy_region_zero_size_ram
                0x00002b28                __cy_regions_end = .
                0x00002b28                . = ALIGN (0x8)
                0x00002b28                _etext = .

.ramvectors     0x20000000       0xc0
                0x20000000                __cy_region_start_ram = .
 *(.ramvectors)
 .ramvectors    0x20000000       0xc0 .\CortexM0\ARM_GCC_484\Debug\Cm0Start.o
                0x20000000                CyRamVectors

.btldr_run      0x200000c0        0x4
 *(.bootloaderruntype)
 .bootloaderruntype
                0x200000c0        0x4 .\CortexM0\ARM_GCC_484\Debug\Cm0Start.o
                0x200000c0                cyBtldrRunType

.noinit         0x200000c8        0x4
 *(.noinit)
 .noinit        0x200000c8        0x4 .\CortexM0\ARM_GCC_484\Debug\Cm0Start.o

.data           0x200000d0       0x50 load address 0x00002b28
                0x200000d0                __cy_region_start_data = .
 *(.jcr)
 .jcr           0x200000d0        0x0 c:/works/programs/psoc_creator/psoc creator/3.2/psoc_creator/import/gnu/arm/4.8.4/bin/../lib/gcc/arm-none-eabi/4.8.4/armv6-m/crtbegin.o
 .jcr           0x200000d0        0x4 c:/works/programs/psoc_creator/psoc creator/3.2/psoc_creator/import/gnu/arm/4.8.4/bin/../lib/gcc/arm-none-eabi/4.8.4/armv6-m/crtend.o
 *(.got.plt)
 *(.got)
 *(.shdata)
 *(.data .data.* .gnu.linkonce.d.*)
 .data          0x200000d4       0x10 .\CortexM0\ARM_GCC_484\Debug\D-21_s-7#1.a(CyLib.o)
                0x200000d4                cydelay32kMs
                0x200000d8                cydelayFreqKhz
                0x200000dc                cydelayFreqMhz
                0x200000e0                cydelayFreqHz
 .data          0x200000e4        0x4 .\CortexM0\ARM_GCC_484\Debug\D-21_s-7#1.a(CyLFClk.o)
 .data          0x200000e8       0x1c .\CortexM0\ARM_GCC_484\Debug\D-21_s-7#1.a(CapSense.o)
                0x200000e8                CapSense_widgetResolution
                0x200000ec                CapSense_sensorEnableMask
                0x200000f0                CapSense_pcTable
 .data          0x20000104       0x10 .\CortexM0\ARM_GCC_484\Debug\D-21_s-7#1.a(CapSense_CSHL.o)
                0x20000104                CapSense_debounce
                0x20000108                CapSense_lowBaselineReset
                0x2000010d                CapSense_enableRawFilters
 .data          0x20000114        0x8 .\CortexM0\ARM_GCC_484\Debug\D-21_s-7#1.a(CapSense_SMS.o)
                0x20000114                SMS_LIB_SensorSensitivity
                0x20000120                . = ALIGN (0x8)
 *fill*         0x2000011c        0x4 
 *(.ram)
                0x20000120                _edata = .

.igot.plt       0x20000120        0x0 load address 0x00002b78
 .igot.plt      0x00000000        0x0 c:/works/programs/psoc_creator/psoc creator/3.2/psoc_creator/import/gnu/arm/4.8.4/bin/../lib/gcc/arm-none-eabi/4.8.4/armv6-m/crtbegin.o

.bss            0x20000120      0x120 load address 0x00002b78
                0x20000120                PROVIDE (__bss_start__, .)
 *(.shbss)
 *(.bss .bss.* .gnu.linkonce.b.*)
 .bss           0x20000120       0x1c c:/works/programs/psoc_creator/psoc creator/3.2/psoc_creator/import/gnu/arm/4.8.4/bin/../lib/gcc/arm-none-eabi/4.8.4/armv6-m/crtbegin.o
 .bss           0x2000013c       0x1c .\CortexM0\ARM_GCC_484\Debug\D-21_s-7#1.a(CyLFClk.o)
 .bss           0x20000158       0x14 .\CortexM0\ARM_GCC_484\Debug\D-21_s-7#1.a(CapSense.o)
                0x20000158                CapSense_csdStatusVar
                0x2000015c                CapSense_sensorRaw
                0x20000167                CapSense_lowLevelTuningDone
                0x20000168                CapSense_sensorIndex
 .bss           0x2000016c       0x28 .\CortexM0\ARM_GCC_484\Debug\D-21_s-7#1.a(CapSense_CSHL.o)
                0x2000016c                CapSense_sensorBaseline
                0x20000178                CapSense_sensorBaselineLow
                0x20000180                CapSense_sensorSignal
                0x2000018c                CapSense_sensorOnMask
 .bss           0x20000194        0x1 .\CortexM0\ARM_GCC_484\Debug\D-21_s-7#1.a(CapSense_INT.o)
 .bss           0x20000195        0x1 .\CortexM0\ARM_GCC_484\Debug\D-21_s-7#1.a(PWM_1.o)
                0x20000195                PWM_1_initVar
 *(COMMON)
 *fill*         0x20000196        0x2 
 COMMON         0x20000198       0x31 .\CortexM0\ARM_GCC_484\Debug\D-21_s-7#1.a(CapSense.o)
                0x20000198                CapSense_csdTrim1
                0x2000019c                CapSense_sensorEnableMaskBackup
                0x200001a0                CapSense_senseClkDividerVal
                0x200001a8                CapSense_modulationIDAC
                0x200001b0                CapSense_compensationIDAC
                0x200001b8                scanSpeedTbl
                0x200001bc                CapSense_unscannedSnsDriveMode
                0x200001c4                CapSense_sampleClkDividerVal
 *fill*         0x200001c9        0x3 
 COMMON         0x200001cc       0x21 .\CortexM0\ARM_GCC_484\Debug\D-21_s-7#1.a(CapSense_CSHL.o)
                0x200001cc                CapSense_noiseThreshold
                0x200001d0                CapSense_lowBaselineResetCnt
                0x200001d8                CapSense_negativeNoiseThreshold
                0x200001dc                CapSense_rawFilterData1
                0x200001e8                CapSense_hysteresis
                0x200001ec                CapSense_fingerThreshold
 *fill*         0x200001ed        0x3 
 COMMON         0x200001f0       0x4d .\CortexM0\ARM_GCC_484\Debug\D-21_s-7#1.a(CapSense_SMS.o)
                0x200001f0                signRegisterTbl
                0x200001f8                runningDifferenceTbl
                0x20000200                sampleMinTbl
                0x2000020c                previousSampleTbl
                0x20000218                kValueTbl
                0x20000220                CapSense_config
                0x2000022c                sampleMaxTbl
                0x20000238                noiseEnvelopeTbl
                0x20000240                . = ALIGN (0x8)
 *fill*         0x2000023d        0x3 
 *(.ram.b)
                0x20000240                _end = .
                0x20000240                __end = .
                0x20000240                PROVIDE (end, .)
                0x20000240                PROVIDE (__bss_end__, .)
                0x00002b28                __cy_region_init_ram = LOADADDR (.data)
                0x00000050                __cy_region_init_size_ram = (_edata - ADDR (.data))
                0x00000120                __cy_region_zero_size_ram = (_end - _edata)

.heap           0x20000240       0x80 load address 0x00002b78
                0x20000240                . = _end
                0x200002c0                . = (. + 0x80)
 *fill*         0x20000240       0x80 
                0x200002c0                __cy_heap_limit = .

.stack          0x20000c00      0x400
                0x20000c00                __cy_stack_limit = .
                0x20001000                . = (. + 0x400)
 *fill*         0x20000c00      0x400 
                0x00000001                ASSERT ((__cy_stack_limit >= __cy_heap_limit), region RAM overflowed with stack)

.cyloadermeta   0xf0000000       0x40
 *(.cyloadermeta)
 .cyloadermeta  0xf0000000       0x40 .\CortexM0\ARM_GCC_484\Debug\cybootloader.o
                0xf0000000                cy_meta_loader

.cyloadablemeta
                0x00007fc0       0x40
 *(.cyloadablemeta)
 .cyloadablemeta
                0x00007fc0       0x40 .\CortexM0\ARM_GCC_484\Debug\cymetadata.o
                0x00007fc0                cy_meta_loadable

.cyflashprotect
                0x90400000       0x20
 *(.cyflashprotect)
 .cyflashprotect
                0x90400000       0x20 .\CortexM0\ARM_GCC_484\Debug\cybootloader.o
                0x90400000                cy_meta_flashprotect

.cymeta         0x90500000        0xc
 *(.cymeta)
 .cymeta        0x90500000        0xc .\CortexM0\ARM_GCC_484\Debug\cybootloader.o
                0x90500000                cy_metadata

.cychipprotect  0x90600000        0x4
 *(.cychipprotect)
 .cychipprotect
                0x90600000        0x4 .\CortexM0\ARM_GCC_484\Debug\cybootloader.o
                0x90600000                cy_meta_chipprotect

.rel.dyn        0x00008000        0x0 load address 0x90600004
 .rel.iplt      0x00000000        0x0 c:/works/programs/psoc_creator/psoc creator/3.2/psoc_creator/import/gnu/arm/4.8.4/bin/../lib/gcc/arm-none-eabi/4.8.4/armv6-m/crtbegin.o

.stab
 *(.stab)

.stabstr
 *(.stabstr)

.debug
 *(.debug)

.line
 *(.line)

.debug_srcinfo
 *(.debug_srcinfo)

.debug_sfnames
 *(.debug_sfnames)

.debug_aranges  0x00000000      0x810
 *(.debug_aranges)
 .debug_aranges
                0x00000000       0x20 .\CortexM0\ARM_GCC_484\Debug\main.o
 .debug_aranges
                0x00000020       0x18 .\CortexM0\ARM_GCC_484\Debug\cybootloader.o
 .debug_aranges
                0x00000038       0x18 .\CortexM0\ARM_GCC_484\Debug\cymetadata.o
 .debug_aranges
                0x00000050       0x48 .\CortexM0\ARM_GCC_484\Debug\Cm0Start.o
 .debug_aranges
                0x00000098       0x48 .\CortexM0\ARM_GCC_484\Debug\D-21_s-7#1.a(cyfitter_cfg.o)
 .debug_aranges
                0x000000e0      0x170 .\CortexM0\ARM_GCC_484\Debug\D-21_s-7#1.a(CyLib.o)
 .debug_aranges
                0x00000250      0x120 .\CortexM0\ARM_GCC_484\Debug\D-21_s-7#1.a(CyLFClk.o)
 .debug_aranges
                0x00000370      0x158 .\CortexM0\ARM_GCC_484\Debug\D-21_s-7#1.a(CapSense.o)
 .debug_aranges
                0x000004c8      0x148 .\CortexM0\ARM_GCC_484\Debug\D-21_s-7#1.a(CapSense_CSHL.o)
 .debug_aranges
                0x00000610       0x20 .\CortexM0\ARM_GCC_484\Debug\D-21_s-7#1.a(CapSense_INT.o)
 .debug_aranges
                0x00000630       0x60 .\CortexM0\ARM_GCC_484\Debug\D-21_s-7#1.a(CapSense_SMS.o)
 .debug_aranges
                0x00000690       0x40 .\CortexM0\ARM_GCC_484\Debug\D-21_s-7#1.a(CapSense_SampleClk.o)
 .debug_aranges
                0x000006d0       0x40 .\CortexM0\ARM_GCC_484\Debug\D-21_s-7#1.a(CapSense_SenseClk.o)
 .debug_aranges
                0x00000710       0x98 .\CortexM0\ARM_GCC_484\Debug\D-21_s-7#1.a(PWM_1.o)
 .debug_aranges
                0x000007a8       0x20 .\CortexM0\ARM_GCC_484\Debug\D-21_s-7#1.a(CyBootAsmGnu.o)
 .debug_aranges
                0x000007c8       0x48 C:\WORKS\Programs\PSoC_Creator\PSoC Creator\3.2\PSoC_Creator\psoc\content\cycomponentlibrary\CyComponentLibrary.cylib\CapSense_CSD_P4_v2_20\PSoC4\Library\CapsenseP4Library_GCC.a(CSD_P4_SmartSense_v2_20.o)

.debug_pubnames
 *(.debug_pubnames)

.debug_info     0x00000000     0x586d
 *(.debug_info .gnu.linkonce.wi.*)
 .debug_info    0x00000000      0x178 .\CortexM0\ARM_GCC_484\Debug\main.o
 .debug_info    0x00000178      0x14d .\CortexM0\ARM_GCC_484\Debug\cybootloader.o
 .debug_info    0x000002c5       0xb1 .\CortexM0\ARM_GCC_484\Debug\cymetadata.o
 .debug_info    0x00000376      0x397 .\CortexM0\ARM_GCC_484\Debug\Cm0Start.o
 .debug_info    0x0000070d      0x40f .\CortexM0\ARM_GCC_484\Debug\D-21_s-7#1.a(cyfitter_cfg.o)
 .debug_info    0x00000b1c      0xa5f .\CortexM0\ARM_GCC_484\Debug\D-21_s-7#1.a(CyLib.o)
 .debug_info    0x0000157b      0xc42 .\CortexM0\ARM_GCC_484\Debug\D-21_s-7#1.a(CyLFClk.o)
 .debug_info    0x000021bd     0x1061 .\CortexM0\ARM_GCC_484\Debug\D-21_s-7#1.a(CapSense.o)
 .debug_info    0x0000321e     0x10d1 .\CortexM0\ARM_GCC_484\Debug\D-21_s-7#1.a(CapSense_CSHL.o)
 .debug_info    0x000042ef      0x1ad .\CortexM0\ARM_GCC_484\Debug\D-21_s-7#1.a(CapSense_INT.o)
 .debug_info    0x0000449c      0x789 .\CortexM0\ARM_GCC_484\Debug\D-21_s-7#1.a(CapSense_SMS.o)
 .debug_info    0x00004c25      0x14b .\CortexM0\ARM_GCC_484\Debug\D-21_s-7#1.a(CapSense_SampleClk.o)
 .debug_info    0x00004d70      0x14b .\CortexM0\ARM_GCC_484\Debug\D-21_s-7#1.a(CapSense_SenseClk.o)
 .debug_info    0x00004ebb      0x32e .\CortexM0\ARM_GCC_484\Debug\D-21_s-7#1.a(PWM_1.o)
 .debug_info    0x000051e9       0x83 .\CortexM0\ARM_GCC_484\Debug\D-21_s-7#1.a(CyBootAsmGnu.o)
 .debug_info    0x0000526c      0x601 C:\WORKS\Programs\PSoC_Creator\PSoC Creator\3.2\PSoC_Creator\psoc\content\cycomponentlibrary\CyComponentLibrary.cylib\CapSense_CSD_P4_v2_20\PSoC4\Library\CapsenseP4Library_GCC.a(CSD_P4_SmartSense_v2_20.o)

.debug_abbrev   0x00000000     0x158e
 *(.debug_abbrev)
 .debug_abbrev  0x00000000       0xc7 .\CortexM0\ARM_GCC_484\Debug\main.o
 .debug_abbrev  0x000000c7       0x77 .\CortexM0\ARM_GCC_484\Debug\cybootloader.o
 .debug_abbrev  0x0000013e       0x5d .\CortexM0\ARM_GCC_484\Debug\cymetadata.o
 .debug_abbrev  0x0000019b      0x20d .\CortexM0\ARM_GCC_484\Debug\Cm0Start.o
 .debug_abbrev  0x000003a8      0x1fa .\CortexM0\ARM_GCC_484\Debug\D-21_s-7#1.a(cyfitter_cfg.o)
 .debug_abbrev  0x000005a2      0x20d .\CortexM0\ARM_GCC_484\Debug\D-21_s-7#1.a(CyLib.o)
 .debug_abbrev  0x000007af      0x226 .\CortexM0\ARM_GCC_484\Debug\D-21_s-7#1.a(CyLFClk.o)
 .debug_abbrev  0x000009d5      0x1ef .\CortexM0\ARM_GCC_484\Debug\D-21_s-7#1.a(CapSense.o)
 .debug_abbrev  0x00000bc4      0x27f .\CortexM0\ARM_GCC_484\Debug\D-21_s-7#1.a(CapSense_CSHL.o)
 .debug_abbrev  0x00000e43      0x106 .\CortexM0\ARM_GCC_484\Debug\D-21_s-7#1.a(CapSense_INT.o)
 .debug_abbrev  0x00000f49      0x1e8 .\CortexM0\ARM_GCC_484\Debug\D-21_s-7#1.a(CapSense_SMS.o)
 .debug_abbrev  0x00001131       0xc4 .\CortexM0\ARM_GCC_484\Debug\D-21_s-7#1.a(CapSense_SampleClk.o)
 .debug_abbrev  0x000011f5       0xc4 .\CortexM0\ARM_GCC_484\Debug\D-21_s-7#1.a(CapSense_SenseClk.o)
 .debug_abbrev  0x000012b9      0x15a .\CortexM0\ARM_GCC_484\Debug\D-21_s-7#1.a(PWM_1.o)
 .debug_abbrev  0x00001413       0x14 .\CortexM0\ARM_GCC_484\Debug\D-21_s-7#1.a(CyBootAsmGnu.o)
 .debug_abbrev  0x00001427      0x167 C:\WORKS\Programs\PSoC_Creator\PSoC Creator\3.2\PSoC_Creator\psoc\content\cycomponentlibrary\CyComponentLibrary.cylib\CapSense_CSD_P4_v2_20\PSoC4\Library\CapsenseP4Library_GCC.a(CSD_P4_SmartSense_v2_20.o)

.debug_line     0x00000000     0x1e63
 *(.debug_line)
 .debug_line    0x00000000       0x97 .\CortexM0\ARM_GCC_484\Debug\main.o
 .debug_line    0x00000097       0x55 .\CortexM0\ARM_GCC_484\Debug\cybootloader.o
 .debug_line    0x000000ec       0x53 .\CortexM0\ARM_GCC_484\Debug\cymetadata.o
 .debug_line    0x0000013f      0x231 .\CortexM0\ARM_GCC_484\Debug\Cm0Start.o
 .debug_line    0x00000370      0x19e .\CortexM0\ARM_GCC_484\Debug\D-21_s-7#1.a(cyfitter_cfg.o)
 .debug_line    0x0000050e      0x42f .\CortexM0\ARM_GCC_484\Debug\D-21_s-7#1.a(CyLib.o)
 .debug_line    0x0000093d      0x3fa .\CortexM0\ARM_GCC_484\Debug\D-21_s-7#1.a(CyLFClk.o)
 .debug_line    0x00000d37      0x4fa .\CortexM0\ARM_GCC_484\Debug\D-21_s-7#1.a(CapSense.o)
 .debug_line    0x00001231      0x474 .\CortexM0\ARM_GCC_484\Debug\D-21_s-7#1.a(CapSense_CSHL.o)
 .debug_line    0x000016a5       0xae .\CortexM0\ARM_GCC_484\Debug\D-21_s-7#1.a(CapSense_INT.o)
 .debug_line    0x00001753      0x1b2 .\CortexM0\ARM_GCC_484\Debug\D-21_s-7#1.a(CapSense_SMS.o)
 .debug_line    0x00001905       0xd1 .\CortexM0\ARM_GCC_484\Debug\D-21_s-7#1.a(CapSense_SampleClk.o)
 .debug_line    0x000019d6       0xd0 .\CortexM0\ARM_GCC_484\Debug\D-21_s-7#1.a(CapSense_SenseClk.o)
 .debug_line    0x00001aa6      0x196 .\CortexM0\ARM_GCC_484\Debug\D-21_s-7#1.a(PWM_1.o)
 .debug_line    0x00001c3c       0x69 .\CortexM0\ARM_GCC_484\Debug\D-21_s-7#1.a(CyBootAsmGnu.o)
 .debug_line    0x00001ca5      0x1be C:\WORKS\Programs\PSoC_Creator\PSoC Creator\3.2\PSoC_Creator\psoc\content\cycomponentlibrary\CyComponentLibrary.cylib\CapSense_CSD_P4_v2_20\PSoC4\Library\CapsenseP4Library_GCC.a(CSD_P4_SmartSense_v2_20.o)

.debug_frame    0x00000000     0x14ec
 *(.debug_frame)
 .debug_frame   0x00000000       0x2c .\CortexM0\ARM_GCC_484\Debug\main.o
 .debug_frame   0x0000002c       0xbc .\CortexM0\ARM_GCC_484\Debug\Cm0Start.o
 .debug_frame   0x000000e8       0xb8 .\CortexM0\ARM_GCC_484\Debug\D-21_s-7#1.a(cyfitter_cfg.o)
 .debug_frame   0x000001a0      0x3bc .\CortexM0\ARM_GCC_484\Debug\D-21_s-7#1.a(CyLib.o)
 .debug_frame   0x0000055c      0x36c .\CortexM0\ARM_GCC_484\Debug\D-21_s-7#1.a(CyLFClk.o)
 .debug_frame   0x000008c8      0x3d8 .\CortexM0\ARM_GCC_484\Debug\D-21_s-7#1.a(CapSense.o)
 .debug_frame   0x00000ca0      0x380 .\CortexM0\ARM_GCC_484\Debug\D-21_s-7#1.a(CapSense_CSHL.o)
 .debug_frame   0x00001020       0x30 .\CortexM0\ARM_GCC_484\Debug\D-21_s-7#1.a(CapSense_INT.o)
 .debug_frame   0x00001050       0xec .\CortexM0\ARM_GCC_484\Debug\D-21_s-7#1.a(CapSense_SMS.o)
 .debug_frame   0x0000113c       0x60 .\CortexM0\ARM_GCC_484\Debug\D-21_s-7#1.a(CapSense_SampleClk.o)
 .debug_frame   0x0000119c       0x60 .\CortexM0\ARM_GCC_484\Debug\D-21_s-7#1.a(CapSense_SenseClk.o)
 .debug_frame   0x000011fc      0x134 .\CortexM0\ARM_GCC_484\Debug\D-21_s-7#1.a(PWM_1.o)
 .debug_frame   0x00001330       0xe8 C:\WORKS\Programs\PSoC_Creator\PSoC Creator\3.2\PSoC_Creator\psoc\content\cycomponentlibrary\CyComponentLibrary.cylib\CapSense_CSD_P4_v2_20\PSoC4\Library\CapsenseP4Library_GCC.a(CSD_P4_SmartSense_v2_20.o)
 .debug_frame   0x00001418       0x20 c:/works/programs/psoc_creator/psoc creator/3.2/psoc_creator/import/gnu/arm/4.8.4/bin/../lib/gcc/arm-none-eabi/4.8.4/armv6-m\libgcc.a(_udivsi3.o)
 .debug_frame   0x00001438       0x20 c:/works/programs/psoc_creator/psoc creator/3.2/psoc_creator/import/gnu/arm/4.8.4/bin/../lib/gcc/arm-none-eabi/4.8.4/armv6-m\libgcc.a(_divsi3.o)
 .debug_frame   0x00001458       0x20 c:/works/programs/psoc_creator/psoc creator/3.2/psoc_creator/import/gnu/arm/4.8.4/bin/../lib/gcc/arm-none-eabi/4.8.4/../../../../arm-none-eabi/lib/armv6-m\libg_s.a(lib_a-errno.o)
 .debug_frame   0x00001478       0x28 c:/works/programs/psoc_creator/psoc creator/3.2/psoc_creator/import/gnu/arm/4.8.4/bin/../lib/gcc/arm-none-eabi/4.8.4/../../../../arm-none-eabi/lib/armv6-m\libg_s.a(lib_a-exit.o)
 .debug_frame   0x000014a0       0x2c c:/works/programs/psoc_creator/psoc creator/3.2/psoc_creator/import/gnu/arm/4.8.4/bin/../lib/gcc/arm-none-eabi/4.8.4/../../../../arm-none-eabi/lib/armv6-m\libg_s.a(lib_a-init.o)
 .debug_frame   0x000014cc       0x20 c:/works/programs/psoc_creator/psoc creator/3.2/psoc_creator/import/gnu/arm/4.8.4/bin/../lib/gcc/arm-none-eabi/4.8.4/../../../../arm-none-eabi/lib/armv6-m\libg_s.a(lib_a-memset.o)

.debug_str      0x00000000     0x258a
 *(.debug_str)
 .debug_str     0x00000000      0x1ef .\CortexM0\ARM_GCC_484\Debug\main.o
                                0x228 (size before relaxing)
 .debug_str     0x000001ef       0x7a .\CortexM0\ARM_GCC_484\Debug\cybootloader.o
                                0x1ce (size before relaxing)
 .debug_str     0x00000269       0x37 .\CortexM0\ARM_GCC_484\Debug\cymetadata.o
                                0x18b (size before relaxing)
 .debug_str     0x000002a0      0x172 .\CortexM0\ARM_GCC_484\Debug\Cm0Start.o
                                0x2e5 (size before relaxing)
 .debug_str     0x00000412      0x127 .\CortexM0\ARM_GCC_484\Debug\D-21_s-7#1.a(cyfitter_cfg.o)
                                0x2df (size before relaxing)
 .debug_str     0x00000539      0x455 .\CortexM0\ARM_GCC_484\Debug\D-21_s-7#1.a(CyLib.o)
                                0x62a (size before relaxing)
 .debug_str     0x0000098e      0x46d .\CortexM0\ARM_GCC_484\Debug\D-21_s-7#1.a(CyLFClk.o)
                                0x634 (size before relaxing)
 .debug_str     0x00000dfb      0x857 .\CortexM0\ARM_GCC_484\Debug\D-21_s-7#1.a(CapSense.o)
                                0xaa8 (size before relaxing)
 .debug_str     0x00001652      0x7e7 .\CortexM0\ARM_GCC_484\Debug\D-21_s-7#1.a(CapSense_CSHL.o)
                                0xb3e (size before relaxing)
 .debug_str     0x00001e39       0x4a .\CortexM0\ARM_GCC_484\Debug\D-21_s-7#1.a(CapSense_INT.o)
                                0x264 (size before relaxing)
 .debug_str     0x00001e83      0x213 .\CortexM0\ARM_GCC_484\Debug\D-21_s-7#1.a(CapSense_SMS.o)
                                0x6e6 (size before relaxing)
 .debug_str     0x00002096       0xac .\CortexM0\ARM_GCC_484\Debug\D-21_s-7#1.a(CapSense_SampleClk.o)
                                0x26c (size before relaxing)
 .debug_str     0x00002142       0x81 .\CortexM0\ARM_GCC_484\Debug\D-21_s-7#1.a(CapSense_SenseClk.o)
                                0x266 (size before relaxing)
 .debug_str     0x000021c3      0x181 .\CortexM0\ARM_GCC_484\Debug\D-21_s-7#1.a(PWM_1.o)
                                0x326 (size before relaxing)
 .debug_str     0x00002344      0x246 C:\WORKS\Programs\PSoC_Creator\PSoC Creator\3.2\PSoC_Creator\psoc\content\cycomponentlibrary\CyComponentLibrary.cylib\CapSense_CSD_P4_v2_20\PSoC4\Library\CapsenseP4Library_GCC.a(CSD_P4_SmartSense_v2_20.o)
                                0x593 (size before relaxing)

.debug_loc      0x00000000     0x30ae
 *(.debug_loc)
 .debug_loc     0x00000000       0x13 .\CortexM0\ARM_GCC_484\Debug\main.o
 .debug_loc     0x00000013      0x144 .\CortexM0\ARM_GCC_484\Debug\Cm0Start.o
 .debug_loc     0x00000157      0x1ac .\CortexM0\ARM_GCC_484\Debug\D-21_s-7#1.a(cyfitter_cfg.o)
 .debug_loc     0x00000303      0x5f7 .\CortexM0\ARM_GCC_484\Debug\D-21_s-7#1.a(CyLib.o)
 .debug_loc     0x000008fa      0x7df .\CortexM0\ARM_GCC_484\Debug\D-21_s-7#1.a(CyLFClk.o)
 .debug_loc     0x000010d9      0xb82 .\CortexM0\ARM_GCC_484\Debug\D-21_s-7#1.a(CapSense.o)
 .debug_loc     0x00001c5b      0xbaf .\CortexM0\ARM_GCC_484\Debug\D-21_s-7#1.a(CapSense_CSHL.o)
 .debug_loc     0x0000280a      0x1d6 .\CortexM0\ARM_GCC_484\Debug\D-21_s-7#1.a(CapSense_SMS.o)
 .debug_loc     0x000029e0       0x21 .\CortexM0\ARM_GCC_484\Debug\D-21_s-7#1.a(CapSense_SampleClk.o)
 .debug_loc     0x00002a01       0x21 .\CortexM0\ARM_GCC_484\Debug\D-21_s-7#1.a(CapSense_SenseClk.o)
 .debug_loc     0x00002a22       0x26 .\CortexM0\ARM_GCC_484\Debug\D-21_s-7#1.a(PWM_1.o)
 .debug_loc     0x00002a48      0x666 C:\WORKS\Programs\PSoC_Creator\PSoC Creator\3.2\PSoC_Creator\psoc\content\cycomponentlibrary\CyComponentLibrary.cylib\CapSense_CSD_P4_v2_20\PSoC4\Library\CapsenseP4Library_GCC.a(CSD_P4_SmartSense_v2_20.o)

.debug_macinfo
 *(.debug_macinfo)

.debug_ranges   0x00000000      0x750
 *(.debug_ranges)
 .debug_ranges  0x00000000       0x28 .\CortexM0\ARM_GCC_484\Debug\main.o
 .debug_ranges  0x00000028       0x50 .\CortexM0\ARM_GCC_484\Debug\Cm0Start.o
 .debug_ranges  0x00000078       0x68 .\CortexM0\ARM_GCC_484\Debug\D-21_s-7#1.a(cyfitter_cfg.o)
 .debug_ranges  0x000000e0      0x160 .\CortexM0\ARM_GCC_484\Debug\D-21_s-7#1.a(CyLib.o)
 .debug_ranges  0x00000240      0x110 .\CortexM0\ARM_GCC_484\Debug\D-21_s-7#1.a(CyLFClk.o)
 .debug_ranges  0x00000350      0x148 .\CortexM0\ARM_GCC_484\Debug\D-21_s-7#1.a(CapSense.o)
 .debug_ranges  0x00000498      0x138 .\CortexM0\ARM_GCC_484\Debug\D-21_s-7#1.a(CapSense_CSHL.o)
 .debug_ranges  0x000005d0       0x10 .\CortexM0\ARM_GCC_484\Debug\D-21_s-7#1.a(CapSense_INT.o)
 .debug_ranges  0x000005e0       0x50 .\CortexM0\ARM_GCC_484\Debug\D-21_s-7#1.a(CapSense_SMS.o)
 .debug_ranges  0x00000630       0x30 .\CortexM0\ARM_GCC_484\Debug\D-21_s-7#1.a(CapSense_SampleClk.o)
 .debug_ranges  0x00000660       0x30 .\CortexM0\ARM_GCC_484\Debug\D-21_s-7#1.a(CapSense_SenseClk.o)
 .debug_ranges  0x00000690       0x88 .\CortexM0\ARM_GCC_484\Debug\D-21_s-7#1.a(PWM_1.o)
 .debug_ranges  0x00000718       0x38 C:\WORKS\Programs\PSoC_Creator\PSoC Creator\3.2\PSoC_Creator\psoc\content\cycomponentlibrary\CyComponentLibrary.cylib\CapSense_CSD_P4_v2_20\PSoC4\Library\CapsenseP4Library_GCC.a(CSD_P4_SmartSense_v2_20.o)

.comment        0x00000000       0x70
 .comment       0x00000000       0x70 .\CortexM0\ARM_GCC_484\Debug\main.o
                                 0x71 (size before relaxing)
 .comment       0x00000000       0x71 .\CortexM0\ARM_GCC_484\Debug\cybootloader.o
 .comment       0x00000000       0x71 .\CortexM0\ARM_GCC_484\Debug\cymetadata.o
 .comment       0x00000000       0x71 .\CortexM0\ARM_GCC_484\Debug\Cm0Start.o
 .comment       0x00000000       0x71 .\CortexM0\ARM_GCC_484\Debug\D-21_s-7#1.a(cyfitter_cfg.o)
 .comment       0x00000000       0x71 .\CortexM0\ARM_GCC_484\Debug\D-21_s-7#1.a(CyLib.o)
 .comment       0x00000000       0x71 .\CortexM0\ARM_GCC_484\Debug\D-21_s-7#1.a(CyLFClk.o)
 .comment       0x00000000       0x71 .\CortexM0\ARM_GCC_484\Debug\D-21_s-7#1.a(CapSense.o)
 .comment       0x00000000       0x71 .\CortexM0\ARM_GCC_484\Debug\D-21_s-7#1.a(CapSense_CSHL.o)
 .comment       0x00000000       0x71 .\CortexM0\ARM_GCC_484\Debug\D-21_s-7#1.a(CapSense_INT.o)
 .comment       0x00000000       0x71 .\CortexM0\ARM_GCC_484\Debug\D-21_s-7#1.a(CapSense_SMS.o)
 .comment       0x00000000       0x71 .\CortexM0\ARM_GCC_484\Debug\D-21_s-7#1.a(CapSense_SampleClk.o)
 .comment       0x00000000       0x71 .\CortexM0\ARM_GCC_484\Debug\D-21_s-7#1.a(CapSense_SenseClk.o)
 .comment       0x00000000       0x71 .\CortexM0\ARM_GCC_484\Debug\D-21_s-7#1.a(PWM_1.o)
 .comment       0x00000000       0x71 C:\WORKS\Programs\PSoC_Creator\PSoC Creator\3.2\PSoC_Creator\psoc\content\cycomponentlibrary\CyComponentLibrary.cylib\CapSense_CSD_P4_v2_20\PSoC4\Library\CapsenseP4Library_GCC.a(CSD_P4_SmartSense_v2_20.o)

.debug_weaknames
 *(.debug_weaknames)

.debug_funcnames
 *(.debug_funcnames)

.debug_typenames
 *(.debug_typenames)

.debug_varnames
 *(.debug_varnames)

.note.gnu.arm.ident
 *(.note.gnu.arm.ident)

.ARM.attributes
                0x00000000       0x28
 *(.ARM.attributes)
 .ARM.attributes
                0x00000000       0x1e c:/works/programs/psoc_creator/psoc creator/3.2/psoc_creator/import/gnu/arm/4.8.4/bin/../lib/gcc/arm-none-eabi/4.8.4/armv6-m/crti.o
 .ARM.attributes
                0x0000001e       0x2c c:/works/programs/psoc_creator/psoc creator/3.2/psoc_creator/import/gnu/arm/4.8.4/bin/../lib/gcc/arm-none-eabi/4.8.4/armv6-m/crtbegin.o
 .ARM.attributes
                0x0000004a       0x1b c:/works/programs/psoc_creator/psoc creator/3.2/psoc_creator/import/gnu/arm/4.8.4/bin/../lib/gcc/arm-none-eabi/4.8.4/../../../../arm-none-eabi/lib/armv6-m/crt0.o
 .ARM.attributes
                0x00000065       0x31 .\CortexM0\ARM_GCC_484\Debug\main.o
 .ARM.attributes
                0x00000096       0x31 .\CortexM0\ARM_GCC_484\Debug\cybootloader.o
 .ARM.attributes
                0x000000c7       0x31 .\CortexM0\ARM_GCC_484\Debug\cymetadata.o
 .ARM.attributes
                0x000000f8       0x31 .\CortexM0\ARM_GCC_484\Debug\Cm0Start.o
 .ARM.attributes
                0x00000129       0x31 .\CortexM0\ARM_GCC_484\Debug\D-21_s-7#1.a(cyfitter_cfg.o)
 .ARM.attributes
                0x0000015a       0x31 .\CortexM0\ARM_GCC_484\Debug\D-21_s-7#1.a(CyLib.o)
 .ARM.attributes
                0x0000018b       0x31 .\CortexM0\ARM_GCC_484\Debug\D-21_s-7#1.a(CyLFClk.o)
 .ARM.attributes
                0x000001bc       0x31 .\CortexM0\ARM_GCC_484\Debug\D-21_s-7#1.a(CapSense.o)
 .ARM.attributes
                0x000001ed       0x31 .\CortexM0\ARM_GCC_484\Debug\D-21_s-7#1.a(CapSense_CSHL.o)
 .ARM.attributes
                0x0000021e       0x31 .\CortexM0\ARM_GCC_484\Debug\D-21_s-7#1.a(CapSense_INT.o)
 .ARM.attributes
                0x0000024f       0x31 .\CortexM0\ARM_GCC_484\Debug\D-21_s-7#1.a(CapSense_SMS.o)
 .ARM.attributes
                0x00000280       0x31 .\CortexM0\ARM_GCC_484\Debug\D-21_s-7#1.a(CapSense_SampleClk.o)
 .ARM.attributes
                0x000002b1       0x31 .\CortexM0\ARM_GCC_484\Debug\D-21_s-7#1.a(CapSense_SenseClk.o)
 .ARM.attributes
                0x000002e2       0x31 .\CortexM0\ARM_GCC_484\Debug\D-21_s-7#1.a(PWM_1.o)
 .ARM.attributes
                0x00000313       0x21 .\CortexM0\ARM_GCC_484\Debug\D-21_s-7#1.a(CyBootAsmGnu.o)
 .ARM.attributes
                0x00000334       0x31 C:\WORKS\Programs\PSoC_Creator\PSoC Creator\3.2\PSoC_Creator\psoc\content\cycomponentlibrary\CyComponentLibrary.cylib\CapSense_CSD_P4_v2_20\PSoC4\Library\CapsenseP4Library_GCC.a(CSD_P4_SmartSense_v2_20.o)
 .ARM.attributes
                0x00000365       0x1e c:/works/programs/psoc_creator/psoc creator/3.2/psoc_creator/import/gnu/arm/4.8.4/bin/../lib/gcc/arm-none-eabi/4.8.4/armv6-m\libgcc.a(_udivsi3.o)
 .ARM.attributes
                0x00000383       0x1e c:/works/programs/psoc_creator/psoc creator/3.2/psoc_creator/import/gnu/arm/4.8.4/bin/../lib/gcc/arm-none-eabi/4.8.4/armv6-m\libgcc.a(_divsi3.o)
 .ARM.attributes
                0x000003a1       0x1e c:/works/programs/psoc_creator/psoc creator/3.2/psoc_creator/import/gnu/arm/4.8.4/bin/../lib/gcc/arm-none-eabi/4.8.4/armv6-m\libgcc.a(_dvmd_tls.o)
 .ARM.attributes
                0x000003bf       0x2c c:/works/programs/psoc_creator/psoc creator/3.2/psoc_creator/import/gnu/arm/4.8.4/bin/../lib/gcc/arm-none-eabi/4.8.4/../../../../arm-none-eabi/lib/armv6-m\libg_s.a(lib_a-errno.o)
 .ARM.attributes
                0x000003eb       0x2c c:/works/programs/psoc_creator/psoc creator/3.2/psoc_creator/import/gnu/arm/4.8.4/bin/../lib/gcc/arm-none-eabi/4.8.4/../../../../arm-none-eabi/lib/armv6-m\libg_s.a(lib_a-exit.o)
 .ARM.attributes
                0x00000417       0x2c c:/works/programs/psoc_creator/psoc creator/3.2/psoc_creator/import/gnu/arm/4.8.4/bin/../lib/gcc/arm-none-eabi/4.8.4/../../../../arm-none-eabi/lib/armv6-m\libg_s.a(lib_a-impure.o)
 .ARM.attributes
                0x00000443       0x2c c:/works/programs/psoc_creator/psoc creator/3.2/psoc_creator/import/gnu/arm/4.8.4/bin/../lib/gcc/arm-none-eabi/4.8.4/../../../../arm-none-eabi/lib/armv6-m\libg_s.a(lib_a-init.o)
 .ARM.attributes
                0x0000046f       0x2c c:/works/programs/psoc_creator/psoc creator/3.2/psoc_creator/import/gnu/arm/4.8.4/bin/../lib/gcc/arm-none-eabi/4.8.4/../../../../arm-none-eabi/lib/armv6-m\libg_s.a(lib_a-memset.o)
 .ARM.attributes
                0x0000049b       0x2c c:/works/programs/psoc_creator/psoc creator/3.2/psoc_creator/import/gnu/arm/4.8.4/bin/../lib/gcc/arm-none-eabi/4.8.4/armv6-m/crtend.o
 .ARM.attributes
                0x000004c7       0x1e c:/works/programs/psoc_creator/psoc creator/3.2/psoc_creator/import/gnu/arm/4.8.4/bin/../lib/gcc/arm-none-eabi/4.8.4/armv6-m/crtn.o

/DISCARD/
 *(.note.GNU-stack)
OUTPUT(.\CortexM0\ARM_GCC_484\Debug\D-21_s-7#1.elf elf32-littlearm)
