ARM GAS  C:\Users\kbuchi\AppData\Local\Temp\cchAk2Ii.s 			page 1


   1              		.cpu cortex-m0
   2              		.fpu softvfp
   3              		.eabi_attribute 20, 1
   4              		.eabi_attribute 21, 1
   5              		.eabi_attribute 23, 3
   6              		.eabi_attribute 24, 1
   7              		.eabi_attribute 25, 1
   8              		.eabi_attribute 26, 1
   9              		.eabi_attribute 30, 1
  10              		.eabi_attribute 34, 0
  11              		.eabi_attribute 18, 4
  12              		.code	16
  13              		.file	"cyfitter_cfg.c"
  14              		.text
  15              	.Ltext0:
  16              		.cfi_sections	.debug_frame
  17              		.section	.text.CYMEMZERO,"ax",%progbits
  18              		.align	2
  19              		.code	16
  20              		.thumb_func
  21              		.type	CYMEMZERO, %function
  22              	CYMEMZERO:
  23              	.LFB0:
  24              		.file 1 ".\\Generated_Source\\PSoC4\\cyfitter_cfg.c"
   1:.\Generated_Source\PSoC4/cyfitter_cfg.c **** /*******************************************************************************
   2:.\Generated_Source\PSoC4/cyfitter_cfg.c **** * FILENAME: cyfitter_cfg.c
   3:.\Generated_Source\PSoC4/cyfitter_cfg.c **** * 
   4:.\Generated_Source\PSoC4/cyfitter_cfg.c **** * PSoC Creator  3.2
   5:.\Generated_Source\PSoC4/cyfitter_cfg.c **** *
   6:.\Generated_Source\PSoC4/cyfitter_cfg.c **** * DESCRIPTION:
   7:.\Generated_Source\PSoC4/cyfitter_cfg.c **** * This file contains device initialization code.
   8:.\Generated_Source\PSoC4/cyfitter_cfg.c **** * Except for the user defined sections in CyClockStartupError(), this file should not be modified.
   9:.\Generated_Source\PSoC4/cyfitter_cfg.c **** * This file is automatically generated by PSoC Creator.
  10:.\Generated_Source\PSoC4/cyfitter_cfg.c **** *
  11:.\Generated_Source\PSoC4/cyfitter_cfg.c **** ********************************************************************************
  12:.\Generated_Source\PSoC4/cyfitter_cfg.c **** * Copyright (c) 2007-2015 Cypress Semiconductor.  All rights reserved.
  13:.\Generated_Source\PSoC4/cyfitter_cfg.c **** * You may use this file only in accordance with the license, terms, conditions, 
  14:.\Generated_Source\PSoC4/cyfitter_cfg.c **** * disclaimers, and limitations in the end user license agreement accompanying 
  15:.\Generated_Source\PSoC4/cyfitter_cfg.c **** * the software package with which this file was provided.
  16:.\Generated_Source\PSoC4/cyfitter_cfg.c **** ********************************************************************************/
  17:.\Generated_Source\PSoC4/cyfitter_cfg.c **** 
  18:.\Generated_Source\PSoC4/cyfitter_cfg.c **** #include <string.h>
  19:.\Generated_Source\PSoC4/cyfitter_cfg.c **** #include "cytypes.h"
  20:.\Generated_Source\PSoC4/cyfitter_cfg.c **** #include "cydevice_trm.h"
  21:.\Generated_Source\PSoC4/cyfitter_cfg.c **** #include "cyfitter.h"
  22:.\Generated_Source\PSoC4/cyfitter_cfg.c **** #include "CyLib.h"
  23:.\Generated_Source\PSoC4/cyfitter_cfg.c **** #include "CyLFClk.h"
  24:.\Generated_Source\PSoC4/cyfitter_cfg.c **** #include "cyfitter_cfg.h"
  25:.\Generated_Source\PSoC4/cyfitter_cfg.c **** 
  26:.\Generated_Source\PSoC4/cyfitter_cfg.c **** 
  27:.\Generated_Source\PSoC4/cyfitter_cfg.c **** #if defined(__GNUC__) || defined(__ARMCC_VERSION)
  28:.\Generated_Source\PSoC4/cyfitter_cfg.c ****     #define CYPACKED 
  29:.\Generated_Source\PSoC4/cyfitter_cfg.c ****     #define CYPACKED_ATTR __attribute__ ((packed))
  30:.\Generated_Source\PSoC4/cyfitter_cfg.c ****     #define CYALIGNED __attribute__ ((aligned))
  31:.\Generated_Source\PSoC4/cyfitter_cfg.c ****     #define CY_CFG_UNUSED __attribute__ ((unused))
  32:.\Generated_Source\PSoC4/cyfitter_cfg.c ****     #define CY_CFG_SECTION __attribute__ ((section(".psocinit")))
  33:.\Generated_Source\PSoC4/cyfitter_cfg.c ****     
ARM GAS  C:\Users\kbuchi\AppData\Local\Temp\cchAk2Ii.s 			page 2


  34:.\Generated_Source\PSoC4/cyfitter_cfg.c ****     #if defined(__ARMCC_VERSION)
  35:.\Generated_Source\PSoC4/cyfitter_cfg.c ****         #define CY_CFG_MEMORY_BARRIER() __memory_changed()
  36:.\Generated_Source\PSoC4/cyfitter_cfg.c ****     #else
  37:.\Generated_Source\PSoC4/cyfitter_cfg.c ****         #define CY_CFG_MEMORY_BARRIER() __sync_synchronize()
  38:.\Generated_Source\PSoC4/cyfitter_cfg.c ****     #endif
  39:.\Generated_Source\PSoC4/cyfitter_cfg.c ****     
  40:.\Generated_Source\PSoC4/cyfitter_cfg.c **** #elif defined(__ICCARM__)
  41:.\Generated_Source\PSoC4/cyfitter_cfg.c ****     #include <intrinsics.h>
  42:.\Generated_Source\PSoC4/cyfitter_cfg.c **** 
  43:.\Generated_Source\PSoC4/cyfitter_cfg.c ****     #define CYPACKED __packed
  44:.\Generated_Source\PSoC4/cyfitter_cfg.c ****     #define CYPACKED_ATTR 
  45:.\Generated_Source\PSoC4/cyfitter_cfg.c ****     #define CYALIGNED _Pragma("data_alignment=4")
  46:.\Generated_Source\PSoC4/cyfitter_cfg.c ****     #define CY_CFG_UNUSED _Pragma("diag_suppress=Pe177")
  47:.\Generated_Source\PSoC4/cyfitter_cfg.c ****     #define CY_CFG_SECTION _Pragma("location=\".psocinit\"")
  48:.\Generated_Source\PSoC4/cyfitter_cfg.c ****     
  49:.\Generated_Source\PSoC4/cyfitter_cfg.c ****     #define CY_CFG_MEMORY_BARRIER() __DMB()
  50:.\Generated_Source\PSoC4/cyfitter_cfg.c ****     
  51:.\Generated_Source\PSoC4/cyfitter_cfg.c **** #else
  52:.\Generated_Source\PSoC4/cyfitter_cfg.c ****     #error Unsupported toolchain
  53:.\Generated_Source\PSoC4/cyfitter_cfg.c **** #endif
  54:.\Generated_Source\PSoC4/cyfitter_cfg.c **** 
  55:.\Generated_Source\PSoC4/cyfitter_cfg.c **** 
  56:.\Generated_Source\PSoC4/cyfitter_cfg.c **** CY_CFG_UNUSED
  57:.\Generated_Source\PSoC4/cyfitter_cfg.c **** static void CYMEMZERO(void *s, size_t n);
  58:.\Generated_Source\PSoC4/cyfitter_cfg.c **** CY_CFG_UNUSED
  59:.\Generated_Source\PSoC4/cyfitter_cfg.c **** static void CYMEMZERO(void *s, size_t n)
  60:.\Generated_Source\PSoC4/cyfitter_cfg.c **** {
  25              		.loc 1 60 0
  26              		.cfi_startproc
  27              	.LVL0:
  28 0000 08B5     		push	{r3, lr}
  29              		.cfi_def_cfa_offset 8
  30              		.cfi_offset 3, -8
  31              		.cfi_offset 14, -4
  32 0002 0A1C     		mov	r2, r1
  61:.\Generated_Source\PSoC4/cyfitter_cfg.c **** 	(void)memset(s, 0, n);
  33              		.loc 1 61 0
  34 0004 0021     		mov	r1, #0
  35              	.LVL1:
  36 0006 FFF7FEFF 		bl	memset
  37              	.LVL2:
  62:.\Generated_Source\PSoC4/cyfitter_cfg.c **** }
  38              		.loc 1 62 0
  39              		@ sp needed
  40 000a 08BD     		pop	{r3, pc}
  41              		.cfi_endproc
  42              	.LFE0:
  43              		.size	CYMEMZERO, .-CYMEMZERO
  44              		.section	.psocinit,"ax",%progbits
  45              		.align	2
  46              		.code	16
  47              		.thumb_func
  48              		.type	ClockSetup, %function
  49              	ClockSetup:
  50              	.LFB3:
  63:.\Generated_Source\PSoC4/cyfitter_cfg.c **** CY_CFG_UNUSED
  64:.\Generated_Source\PSoC4/cyfitter_cfg.c **** static void CYCONFIGCPY(void *dest, const void *src, size_t n);
ARM GAS  C:\Users\kbuchi\AppData\Local\Temp\cchAk2Ii.s 			page 3


  65:.\Generated_Source\PSoC4/cyfitter_cfg.c **** CY_CFG_UNUSED
  66:.\Generated_Source\PSoC4/cyfitter_cfg.c **** static void CYCONFIGCPY(void *dest, const void *src, size_t n)
  67:.\Generated_Source\PSoC4/cyfitter_cfg.c **** {
  68:.\Generated_Source\PSoC4/cyfitter_cfg.c **** 	(void)memcpy(dest, src, n);
  69:.\Generated_Source\PSoC4/cyfitter_cfg.c **** }
  70:.\Generated_Source\PSoC4/cyfitter_cfg.c **** CY_CFG_UNUSED
  71:.\Generated_Source\PSoC4/cyfitter_cfg.c **** static void CYCONFIGCPYCODE(void *dest, const void *src, size_t n);
  72:.\Generated_Source\PSoC4/cyfitter_cfg.c **** CY_CFG_UNUSED
  73:.\Generated_Source\PSoC4/cyfitter_cfg.c **** static void CYCONFIGCPYCODE(void *dest, const void *src, size_t n)
  74:.\Generated_Source\PSoC4/cyfitter_cfg.c **** {
  75:.\Generated_Source\PSoC4/cyfitter_cfg.c **** 	(void)memcpy(dest, src, n);
  76:.\Generated_Source\PSoC4/cyfitter_cfg.c **** }
  77:.\Generated_Source\PSoC4/cyfitter_cfg.c **** 
  78:.\Generated_Source\PSoC4/cyfitter_cfg.c **** 
  79:.\Generated_Source\PSoC4/cyfitter_cfg.c **** 
  80:.\Generated_Source\PSoC4/cyfitter_cfg.c **** /* Clock startup error codes                                                   */
  81:.\Generated_Source\PSoC4/cyfitter_cfg.c **** #define CYCLOCKSTART_NO_ERROR    0u
  82:.\Generated_Source\PSoC4/cyfitter_cfg.c **** #define CYCLOCKSTART_XTAL_ERROR  1u
  83:.\Generated_Source\PSoC4/cyfitter_cfg.c **** #define CYCLOCKSTART_32KHZ_ERROR 2u
  84:.\Generated_Source\PSoC4/cyfitter_cfg.c **** #define CYCLOCKSTART_PLL_ERROR   3u
  85:.\Generated_Source\PSoC4/cyfitter_cfg.c **** 
  86:.\Generated_Source\PSoC4/cyfitter_cfg.c **** #ifdef CY_NEED_CYCLOCKSTARTUPERROR
  87:.\Generated_Source\PSoC4/cyfitter_cfg.c **** /*******************************************************************************
  88:.\Generated_Source\PSoC4/cyfitter_cfg.c **** * Function Name: CyClockStartupError
  89:.\Generated_Source\PSoC4/cyfitter_cfg.c **** ********************************************************************************
  90:.\Generated_Source\PSoC4/cyfitter_cfg.c **** * Summary:
  91:.\Generated_Source\PSoC4/cyfitter_cfg.c **** *  If an error is encountered during clock configuration (crystal startup error,
  92:.\Generated_Source\PSoC4/cyfitter_cfg.c **** *  PLL lock error, etc.), the system will end up here.  Unless reimplemented by
  93:.\Generated_Source\PSoC4/cyfitter_cfg.c **** *  the customer, this function will stop in an infinite loop.
  94:.\Generated_Source\PSoC4/cyfitter_cfg.c **** *
  95:.\Generated_Source\PSoC4/cyfitter_cfg.c **** * Parameters:
  96:.\Generated_Source\PSoC4/cyfitter_cfg.c **** *   void
  97:.\Generated_Source\PSoC4/cyfitter_cfg.c **** *
  98:.\Generated_Source\PSoC4/cyfitter_cfg.c **** * Return:
  99:.\Generated_Source\PSoC4/cyfitter_cfg.c **** *   void
 100:.\Generated_Source\PSoC4/cyfitter_cfg.c **** *
 101:.\Generated_Source\PSoC4/cyfitter_cfg.c **** *******************************************************************************/
 102:.\Generated_Source\PSoC4/cyfitter_cfg.c **** CY_CFG_UNUSED
 103:.\Generated_Source\PSoC4/cyfitter_cfg.c **** static void CyClockStartupError(uint8 errorCode);
 104:.\Generated_Source\PSoC4/cyfitter_cfg.c **** CY_CFG_UNUSED
 105:.\Generated_Source\PSoC4/cyfitter_cfg.c **** static void CyClockStartupError(uint8 errorCode)
 106:.\Generated_Source\PSoC4/cyfitter_cfg.c **** {
 107:.\Generated_Source\PSoC4/cyfitter_cfg.c ****     /* To remove the compiler warning if errorCode not used.                */
 108:.\Generated_Source\PSoC4/cyfitter_cfg.c ****     errorCode = errorCode;
 109:.\Generated_Source\PSoC4/cyfitter_cfg.c **** 
 110:.\Generated_Source\PSoC4/cyfitter_cfg.c ****     /* `#START CyClockStartupError` */
 111:.\Generated_Source\PSoC4/cyfitter_cfg.c **** 
 112:.\Generated_Source\PSoC4/cyfitter_cfg.c ****     /* If we have a clock startup error (bad MHz crystal, PLL lock, etc.),  */
 113:.\Generated_Source\PSoC4/cyfitter_cfg.c ****     /* we will end up here to allow the customer to implement something to  */
 114:.\Generated_Source\PSoC4/cyfitter_cfg.c ****     /* deal with the clock condition.                                       */
 115:.\Generated_Source\PSoC4/cyfitter_cfg.c **** 
 116:.\Generated_Source\PSoC4/cyfitter_cfg.c ****     /* `#END` */
 117:.\Generated_Source\PSoC4/cyfitter_cfg.c **** 
 118:.\Generated_Source\PSoC4/cyfitter_cfg.c ****     /* If nothing else, stop here since the clocks have not started         */
 119:.\Generated_Source\PSoC4/cyfitter_cfg.c ****     /* correctly.                                                           */
 120:.\Generated_Source\PSoC4/cyfitter_cfg.c ****     while(1) {}
 121:.\Generated_Source\PSoC4/cyfitter_cfg.c **** }
ARM GAS  C:\Users\kbuchi\AppData\Local\Temp\cchAk2Ii.s 			page 4


 122:.\Generated_Source\PSoC4/cyfitter_cfg.c **** #endif
 123:.\Generated_Source\PSoC4/cyfitter_cfg.c **** 
 124:.\Generated_Source\PSoC4/cyfitter_cfg.c **** 
 125:.\Generated_Source\PSoC4/cyfitter_cfg.c **** 
 126:.\Generated_Source\PSoC4/cyfitter_cfg.c **** /*******************************************************************************
 127:.\Generated_Source\PSoC4/cyfitter_cfg.c **** * Function Name: ClockSetup
 128:.\Generated_Source\PSoC4/cyfitter_cfg.c **** ********************************************************************************
 129:.\Generated_Source\PSoC4/cyfitter_cfg.c **** *
 130:.\Generated_Source\PSoC4/cyfitter_cfg.c **** * Summary:
 131:.\Generated_Source\PSoC4/cyfitter_cfg.c **** *   Performs the initialization of all of the clocks in the device based on the
 132:.\Generated_Source\PSoC4/cyfitter_cfg.c **** *   settings in the Clock tab of the DWR.  This includes enabling the requested
 133:.\Generated_Source\PSoC4/cyfitter_cfg.c **** *   clocks and setting the necessary dividers to produce the desired frequency. 
 134:.\Generated_Source\PSoC4/cyfitter_cfg.c **** *
 135:.\Generated_Source\PSoC4/cyfitter_cfg.c **** * Parameters:
 136:.\Generated_Source\PSoC4/cyfitter_cfg.c **** *   void
 137:.\Generated_Source\PSoC4/cyfitter_cfg.c **** *
 138:.\Generated_Source\PSoC4/cyfitter_cfg.c **** * Return:
 139:.\Generated_Source\PSoC4/cyfitter_cfg.c **** *   void
 140:.\Generated_Source\PSoC4/cyfitter_cfg.c **** *
 141:.\Generated_Source\PSoC4/cyfitter_cfg.c **** *******************************************************************************/
 142:.\Generated_Source\PSoC4/cyfitter_cfg.c **** static void ClockSetup(void);
 143:.\Generated_Source\PSoC4/cyfitter_cfg.c **** CY_CFG_SECTION
 144:.\Generated_Source\PSoC4/cyfitter_cfg.c **** static void ClockSetup(void)
 145:.\Generated_Source\PSoC4/cyfitter_cfg.c **** {
  51              		.loc 1 145 0
  52              		.cfi_startproc
  53 0000 10B5     		push	{r4, lr}
  54              		.cfi_def_cfa_offset 8
  55              		.cfi_offset 4, -8
  56              		.cfi_offset 14, -4
 146:.\Generated_Source\PSoC4/cyfitter_cfg.c **** 	/* Enable HALF_EN before trimming for the flash accelerator. */
 147:.\Generated_Source\PSoC4/cyfitter_cfg.c **** 	CY_SET_REG32((void CYXDATA *)(CYREG_CLK_SELECT), (CY_GET_REG32((void *)CYREG_CLK_SELECT) | 0x00040
  57              		.loc 1 147 0
  58 0002 0F4C     		ldr	r4, .L3
  59 0004 2268     		ldr	r2, [r4]
  60 0006 8023     		mov	r3, #128
  61 0008 DB02     		lsl	r3, r3, #11
  62 000a 1343     		orr	r3, r2
  63 000c 2360     		str	r3, [r4]
 148:.\Generated_Source\PSoC4/cyfitter_cfg.c **** 
 149:.\Generated_Source\PSoC4/cyfitter_cfg.c **** 	/* Setup and trim IMO based on desired frequency. */
 150:.\Generated_Source\PSoC4/cyfitter_cfg.c **** 	CySysClkWriteImoFreq(24u);
  64              		.loc 1 150 0
  65 000e 1820     		mov	r0, #24
  66 0010 FFF7FEFF 		bl	CySysClkWriteImoFreq
  67              	.LVL3:
 151:.\Generated_Source\PSoC4/cyfitter_cfg.c **** 
 152:.\Generated_Source\PSoC4/cyfitter_cfg.c **** 	/* Disable HALF_EN since it is not required at this IMO frequency. */
 153:.\Generated_Source\PSoC4/cyfitter_cfg.c **** 	CY_SET_REG32((void CYXDATA *)(CYREG_CLK_SELECT), (CY_GET_REG32((void *)CYREG_CLK_SELECT) & 0xFFFBF
  68              		.loc 1 153 0
  69 0014 2268     		ldr	r2, [r4]
  70 0016 0B4B     		ldr	r3, .L3+4
  71 0018 1340     		and	r3, r2
  72 001a 2360     		str	r3, [r4]
 154:.\Generated_Source\PSoC4/cyfitter_cfg.c **** 	/* CYDEV_CLK_ILO_CONFIG Starting address: CYDEV_CLK_ILO_CONFIG */
 155:.\Generated_Source\PSoC4/cyfitter_cfg.c **** 	CY_SET_XTND_REG32((void CYFAR *)(CYREG_CLK_ILO_CONFIG), 0x80000006u);
  73              		.loc 1 155 0
ARM GAS  C:\Users\kbuchi\AppData\Local\Temp\cchAk2Ii.s 			page 5


  74 001c 0A4A     		ldr	r2, .L3+8
  75 001e 0B4B     		ldr	r3, .L3+12
  76 0020 1A60     		str	r2, [r3]
 156:.\Generated_Source\PSoC4/cyfitter_cfg.c **** 
 157:.\Generated_Source\PSoC4/cyfitter_cfg.c **** 
 158:.\Generated_Source\PSoC4/cyfitter_cfg.c **** 	/* CYDEV_CLK_IMO_CONFIG Starting address: CYDEV_CLK_IMO_CONFIG */
 159:.\Generated_Source\PSoC4/cyfitter_cfg.c **** 	CY_SET_XTND_REG32((void CYFAR *)(CYREG_CLK_IMO_CONFIG), 0x80000000u);
  77              		.loc 1 159 0
  78 0022 8022     		mov	r2, #128
  79 0024 1206     		lsl	r2, r2, #24
  80 0026 0A4B     		ldr	r3, .L3+16
  81 0028 1A60     		str	r2, [r3]
 160:.\Generated_Source\PSoC4/cyfitter_cfg.c **** 
 161:.\Generated_Source\PSoC4/cyfitter_cfg.c **** 	(void)CyIntSetVector(9u, &CySysWdtIsr);
  82              		.loc 1 161 0
  83 002a 0920     		mov	r0, #9
  84 002c 0949     		ldr	r1, .L3+20
  85 002e FFF7FEFF 		bl	CyIntSetVector
  86              	.LVL4:
 162:.\Generated_Source\PSoC4/cyfitter_cfg.c **** 	CyIntEnable(9u);
  87              		.loc 1 162 0
  88 0032 0920     		mov	r0, #9
  89 0034 FFF7FEFF 		bl	CyIntEnable
  90              	.LVL5:
 163:.\Generated_Source\PSoC4/cyfitter_cfg.c **** 	CY_SET_XTND_REG32((void CYFAR *)(CYREG_WDT_CONFIG), 0x00000000u);
  91              		.loc 1 163 0
  92 0038 0022     		mov	r2, #0
  93 003a 074B     		ldr	r3, .L3+24
  94 003c 1A60     		str	r2, [r3]
 164:.\Generated_Source\PSoC4/cyfitter_cfg.c **** }
  95              		.loc 1 164 0
  96              		@ sp needed
  97 003e 10BD     		pop	{r4, pc}
  98              	.L4:
  99              		.align	2
 100              	.L3:
 101 0040 00010B40 		.word	1074462976
 102 0044 FFFFFBFF 		.word	-262145
 103 0048 06000080 		.word	-2147483642
 104 004c 04010B40 		.word	1074462980
 105 0050 08010B40 		.word	1074462984
 106 0054 00000000 		.word	CySysWdtIsr
 107 0058 0C020B40 		.word	1074463244
 108              		.cfi_endproc
 109              	.LFE3:
 110              		.size	ClockSetup, .-ClockSetup
 111              		.align	2
 112              		.global	cyfitter_cfg
 113              		.code	16
 114              		.thumb_func
 115              		.type	cyfitter_cfg, %function
 116              	cyfitter_cfg:
 117              	.LFB5:
 165:.\Generated_Source\PSoC4/cyfitter_cfg.c **** 
 166:.\Generated_Source\PSoC4/cyfitter_cfg.c **** 
 167:.\Generated_Source\PSoC4/cyfitter_cfg.c **** /* Analog API Functions */
 168:.\Generated_Source\PSoC4/cyfitter_cfg.c **** 
ARM GAS  C:\Users\kbuchi\AppData\Local\Temp\cchAk2Ii.s 			page 6


 169:.\Generated_Source\PSoC4/cyfitter_cfg.c **** 
 170:.\Generated_Source\PSoC4/cyfitter_cfg.c **** /*******************************************************************************
 171:.\Generated_Source\PSoC4/cyfitter_cfg.c **** * Function Name: AnalogSetDefault
 172:.\Generated_Source\PSoC4/cyfitter_cfg.c **** ********************************************************************************
 173:.\Generated_Source\PSoC4/cyfitter_cfg.c **** *
 174:.\Generated_Source\PSoC4/cyfitter_cfg.c **** * Summary:
 175:.\Generated_Source\PSoC4/cyfitter_cfg.c **** *  Sets up the analog portions of the chip to default values based on chip
 176:.\Generated_Source\PSoC4/cyfitter_cfg.c **** *  configuration options from the project.
 177:.\Generated_Source\PSoC4/cyfitter_cfg.c **** *
 178:.\Generated_Source\PSoC4/cyfitter_cfg.c **** * Parameters:
 179:.\Generated_Source\PSoC4/cyfitter_cfg.c **** *  void
 180:.\Generated_Source\PSoC4/cyfitter_cfg.c **** *
 181:.\Generated_Source\PSoC4/cyfitter_cfg.c **** * Return:
 182:.\Generated_Source\PSoC4/cyfitter_cfg.c **** *  void
 183:.\Generated_Source\PSoC4/cyfitter_cfg.c **** *
 184:.\Generated_Source\PSoC4/cyfitter_cfg.c **** *******************************************************************************/
 185:.\Generated_Source\PSoC4/cyfitter_cfg.c **** static void AnalogSetDefault(void);
 186:.\Generated_Source\PSoC4/cyfitter_cfg.c **** static void AnalogSetDefault(void)
 187:.\Generated_Source\PSoC4/cyfitter_cfg.c **** {
 188:.\Generated_Source\PSoC4/cyfitter_cfg.c **** }
 189:.\Generated_Source\PSoC4/cyfitter_cfg.c **** 
 190:.\Generated_Source\PSoC4/cyfitter_cfg.c **** #define CY_AMUX_UNUSED CYREG_CM0_ROM_DWT
 191:.\Generated_Source\PSoC4/cyfitter_cfg.c **** 
 192:.\Generated_Source\PSoC4/cyfitter_cfg.c **** 
 193:.\Generated_Source\PSoC4/cyfitter_cfg.c **** /*******************************************************************************
 194:.\Generated_Source\PSoC4/cyfitter_cfg.c **** * Function Name: cyfitter_cfg
 195:.\Generated_Source\PSoC4/cyfitter_cfg.c **** ********************************************************************************
 196:.\Generated_Source\PSoC4/cyfitter_cfg.c **** * Summary:
 197:.\Generated_Source\PSoC4/cyfitter_cfg.c **** *  This function is called by the start-up code for the selected device. It
 198:.\Generated_Source\PSoC4/cyfitter_cfg.c **** *  performs all of the necessary device configuration based on the design
 199:.\Generated_Source\PSoC4/cyfitter_cfg.c **** *  settings.  This includes settings from the Design Wide Resources (DWR) such
 200:.\Generated_Source\PSoC4/cyfitter_cfg.c **** *  as Clocks and Pins as well as any component configuration that is necessary.
 201:.\Generated_Source\PSoC4/cyfitter_cfg.c **** *
 202:.\Generated_Source\PSoC4/cyfitter_cfg.c **** * Parameters:  
 203:.\Generated_Source\PSoC4/cyfitter_cfg.c **** *   void
 204:.\Generated_Source\PSoC4/cyfitter_cfg.c **** *
 205:.\Generated_Source\PSoC4/cyfitter_cfg.c **** * Return:
 206:.\Generated_Source\PSoC4/cyfitter_cfg.c **** *   void
 207:.\Generated_Source\PSoC4/cyfitter_cfg.c **** *
 208:.\Generated_Source\PSoC4/cyfitter_cfg.c **** *******************************************************************************/
 209:.\Generated_Source\PSoC4/cyfitter_cfg.c **** CY_CFG_SECTION
 210:.\Generated_Source\PSoC4/cyfitter_cfg.c **** void cyfitter_cfg(void)
 211:.\Generated_Source\PSoC4/cyfitter_cfg.c **** {
 118              		.loc 1 211 0
 119              		.cfi_startproc
 120 005c 38B5     		push	{r3, r4, r5, lr}
 121              		.cfi_def_cfa_offset 16
 122              		.cfi_offset 3, -16
 123              		.cfi_offset 4, -12
 124              		.cfi_offset 5, -8
 125              		.cfi_offset 14, -4
 212:.\Generated_Source\PSoC4/cyfitter_cfg.c **** 	/* Disable interrupts by default. Let user enable if/when they want. */
 213:.\Generated_Source\PSoC4/cyfitter_cfg.c **** 	CyGlobalIntDisable;
 126              		.loc 1 213 0
 127              	@ 213 ".\Generated_Source\PSoC4\cyfitter_cfg.c" 1
 128 005e 72B6     		CPSID   i
 129              	@ 0 "" 2
ARM GAS  C:\Users\kbuchi\AppData\Local\Temp\cchAk2Ii.s 			page 7


 130              	.LVL6:
 131              		.code	16
 132              	.LBB2:
 214:.\Generated_Source\PSoC4/cyfitter_cfg.c **** 
 215:.\Generated_Source\PSoC4/cyfitter_cfg.c **** 	{
 216:.\Generated_Source\PSoC4/cyfitter_cfg.c **** 
 217:.\Generated_Source\PSoC4/cyfitter_cfg.c **** 		CYPACKED typedef struct {
 218:.\Generated_Source\PSoC4/cyfitter_cfg.c **** 			void CYFAR *address;
 219:.\Generated_Source\PSoC4/cyfitter_cfg.c **** 			uint16 size;
 220:.\Generated_Source\PSoC4/cyfitter_cfg.c **** 		} CYPACKED_ATTR cfg_memset_t;
 221:.\Generated_Source\PSoC4/cyfitter_cfg.c **** 
 222:.\Generated_Source\PSoC4/cyfitter_cfg.c **** 		static const cfg_memset_t CYCODE cfg_memset_list [] = {
 223:.\Generated_Source\PSoC4/cyfitter_cfg.c **** 			/* address, size */
 224:.\Generated_Source\PSoC4/cyfitter_cfg.c **** 			{(void CYFAR *)(CYDEV_UDB_P0_U0_BASE), 1024u},
 225:.\Generated_Source\PSoC4/cyfitter_cfg.c **** 			{(void CYFAR *)(CYDEV_UDB_DSI0_BASE), 1024u},
 226:.\Generated_Source\PSoC4/cyfitter_cfg.c **** 		};
 227:.\Generated_Source\PSoC4/cyfitter_cfg.c **** 
 228:.\Generated_Source\PSoC4/cyfitter_cfg.c **** 		uint8 CYDATA i;
 229:.\Generated_Source\PSoC4/cyfitter_cfg.c **** 
 230:.\Generated_Source\PSoC4/cyfitter_cfg.c **** 		/* Zero out critical memory blocks before beginning configuration */
 231:.\Generated_Source\PSoC4/cyfitter_cfg.c **** 		for (i = 0u; i < (sizeof(cfg_memset_list)/sizeof(cfg_memset_list[0])); i++)
 133              		.loc 1 231 0
 134 0060 0024     		mov	r4, #0
 135              	.LBB3:
 232:.\Generated_Source\PSoC4/cyfitter_cfg.c **** 		{
 233:.\Generated_Source\PSoC4/cyfitter_cfg.c **** 			const cfg_memset_t CYCODE * CYDATA ms = &cfg_memset_list[i];
 136              		.loc 1 233 0
 137 0062 1A4D     		ldr	r5, .L8
 138              	.LBE3:
 231:.\Generated_Source\PSoC4/cyfitter_cfg.c **** 		for (i = 0u; i < (sizeof(cfg_memset_list)/sizeof(cfg_memset_list[0])); i++)
 139              		.loc 1 231 0
 140 0064 0CE0     		b	.L6
 141              	.LVL7:
 142              	.L7:
 143              	.LBB4:
 144              		.loc 1 233 0 discriminator 2
 145 0066 6300     		lsl	r3, r4, #1
 146 0068 1B19     		add	r3, r3, r4
 147 006a 5B00     		lsl	r3, r3, #1
 148 006c EB18     		add	r3, r5, r3
 149              	.LVL8:
 234:.\Generated_Source\PSoC4/cyfitter_cfg.c **** 			CYMEMZERO(ms->address, (size_t)(uint32)(ms->size));
 150              		.loc 1 234 0 discriminator 2
 151 006e 9988     		ldrh	r1, [r3, #4]
 152 0070 1A88     		ldrh	r2, [r3]
 153 0072 5888     		ldrh	r0, [r3, #2]
 154 0074 0004     		lsl	r0, r0, #16
 155 0076 1043     		orr	r0, r2
 156 0078 FFF7FEFF 		bl	CYMEMZERO
 157              	.LVL9:
 158              	.LBE4:
 231:.\Generated_Source\PSoC4/cyfitter_cfg.c **** 		for (i = 0u; i < (sizeof(cfg_memset_list)/sizeof(cfg_memset_list[0])); i++)
 159              		.loc 1 231 0 discriminator 2
 160 007c 0134     		add	r4, r4, #1
 161              	.LVL10:
 162 007e E4B2     		uxtb	r4, r4
 163              	.LVL11:
ARM GAS  C:\Users\kbuchi\AppData\Local\Temp\cchAk2Ii.s 			page 8


 164              	.L6:
 231:.\Generated_Source\PSoC4/cyfitter_cfg.c **** 		for (i = 0u; i < (sizeof(cfg_memset_list)/sizeof(cfg_memset_list[0])); i++)
 165              		.loc 1 231 0 is_stmt 0 discriminator 1
 166 0080 012C     		cmp	r4, #1
 167 0082 F0D9     		bls	.L7
 235:.\Generated_Source\PSoC4/cyfitter_cfg.c **** 		}
 236:.\Generated_Source\PSoC4/cyfitter_cfg.c **** 
 237:.\Generated_Source\PSoC4/cyfitter_cfg.c **** 		/* HSIOM Starting address: CYDEV_HSIOM_BASE */
 238:.\Generated_Source\PSoC4/cyfitter_cfg.c **** 		CY_SET_XTND_REG32((void CYFAR *)(CYREG_HSIOM_PORT_SEL3), 0x0000EE00u);
 168              		.loc 1 238 0 is_stmt 1
 169 0084 EE22     		mov	r2, #238
 170 0086 1202     		lsl	r2, r2, #8
 171 0088 114B     		ldr	r3, .L8+4
 172 008a 1A60     		str	r2, [r3]
 239:.\Generated_Source\PSoC4/cyfitter_cfg.c **** 
 240:.\Generated_Source\PSoC4/cyfitter_cfg.c **** 		/* UDB_PA_0 Starting address: CYDEV_UDB_PA0_BASE */
 241:.\Generated_Source\PSoC4/cyfitter_cfg.c **** 		CY_SET_XTND_REG32((void CYFAR *)(CYDEV_UDB_PA0_BASE), 0x00990000u);
 173              		.loc 1 241 0
 174 008c 9923     		mov	r3, #153
 175 008e 1B04     		lsl	r3, r3, #16
 176 0090 104A     		ldr	r2, .L8+8
 177 0092 1360     		str	r3, [r2]
 242:.\Generated_Source\PSoC4/cyfitter_cfg.c **** 
 243:.\Generated_Source\PSoC4/cyfitter_cfg.c **** 		/* UDB_PA_3 Starting address: CYDEV_UDB_PA3_BASE */
 244:.\Generated_Source\PSoC4/cyfitter_cfg.c **** 		CY_SET_XTND_REG32((void CYFAR *)(CYDEV_UDB_PA3_BASE), 0x00990000u);
 178              		.loc 1 244 0
 179 0094 104A     		ldr	r2, .L8+12
 180 0096 1360     		str	r3, [r2]
 245:.\Generated_Source\PSoC4/cyfitter_cfg.c **** 
 246:.\Generated_Source\PSoC4/cyfitter_cfg.c **** 		/* Enable digital routing */
 247:.\Generated_Source\PSoC4/cyfitter_cfg.c **** 		CY_SET_XTND_REG8((void *)CYREG_UDB_UDBIF_BANK_CTL, CY_GET_XTND_REG8((void *)CYREG_UDB_UDBIF_BANK_
 181              		.loc 1 247 0
 182 0098 104B     		ldr	r3, .L8+16
 183 009a 1978     		ldrb	r1, [r3]
 184 009c 0222     		mov	r2, #2
 185 009e 0A43     		orr	r2, r1
 186 00a0 1A70     		strb	r2, [r3]
 248:.\Generated_Source\PSoC4/cyfitter_cfg.c **** 
 249:.\Generated_Source\PSoC4/cyfitter_cfg.c **** 		/* Enable UDB array */
 250:.\Generated_Source\PSoC4/cyfitter_cfg.c **** 		CY_SET_XTND_REG8((void *)CYREG_UDB_UDBIF_WAIT_CFG, (uint8)((CY_GET_XTND_REG8((void *)CYREG_UDB_UD
 187              		.loc 1 250 0
 188 00a2 0F4A     		ldr	r2, .L8+20
 189 00a4 1178     		ldrb	r1, [r2]
 190 00a6 3C20     		mov	r0, #60
 191 00a8 8143     		bic	r1, r0
 192 00aa 1420     		mov	r0, #20
 193 00ac 0143     		orr	r1, r0
 194 00ae 1170     		strb	r1, [r2]
 251:.\Generated_Source\PSoC4/cyfitter_cfg.c **** 		CY_SET_XTND_REG8((void *)CYREG_UDB_UDBIF_BANK_CTL, (uint8)(CY_GET_XTND_REG8((void *)CYREG_UDB_UDB
 195              		.loc 1 251 0
 196 00b0 1978     		ldrb	r1, [r3]
 197 00b2 1622     		mov	r2, #22
 198 00b4 0A43     		orr	r2, r1
 199 00b6 1A70     		strb	r2, [r3]
 200              	.LBE2:
 252:.\Generated_Source\PSoC4/cyfitter_cfg.c **** 	}
 253:.\Generated_Source\PSoC4/cyfitter_cfg.c **** 
ARM GAS  C:\Users\kbuchi\AppData\Local\Temp\cchAk2Ii.s 			page 9


 254:.\Generated_Source\PSoC4/cyfitter_cfg.c **** 	/* Perform second pass device configuration. These items must be configured in specific order afte
 255:.\Generated_Source\PSoC4/cyfitter_cfg.c **** 	/* IOPINS0_0 Starting address: CYDEV_PRT0_DR */
 256:.\Generated_Source\PSoC4/cyfitter_cfg.c **** 	CY_SET_XTND_REG32((void CYFAR *)(CYREG_PRT0_PC), 0x00000006u);
 201              		.loc 1 256 0
 202 00b8 0622     		mov	r2, #6
 203 00ba 0A4B     		ldr	r3, .L8+24
 204 00bc 1A60     		str	r2, [r3]
 257:.\Generated_Source\PSoC4/cyfitter_cfg.c **** 
 258:.\Generated_Source\PSoC4/cyfitter_cfg.c **** 	/* IOPINS0_3 Starting address: CYDEV_PRT3_DR */
 259:.\Generated_Source\PSoC4/cyfitter_cfg.c **** 	CY_SET_XTND_REG32((void CYFAR *)(CYREG_PRT3_PC), 0x00000D80u);
 205              		.loc 1 259 0
 206 00be D822     		mov	r2, #216
 207 00c0 1201     		lsl	r2, r2, #4
 208 00c2 094B     		ldr	r3, .L8+28
 209 00c4 1A60     		str	r2, [r3]
 260:.\Generated_Source\PSoC4/cyfitter_cfg.c **** 
 261:.\Generated_Source\PSoC4/cyfitter_cfg.c **** 	/* Setup clocks based on selections from Clock DWR */
 262:.\Generated_Source\PSoC4/cyfitter_cfg.c **** 	ClockSetup();
 210              		.loc 1 262 0
 211 00c6 FFF79BFF 		bl	ClockSetup
 212              	.LVL12:
 263:.\Generated_Source\PSoC4/cyfitter_cfg.c **** 
 264:.\Generated_Source\PSoC4/cyfitter_cfg.c **** 	/* Perform basic analog initialization to defaults */
 265:.\Generated_Source\PSoC4/cyfitter_cfg.c **** 	AnalogSetDefault();
 266:.\Generated_Source\PSoC4/cyfitter_cfg.c **** 
 267:.\Generated_Source\PSoC4/cyfitter_cfg.c **** }
 213              		.loc 1 267 0
 214              		@ sp needed
 215              	.LVL13:
 216 00ca 38BD     		pop	{r3, r4, r5, pc}
 217              	.L9:
 218              		.align	2
 219              	.L8:
 220 00cc 00000000 		.word	.LANCHOR0
 221 00d0 0C000140 		.word	1073807372
 222 00d4 00500F40 		.word	1074745344
 223 00d8 30500F40 		.word	1074745392
 224 00dc 00700F40 		.word	1074753536
 225 00e0 01700F40 		.word	1074753537
 226 00e4 08000440 		.word	1074003976
 227 00e8 08030440 		.word	1074004744
 228              		.cfi_endproc
 229              	.LFE5:
 230              		.size	cyfitter_cfg, .-cyfitter_cfg
 231              		.section	.rodata
 232              		.align	2
 233              		.set	.LANCHOR0,. + 0
 234              		.type	cfg_memset_list.4717, %object
 235              		.size	cfg_memset_list.4717, 12
 236              	cfg_memset_list.4717:
 237 0000 00300F40 		.word	1074737152
 238 0004 0004     		.short	1024
 239 0006 00400F40 		.4byte	1074741248
 240 000a 0004     		.short	1024
 241              		.text
 242              	.Letext0:
 243              		.file 2 "c:\\works\\programs\\psoc_creator\\psoc creator\\3.2\\psoc_creator\\import\\gnu\\arm\\4.8
ARM GAS  C:\Users\kbuchi\AppData\Local\Temp\cchAk2Ii.s 			page 10


 244              		.file 3 ".\\Generated_Source\\PSoC4\\cytypes.h"
 245              		.file 4 ".\\Generated_Source\\PSoC4\\CyLib.h"
 246              		.section	.debug_info,"",%progbits
 247              	.Ldebug_info0:
 248 0000 88020000 		.4byte	0x288
 249 0004 0400     		.2byte	0x4
 250 0006 00000000 		.4byte	.Ldebug_abbrev0
 251 000a 04       		.byte	0x4
 252 000b 01       		.uleb128 0x1
 253 000c 11010000 		.4byte	.LASF28
 254 0010 01       		.byte	0x1
 255 0011 A7010000 		.4byte	.LASF29
 256 0015 4A000000 		.4byte	.LASF30
 257 0019 18000000 		.4byte	.Ldebug_ranges0+0x18
 258 001d 00000000 		.4byte	0
 259 0021 00000000 		.4byte	.Ldebug_line0
 260 0025 02       		.uleb128 0x2
 261 0026 04       		.byte	0x4
 262 0027 05       		.byte	0x5
 263 0028 696E7400 		.ascii	"int\000"
 264 002c 03       		.uleb128 0x3
 265 002d 06000000 		.4byte	.LASF11
 266 0031 02       		.byte	0x2
 267 0032 D4       		.byte	0xd4
 268 0033 37000000 		.4byte	0x37
 269 0037 04       		.uleb128 0x4
 270 0038 04       		.byte	0x4
 271 0039 07       		.byte	0x7
 272 003a D8000000 		.4byte	.LASF0
 273 003e 04       		.uleb128 0x4
 274 003f 01       		.byte	0x1
 275 0040 06       		.byte	0x6
 276 0041 13020000 		.4byte	.LASF1
 277 0045 04       		.uleb128 0x4
 278 0046 01       		.byte	0x1
 279 0047 08       		.byte	0x8
 280 0048 A2000000 		.4byte	.LASF2
 281 004c 04       		.uleb128 0x4
 282 004d 02       		.byte	0x2
 283 004e 05       		.byte	0x5
 284 004f EB010000 		.4byte	.LASF3
 285 0053 04       		.uleb128 0x4
 286 0054 02       		.byte	0x2
 287 0055 07       		.byte	0x7
 288 0056 37000000 		.4byte	.LASF4
 289 005a 04       		.uleb128 0x4
 290 005b 04       		.byte	0x4
 291 005c 05       		.byte	0x5
 292 005d 0A020000 		.4byte	.LASF5
 293 0061 04       		.uleb128 0x4
 294 0062 04       		.byte	0x4
 295 0063 07       		.byte	0x7
 296 0064 80000000 		.4byte	.LASF6
 297 0068 04       		.uleb128 0x4
 298 0069 08       		.byte	0x8
 299 006a 05       		.byte	0x5
 300 006b D8010000 		.4byte	.LASF7
ARM GAS  C:\Users\kbuchi\AppData\Local\Temp\cchAk2Ii.s 			page 11


 301 006f 04       		.uleb128 0x4
 302 0070 08       		.byte	0x8
 303 0071 07       		.byte	0x7
 304 0072 FA000000 		.4byte	.LASF8
 305 0076 04       		.uleb128 0x4
 306 0077 04       		.byte	0x4
 307 0078 07       		.byte	0x7
 308 0079 CF010000 		.4byte	.LASF9
 309 007d 05       		.uleb128 0x5
 310 007e 04       		.byte	0x4
 311 007f 06       		.uleb128 0x6
 312 0080 04       		.byte	0x4
 313 0081 85000000 		.4byte	0x85
 314 0085 07       		.uleb128 0x7
 315 0086 04       		.uleb128 0x4
 316 0087 01       		.byte	0x1
 317 0088 08       		.byte	0x8
 318 0089 E6010000 		.4byte	.LASF10
 319 008d 03       		.uleb128 0x3
 320 008e 92000000 		.4byte	.LASF12
 321 0092 03       		.byte	0x3
 322 0093 B3       		.byte	0xb3
 323 0094 45000000 		.4byte	0x45
 324 0098 03       		.uleb128 0x3
 325 0099 CA000000 		.4byte	.LASF13
 326 009d 03       		.byte	0x3
 327 009e B4       		.byte	0xb4
 328 009f 53000000 		.4byte	0x53
 329 00a3 03       		.uleb128 0x3
 330 00a4 D1000000 		.4byte	.LASF14
 331 00a8 03       		.byte	0x3
 332 00a9 B5       		.byte	0xb5
 333 00aa 61000000 		.4byte	0x61
 334 00ae 04       		.uleb128 0x4
 335 00af 04       		.byte	0x4
 336 00b0 04       		.byte	0x4
 337 00b1 70000000 		.4byte	.LASF15
 338 00b5 04       		.uleb128 0x4
 339 00b6 08       		.byte	0x8
 340 00b7 04       		.byte	0x4
 341 00b8 B7000000 		.4byte	.LASF16
 342 00bc 08       		.uleb128 0x8
 343 00bd 7B000000 		.4byte	.LASF17
 344 00c1 03       		.byte	0x3
 345 00c2 5D01     		.2byte	0x15d
 346 00c4 C8000000 		.4byte	0xc8
 347 00c8 09       		.uleb128 0x9
 348 00c9 8D000000 		.4byte	0x8d
 349 00cd 08       		.uleb128 0x8
 350 00ce 00000000 		.4byte	.LASF18
 351 00d2 03       		.byte	0x3
 352 00d3 5F01     		.2byte	0x15f
 353 00d5 D9000000 		.4byte	0xd9
 354 00d9 09       		.uleb128 0x9
 355 00da A3000000 		.4byte	0xa3
 356 00de 08       		.uleb128 0x8
 357 00df 8D010000 		.4byte	.LASF19
ARM GAS  C:\Users\kbuchi\AppData\Local\Temp\cchAk2Ii.s 			page 12


 358 00e3 03       		.byte	0x3
 359 00e4 6F01     		.2byte	0x16f
 360 00e6 7F000000 		.4byte	0x7f
 361 00ea 0A       		.uleb128 0xa
 362 00eb 98000000 		.4byte	.LASF20
 363 00ef 01       		.byte	0x1
 364 00f0 3B       		.byte	0x3b
 365 00f1 00000000 		.4byte	.LFB0
 366 00f5 0C000000 		.4byte	.LFE0-.LFB0
 367 00f9 01       		.uleb128 0x1
 368 00fa 9C       		.byte	0x9c
 369 00fb 37010000 		.4byte	0x137
 370 00ff 0B       		.uleb128 0xb
 371 0100 7300     		.ascii	"s\000"
 372 0102 01       		.byte	0x1
 373 0103 3B       		.byte	0x3b
 374 0104 7D000000 		.4byte	0x7d
 375 0108 00000000 		.4byte	.LLST0
 376 010c 0B       		.uleb128 0xb
 377 010d 6E00     		.ascii	"n\000"
 378 010f 01       		.byte	0x1
 379 0110 3B       		.byte	0x3b
 380 0111 2C000000 		.4byte	0x2c
 381 0115 21000000 		.4byte	.LLST1
 382 0119 0C       		.uleb128 0xc
 383 011a 0A000000 		.4byte	.LVL2
 384 011e 36020000 		.4byte	0x236
 385 0122 0D       		.uleb128 0xd
 386 0123 01       		.uleb128 0x1
 387 0124 52       		.byte	0x52
 388 0125 03       		.uleb128 0x3
 389 0126 F3       		.byte	0xf3
 390 0127 01       		.uleb128 0x1
 391 0128 51       		.byte	0x51
 392 0129 0D       		.uleb128 0xd
 393 012a 01       		.uleb128 0x1
 394 012b 51       		.byte	0x51
 395 012c 01       		.uleb128 0x1
 396 012d 30       		.byte	0x30
 397 012e 0D       		.uleb128 0xd
 398 012f 01       		.uleb128 0x1
 399 0130 50       		.byte	0x50
 400 0131 03       		.uleb128 0x3
 401 0132 F3       		.byte	0xf3
 402 0133 01       		.uleb128 0x1
 403 0134 50       		.byte	0x50
 404 0135 00       		.byte	0
 405 0136 00       		.byte	0
 406 0137 0A       		.uleb128 0xa
 407 0138 2C000000 		.4byte	.LASF21
 408 013c 01       		.byte	0x1
 409 013d 90       		.byte	0x90
 410 013e 00000000 		.4byte	.LFB3
 411 0142 5C000000 		.4byte	.LFE3-.LFB3
 412 0146 01       		.uleb128 0x1
 413 0147 9C       		.byte	0x9c
 414 0148 82010000 		.4byte	0x182
ARM GAS  C:\Users\kbuchi\AppData\Local\Temp\cchAk2Ii.s 			page 13


 415 014c 0E       		.uleb128 0xe
 416 014d 14000000 		.4byte	.LVL3
 417 0151 53020000 		.4byte	0x253
 418 0155 5F010000 		.4byte	0x15f
 419 0159 0D       		.uleb128 0xd
 420 015a 01       		.uleb128 0x1
 421 015b 50       		.byte	0x50
 422 015c 01       		.uleb128 0x1
 423 015d 48       		.byte	0x48
 424 015e 00       		.byte	0
 425 015f 0E       		.uleb128 0xe
 426 0160 32000000 		.4byte	.LVL4
 427 0164 64020000 		.4byte	0x264
 428 0168 72010000 		.4byte	0x172
 429 016c 0D       		.uleb128 0xd
 430 016d 01       		.uleb128 0x1
 431 016e 50       		.byte	0x50
 432 016f 01       		.uleb128 0x1
 433 0170 39       		.byte	0x39
 434 0171 00       		.byte	0
 435 0172 0C       		.uleb128 0xc
 436 0173 38000000 		.4byte	.LVL5
 437 0177 7E020000 		.4byte	0x27e
 438 017b 0D       		.uleb128 0xd
 439 017c 01       		.uleb128 0x1
 440 017d 50       		.byte	0x50
 441 017e 01       		.uleb128 0x1
 442 017f 39       		.byte	0x39
 443 0180 00       		.byte	0
 444 0181 00       		.byte	0
 445 0182 0F       		.uleb128 0xf
 446 0183 E5000000 		.4byte	.LASF31
 447 0187 01       		.byte	0x1
 448 0188 D2       		.byte	0xd2
 449 0189 5C000000 		.4byte	.LFB5
 450 018d 90000000 		.4byte	.LFE5-.LFB5
 451 0191 01       		.uleb128 0x1
 452 0192 9C       		.byte	0x9c
 453 0193 36020000 		.4byte	0x236
 454 0197 10       		.uleb128 0x10
 455 0198 60000000 		.4byte	.LBB2
 456 019c 58000000 		.4byte	.LBE2-.LBB2
 457 01a0 2C020000 		.4byte	0x22c
 458 01a4 11       		.uleb128 0x11
 459 01a5 06       		.byte	0x6
 460 01a6 01       		.byte	0x1
 461 01a7 D9       		.byte	0xd9
 462 01a8 C5010000 		.4byte	0x1c5
 463 01ac 12       		.uleb128 0x12
 464 01ad F2000000 		.4byte	.LASF22
 465 01b1 01       		.byte	0x1
 466 01b2 DA       		.byte	0xda
 467 01b3 7D000000 		.4byte	0x7d
 468 01b7 00       		.byte	0
 469 01b8 12       		.uleb128 0x12
 470 01b9 76000000 		.4byte	.LASF23
 471 01bd 01       		.byte	0x1
ARM GAS  C:\Users\kbuchi\AppData\Local\Temp\cchAk2Ii.s 			page 14


 472 01be DB       		.byte	0xdb
 473 01bf 98000000 		.4byte	0x98
 474 01c3 04       		.byte	0x4
 475 01c4 00       		.byte	0
 476 01c5 03       		.uleb128 0x3
 477 01c6 9A010000 		.4byte	.LASF24
 478 01ca 01       		.byte	0x1
 479 01cb DC       		.byte	0xdc
 480 01cc A4010000 		.4byte	0x1a4
 481 01d0 13       		.uleb128 0x13
 482 01d1 C5010000 		.4byte	0x1c5
 483 01d5 E0010000 		.4byte	0x1e0
 484 01d9 14       		.uleb128 0x14
 485 01da 76000000 		.4byte	0x76
 486 01de 01       		.byte	0x1
 487 01df 00       		.byte	0
 488 01e0 15       		.uleb128 0x15
 489 01e1 1C000000 		.4byte	.LASF25
 490 01e5 01       		.byte	0x1
 491 01e6 DE       		.byte	0xde
 492 01e7 F1010000 		.4byte	0x1f1
 493 01eb 05       		.uleb128 0x5
 494 01ec 03       		.byte	0x3
 495 01ed 00000000 		.4byte	cfg_memset_list.4717
 496 01f1 16       		.uleb128 0x16
 497 01f2 D0010000 		.4byte	0x1d0
 498 01f6 17       		.uleb128 0x17
 499 01f7 6900     		.ascii	"i\000"
 500 01f9 01       		.byte	0x1
 501 01fa E4       		.byte	0xe4
 502 01fb 8D000000 		.4byte	0x8d
 503 01ff 4D000000 		.4byte	.LLST2
 504 0203 18       		.uleb128 0x18
 505 0204 00000000 		.4byte	.Ldebug_ranges0+0
 506 0208 17       		.uleb128 0x17
 507 0209 6D7300   		.ascii	"ms\000"
 508 020c 01       		.byte	0x1
 509 020d E9       		.byte	0xe9
 510 020e 16020000 		.4byte	0x216
 511 0212 84000000 		.4byte	.LLST3
 512 0216 06       		.uleb128 0x6
 513 0217 04       		.byte	0x4
 514 0218 1C020000 		.4byte	0x21c
 515 021c 16       		.uleb128 0x16
 516 021d C5010000 		.4byte	0x1c5
 517 0221 19       		.uleb128 0x19
 518 0222 7C000000 		.4byte	.LVL9
 519 0226 EA000000 		.4byte	0xea
 520 022a 00       		.byte	0
 521 022b 00       		.byte	0
 522 022c 19       		.uleb128 0x19
 523 022d CA000000 		.4byte	.LVL12
 524 0231 37010000 		.4byte	0x137
 525 0235 00       		.byte	0
 526 0236 1A       		.uleb128 0x1a
 527 0237 B0000000 		.4byte	.LASF26
 528 023b 7D000000 		.4byte	0x7d
ARM GAS  C:\Users\kbuchi\AppData\Local\Temp\cchAk2Ii.s 			page 15


 529 023f 53020000 		.4byte	0x253
 530 0243 1B       		.uleb128 0x1b
 531 0244 7D000000 		.4byte	0x7d
 532 0248 1B       		.uleb128 0x1b
 533 0249 25000000 		.4byte	0x25
 534 024d 1B       		.uleb128 0x1b
 535 024e 76000000 		.4byte	0x76
 536 0252 00       		.byte	0
 537 0253 1C       		.uleb128 0x1c
 538 0254 F5010000 		.4byte	.LASF27
 539 0258 04       		.byte	0x4
 540 0259 31       		.byte	0x31
 541 025a 64020000 		.4byte	0x264
 542 025e 1B       		.uleb128 0x1b
 543 025f A3000000 		.4byte	0xa3
 544 0263 00       		.byte	0
 545 0264 1D       		.uleb128 0x1d
 546 0265 0D000000 		.4byte	.LASF32
 547 0269 04       		.byte	0x4
 548 026a 46       		.byte	0x46
 549 026b DE000000 		.4byte	0xde
 550 026f 7E020000 		.4byte	0x27e
 551 0273 1B       		.uleb128 0x1b
 552 0274 8D000000 		.4byte	0x8d
 553 0278 1B       		.uleb128 0x1b
 554 0279 DE000000 		.4byte	0xde
 555 027d 00       		.byte	0
 556 027e 1E       		.uleb128 0x1e
 557 027f BE000000 		.4byte	.LASF33
 558 0283 04       		.byte	0x4
 559 0284 4C       		.byte	0x4c
 560 0285 1B       		.uleb128 0x1b
 561 0286 8D000000 		.4byte	0x8d
 562 028a 00       		.byte	0
 563 028b 00       		.byte	0
 564              		.section	.debug_abbrev,"",%progbits
 565              	.Ldebug_abbrev0:
 566 0000 01       		.uleb128 0x1
 567 0001 11       		.uleb128 0x11
 568 0002 01       		.byte	0x1
 569 0003 25       		.uleb128 0x25
 570 0004 0E       		.uleb128 0xe
 571 0005 13       		.uleb128 0x13
 572 0006 0B       		.uleb128 0xb
 573 0007 03       		.uleb128 0x3
 574 0008 0E       		.uleb128 0xe
 575 0009 1B       		.uleb128 0x1b
 576 000a 0E       		.uleb128 0xe
 577 000b 55       		.uleb128 0x55
 578 000c 17       		.uleb128 0x17
 579 000d 11       		.uleb128 0x11
 580 000e 01       		.uleb128 0x1
 581 000f 10       		.uleb128 0x10
 582 0010 17       		.uleb128 0x17
 583 0011 00       		.byte	0
 584 0012 00       		.byte	0
 585 0013 02       		.uleb128 0x2
ARM GAS  C:\Users\kbuchi\AppData\Local\Temp\cchAk2Ii.s 			page 16


 586 0014 24       		.uleb128 0x24
 587 0015 00       		.byte	0
 588 0016 0B       		.uleb128 0xb
 589 0017 0B       		.uleb128 0xb
 590 0018 3E       		.uleb128 0x3e
 591 0019 0B       		.uleb128 0xb
 592 001a 03       		.uleb128 0x3
 593 001b 08       		.uleb128 0x8
 594 001c 00       		.byte	0
 595 001d 00       		.byte	0
 596 001e 03       		.uleb128 0x3
 597 001f 16       		.uleb128 0x16
 598 0020 00       		.byte	0
 599 0021 03       		.uleb128 0x3
 600 0022 0E       		.uleb128 0xe
 601 0023 3A       		.uleb128 0x3a
 602 0024 0B       		.uleb128 0xb
 603 0025 3B       		.uleb128 0x3b
 604 0026 0B       		.uleb128 0xb
 605 0027 49       		.uleb128 0x49
 606 0028 13       		.uleb128 0x13
 607 0029 00       		.byte	0
 608 002a 00       		.byte	0
 609 002b 04       		.uleb128 0x4
 610 002c 24       		.uleb128 0x24
 611 002d 00       		.byte	0
 612 002e 0B       		.uleb128 0xb
 613 002f 0B       		.uleb128 0xb
 614 0030 3E       		.uleb128 0x3e
 615 0031 0B       		.uleb128 0xb
 616 0032 03       		.uleb128 0x3
 617 0033 0E       		.uleb128 0xe
 618 0034 00       		.byte	0
 619 0035 00       		.byte	0
 620 0036 05       		.uleb128 0x5
 621 0037 0F       		.uleb128 0xf
 622 0038 00       		.byte	0
 623 0039 0B       		.uleb128 0xb
 624 003a 0B       		.uleb128 0xb
 625 003b 00       		.byte	0
 626 003c 00       		.byte	0
 627 003d 06       		.uleb128 0x6
 628 003e 0F       		.uleb128 0xf
 629 003f 00       		.byte	0
 630 0040 0B       		.uleb128 0xb
 631 0041 0B       		.uleb128 0xb
 632 0042 49       		.uleb128 0x49
 633 0043 13       		.uleb128 0x13
 634 0044 00       		.byte	0
 635 0045 00       		.byte	0
 636 0046 07       		.uleb128 0x7
 637 0047 15       		.uleb128 0x15
 638 0048 00       		.byte	0
 639 0049 27       		.uleb128 0x27
 640 004a 19       		.uleb128 0x19
 641 004b 00       		.byte	0
 642 004c 00       		.byte	0
ARM GAS  C:\Users\kbuchi\AppData\Local\Temp\cchAk2Ii.s 			page 17


 643 004d 08       		.uleb128 0x8
 644 004e 16       		.uleb128 0x16
 645 004f 00       		.byte	0
 646 0050 03       		.uleb128 0x3
 647 0051 0E       		.uleb128 0xe
 648 0052 3A       		.uleb128 0x3a
 649 0053 0B       		.uleb128 0xb
 650 0054 3B       		.uleb128 0x3b
 651 0055 05       		.uleb128 0x5
 652 0056 49       		.uleb128 0x49
 653 0057 13       		.uleb128 0x13
 654 0058 00       		.byte	0
 655 0059 00       		.byte	0
 656 005a 09       		.uleb128 0x9
 657 005b 35       		.uleb128 0x35
 658 005c 00       		.byte	0
 659 005d 49       		.uleb128 0x49
 660 005e 13       		.uleb128 0x13
 661 005f 00       		.byte	0
 662 0060 00       		.byte	0
 663 0061 0A       		.uleb128 0xa
 664 0062 2E       		.uleb128 0x2e
 665 0063 01       		.byte	0x1
 666 0064 03       		.uleb128 0x3
 667 0065 0E       		.uleb128 0xe
 668 0066 3A       		.uleb128 0x3a
 669 0067 0B       		.uleb128 0xb
 670 0068 3B       		.uleb128 0x3b
 671 0069 0B       		.uleb128 0xb
 672 006a 27       		.uleb128 0x27
 673 006b 19       		.uleb128 0x19
 674 006c 11       		.uleb128 0x11
 675 006d 01       		.uleb128 0x1
 676 006e 12       		.uleb128 0x12
 677 006f 06       		.uleb128 0x6
 678 0070 40       		.uleb128 0x40
 679 0071 18       		.uleb128 0x18
 680 0072 9742     		.uleb128 0x2117
 681 0074 19       		.uleb128 0x19
 682 0075 01       		.uleb128 0x1
 683 0076 13       		.uleb128 0x13
 684 0077 00       		.byte	0
 685 0078 00       		.byte	0
 686 0079 0B       		.uleb128 0xb
 687 007a 05       		.uleb128 0x5
 688 007b 00       		.byte	0
 689 007c 03       		.uleb128 0x3
 690 007d 08       		.uleb128 0x8
 691 007e 3A       		.uleb128 0x3a
 692 007f 0B       		.uleb128 0xb
 693 0080 3B       		.uleb128 0x3b
 694 0081 0B       		.uleb128 0xb
 695 0082 49       		.uleb128 0x49
 696 0083 13       		.uleb128 0x13
 697 0084 02       		.uleb128 0x2
 698 0085 17       		.uleb128 0x17
 699 0086 00       		.byte	0
ARM GAS  C:\Users\kbuchi\AppData\Local\Temp\cchAk2Ii.s 			page 18


 700 0087 00       		.byte	0
 701 0088 0C       		.uleb128 0xc
 702 0089 898201   		.uleb128 0x4109
 703 008c 01       		.byte	0x1
 704 008d 11       		.uleb128 0x11
 705 008e 01       		.uleb128 0x1
 706 008f 31       		.uleb128 0x31
 707 0090 13       		.uleb128 0x13
 708 0091 00       		.byte	0
 709 0092 00       		.byte	0
 710 0093 0D       		.uleb128 0xd
 711 0094 8A8201   		.uleb128 0x410a
 712 0097 00       		.byte	0
 713 0098 02       		.uleb128 0x2
 714 0099 18       		.uleb128 0x18
 715 009a 9142     		.uleb128 0x2111
 716 009c 18       		.uleb128 0x18
 717 009d 00       		.byte	0
 718 009e 00       		.byte	0
 719 009f 0E       		.uleb128 0xe
 720 00a0 898201   		.uleb128 0x4109
 721 00a3 01       		.byte	0x1
 722 00a4 11       		.uleb128 0x11
 723 00a5 01       		.uleb128 0x1
 724 00a6 31       		.uleb128 0x31
 725 00a7 13       		.uleb128 0x13
 726 00a8 01       		.uleb128 0x1
 727 00a9 13       		.uleb128 0x13
 728 00aa 00       		.byte	0
 729 00ab 00       		.byte	0
 730 00ac 0F       		.uleb128 0xf
 731 00ad 2E       		.uleb128 0x2e
 732 00ae 01       		.byte	0x1
 733 00af 3F       		.uleb128 0x3f
 734 00b0 19       		.uleb128 0x19
 735 00b1 03       		.uleb128 0x3
 736 00b2 0E       		.uleb128 0xe
 737 00b3 3A       		.uleb128 0x3a
 738 00b4 0B       		.uleb128 0xb
 739 00b5 3B       		.uleb128 0x3b
 740 00b6 0B       		.uleb128 0xb
 741 00b7 27       		.uleb128 0x27
 742 00b8 19       		.uleb128 0x19
 743 00b9 11       		.uleb128 0x11
 744 00ba 01       		.uleb128 0x1
 745 00bb 12       		.uleb128 0x12
 746 00bc 06       		.uleb128 0x6
 747 00bd 40       		.uleb128 0x40
 748 00be 18       		.uleb128 0x18
 749 00bf 9742     		.uleb128 0x2117
 750 00c1 19       		.uleb128 0x19
 751 00c2 01       		.uleb128 0x1
 752 00c3 13       		.uleb128 0x13
 753 00c4 00       		.byte	0
 754 00c5 00       		.byte	0
 755 00c6 10       		.uleb128 0x10
 756 00c7 0B       		.uleb128 0xb
ARM GAS  C:\Users\kbuchi\AppData\Local\Temp\cchAk2Ii.s 			page 19


 757 00c8 01       		.byte	0x1
 758 00c9 11       		.uleb128 0x11
 759 00ca 01       		.uleb128 0x1
 760 00cb 12       		.uleb128 0x12
 761 00cc 06       		.uleb128 0x6
 762 00cd 01       		.uleb128 0x1
 763 00ce 13       		.uleb128 0x13
 764 00cf 00       		.byte	0
 765 00d0 00       		.byte	0
 766 00d1 11       		.uleb128 0x11
 767 00d2 13       		.uleb128 0x13
 768 00d3 01       		.byte	0x1
 769 00d4 0B       		.uleb128 0xb
 770 00d5 0B       		.uleb128 0xb
 771 00d6 3A       		.uleb128 0x3a
 772 00d7 0B       		.uleb128 0xb
 773 00d8 3B       		.uleb128 0x3b
 774 00d9 0B       		.uleb128 0xb
 775 00da 01       		.uleb128 0x1
 776 00db 13       		.uleb128 0x13
 777 00dc 00       		.byte	0
 778 00dd 00       		.byte	0
 779 00de 12       		.uleb128 0x12
 780 00df 0D       		.uleb128 0xd
 781 00e0 00       		.byte	0
 782 00e1 03       		.uleb128 0x3
 783 00e2 0E       		.uleb128 0xe
 784 00e3 3A       		.uleb128 0x3a
 785 00e4 0B       		.uleb128 0xb
 786 00e5 3B       		.uleb128 0x3b
 787 00e6 0B       		.uleb128 0xb
 788 00e7 49       		.uleb128 0x49
 789 00e8 13       		.uleb128 0x13
 790 00e9 38       		.uleb128 0x38
 791 00ea 0B       		.uleb128 0xb
 792 00eb 00       		.byte	0
 793 00ec 00       		.byte	0
 794 00ed 13       		.uleb128 0x13
 795 00ee 01       		.uleb128 0x1
 796 00ef 01       		.byte	0x1
 797 00f0 49       		.uleb128 0x49
 798 00f1 13       		.uleb128 0x13
 799 00f2 01       		.uleb128 0x1
 800 00f3 13       		.uleb128 0x13
 801 00f4 00       		.byte	0
 802 00f5 00       		.byte	0
 803 00f6 14       		.uleb128 0x14
 804 00f7 21       		.uleb128 0x21
 805 00f8 00       		.byte	0
 806 00f9 49       		.uleb128 0x49
 807 00fa 13       		.uleb128 0x13
 808 00fb 2F       		.uleb128 0x2f
 809 00fc 0B       		.uleb128 0xb
 810 00fd 00       		.byte	0
 811 00fe 00       		.byte	0
 812 00ff 15       		.uleb128 0x15
 813 0100 34       		.uleb128 0x34
ARM GAS  C:\Users\kbuchi\AppData\Local\Temp\cchAk2Ii.s 			page 20


 814 0101 00       		.byte	0
 815 0102 03       		.uleb128 0x3
 816 0103 0E       		.uleb128 0xe
 817 0104 3A       		.uleb128 0x3a
 818 0105 0B       		.uleb128 0xb
 819 0106 3B       		.uleb128 0x3b
 820 0107 0B       		.uleb128 0xb
 821 0108 49       		.uleb128 0x49
 822 0109 13       		.uleb128 0x13
 823 010a 02       		.uleb128 0x2
 824 010b 18       		.uleb128 0x18
 825 010c 00       		.byte	0
 826 010d 00       		.byte	0
 827 010e 16       		.uleb128 0x16
 828 010f 26       		.uleb128 0x26
 829 0110 00       		.byte	0
 830 0111 49       		.uleb128 0x49
 831 0112 13       		.uleb128 0x13
 832 0113 00       		.byte	0
 833 0114 00       		.byte	0
 834 0115 17       		.uleb128 0x17
 835 0116 34       		.uleb128 0x34
 836 0117 00       		.byte	0
 837 0118 03       		.uleb128 0x3
 838 0119 08       		.uleb128 0x8
 839 011a 3A       		.uleb128 0x3a
 840 011b 0B       		.uleb128 0xb
 841 011c 3B       		.uleb128 0x3b
 842 011d 0B       		.uleb128 0xb
 843 011e 49       		.uleb128 0x49
 844 011f 13       		.uleb128 0x13
 845 0120 02       		.uleb128 0x2
 846 0121 17       		.uleb128 0x17
 847 0122 00       		.byte	0
 848 0123 00       		.byte	0
 849 0124 18       		.uleb128 0x18
 850 0125 0B       		.uleb128 0xb
 851 0126 01       		.byte	0x1
 852 0127 55       		.uleb128 0x55
 853 0128 17       		.uleb128 0x17
 854 0129 00       		.byte	0
 855 012a 00       		.byte	0
 856 012b 19       		.uleb128 0x19
 857 012c 898201   		.uleb128 0x4109
 858 012f 00       		.byte	0
 859 0130 11       		.uleb128 0x11
 860 0131 01       		.uleb128 0x1
 861 0132 31       		.uleb128 0x31
 862 0133 13       		.uleb128 0x13
 863 0134 00       		.byte	0
 864 0135 00       		.byte	0
 865 0136 1A       		.uleb128 0x1a
 866 0137 2E       		.uleb128 0x2e
 867 0138 01       		.byte	0x1
 868 0139 3F       		.uleb128 0x3f
 869 013a 19       		.uleb128 0x19
 870 013b 03       		.uleb128 0x3
ARM GAS  C:\Users\kbuchi\AppData\Local\Temp\cchAk2Ii.s 			page 21


 871 013c 0E       		.uleb128 0xe
 872 013d 27       		.uleb128 0x27
 873 013e 19       		.uleb128 0x19
 874 013f 49       		.uleb128 0x49
 875 0140 13       		.uleb128 0x13
 876 0141 34       		.uleb128 0x34
 877 0142 19       		.uleb128 0x19
 878 0143 3C       		.uleb128 0x3c
 879 0144 19       		.uleb128 0x19
 880 0145 01       		.uleb128 0x1
 881 0146 13       		.uleb128 0x13
 882 0147 00       		.byte	0
 883 0148 00       		.byte	0
 884 0149 1B       		.uleb128 0x1b
 885 014a 05       		.uleb128 0x5
 886 014b 00       		.byte	0
 887 014c 49       		.uleb128 0x49
 888 014d 13       		.uleb128 0x13
 889 014e 00       		.byte	0
 890 014f 00       		.byte	0
 891 0150 1C       		.uleb128 0x1c
 892 0151 2E       		.uleb128 0x2e
 893 0152 01       		.byte	0x1
 894 0153 3F       		.uleb128 0x3f
 895 0154 19       		.uleb128 0x19
 896 0155 03       		.uleb128 0x3
 897 0156 0E       		.uleb128 0xe
 898 0157 3A       		.uleb128 0x3a
 899 0158 0B       		.uleb128 0xb
 900 0159 3B       		.uleb128 0x3b
 901 015a 0B       		.uleb128 0xb
 902 015b 27       		.uleb128 0x27
 903 015c 19       		.uleb128 0x19
 904 015d 3C       		.uleb128 0x3c
 905 015e 19       		.uleb128 0x19
 906 015f 01       		.uleb128 0x1
 907 0160 13       		.uleb128 0x13
 908 0161 00       		.byte	0
 909 0162 00       		.byte	0
 910 0163 1D       		.uleb128 0x1d
 911 0164 2E       		.uleb128 0x2e
 912 0165 01       		.byte	0x1
 913 0166 3F       		.uleb128 0x3f
 914 0167 19       		.uleb128 0x19
 915 0168 03       		.uleb128 0x3
 916 0169 0E       		.uleb128 0xe
 917 016a 3A       		.uleb128 0x3a
 918 016b 0B       		.uleb128 0xb
 919 016c 3B       		.uleb128 0x3b
 920 016d 0B       		.uleb128 0xb
 921 016e 27       		.uleb128 0x27
 922 016f 19       		.uleb128 0x19
 923 0170 49       		.uleb128 0x49
 924 0171 13       		.uleb128 0x13
 925 0172 3C       		.uleb128 0x3c
 926 0173 19       		.uleb128 0x19
 927 0174 01       		.uleb128 0x1
ARM GAS  C:\Users\kbuchi\AppData\Local\Temp\cchAk2Ii.s 			page 22


 928 0175 13       		.uleb128 0x13
 929 0176 00       		.byte	0
 930 0177 00       		.byte	0
 931 0178 1E       		.uleb128 0x1e
 932 0179 2E       		.uleb128 0x2e
 933 017a 01       		.byte	0x1
 934 017b 3F       		.uleb128 0x3f
 935 017c 19       		.uleb128 0x19
 936 017d 03       		.uleb128 0x3
 937 017e 0E       		.uleb128 0xe
 938 017f 3A       		.uleb128 0x3a
 939 0180 0B       		.uleb128 0xb
 940 0181 3B       		.uleb128 0x3b
 941 0182 0B       		.uleb128 0xb
 942 0183 27       		.uleb128 0x27
 943 0184 19       		.uleb128 0x19
 944 0185 3C       		.uleb128 0x3c
 945 0186 19       		.uleb128 0x19
 946 0187 00       		.byte	0
 947 0188 00       		.byte	0
 948 0189 00       		.byte	0
 949              		.section	.debug_loc,"",%progbits
 950              	.Ldebug_loc0:
 951              	.LLST0:
 952 0000 00000000 		.4byte	.LVL0
 953 0004 09000000 		.4byte	.LVL2-1
 954 0008 0100     		.2byte	0x1
 955 000a 50       		.byte	0x50
 956 000b 09000000 		.4byte	.LVL2-1
 957 000f 0C000000 		.4byte	.LFE0
 958 0013 0400     		.2byte	0x4
 959 0015 F3       		.byte	0xf3
 960 0016 01       		.uleb128 0x1
 961 0017 50       		.byte	0x50
 962 0018 9F       		.byte	0x9f
 963 0019 00000000 		.4byte	0
 964 001d 00000000 		.4byte	0
 965              	.LLST1:
 966 0021 00000000 		.4byte	.LVL0
 967 0025 06000000 		.4byte	.LVL1
 968 0029 0100     		.2byte	0x1
 969 002b 51       		.byte	0x51
 970 002c 06000000 		.4byte	.LVL1
 971 0030 09000000 		.4byte	.LVL2-1
 972 0034 0100     		.2byte	0x1
 973 0036 52       		.byte	0x52
 974 0037 09000000 		.4byte	.LVL2-1
 975 003b 0C000000 		.4byte	.LFE0
 976 003f 0400     		.2byte	0x4
 977 0041 F3       		.byte	0xf3
 978 0042 01       		.uleb128 0x1
 979 0043 51       		.byte	0x51
 980 0044 9F       		.byte	0x9f
 981 0045 00000000 		.4byte	0
 982 0049 00000000 		.4byte	0
 983              	.LLST2:
 984 004d 60000000 		.4byte	.LVL6
ARM GAS  C:\Users\kbuchi\AppData\Local\Temp\cchAk2Ii.s 			page 23


 985 0051 66000000 		.4byte	.LVL7
 986 0055 0200     		.2byte	0x2
 987 0057 30       		.byte	0x30
 988 0058 9F       		.byte	0x9f
 989 0059 66000000 		.4byte	.LVL7
 990 005d 7E000000 		.4byte	.LVL10
 991 0061 0100     		.2byte	0x1
 992 0063 54       		.byte	0x54
 993 0064 7E000000 		.4byte	.LVL10
 994 0068 80000000 		.4byte	.LVL11
 995 006c 0300     		.2byte	0x3
 996 006e 74       		.byte	0x74
 997 006f 7F       		.sleb128 -1
 998 0070 9F       		.byte	0x9f
 999 0071 80000000 		.4byte	.LVL11
 1000 0075 CA000000 		.4byte	.LVL13
 1001 0079 0100     		.2byte	0x1
 1002 007b 54       		.byte	0x54
 1003 007c 00000000 		.4byte	0
 1004 0080 00000000 		.4byte	0
 1005              	.LLST3:
 1006 0084 6E000000 		.4byte	.LVL8
 1007 0088 7B000000 		.4byte	.LVL9-1
 1008 008c 0100     		.2byte	0x1
 1009 008e 53       		.byte	0x53
 1010 008f 7B000000 		.4byte	.LVL9-1
 1011 0093 7E000000 		.4byte	.LVL10
 1012 0097 0D00     		.2byte	0xd
 1013 0099 74       		.byte	0x74
 1014 009a 00       		.sleb128 0
 1015 009b 31       		.byte	0x31
 1016 009c 24       		.byte	0x24
 1017 009d 74       		.byte	0x74
 1018 009e 00       		.sleb128 0
 1019 009f 22       		.byte	0x22
 1020 00a0 31       		.byte	0x31
 1021 00a1 24       		.byte	0x24
 1022 00a2 75       		.byte	0x75
 1023 00a3 00       		.sleb128 0
 1024 00a4 22       		.byte	0x22
 1025 00a5 9F       		.byte	0x9f
 1026 00a6 7E000000 		.4byte	.LVL10
 1027 00aa 80000000 		.4byte	.LVL11
 1028 00ae 0D00     		.2byte	0xd
 1029 00b0 74       		.byte	0x74
 1030 00b1 7F       		.sleb128 -1
 1031 00b2 74       		.byte	0x74
 1032 00b3 7F       		.sleb128 -1
 1033 00b4 31       		.byte	0x31
 1034 00b5 24       		.byte	0x24
 1035 00b6 22       		.byte	0x22
 1036 00b7 31       		.byte	0x31
 1037 00b8 24       		.byte	0x24
 1038 00b9 75       		.byte	0x75
 1039 00ba 00       		.sleb128 0
 1040 00bb 22       		.byte	0x22
 1041 00bc 9F       		.byte	0x9f
ARM GAS  C:\Users\kbuchi\AppData\Local\Temp\cchAk2Ii.s 			page 24


 1042 00bd 00000000 		.4byte	0
 1043 00c1 00000000 		.4byte	0
 1044              		.section	.debug_aranges,"",%progbits
 1045 0000 2C000000 		.4byte	0x2c
 1046 0004 0200     		.2byte	0x2
 1047 0006 00000000 		.4byte	.Ldebug_info0
 1048 000a 04       		.byte	0x4
 1049 000b 00       		.byte	0
 1050 000c 0000     		.2byte	0
 1051 000e 0000     		.2byte	0
 1052 0010 00000000 		.4byte	.LFB0
 1053 0014 0C000000 		.4byte	.LFE0-.LFB0
 1054 0018 00000000 		.4byte	.LFB3
 1055 001c 5C000000 		.4byte	.LFE3-.LFB3
 1056 0020 5C000000 		.4byte	.LFB5
 1057 0024 90000000 		.4byte	.LFE5-.LFB5
 1058 0028 00000000 		.4byte	0
 1059 002c 00000000 		.4byte	0
 1060              		.section	.debug_ranges,"",%progbits
 1061              	.Ldebug_ranges0:
 1062 0000 62000000 		.4byte	.LBB3
 1063 0004 64000000 		.4byte	.LBE3
 1064 0008 66000000 		.4byte	.LBB4
 1065 000c 7C000000 		.4byte	.LBE4
 1066 0010 00000000 		.4byte	0
 1067 0014 00000000 		.4byte	0
 1068 0018 00000000 		.4byte	.LFB0
 1069 001c 0C000000 		.4byte	.LFE0
 1070 0020 00000000 		.4byte	.LFB3
 1071 0024 5C000000 		.4byte	.LFE3
 1072 0028 5C000000 		.4byte	.LFB5
 1073 002c EC000000 		.4byte	.LFE5
 1074 0030 00000000 		.4byte	0
 1075 0034 00000000 		.4byte	0
 1076              		.section	.debug_line,"",%progbits
 1077              	.Ldebug_line0:
 1078 0000 30010000 		.section	.debug_str,"MS",%progbits,1
 1078      0200D800 
 1078      00000201 
 1078      FB0E0D00 
 1078      01010101 
 1079              	.LASF18:
 1080 0000 72656733 		.ascii	"reg32\000"
 1080      3200
 1081              	.LASF11:
 1082 0006 73697A65 		.ascii	"size_t\000"
 1082      5F7400
 1083              	.LASF32:
 1084 000d 4379496E 		.ascii	"CyIntSetVector\000"
 1084      74536574 
 1084      56656374 
 1084      6F7200
 1085              	.LASF25:
 1086 001c 6366675F 		.ascii	"cfg_memset_list\000"
 1086      6D656D73 
 1086      65745F6C 
 1086      69737400 
ARM GAS  C:\Users\kbuchi\AppData\Local\Temp\cchAk2Ii.s 			page 25


 1087              	.LASF21:
 1088 002c 436C6F63 		.ascii	"ClockSetup\000"
 1088      6B536574 
 1088      757000
 1089              	.LASF4:
 1090 0037 73686F72 		.ascii	"short unsigned int\000"
 1090      7420756E 
 1090      7369676E 
 1090      65642069 
 1090      6E7400
 1091              	.LASF30:
 1092 004a 433A5C57 		.ascii	"C:\\WORKS\\WS\\WS_E2\\psoc\\D-21_s-2.cydsn\000"
 1092      4F524B53 
 1092      5C57535C 
 1092      57535F45 
 1092      325C7073 
 1093              	.LASF15:
 1094 0070 666C6F61 		.ascii	"float\000"
 1094      7400
 1095              	.LASF23:
 1096 0076 73697A65 		.ascii	"size\000"
 1096      00
 1097              	.LASF17:
 1098 007b 72656738 		.ascii	"reg8\000"
 1098      00
 1099              	.LASF6:
 1100 0080 6C6F6E67 		.ascii	"long unsigned int\000"
 1100      20756E73 
 1100      69676E65 
 1100      6420696E 
 1100      7400
 1101              	.LASF12:
 1102 0092 75696E74 		.ascii	"uint8\000"
 1102      3800
 1103              	.LASF20:
 1104 0098 43594D45 		.ascii	"CYMEMZERO\000"
 1104      4D5A4552 
 1104      4F00
 1105              	.LASF2:
 1106 00a2 756E7369 		.ascii	"unsigned char\000"
 1106      676E6564 
 1106      20636861 
 1106      7200
 1107              	.LASF26:
 1108 00b0 6D656D73 		.ascii	"memset\000"
 1108      657400
 1109              	.LASF16:
 1110 00b7 646F7562 		.ascii	"double\000"
 1110      6C6500
 1111              	.LASF33:
 1112 00be 4379496E 		.ascii	"CyIntEnable\000"
 1112      74456E61 
 1112      626C6500 
 1113              	.LASF13:
 1114 00ca 75696E74 		.ascii	"uint16\000"
 1114      313600
 1115              	.LASF14:
ARM GAS  C:\Users\kbuchi\AppData\Local\Temp\cchAk2Ii.s 			page 26


 1116 00d1 75696E74 		.ascii	"uint32\000"
 1116      333200
 1117              	.LASF0:
 1118 00d8 756E7369 		.ascii	"unsigned int\000"
 1118      676E6564 
 1118      20696E74 
 1118      00
 1119              	.LASF31:
 1120 00e5 63796669 		.ascii	"cyfitter_cfg\000"
 1120      74746572 
 1120      5F636667 
 1120      00
 1121              	.LASF22:
 1122 00f2 61646472 		.ascii	"address\000"
 1122      65737300 
 1123              	.LASF8:
 1124 00fa 6C6F6E67 		.ascii	"long long unsigned int\000"
 1124      206C6F6E 
 1124      6720756E 
 1124      7369676E 
 1124      65642069 
 1125              	.LASF28:
 1126 0111 474E5520 		.ascii	"GNU C 4.8.4 20140526 (release) [ARM/embedded-4_8-br"
 1126      4320342E 
 1126      382E3420 
 1126      32303134 
 1126      30353236 
 1127 0144 616E6368 		.ascii	"anch revision 211358] -mcpu=cortex-m0 -mthumb -g -O"
 1127      20726576 
 1127      6973696F 
 1127      6E203231 
 1127      31333538 
 1128 0177 67202D66 		.ascii	"g -ffunction-sections\000"
 1128      66756E63 
 1128      74696F6E 
 1128      2D736563 
 1128      74696F6E 
 1129              	.LASF19:
 1130 018d 63796973 		.ascii	"cyisraddress\000"
 1130      72616464 
 1130      72657373 
 1130      00
 1131              	.LASF24:
 1132 019a 6366675F 		.ascii	"cfg_memset_t\000"
 1132      6D656D73 
 1132      65745F74 
 1132      00
 1133              	.LASF29:
 1134 01a7 2E5C4765 		.ascii	".\\Generated_Source\\PSoC4\\cyfitter_cfg.c\000"
 1134      6E657261 
 1134      7465645F 
 1134      536F7572 
 1134      63655C50 
 1135              	.LASF9:
 1136 01cf 73697A65 		.ascii	"sizetype\000"
 1136      74797065 
 1136      00
ARM GAS  C:\Users\kbuchi\AppData\Local\Temp\cchAk2Ii.s 			page 27


 1137              	.LASF7:
 1138 01d8 6C6F6E67 		.ascii	"long long int\000"
 1138      206C6F6E 
 1138      6720696E 
 1138      7400
 1139              	.LASF10:
 1140 01e6 63686172 		.ascii	"char\000"
 1140      00
 1141              	.LASF3:
 1142 01eb 73686F72 		.ascii	"short int\000"
 1142      7420696E 
 1142      7400
 1143              	.LASF27:
 1144 01f5 43795379 		.ascii	"CySysClkWriteImoFreq\000"
 1144      73436C6B 
 1144      57726974 
 1144      65496D6F 
 1144      46726571 
 1145              	.LASF5:
 1146 020a 6C6F6E67 		.ascii	"long int\000"
 1146      20696E74 
 1146      00
 1147              	.LASF1:
 1148 0213 7369676E 		.ascii	"signed char\000"
 1148      65642063 
 1148      68617200 
 1149              		.ident	"GCC: (GNU Tools for ARM Embedded Processors) 4.8.4 20140526 (release) [ARM/embedded-4_8-br
