Archive member included because of file (symbol)

.\CortexM0\ARM_GCC_484\Debug\Bootloadable Blinking LED.a(cyfitter_cfg.o)
                              .\CortexM0\ARM_GCC_484\Debug\Cm0Start.o (cyfitter_cfg)
.\CortexM0\ARM_GCC_484\Debug\Bootloadable Blinking LED.a(CyLib.o)
                              .\CortexM0\ARM_GCC_484\Debug\Bootloadable Blinking LED.a(cyfitter_cfg.o) (CySysClkWriteImoFreq)
.\CortexM0\ARM_GCC_484\Debug\Bootloadable Blinking LED.a(LED.o)
                              .\CortexM0\ARM_GCC_484\Debug\main.o (LED_Write)
.\CortexM0\ARM_GCC_484\Debug\Bootloadable Blinking LED.a(CyBootAsmGnu.o)
                              .\CortexM0\ARM_GCC_484\Debug\Bootloadable Blinking LED.a(CyLib.o) (CyDelayCycles)
c:/works/programs/psoc_creator/psoc creator/3.2/psoc_creator/import/gnu/arm/4.8.4/bin/../lib/gcc/arm-none-eabi/4.8.4/armv6-m\libgcc.a(_udivsi3.o)
                              .\CortexM0\ARM_GCC_484\Debug\Bootloadable Blinking LED.a(CyLib.o) (__aeabi_uidiv)
c:/works/programs/psoc_creator/psoc creator/3.2/psoc_creator/import/gnu/arm/4.8.4/bin/../lib/gcc/arm-none-eabi/4.8.4/armv6-m\libgcc.a(_divsi3.o)
                              .\CortexM0\ARM_GCC_484\Debug\Cm0Start.o (__aeabi_idiv)
c:/works/programs/psoc_creator/psoc creator/3.2/psoc_creator/import/gnu/arm/4.8.4/bin/../lib/gcc/arm-none-eabi/4.8.4/armv6-m\libgcc.a(_dvmd_tls.o)
                              c:/works/programs/psoc_creator/psoc creator/3.2/psoc_creator/import/gnu/arm/4.8.4/bin/../lib/gcc/arm-none-eabi/4.8.4/armv6-m\libgcc.a(_udivsi3.o) (__aeabi_idiv0)
c:/works/programs/psoc_creator/psoc creator/3.2/psoc_creator/import/gnu/arm/4.8.4/bin/../lib/gcc/arm-none-eabi/4.8.4/../../../../arm-none-eabi/lib/armv6-m\libg_s.a(lib_a-errno.o)
                              .\CortexM0\ARM_GCC_484\Debug\Cm0Start.o (__errno)
c:/works/programs/psoc_creator/psoc creator/3.2/psoc_creator/import/gnu/arm/4.8.4/bin/../lib/gcc/arm-none-eabi/4.8.4/../../../../arm-none-eabi/lib/armv6-m\libg_s.a(lib_a-exit.o)
                              c:/works/programs/psoc_creator/psoc creator/3.2/psoc_creator/import/gnu/arm/4.8.4/bin/../lib/gcc/arm-none-eabi/4.8.4/../../../../arm-none-eabi/lib/armv6-m/crt0.o (exit)
c:/works/programs/psoc_creator/psoc creator/3.2/psoc_creator/import/gnu/arm/4.8.4/bin/../lib/gcc/arm-none-eabi/4.8.4/../../../../arm-none-eabi/lib/armv6-m\libg_s.a(lib_a-impure.o)
                              c:/works/programs/psoc_creator/psoc creator/3.2/psoc_creator/import/gnu/arm/4.8.4/bin/../lib/gcc/arm-none-eabi/4.8.4/../../../../arm-none-eabi/lib/armv6-m\libg_s.a(lib_a-exit.o) (_global_impure_ptr)
c:/works/programs/psoc_creator/psoc creator/3.2/psoc_creator/import/gnu/arm/4.8.4/bin/../lib/gcc/arm-none-eabi/4.8.4/../../../../arm-none-eabi/lib/armv6-m\libg_s.a(lib_a-init.o)
                              c:/works/programs/psoc_creator/psoc creator/3.2/psoc_creator/import/gnu/arm/4.8.4/bin/../lib/gcc/arm-none-eabi/4.8.4/../../../../arm-none-eabi/lib/armv6-m/crt0.o (__libc_init_array)
c:/works/programs/psoc_creator/psoc creator/3.2/psoc_creator/import/gnu/arm/4.8.4/bin/../lib/gcc/arm-none-eabi/4.8.4/../../../../arm-none-eabi/lib/armv6-m\libg_s.a(lib_a-memcpy-stub.o)
                              .\CortexM0\ARM_GCC_484\Debug\Bootloadable Blinking LED.a(cyfitter_cfg.o) (memcpy)
c:/works/programs/psoc_creator/psoc creator/3.2/psoc_creator/import/gnu/arm/4.8.4/bin/../lib/gcc/arm-none-eabi/4.8.4/../../../../arm-none-eabi/lib/armv6-m\libg_s.a(lib_a-memset.o)
                              c:/works/programs/psoc_creator/psoc creator/3.2/psoc_creator/import/gnu/arm/4.8.4/bin/../lib/gcc/arm-none-eabi/4.8.4/../../../../arm-none-eabi/lib/armv6-m/crt0.o (memset)

Discarded input sections

 .text          0x00000000        0x0 c:/works/programs/psoc_creator/psoc creator/3.2/psoc_creator/import/gnu/arm/4.8.4/bin/../lib/gcc/arm-none-eabi/4.8.4/armv6-m/crti.o
 .data          0x00000000        0x0 c:/works/programs/psoc_creator/psoc creator/3.2/psoc_creator/import/gnu/arm/4.8.4/bin/../lib/gcc/arm-none-eabi/4.8.4/armv6-m/crti.o
 .bss           0x00000000        0x0 c:/works/programs/psoc_creator/psoc creator/3.2/psoc_creator/import/gnu/arm/4.8.4/bin/../lib/gcc/arm-none-eabi/4.8.4/armv6-m/crti.o
 .data          0x00000000        0x4 c:/works/programs/psoc_creator/psoc creator/3.2/psoc_creator/import/gnu/arm/4.8.4/bin/../lib/gcc/arm-none-eabi/4.8.4/armv6-m/crtbegin.o
 .text          0x00000000       0x78 c:/works/programs/psoc_creator/psoc creator/3.2/psoc_creator/import/gnu/arm/4.8.4/bin/../lib/gcc/arm-none-eabi/4.8.4/../../../../arm-none-eabi/lib/armv6-m/crt0.o
 .data          0x00000000        0x0 c:/works/programs/psoc_creator/psoc creator/3.2/psoc_creator/import/gnu/arm/4.8.4/bin/../lib/gcc/arm-none-eabi/4.8.4/../../../../arm-none-eabi/lib/armv6-m/crt0.o
 .bss           0x00000000        0x0 c:/works/programs/psoc_creator/psoc creator/3.2/psoc_creator/import/gnu/arm/4.8.4/bin/../lib/gcc/arm-none-eabi/4.8.4/../../../../arm-none-eabi/lib/armv6-m/crt0.o
 .ARM.extab     0x00000000        0x0 c:/works/programs/psoc_creator/psoc creator/3.2/psoc_creator/import/gnu/arm/4.8.4/bin/../lib/gcc/arm-none-eabi/4.8.4/../../../../arm-none-eabi/lib/armv6-m/crt0.o
 .ARM.exidx     0x00000000        0x8 c:/works/programs/psoc_creator/psoc creator/3.2/psoc_creator/import/gnu/arm/4.8.4/bin/../lib/gcc/arm-none-eabi/4.8.4/../../../../arm-none-eabi/lib/armv6-m/crt0.o
 .text          0x00000000        0x0 .\CortexM0\ARM_GCC_484\Debug\main.o
 .data          0x00000000        0x0 .\CortexM0\ARM_GCC_484\Debug\main.o
 .bss           0x00000000        0x0 .\CortexM0\ARM_GCC_484\Debug\main.o
 .text          0x00000000        0x0 .\CortexM0\ARM_GCC_484\Debug\cybootloader.o
 .data          0x00000000        0x0 .\CortexM0\ARM_GCC_484\Debug\cybootloader.o
 .bss           0x00000000        0x0 .\CortexM0\ARM_GCC_484\Debug\cybootloader.o
 .text          0x00000000        0x0 .\CortexM0\ARM_GCC_484\Debug\cymetadata.o
 .data          0x00000000        0x0 .\CortexM0\ARM_GCC_484\Debug\cymetadata.o
 .bss           0x00000000        0x0 .\CortexM0\ARM_GCC_484\Debug\cymetadata.o
 .text          0x00000000        0x0 .\CortexM0\ARM_GCC_484\Debug\Cm0Start.o
 .data          0x00000000        0x4 .\CortexM0\ARM_GCC_484\Debug\Cm0Start.o
 .bss           0x00000000        0x0 .\CortexM0\ARM_GCC_484\Debug\Cm0Start.o
 .text._exit    0x00000000       0x28 .\CortexM0\ARM_GCC_484\Debug\Cm0Start.o
 .text._sbrk    0x00000000       0x54 .\CortexM0\ARM_GCC_484\Debug\Cm0Start.o
 .text          0x00000000        0x0 .\CortexM0\ARM_GCC_484\Debug\Bootloadable Blinking LED.a(cyfitter_cfg.o)
 .data          0x00000000        0x0 .\CortexM0\ARM_GCC_484\Debug\Bootloadable Blinking LED.a(cyfitter_cfg.o)
 .bss           0x00000000        0x0 .\CortexM0\ARM_GCC_484\Debug\Bootloadable Blinking LED.a(cyfitter_cfg.o)
 .text.CYCONFIGCPY
                0x00000000       0x24 .\CortexM0\ARM_GCC_484\Debug\Bootloadable Blinking LED.a(cyfitter_cfg.o)
 .text.CYCONFIGCPYCODE
                0x00000000       0x24 .\CortexM0\ARM_GCC_484\Debug\Bootloadable Blinking LED.a(cyfitter_cfg.o)
 .text          0x00000000        0x0 .\CortexM0\ARM_GCC_484\Debug\Bootloadable Blinking LED.a(CyLib.o)
 .bss           0x00000000       0x24 .\CortexM0\ARM_GCC_484\Debug\Bootloadable Blinking LED.a(CyLib.o)
 .text.CySysClkImoStart
                0x00000000       0x1c .\CortexM0\ARM_GCC_484\Debug\Bootloadable Blinking LED.a(CyLib.o)
 .text.CySysClkImoStop
                0x00000000       0x18 .\CortexM0\ARM_GCC_484\Debug\Bootloadable Blinking LED.a(CyLib.o)
 .text.CySysClkIloStart
                0x00000000       0x1c .\CortexM0\ARM_GCC_484\Debug\Bootloadable Blinking LED.a(CyLib.o)
 .text.CySysClkIloStop
                0x00000000       0x4c .\CortexM0\ARM_GCC_484\Debug\Bootloadable Blinking LED.a(CyLib.o)
 .text.CySysClkIloEnabled
                0x00000000       0x1c .\CortexM0\ARM_GCC_484\Debug\Bootloadable Blinking LED.a(CyLib.o)
 .text.CySysClkWriteHfclkDirect
                0x00000000       0x44 .\CortexM0\ARM_GCC_484\Debug\Bootloadable Blinking LED.a(CyLib.o)
 .text.CySysClkWriteSysclkDiv
                0x00000000       0x44 .\CortexM0\ARM_GCC_484\Debug\Bootloadable Blinking LED.a(CyLib.o)
 .text.CySysWdtLock
                0x00000000       0x34 .\CortexM0\ARM_GCC_484\Debug\Bootloadable Blinking LED.a(CyLib.o)
 .text.CySysWdtLocked
                0x00000000       0x20 .\CortexM0\ARM_GCC_484\Debug\Bootloadable Blinking LED.a(CyLib.o)
 .text.CySysWdtUnlock
                0x00000000       0x4c .\CortexM0\ARM_GCC_484\Debug\Bootloadable Blinking LED.a(CyLib.o)
 .text.CySysWdtReadEnabledStatus
                0x00000000       0x30 .\CortexM0\ARM_GCC_484\Debug\Bootloadable Blinking LED.a(CyLib.o)
 .text.CySysWdtWriteMode
                0x00000000       0x60 .\CortexM0\ARM_GCC_484\Debug\Bootloadable Blinking LED.a(CyLib.o)
 .text.CySysWdtReadMode
                0x00000000       0x24 .\CortexM0\ARM_GCC_484\Debug\Bootloadable Blinking LED.a(CyLib.o)
 .text.CySysWdtWriteClearOnMatch
                0x00000000       0x70 .\CortexM0\ARM_GCC_484\Debug\Bootloadable Blinking LED.a(CyLib.o)
 .text.CySysWdtReadClearOnMatch
                0x00000000       0x40 .\CortexM0\ARM_GCC_484\Debug\Bootloadable Blinking LED.a(CyLib.o)
 .text.CySysWdtEnable
                0x00000000       0x68 .\CortexM0\ARM_GCC_484\Debug\Bootloadable Blinking LED.a(CyLib.o)
 .text.CySysWdtDisable
                0x00000000       0x68 .\CortexM0\ARM_GCC_484\Debug\Bootloadable Blinking LED.a(CyLib.o)
 .text.CySysWdtWriteCascade
                0x00000000       0x58 .\CortexM0\ARM_GCC_484\Debug\Bootloadable Blinking LED.a(CyLib.o)
 .text.CySysWdtReadCascade
                0x00000000       0x1c .\CortexM0\ARM_GCC_484\Debug\Bootloadable Blinking LED.a(CyLib.o)
 .text.CySysWdtWriteMatch
                0x00000000       0x6c .\CortexM0\ARM_GCC_484\Debug\Bootloadable Blinking LED.a(CyLib.o)
 .text.CySysWdtWriteToggleBit
                0x00000000       0x44 .\CortexM0\ARM_GCC_484\Debug\Bootloadable Blinking LED.a(CyLib.o)
 .text.CySysWdtReadToggleBit
                0x00000000       0x18 .\CortexM0\ARM_GCC_484\Debug\Bootloadable Blinking LED.a(CyLib.o)
 .text.CySysWdtReadMatch
                0x00000000       0x44 .\CortexM0\ARM_GCC_484\Debug\Bootloadable Blinking LED.a(CyLib.o)
 .text.CySysWdtReadCount
                0x00000000       0x54 .\CortexM0\ARM_GCC_484\Debug\Bootloadable Blinking LED.a(CyLib.o)
 .text.CySysWdtGetInterruptSource
                0x00000000       0x1c .\CortexM0\ARM_GCC_484\Debug\Bootloadable Blinking LED.a(CyLib.o)
 .text.CySysWdtClearInterrupt
                0x00000000       0x6c .\CortexM0\ARM_GCC_484\Debug\Bootloadable Blinking LED.a(CyLib.o)
 .text.CySysWdtResetCounters
                0x00000000       0x28 .\CortexM0\ARM_GCC_484\Debug\Bootloadable Blinking LED.a(CyLib.o)
 .text.CySysClkLfclkPosedgeCatch
                0x00000000       0x9c .\CortexM0\ARM_GCC_484\Debug\Bootloadable Blinking LED.a(CyLib.o)
 .text.CySysClkLfclkPosedgeRestore
                0x00000000       0x3c .\CortexM0\ARM_GCC_484\Debug\Bootloadable Blinking LED.a(CyLib.o)
 .text.CySysLvdEnable
                0x00000000       0x48 .\CortexM0\ARM_GCC_484\Debug\Bootloadable Blinking LED.a(CyLib.o)
 .text.CySysLvdDisable
                0x00000000       0x28 .\CortexM0\ARM_GCC_484\Debug\Bootloadable Blinking LED.a(CyLib.o)
 .text.CySysLvdGetInterruptSource
                0x00000000       0x18 .\CortexM0\ARM_GCC_484\Debug\Bootloadable Blinking LED.a(CyLib.o)
 .text.CySysLvdClearInterrupt
                0x00000000       0x14 .\CortexM0\ARM_GCC_484\Debug\Bootloadable Blinking LED.a(CyLib.o)
 .text.CySysGetResetReason
                0x00000000       0x30 .\CortexM0\ARM_GCC_484\Debug\Bootloadable Blinking LED.a(CyLib.o)
 .text.CyDisableInts
                0x00000000       0x24 .\CortexM0\ARM_GCC_484\Debug\Bootloadable Blinking LED.a(CyLib.o)
 .text.CyEnableInts
                0x00000000       0x18 .\CortexM0\ARM_GCC_484\Debug\Bootloadable Blinking LED.a(CyLib.o)
 .text.CyIntSetSysVector
                0x00000000       0x48 .\CortexM0\ARM_GCC_484\Debug\Bootloadable Blinking LED.a(CyLib.o)
 .text.CyIntGetSysVector
                0x00000000       0x34 .\CortexM0\ARM_GCC_484\Debug\Bootloadable Blinking LED.a(CyLib.o)
 .text.CyIntSetVector
                0x00000000       0x4c .\CortexM0\ARM_GCC_484\Debug\Bootloadable Blinking LED.a(CyLib.o)
 .text.CyIntGetVector
                0x00000000       0x38 .\CortexM0\ARM_GCC_484\Debug\Bootloadable Blinking LED.a(CyLib.o)
 .text.CyIntSetPriority
                0x00000000       0xa8 .\CortexM0\ARM_GCC_484\Debug\Bootloadable Blinking LED.a(CyLib.o)
 .text.CyIntGetPriority
                0x00000000       0x58 .\CortexM0\ARM_GCC_484\Debug\Bootloadable Blinking LED.a(CyLib.o)
 .text.CyIntEnable
                0x00000000       0x2c .\CortexM0\ARM_GCC_484\Debug\Bootloadable Blinking LED.a(CyLib.o)
 .text.CyIntGetState
                0x00000000       0x34 .\CortexM0\ARM_GCC_484\Debug\Bootloadable Blinking LED.a(CyLib.o)
 .text.CyIntDisable
                0x00000000       0x2c .\CortexM0\ARM_GCC_484\Debug\Bootloadable Blinking LED.a(CyLib.o)
 .text.CyIntSetPending
                0x00000000       0x2c .\CortexM0\ARM_GCC_484\Debug\Bootloadable Blinking LED.a(CyLib.o)
 .text.CyIntClearPending
                0x00000000       0x2c .\CortexM0\ARM_GCC_484\Debug\Bootloadable Blinking LED.a(CyLib.o)
 .text.CySoftwareReset
                0x00000000       0x20 .\CortexM0\ARM_GCC_484\Debug\Bootloadable Blinking LED.a(CyLib.o)
 .text.CyDelayFreq
                0x00000000       0x80 .\CortexM0\ARM_GCC_484\Debug\Bootloadable Blinking LED.a(CyLib.o)
 .text.CySysTickStart
                0x00000000       0x24 .\CortexM0\ARM_GCC_484\Debug\Bootloadable Blinking LED.a(CyLib.o)
 .text.CySysTickInit
                0x00000000       0x60 .\CortexM0\ARM_GCC_484\Debug\Bootloadable Blinking LED.a(CyLib.o)
 .text.CySysTickEnable
                0x00000000       0x1c .\CortexM0\ARM_GCC_484\Debug\Bootloadable Blinking LED.a(CyLib.o)
 .text.CySysTickStop
                0x00000000       0x18 .\CortexM0\ARM_GCC_484\Debug\Bootloadable Blinking LED.a(CyLib.o)
 .text.CySysTickEnableInterrupt
                0x00000000       0x18 .\CortexM0\ARM_GCC_484\Debug\Bootloadable Blinking LED.a(CyLib.o)
 .text.CySysTickDisableInterrupt
                0x00000000       0x18 .\CortexM0\ARM_GCC_484\Debug\Bootloadable Blinking LED.a(CyLib.o)
 .text.CySysTickSetReload
                0x00000000       0x1c .\CortexM0\ARM_GCC_484\Debug\Bootloadable Blinking LED.a(CyLib.o)
 .text.CySysTickGetReload
                0x00000000       0x18 .\CortexM0\ARM_GCC_484\Debug\Bootloadable Blinking LED.a(CyLib.o)
 .text.CySysTickGetValue
                0x00000000       0x1c .\CortexM0\ARM_GCC_484\Debug\Bootloadable Blinking LED.a(CyLib.o)
 .text.CySysTickGetCountFlag
                0x00000000       0x18 .\CortexM0\ARM_GCC_484\Debug\Bootloadable Blinking LED.a(CyLib.o)
 .text.CySysTickClear
                0x00000000       0x14 .\CortexM0\ARM_GCC_484\Debug\Bootloadable Blinking LED.a(CyLib.o)
 .text.CySysTickSetCallback
                0x00000000       0x2c .\CortexM0\ARM_GCC_484\Debug\Bootloadable Blinking LED.a(CyLib.o)
 .text.CySysTickGetCallback
                0x00000000       0x1c .\CortexM0\ARM_GCC_484\Debug\Bootloadable Blinking LED.a(CyLib.o)
 .text.CySysTickServiceCallbacks
                0x00000000       0x44 .\CortexM0\ARM_GCC_484\Debug\Bootloadable Blinking LED.a(CyLib.o)
 .text          0x00000000        0x0 .\CortexM0\ARM_GCC_484\Debug\Bootloadable Blinking LED.a(LED.o)
 .data          0x00000000        0x0 .\CortexM0\ARM_GCC_484\Debug\Bootloadable Blinking LED.a(LED.o)
 .bss           0x00000000        0x0 .\CortexM0\ARM_GCC_484\Debug\Bootloadable Blinking LED.a(LED.o)
 .text.LED_SetDriveMode
                0x00000000       0x30 .\CortexM0\ARM_GCC_484\Debug\Bootloadable Blinking LED.a(LED.o)
 .text.LED_Read
                0x00000000       0x1c .\CortexM0\ARM_GCC_484\Debug\Bootloadable Blinking LED.a(LED.o)
 .text.LED_ReadDataReg
                0x00000000       0x1c .\CortexM0\ARM_GCC_484\Debug\Bootloadable Blinking LED.a(LED.o)
 .text.LED_ClearInterrupt
                0x00000000       0x30 .\CortexM0\ARM_GCC_484\Debug\Bootloadable Blinking LED.a(LED.o)
 .data          0x00000000        0x0 .\CortexM0\ARM_GCC_484\Debug\Bootloadable Blinking LED.a(CyBootAsmGnu.o)
 .bss           0x00000000        0x0 .\CortexM0\ARM_GCC_484\Debug\Bootloadable Blinking LED.a(CyBootAsmGnu.o)
 .text          0x00000000       0x9c c:/works/programs/psoc_creator/psoc creator/3.2/psoc_creator/import/gnu/arm/4.8.4/bin/../lib/gcc/arm-none-eabi/4.8.4/armv6-m\libgcc.a(_udivsi3.o)
 .data          0x00000000        0x0 c:/works/programs/psoc_creator/psoc creator/3.2/psoc_creator/import/gnu/arm/4.8.4/bin/../lib/gcc/arm-none-eabi/4.8.4/armv6-m\libgcc.a(_udivsi3.o)
 .bss           0x00000000        0x0 c:/works/programs/psoc_creator/psoc creator/3.2/psoc_creator/import/gnu/arm/4.8.4/bin/../lib/gcc/arm-none-eabi/4.8.4/armv6-m\libgcc.a(_udivsi3.o)
 .text          0x00000000       0xc0 c:/works/programs/psoc_creator/psoc creator/3.2/psoc_creator/import/gnu/arm/4.8.4/bin/../lib/gcc/arm-none-eabi/4.8.4/armv6-m\libgcc.a(_divsi3.o)
 .data          0x00000000        0x0 c:/works/programs/psoc_creator/psoc creator/3.2/psoc_creator/import/gnu/arm/4.8.4/bin/../lib/gcc/arm-none-eabi/4.8.4/armv6-m\libgcc.a(_divsi3.o)
 .bss           0x00000000        0x0 c:/works/programs/psoc_creator/psoc creator/3.2/psoc_creator/import/gnu/arm/4.8.4/bin/../lib/gcc/arm-none-eabi/4.8.4/armv6-m\libgcc.a(_divsi3.o)
 .text          0x00000000        0x4 c:/works/programs/psoc_creator/psoc creator/3.2/psoc_creator/import/gnu/arm/4.8.4/bin/../lib/gcc/arm-none-eabi/4.8.4/armv6-m\libgcc.a(_dvmd_tls.o)
 .data          0x00000000        0x0 c:/works/programs/psoc_creator/psoc creator/3.2/psoc_creator/import/gnu/arm/4.8.4/bin/../lib/gcc/arm-none-eabi/4.8.4/armv6-m\libgcc.a(_dvmd_tls.o)
 .bss           0x00000000        0x0 c:/works/programs/psoc_creator/psoc creator/3.2/psoc_creator/import/gnu/arm/4.8.4/bin/../lib/gcc/arm-none-eabi/4.8.4/armv6-m\libgcc.a(_dvmd_tls.o)
 .text          0x00000000        0x0 c:/works/programs/psoc_creator/psoc creator/3.2/psoc_creator/import/gnu/arm/4.8.4/bin/../lib/gcc/arm-none-eabi/4.8.4/../../../../arm-none-eabi/lib/armv6-m\libg_s.a(lib_a-errno.o)
 .data          0x00000000        0x0 c:/works/programs/psoc_creator/psoc creator/3.2/psoc_creator/import/gnu/arm/4.8.4/bin/../lib/gcc/arm-none-eabi/4.8.4/../../../../arm-none-eabi/lib/armv6-m\libg_s.a(lib_a-errno.o)
 .bss           0x00000000        0x0 c:/works/programs/psoc_creator/psoc creator/3.2/psoc_creator/import/gnu/arm/4.8.4/bin/../lib/gcc/arm-none-eabi/4.8.4/../../../../arm-none-eabi/lib/armv6-m\libg_s.a(lib_a-errno.o)
 .text.__errno  0x00000000        0xc c:/works/programs/psoc_creator/psoc creator/3.2/psoc_creator/import/gnu/arm/4.8.4/bin/../lib/gcc/arm-none-eabi/4.8.4/../../../../arm-none-eabi/lib/armv6-m\libg_s.a(lib_a-errno.o)
 .text          0x00000000        0x0 c:/works/programs/psoc_creator/psoc creator/3.2/psoc_creator/import/gnu/arm/4.8.4/bin/../lib/gcc/arm-none-eabi/4.8.4/../../../../arm-none-eabi/lib/armv6-m\libg_s.a(lib_a-exit.o)
 .data          0x00000000        0x0 c:/works/programs/psoc_creator/psoc creator/3.2/psoc_creator/import/gnu/arm/4.8.4/bin/../lib/gcc/arm-none-eabi/4.8.4/../../../../arm-none-eabi/lib/armv6-m\libg_s.a(lib_a-exit.o)
 .bss           0x00000000        0x0 c:/works/programs/psoc_creator/psoc creator/3.2/psoc_creator/import/gnu/arm/4.8.4/bin/../lib/gcc/arm-none-eabi/4.8.4/../../../../arm-none-eabi/lib/armv6-m\libg_s.a(lib_a-exit.o)
 .text.exit     0x00000000       0x2c c:/works/programs/psoc_creator/psoc creator/3.2/psoc_creator/import/gnu/arm/4.8.4/bin/../lib/gcc/arm-none-eabi/4.8.4/../../../../arm-none-eabi/lib/armv6-m\libg_s.a(lib_a-exit.o)
 .text          0x00000000        0x0 c:/works/programs/psoc_creator/psoc creator/3.2/psoc_creator/import/gnu/arm/4.8.4/bin/../lib/gcc/arm-none-eabi/4.8.4/../../../../arm-none-eabi/lib/armv6-m\libg_s.a(lib_a-impure.o)
 .data          0x00000000        0x0 c:/works/programs/psoc_creator/psoc creator/3.2/psoc_creator/import/gnu/arm/4.8.4/bin/../lib/gcc/arm-none-eabi/4.8.4/../../../../arm-none-eabi/lib/armv6-m\libg_s.a(lib_a-impure.o)
 .bss           0x00000000        0x0 c:/works/programs/psoc_creator/psoc creator/3.2/psoc_creator/import/gnu/arm/4.8.4/bin/../lib/gcc/arm-none-eabi/4.8.4/../../../../arm-none-eabi/lib/armv6-m\libg_s.a(lib_a-impure.o)
 .data.impure_data
                0x00000000       0x60 c:/works/programs/psoc_creator/psoc creator/3.2/psoc_creator/import/gnu/arm/4.8.4/bin/../lib/gcc/arm-none-eabi/4.8.4/../../../../arm-none-eabi/lib/armv6-m\libg_s.a(lib_a-impure.o)
 .data._impure_ptr
                0x00000000        0x4 c:/works/programs/psoc_creator/psoc creator/3.2/psoc_creator/import/gnu/arm/4.8.4/bin/../lib/gcc/arm-none-eabi/4.8.4/../../../../arm-none-eabi/lib/armv6-m\libg_s.a(lib_a-impure.o)
 .rodata.str1.1
                0x00000000        0x2 c:/works/programs/psoc_creator/psoc creator/3.2/psoc_creator/import/gnu/arm/4.8.4/bin/../lib/gcc/arm-none-eabi/4.8.4/../../../../arm-none-eabi/lib/armv6-m\libg_s.a(lib_a-impure.o)
 .rodata._global_impure_ptr
                0x00000000        0x4 c:/works/programs/psoc_creator/psoc creator/3.2/psoc_creator/import/gnu/arm/4.8.4/bin/../lib/gcc/arm-none-eabi/4.8.4/../../../../arm-none-eabi/lib/armv6-m\libg_s.a(lib_a-impure.o)
 .text          0x00000000        0x0 c:/works/programs/psoc_creator/psoc creator/3.2/psoc_creator/import/gnu/arm/4.8.4/bin/../lib/gcc/arm-none-eabi/4.8.4/../../../../arm-none-eabi/lib/armv6-m\libg_s.a(lib_a-init.o)
 .data          0x00000000        0x0 c:/works/programs/psoc_creator/psoc creator/3.2/psoc_creator/import/gnu/arm/4.8.4/bin/../lib/gcc/arm-none-eabi/4.8.4/../../../../arm-none-eabi/lib/armv6-m\libg_s.a(lib_a-init.o)
 .bss           0x00000000        0x0 c:/works/programs/psoc_creator/psoc creator/3.2/psoc_creator/import/gnu/arm/4.8.4/bin/../lib/gcc/arm-none-eabi/4.8.4/../../../../arm-none-eabi/lib/armv6-m\libg_s.a(lib_a-init.o)
 .text          0x00000000        0x0 c:/works/programs/psoc_creator/psoc creator/3.2/psoc_creator/import/gnu/arm/4.8.4/bin/../lib/gcc/arm-none-eabi/4.8.4/../../../../arm-none-eabi/lib/armv6-m\libg_s.a(lib_a-memcpy-stub.o)
 .data          0x00000000        0x0 c:/works/programs/psoc_creator/psoc creator/3.2/psoc_creator/import/gnu/arm/4.8.4/bin/../lib/gcc/arm-none-eabi/4.8.4/../../../../arm-none-eabi/lib/armv6-m\libg_s.a(lib_a-memcpy-stub.o)
 .bss           0x00000000        0x0 c:/works/programs/psoc_creator/psoc creator/3.2/psoc_creator/import/gnu/arm/4.8.4/bin/../lib/gcc/arm-none-eabi/4.8.4/../../../../arm-none-eabi/lib/armv6-m\libg_s.a(lib_a-memcpy-stub.o)
 .text.memcpy   0x00000000       0x12 c:/works/programs/psoc_creator/psoc creator/3.2/psoc_creator/import/gnu/arm/4.8.4/bin/../lib/gcc/arm-none-eabi/4.8.4/../../../../arm-none-eabi/lib/armv6-m\libg_s.a(lib_a-memcpy-stub.o)
 .text          0x00000000        0x0 c:/works/programs/psoc_creator/psoc creator/3.2/psoc_creator/import/gnu/arm/4.8.4/bin/../lib/gcc/arm-none-eabi/4.8.4/../../../../arm-none-eabi/lib/armv6-m\libg_s.a(lib_a-memset.o)
 .data          0x00000000        0x0 c:/works/programs/psoc_creator/psoc creator/3.2/psoc_creator/import/gnu/arm/4.8.4/bin/../lib/gcc/arm-none-eabi/4.8.4/../../../../arm-none-eabi/lib/armv6-m\libg_s.a(lib_a-memset.o)
 .bss           0x00000000        0x0 c:/works/programs/psoc_creator/psoc creator/3.2/psoc_creator/import/gnu/arm/4.8.4/bin/../lib/gcc/arm-none-eabi/4.8.4/../../../../arm-none-eabi/lib/armv6-m\libg_s.a(lib_a-memset.o)
 .text          0x00000000        0x0 c:/works/programs/psoc_creator/psoc creator/3.2/psoc_creator/import/gnu/arm/4.8.4/bin/../lib/gcc/arm-none-eabi/4.8.4/armv6-m/crtend.o
 .data          0x00000000        0x0 c:/works/programs/psoc_creator/psoc creator/3.2/psoc_creator/import/gnu/arm/4.8.4/bin/../lib/gcc/arm-none-eabi/4.8.4/armv6-m/crtend.o
 .bss           0x00000000        0x0 c:/works/programs/psoc_creator/psoc creator/3.2/psoc_creator/import/gnu/arm/4.8.4/bin/../lib/gcc/arm-none-eabi/4.8.4/armv6-m/crtend.o
 .text          0x00000000        0x0 c:/works/programs/psoc_creator/psoc creator/3.2/psoc_creator/import/gnu/arm/4.8.4/bin/../lib/gcc/arm-none-eabi/4.8.4/armv6-m/crtn.o
 .data          0x00000000        0x0 c:/works/programs/psoc_creator/psoc creator/3.2/psoc_creator/import/gnu/arm/4.8.4/bin/../lib/gcc/arm-none-eabi/4.8.4/armv6-m/crtn.o
 .bss           0x00000000        0x0 c:/works/programs/psoc_creator/psoc creator/3.2/psoc_creator/import/gnu/arm/4.8.4/bin/../lib/gcc/arm-none-eabi/4.8.4/armv6-m/crtn.o

Memory Configuration

Name             Origin             Length             Attributes
rom              0x00000000         0x00008000         xr
ram              0x20000000         0x00001000         xrw
*default*        0x00000000         0xffffffff

Linker script and memory map

LOAD c:/works/programs/psoc_creator/psoc creator/3.2/psoc_creator/import/gnu/arm/4.8.4/bin/../lib/gcc/arm-none-eabi/4.8.4/armv6-m/crti.o
LOAD c:/works/programs/psoc_creator/psoc creator/3.2/psoc_creator/import/gnu/arm/4.8.4/bin/../lib/gcc/arm-none-eabi/4.8.4/armv6-m/crtbegin.o
LOAD c:/works/programs/psoc_creator/psoc creator/3.2/psoc_creator/import/gnu/arm/4.8.4/bin/../lib/gcc/arm-none-eabi/4.8.4/../../../../arm-none-eabi/lib/armv6-m/crt0.o
START GROUP
LOAD .\CortexM0\ARM_GCC_484\Debug\main.o
LOAD .\CortexM0\ARM_GCC_484\Debug\cybootloader.o
LOAD .\CortexM0\ARM_GCC_484\Debug\cymetadata.o
LOAD .\CortexM0\ARM_GCC_484\Debug\Cm0Start.o
LOAD .\CortexM0\ARM_GCC_484\Debug\Bootloadable Blinking LED.a
LOAD C:\WORKS\Programs\PSoC_Creator\PSoC Creator\3.2\PSoC_Creator\psoc\content\cycomponentlibrary\CyComponentLibrary.cylib\CortexM0\ARM_GCC_484\Debug\CyComponentLibrary.a
END GROUP
START GROUP
LOAD c:/works/programs/psoc_creator/psoc creator/3.2/psoc_creator/import/gnu/arm/4.8.4/bin/../lib/gcc/arm-none-eabi/4.8.4/armv6-m\libgcc.a
LOAD c:/works/programs/psoc_creator/psoc creator/3.2/psoc_creator/import/gnu/arm/4.8.4/bin/../lib/gcc/arm-none-eabi/4.8.4/../../../../arm-none-eabi/lib/armv6-m\libg_s.a
LOAD c:/works/programs/psoc_creator/psoc creator/3.2/psoc_creator/import/gnu/arm/4.8.4/bin/../lib/gcc/arm-none-eabi/4.8.4/../../../../arm-none-eabi/lib/armv6-m\libc_s.a
END GROUP
START GROUP
LOAD c:/works/programs/psoc_creator/psoc creator/3.2/psoc_creator/import/gnu/arm/4.8.4/bin/../lib/gcc/arm-none-eabi/4.8.4/armv6-m\libgcc.a
LOAD c:/works/programs/psoc_creator/psoc creator/3.2/psoc_creator/import/gnu/arm/4.8.4/bin/../lib/gcc/arm-none-eabi/4.8.4/../../../../arm-none-eabi/lib/armv6-m\libc_s.a
END GROUP
LOAD c:/works/programs/psoc_creator/psoc creator/3.2/psoc_creator/import/gnu/arm/4.8.4/bin/../lib/gcc/arm-none-eabi/4.8.4/armv6-m/crtend.o
LOAD c:/works/programs/psoc_creator/psoc creator/3.2/psoc_creator/import/gnu/arm/4.8.4/bin/../lib/gcc/arm-none-eabi/4.8.4/armv6-m/crtn.o
START GROUP
LOAD c:/works/programs/psoc_creator/psoc creator/3.2/psoc_creator/import/gnu/arm/4.8.4/bin/../lib/gcc/arm-none-eabi/4.8.4/armv6-m\libgcc.a
LOAD c:/works/programs/psoc_creator/psoc creator/3.2/psoc_creator/import/gnu/arm/4.8.4/bin/../lib/gcc/arm-none-eabi/4.8.4/../../../../arm-none-eabi/lib/armv6-m\libc.a
LOAD c:/works/programs/psoc_creator/psoc creator/3.2/psoc_creator/import/gnu/arm/4.8.4/bin/../lib/gcc/arm-none-eabi/4.8.4/../../../../arm-none-eabi/lib/armv6-m\libnosys.a
END GROUP
                0x00000000                CY_APPL_ORIGIN = 0x0
                0x00000080                CY_FLASH_ROW_SIZE = 0x80
                0x00000001                CY_APPL_NUM = 0x1
                0x00000040                CY_METADATA_SIZE = 0x40
                0x20000108                PROVIDE (__cy_heap_start, _end)
                0x00000001                PROVIDE (__cy_region_num, ((__cy_regions_end - __cy_regions) / 0x10))
                0x20001000                PROVIDE (__cy_stack, (ORIGIN (ram) + 0x1000))
                0x20000c00                PROVIDE (__cy_heap_end, (__cy_stack - 0x400))

.cybootloader   0x00000000     0x1200
 *(.cybootloader)
 .cybootloader  0x00000000     0x1200 .\CortexM0\ARM_GCC_484\Debug\cybootloader.o
                0x00000000                cy_bootloader
                0x00001200                appl1_start = CY_APPL_ORIGIN?CY_APPL_ORIGIN:ALIGN (CY_FLASH_ROW_SIZE)
                0x00004880                appl2_start = (appl1_start + ALIGN ((((0x8000 - appl1_start) - (0x2 * CY_FLASH_ROW_SIZE)) / 0x2), CY_FLASH_ROW_SIZE))
                0x00001200                appl_start = (CY_APPL_NUM == 0x1)?appl1_start:appl2_start

.text           0x00001200      0x69c
 CREATE_OBJECT_SYMBOLS
                0x00001200                PROVIDE (__cy_interrupt_vector, RomVectors)
 *(.romvectors)
 .romvectors    0x00001200       0x10 .\CortexM0\ARM_GCC_484\Debug\Cm0Start.o
                0x00001200                RomVectors
                0x00000001                ASSERT ((. != __cy_interrupt_vector), No interrupt vector)
                0x00000001                ASSERT (CY_APPL_ORIGIN?(SIZEOF (.cybootloader) <= CY_APPL_ORIGIN):0x1, Wrong image location)
                0x00001210                PROVIDE (__cy_reset, Reset)
 *(.text.Reset)
 .text.Reset    0x00001210       0x14 .\CortexM0\ARM_GCC_484\Debug\Cm0Start.o
                0x00001210                Reset
                0x00000001                ASSERT ((. != __cy_reset), No reset code)
 *(.psocinit)
 .psocinit      0x00001224      0x184 .\CortexM0\ARM_GCC_484\Debug\Bootloadable Blinking LED.a(cyfitter_cfg.o)
                0x00001290                cyfitter_cfg
                0x000013a8                . = MAX (., 0x100)
 *(.text .text.* .gnu.linkonce.t.*)
 .text          0x000013a8       0x60 c:/works/programs/psoc_creator/psoc creator/3.2/psoc_creator/import/gnu/arm/4.8.4/bin/../lib/gcc/arm-none-eabi/4.8.4/armv6-m/crtbegin.o
 .text.main     0x00001408       0x24 .\CortexM0\ARM_GCC_484\Debug\main.o
                0x00001408                main
 .text.IntDefaultHandler
                0x0000142c        0x8 .\CortexM0\ARM_GCC_484\Debug\Cm0Start.o
                0x0000142c                IntDefaultHandler
 .text.Start_c  0x00001434       0x98 .\CortexM0\ARM_GCC_484\Debug\Cm0Start.o
                0x00001434                Start_c
 .text.initialize_psoc
                0x000014cc       0x74 .\CortexM0\ARM_GCC_484\Debug\Cm0Start.o
                0x000014cc                initialize_psoc
 .text.CYMEMZERO
                0x00001540       0x20 .\CortexM0\ARM_GCC_484\Debug\Bootloadable Blinking LED.a(cyfitter_cfg.o)
 .text.AnalogSetDefault
                0x00001560        0x8 .\CortexM0\ARM_GCC_484\Debug\Bootloadable Blinking LED.a(cyfitter_cfg.o)
 .text.CySysClkWriteImoFreq
                0x00001568      0x1e0 .\CortexM0\ARM_GCC_484\Debug\Bootloadable Blinking LED.a(CyLib.o)
                0x00001568                CySysClkWriteImoFreq
 .text.CyHalt   0x00001748       0x14 .\CortexM0\ARM_GCC_484\Debug\Bootloadable Blinking LED.a(CyLib.o)
                0x00001748                CyHalt
 .text.CyDelay  0x0000175c       0x48 .\CortexM0\ARM_GCC_484\Debug\Bootloadable Blinking LED.a(CyLib.o)
                0x0000175c                CyDelay
 .text.CyDelayUs
                0x000017a4       0x28 .\CortexM0\ARM_GCC_484\Debug\Bootloadable Blinking LED.a(CyLib.o)
                0x000017a4                CyDelayUs
 .text.LED_Write
                0x000017cc       0x4c .\CortexM0\ARM_GCC_484\Debug\Bootloadable Blinking LED.a(LED.o)
                0x000017cc                LED_Write
 .text          0x00001818       0x28 .\CortexM0\ARM_GCC_484\Debug\Bootloadable Blinking LED.a(CyBootAsmGnu.o)
                0x00001818                CyDelayCycles
                0x0000182c                CyEnterCriticalSection
                0x00001834                CyExitCriticalSection
 .text.__libc_init_array
                0x00001840       0x4c c:/works/programs/psoc_creator/psoc creator/3.2/psoc_creator/import/gnu/arm/4.8.4/bin/../lib/gcc/arm-none-eabi/4.8.4/../../../../arm-none-eabi/lib/armv6-m\libg_s.a(lib_a-init.o)
                0x00001840                __libc_init_array
 .text.memset   0x0000188c       0x10 c:/works/programs/psoc_creator/psoc creator/3.2/psoc_creator/import/gnu/arm/4.8.4/bin/../lib/gcc/arm-none-eabi/4.8.4/../../../../arm-none-eabi/lib/armv6-m\libg_s.a(lib_a-memset.o)
                0x0000188c                memset
 *(.plt)
 *(.gnu.warning)
 *(.glue_7t)
 .glue_7t       0x00000000        0x0 linker stubs
 *(.glue_7)
 .glue_7        0x00000000        0x0 linker stubs
 *(.vfp11_veneer)
 .vfp11_veneer  0x00000000        0x0 linker stubs
 *(.bootloader)
 *(.ARM.extab* .gnu.linkonce.armextab.*)
 *(.gcc_except_table)

.v4_bx          0x0000189c        0x0
 .v4_bx         0x00000000        0x0 linker stubs

.iplt           0x0000189c        0x0
 .iplt          0x00000000        0x0 c:/works/programs/psoc_creator/psoc creator/3.2/psoc_creator/import/gnu/arm/4.8.4/bin/../lib/gcc/arm-none-eabi/4.8.4/armv6-m/crtbegin.o

.eh_frame_hdr
 *(.eh_frame_hdr)

.eh_frame       0x0000189c        0x4
 *(.eh_frame)
 .eh_frame      0x0000189c        0x0 c:/works/programs/psoc_creator/psoc creator/3.2/psoc_creator/import/gnu/arm/4.8.4/bin/../lib/gcc/arm-none-eabi/4.8.4/armv6-m/crtbegin.o
 .eh_frame      0x0000189c        0x4 c:/works/programs/psoc_creator/psoc creator/3.2/psoc_creator/import/gnu/arm/4.8.4/bin/../lib/gcc/arm-none-eabi/4.8.4/armv6-m/crtend.o
                0x000018a0                PROVIDE (__exidx_start, .)

.ARM.exidx
 *(.ARM.exidx* .gnu.linkonce.armexidx.*)
                0x000018a0                __exidx_end = .

.rodata         0x000018a0       0x70
 *(.rodata .rodata.* .gnu.linkonce.r.*)
 .rodata        0x000018a0        0xc .\CortexM0\ARM_GCC_484\Debug\Bootloadable Blinking LED.a(cyfitter_cfg.o)
 .rodata        0x000018ac       0x30 .\CortexM0\ARM_GCC_484\Debug\Bootloadable Blinking LED.a(CyLib.o)
                0x000018ac                cyImoFreqMhz2Reg
                0x000018dc                . = ALIGN (0x4)
 *(.init)
 .init          0x000018dc        0x4 c:/works/programs/psoc_creator/psoc creator/3.2/psoc_creator/import/gnu/arm/4.8.4/bin/../lib/gcc/arm-none-eabi/4.8.4/armv6-m/crti.o
                0x000018dc                _init
 .init          0x000018e0        0x8 c:/works/programs/psoc_creator/psoc creator/3.2/psoc_creator/import/gnu/arm/4.8.4/bin/../lib/gcc/arm-none-eabi/4.8.4/armv6-m/crtn.o
                0x000018e8                . = ALIGN (0x4)
                0x000018e8                __preinit_array_start = .
 *(.preinit_array)
                0x000018e8                __preinit_array_end = .
                0x000018e8                . = ALIGN (0x4)
                0x000018e8                __init_array_start = .
 *(SORT(.init_array.*))
 *(.init_array)
 .init_array    0x000018e8        0x4 c:/works/programs/psoc_creator/psoc creator/3.2/psoc_creator/import/gnu/arm/4.8.4/bin/../lib/gcc/arm-none-eabi/4.8.4/armv6-m/crtbegin.o
 .init_array    0x000018ec        0x4 .\CortexM0\ARM_GCC_484\Debug\Cm0Start.o
                0x000018f0                __init_array_end = .
                0x000018f0                . = ALIGN (0x4)
 *(.fini)
 .fini          0x000018f0        0x4 c:/works/programs/psoc_creator/psoc creator/3.2/psoc_creator/import/gnu/arm/4.8.4/bin/../lib/gcc/arm-none-eabi/4.8.4/armv6-m/crti.o
                0x000018f0                _fini
 .fini          0x000018f4        0x8 c:/works/programs/psoc_creator/psoc creator/3.2/psoc_creator/import/gnu/arm/4.8.4/bin/../lib/gcc/arm-none-eabi/4.8.4/armv6-m/crtn.o
                0x000018fc                . = ALIGN (0x4)
                0x000018fc                __fini_array_start = .
 *(.fini_array)
 .fini_array    0x000018fc        0x4 c:/works/programs/psoc_creator/psoc creator/3.2/psoc_creator/import/gnu/arm/4.8.4/bin/../lib/gcc/arm-none-eabi/4.8.4/armv6-m/crtbegin.o
 *(SORT(.fini_array.*))
                0x00001900                __fini_array_end = .
                0x00001900                . = ALIGN (0x4)
 *crtbegin.o(.ctors)
 *(EXCLUDE_FILE(*crtend.o) .ctors)
 *(SORT(.ctors.*))
 *crtend.o(.ctors)
                0x00001900                . = ALIGN (0x4)
 *crtbegin.o(.dtors)
 *(EXCLUDE_FILE(*crtend.o) .dtors)
 *(SORT(.dtors.*))
 *crtend.o(.dtors)
                0x00001900                . = ALIGN (0x4)
                0x00001900                __cy_regions = .
                0x00001900        0x4 LONG 0x1910 __cy_region_init_ram
                0x00001904        0x4 LONG 0x200000d0 __cy_region_start_data
                0x00001908        0x4 LONG 0x18 __cy_region_init_size_ram
                0x0000190c        0x4 LONG 0x20 __cy_region_zero_size_ram
                0x00001910                __cy_regions_end = .
                0x00001910                . = ALIGN (0x8)
                0x00001910                _etext = .

.ramvectors     0x20000000       0xc0
                0x20000000                __cy_region_start_ram = .
 *(.ramvectors)
 .ramvectors    0x20000000       0xc0 .\CortexM0\ARM_GCC_484\Debug\Cm0Start.o
                0x20000000                CyRamVectors

.btldr_run      0x200000c0        0x4
 *(.bootloaderruntype)
 .bootloaderruntype
                0x200000c0        0x4 .\CortexM0\ARM_GCC_484\Debug\Cm0Start.o
                0x200000c0                cyBtldrRunType

.noinit         0x200000c8        0x4
 *(.noinit)
 .noinit        0x200000c8        0x4 .\CortexM0\ARM_GCC_484\Debug\Cm0Start.o

.data           0x200000d0       0x18 load address 0x00001910
                0x200000d0                __cy_region_start_data = .
 *(.jcr)
 .jcr           0x200000d0        0x0 c:/works/programs/psoc_creator/psoc creator/3.2/psoc_creator/import/gnu/arm/4.8.4/bin/../lib/gcc/arm-none-eabi/4.8.4/armv6-m/crtbegin.o
 .jcr           0x200000d0        0x4 c:/works/programs/psoc_creator/psoc creator/3.2/psoc_creator/import/gnu/arm/4.8.4/bin/../lib/gcc/arm-none-eabi/4.8.4/armv6-m/crtend.o
 *(.got.plt)
 *(.got)
 *(.shdata)
 *(.data .data.* .gnu.linkonce.d.*)
 .data          0x200000d4       0x10 .\CortexM0\ARM_GCC_484\Debug\Bootloadable Blinking LED.a(CyLib.o)
                0x200000d4                cydelayFreqHz
                0x200000d8                cydelayFreqKhz
                0x200000dc                cydelayFreqMhz
                0x200000e0                cydelay32kMs
                0x200000e8                . = ALIGN (0x8)
 *fill*         0x200000e4        0x4 
 *(.ram)
                0x200000e8                _edata = .

.igot.plt       0x200000e8        0x0 load address 0x00001928
 .igot.plt      0x00000000        0x0 c:/works/programs/psoc_creator/psoc creator/3.2/psoc_creator/import/gnu/arm/4.8.4/bin/../lib/gcc/arm-none-eabi/4.8.4/armv6-m/crtbegin.o

.bss            0x200000e8       0x20 load address 0x00001928
                0x200000e8                PROVIDE (__bss_start__, .)
 *(.shbss)
 *(.bss .bss.* .gnu.linkonce.b.*)
 .bss           0x200000e8       0x1c c:/works/programs/psoc_creator/psoc creator/3.2/psoc_creator/import/gnu/arm/4.8.4/bin/../lib/gcc/arm-none-eabi/4.8.4/armv6-m/crtbegin.o
 *(COMMON)
                0x20000108                . = ALIGN (0x8)
 *fill*         0x20000104        0x4 
 *(.ram.b)
                0x20000108                _end = .
                0x20000108                __end = .
                0x20000108                PROVIDE (end, .)
                0x20000108                PROVIDE (__bss_end__, .)
                0x00001910                __cy_region_init_ram = LOADADDR (.data)
                0x00000018                __cy_region_init_size_ram = (_edata - ADDR (.data))
                0x00000020                __cy_region_zero_size_ram = (_end - _edata)

.heap           0x20000108      0x100 load address 0x00001928
                0x20000108                . = _end
                0x20000208                . = (. + 0x100)
 *fill*         0x20000108      0x100 
                0x20000208                __cy_heap_limit = .

.stack          0x20000c00      0x400
                0x20000c00                __cy_stack_limit = .
                0x20001000                . = (. + 0x400)
 *fill*         0x20000c00      0x400 
                0x00000001                ASSERT ((__cy_stack_limit >= __cy_heap_limit), region RAM overflowed with stack)

.cyloadermeta   0xf0000000       0x40
 *(.cyloadermeta)
 .cyloadermeta  0xf0000000       0x40 .\CortexM0\ARM_GCC_484\Debug\cybootloader.o
                0xf0000000                cy_meta_loader

.cyloadablemeta
                0x00007fc0       0x40
 *(.cyloadablemeta)
 .cyloadablemeta
                0x00007fc0       0x40 .\CortexM0\ARM_GCC_484\Debug\cymetadata.o
                0x00007fc0                cy_meta_loadable

.cyflashprotect
                0x90400000       0x20
 *(.cyflashprotect)
 .cyflashprotect
                0x90400000       0x20 .\CortexM0\ARM_GCC_484\Debug\cybootloader.o
                0x90400000                cy_meta_flashprotect

.cymeta         0x90500000        0xc
 *(.cymeta)
 .cymeta        0x90500000        0xc .\CortexM0\ARM_GCC_484\Debug\cybootloader.o
                0x90500000                cy_metadata

.cychipprotect  0x90600000        0x4
 *(.cychipprotect)
 .cychipprotect
                0x90600000        0x4 .\CortexM0\ARM_GCC_484\Debug\cybootloader.o
                0x90600000                cy_meta_chipprotect

.rel.dyn        0x00008000        0x0 load address 0x90600004
 .rel.iplt      0x00000000        0x0 c:/works/programs/psoc_creator/psoc creator/3.2/psoc_creator/import/gnu/arm/4.8.4/bin/../lib/gcc/arm-none-eabi/4.8.4/armv6-m/crtbegin.o

.stab
 *(.stab)

.stabstr
 *(.stabstr)

.debug
 *(.debug)

.line
 *(.line)

.debug_srcinfo
 *(.debug_srcinfo)

.debug_sfnames
 *(.debug_sfnames)

.debug_aranges  0x00000000      0x370
 *(.debug_aranges)
 .debug_aranges
                0x00000000       0x20 .\CortexM0\ARM_GCC_484\Debug\main.o
 .debug_aranges
                0x00000020       0x18 .\CortexM0\ARM_GCC_484\Debug\cybootloader.o
 .debug_aranges
                0x00000038       0x18 .\CortexM0\ARM_GCC_484\Debug\cymetadata.o
 .debug_aranges
                0x00000050       0x48 .\CortexM0\ARM_GCC_484\Debug\Cm0Start.o
 .debug_aranges
                0x00000098       0x48 .\CortexM0\ARM_GCC_484\Debug\Bootloadable Blinking LED.a(cyfitter_cfg.o)
 .debug_aranges
                0x000000e0      0x230 .\CortexM0\ARM_GCC_484\Debug\Bootloadable Blinking LED.a(CyLib.o)
 .debug_aranges
                0x00000310       0x40 .\CortexM0\ARM_GCC_484\Debug\Bootloadable Blinking LED.a(LED.o)
 .debug_aranges
                0x00000350       0x20 .\CortexM0\ARM_GCC_484\Debug\Bootloadable Blinking LED.a(CyBootAsmGnu.o)

.debug_pubnames
 *(.debug_pubnames)

.debug_info     0x00000000     0x162f
 *(.debug_info .gnu.linkonce.wi.*)
 .debug_info    0x00000000       0x9d .\CortexM0\ARM_GCC_484\Debug\main.o
 .debug_info    0x0000009d      0x14d .\CortexM0\ARM_GCC_484\Debug\cybootloader.o
 .debug_info    0x000001ea       0xb1 .\CortexM0\ARM_GCC_484\Debug\cymetadata.o
 .debug_info    0x0000029b      0x310 .\CortexM0\ARM_GCC_484\Debug\Cm0Start.o
 .debug_info    0x000005ab      0x247 .\CortexM0\ARM_GCC_484\Debug\Bootloadable Blinking LED.a(cyfitter_cfg.o)
 .debug_info    0x000007f2      0xc5b .\CortexM0\ARM_GCC_484\Debug\Bootloadable Blinking LED.a(CyLib.o)
 .debug_info    0x0000144d      0x14c .\CortexM0\ARM_GCC_484\Debug\Bootloadable Blinking LED.a(LED.o)
 .debug_info    0x00001599       0x96 .\CortexM0\ARM_GCC_484\Debug\Bootloadable Blinking LED.a(CyBootAsmGnu.o)

.debug_abbrev   0x00000000      0x6e3
 *(.debug_abbrev)
 .debug_abbrev  0x00000000       0x42 .\CortexM0\ARM_GCC_484\Debug\main.o
 .debug_abbrev  0x00000042       0x77 .\CortexM0\ARM_GCC_484\Debug\cybootloader.o
 .debug_abbrev  0x000000b9       0x5d .\CortexM0\ARM_GCC_484\Debug\cymetadata.o
 .debug_abbrev  0x00000116      0x1c5 .\CortexM0\ARM_GCC_484\Debug\Cm0Start.o
 .debug_abbrev  0x000002db      0x136 .\CortexM0\ARM_GCC_484\Debug\Bootloadable Blinking LED.a(cyfitter_cfg.o)
 .debug_abbrev  0x00000411      0x207 .\CortexM0\ARM_GCC_484\Debug\Bootloadable Blinking LED.a(CyLib.o)
 .debug_abbrev  0x00000618       0xb7 .\CortexM0\ARM_GCC_484\Debug\Bootloadable Blinking LED.a(LED.o)
 .debug_abbrev  0x000006cf       0x14 .\CortexM0\ARM_GCC_484\Debug\Bootloadable Blinking LED.a(CyBootAsmGnu.o)

.debug_line     0x00000000      0xc2d
 *(.debug_line)
 .debug_line    0x00000000       0x53 .\CortexM0\ARM_GCC_484\Debug\main.o
 .debug_line    0x00000053       0x55 .\CortexM0\ARM_GCC_484\Debug\cybootloader.o
 .debug_line    0x000000a8       0x53 .\CortexM0\ARM_GCC_484\Debug\cymetadata.o
 .debug_line    0x000000fb      0x1b9 .\CortexM0\ARM_GCC_484\Debug\Cm0Start.o
 .debug_line    0x000002b4      0x164 .\CortexM0\ARM_GCC_484\Debug\Bootloadable Blinking LED.a(cyfitter_cfg.o)
 .debug_line    0x00000418      0x703 .\CortexM0\ARM_GCC_484\Debug\Bootloadable Blinking LED.a(CyLib.o)
 .debug_line    0x00000b1b       0xa9 .\CortexM0\ARM_GCC_484\Debug\Bootloadable Blinking LED.a(LED.o)
 .debug_line    0x00000bc4       0x69 .\CortexM0\ARM_GCC_484\Debug\Bootloadable Blinking LED.a(CyBootAsmGnu.o)

.debug_frame    0x00000000      0xb9c
 *(.debug_frame)
 .debug_frame   0x00000000       0x2c .\CortexM0\ARM_GCC_484\Debug\main.o
 .debug_frame   0x0000002c       0xc8 .\CortexM0\ARM_GCC_484\Debug\Cm0Start.o
 .debug_frame   0x000000f4       0xc8 .\CortexM0\ARM_GCC_484\Debug\Bootloadable Blinking LED.a(cyfitter_cfg.o)
 .debug_frame   0x000001bc      0x83c .\CortexM0\ARM_GCC_484\Debug\Bootloadable Blinking LED.a(CyLib.o)
 .debug_frame   0x000009f8       0xa8 .\CortexM0\ARM_GCC_484\Debug\Bootloadable Blinking LED.a(LED.o)
 .debug_frame   0x00000aa0       0x20 c:/works/programs/psoc_creator/psoc creator/3.2/psoc_creator/import/gnu/arm/4.8.4/bin/../lib/gcc/arm-none-eabi/4.8.4/armv6-m\libgcc.a(_udivsi3.o)
 .debug_frame   0x00000ac0       0x20 c:/works/programs/psoc_creator/psoc creator/3.2/psoc_creator/import/gnu/arm/4.8.4/bin/../lib/gcc/arm-none-eabi/4.8.4/armv6-m\libgcc.a(_divsi3.o)
 .debug_frame   0x00000ae0       0x20 c:/works/programs/psoc_creator/psoc creator/3.2/psoc_creator/import/gnu/arm/4.8.4/bin/../lib/gcc/arm-none-eabi/4.8.4/../../../../arm-none-eabi/lib/armv6-m\libg_s.a(lib_a-errno.o)
 .debug_frame   0x00000b00       0x28 c:/works/programs/psoc_creator/psoc creator/3.2/psoc_creator/import/gnu/arm/4.8.4/bin/../lib/gcc/arm-none-eabi/4.8.4/../../../../arm-none-eabi/lib/armv6-m\libg_s.a(lib_a-exit.o)
 .debug_frame   0x00000b28       0x2c c:/works/programs/psoc_creator/psoc creator/3.2/psoc_creator/import/gnu/arm/4.8.4/bin/../lib/gcc/arm-none-eabi/4.8.4/../../../../arm-none-eabi/lib/armv6-m\libg_s.a(lib_a-init.o)
 .debug_frame   0x00000b54       0x28 c:/works/programs/psoc_creator/psoc creator/3.2/psoc_creator/import/gnu/arm/4.8.4/bin/../lib/gcc/arm-none-eabi/4.8.4/../../../../arm-none-eabi/lib/armv6-m\libg_s.a(lib_a-memcpy-stub.o)
 .debug_frame   0x00000b7c       0x20 c:/works/programs/psoc_creator/psoc creator/3.2/psoc_creator/import/gnu/arm/4.8.4/bin/../lib/gcc/arm-none-eabi/4.8.4/../../../../arm-none-eabi/lib/armv6-m\libg_s.a(lib_a-memset.o)

.debug_str      0x00000000      0xb83
 *(.debug_str)
 .debug_str     0x00000000      0x136 .\CortexM0\ARM_GCC_484\Debug\main.o
                                0x16f (size before relaxing)
 .debug_str     0x00000136       0x80 .\CortexM0\ARM_GCC_484\Debug\cybootloader.o
                                0x1e1 (size before relaxing)
 .debug_str     0x000001b6       0x37 .\CortexM0\ARM_GCC_484\Debug\cymetadata.o
                                0x19e (size before relaxing)
 .debug_str     0x000001ed      0x14b .\CortexM0\ARM_GCC_484\Debug\Cm0Start.o
                                0x2bf (size before relaxing)
 .debug_str     0x00000338       0xa5 .\CortexM0\ARM_GCC_484\Debug\Bootloadable Blinking LED.a(cyfitter_cfg.o)
                                0x22d (size before relaxing)
 .debug_str     0x000003dd      0x72d .\CortexM0\ARM_GCC_484\Debug\Bootloadable Blinking LED.a(CyLib.o)
                                0x8c9 (size before relaxing)
 .debug_str     0x00000b0a       0x79 .\CortexM0\ARM_GCC_484\Debug\Bootloadable Blinking LED.a(LED.o)
                                0x1ef (size before relaxing)

.debug_loc
 *(.debug_loc)

.debug_macinfo
 *(.debug_macinfo)

.debug_ranges   0x00000000      0x2d0
 *(.debug_ranges)
 .debug_ranges  0x00000000       0x10 .\CortexM0\ARM_GCC_484\Debug\main.o
 .debug_ranges  0x00000010       0x38 .\CortexM0\ARM_GCC_484\Debug\Cm0Start.o
 .debug_ranges  0x00000048       0x38 .\CortexM0\ARM_GCC_484\Debug\Bootloadable Blinking LED.a(cyfitter_cfg.o)
 .debug_ranges  0x00000080      0x220 .\CortexM0\ARM_GCC_484\Debug\Bootloadable Blinking LED.a(CyLib.o)
 .debug_ranges  0x000002a0       0x30 .\CortexM0\ARM_GCC_484\Debug\Bootloadable Blinking LED.a(LED.o)

.comment        0x00000000       0x70
 .comment       0x00000000       0x70 .\CortexM0\ARM_GCC_484\Debug\main.o
                                 0x71 (size before relaxing)
 .comment       0x00000000       0x71 .\CortexM0\ARM_GCC_484\Debug\cybootloader.o
 .comment       0x00000000       0x71 .\CortexM0\ARM_GCC_484\Debug\cymetadata.o
 .comment       0x00000000       0x71 .\CortexM0\ARM_GCC_484\Debug\Cm0Start.o
 .comment       0x00000000       0x71 .\CortexM0\ARM_GCC_484\Debug\Bootloadable Blinking LED.a(cyfitter_cfg.o)
 .comment       0x00000000       0x71 .\CortexM0\ARM_GCC_484\Debug\Bootloadable Blinking LED.a(CyLib.o)
 .comment       0x00000000       0x71 .\CortexM0\ARM_GCC_484\Debug\Bootloadable Blinking LED.a(LED.o)

.debug_weaknames
 *(.debug_weaknames)

.debug_funcnames
 *(.debug_funcnames)

.debug_typenames
 *(.debug_typenames)

.debug_varnames
 *(.debug_varnames)

.note.gnu.arm.ident
 *(.note.gnu.arm.ident)

.ARM.attributes
                0x00000000       0x28
 *(.ARM.attributes)
 .ARM.attributes
                0x00000000       0x1e c:/works/programs/psoc_creator/psoc creator/3.2/psoc_creator/import/gnu/arm/4.8.4/bin/../lib/gcc/arm-none-eabi/4.8.4/armv6-m/crti.o
 .ARM.attributes
                0x0000001e       0x2c c:/works/programs/psoc_creator/psoc creator/3.2/psoc_creator/import/gnu/arm/4.8.4/bin/../lib/gcc/arm-none-eabi/4.8.4/armv6-m/crtbegin.o
 .ARM.attributes
                0x0000004a       0x1b c:/works/programs/psoc_creator/psoc creator/3.2/psoc_creator/import/gnu/arm/4.8.4/bin/../lib/gcc/arm-none-eabi/4.8.4/../../../../arm-none-eabi/lib/armv6-m/crt0.o
 .ARM.attributes
                0x00000065       0x31 .\CortexM0\ARM_GCC_484\Debug\main.o
 .ARM.attributes
                0x00000096       0x31 .\CortexM0\ARM_GCC_484\Debug\cybootloader.o
 .ARM.attributes
                0x000000c7       0x31 .\CortexM0\ARM_GCC_484\Debug\cymetadata.o
 .ARM.attributes
                0x000000f8       0x31 .\CortexM0\ARM_GCC_484\Debug\Cm0Start.o
 .ARM.attributes
                0x00000129       0x31 .\CortexM0\ARM_GCC_484\Debug\Bootloadable Blinking LED.a(cyfitter_cfg.o)
 .ARM.attributes
                0x0000015a       0x31 .\CortexM0\ARM_GCC_484\Debug\Bootloadable Blinking LED.a(CyLib.o)
 .ARM.attributes
                0x0000018b       0x31 .\CortexM0\ARM_GCC_484\Debug\Bootloadable Blinking LED.a(LED.o)
 .ARM.attributes
                0x000001bc       0x21 .\CortexM0\ARM_GCC_484\Debug\Bootloadable Blinking LED.a(CyBootAsmGnu.o)
 .ARM.attributes
                0x000001dd       0x1e c:/works/programs/psoc_creator/psoc creator/3.2/psoc_creator/import/gnu/arm/4.8.4/bin/../lib/gcc/arm-none-eabi/4.8.4/armv6-m\libgcc.a(_udivsi3.o)
 .ARM.attributes
                0x000001fb       0x1e c:/works/programs/psoc_creator/psoc creator/3.2/psoc_creator/import/gnu/arm/4.8.4/bin/../lib/gcc/arm-none-eabi/4.8.4/armv6-m\libgcc.a(_divsi3.o)
 .ARM.attributes
                0x00000219       0x1e c:/works/programs/psoc_creator/psoc creator/3.2/psoc_creator/import/gnu/arm/4.8.4/bin/../lib/gcc/arm-none-eabi/4.8.4/armv6-m\libgcc.a(_dvmd_tls.o)
 .ARM.attributes
                0x00000237       0x2c c:/works/programs/psoc_creator/psoc creator/3.2/psoc_creator/import/gnu/arm/4.8.4/bin/../lib/gcc/arm-none-eabi/4.8.4/../../../../arm-none-eabi/lib/armv6-m\libg_s.a(lib_a-errno.o)
 .ARM.attributes
                0x00000263       0x2c c:/works/programs/psoc_creator/psoc creator/3.2/psoc_creator/import/gnu/arm/4.8.4/bin/../lib/gcc/arm-none-eabi/4.8.4/../../../../arm-none-eabi/lib/armv6-m\libg_s.a(lib_a-exit.o)
 .ARM.attributes
                0x0000028f       0x2c c:/works/programs/psoc_creator/psoc creator/3.2/psoc_creator/import/gnu/arm/4.8.4/bin/../lib/gcc/arm-none-eabi/4.8.4/../../../../arm-none-eabi/lib/armv6-m\libg_s.a(lib_a-impure.o)
 .ARM.attributes
                0x000002bb       0x2c c:/works/programs/psoc_creator/psoc creator/3.2/psoc_creator/import/gnu/arm/4.8.4/bin/../lib/gcc/arm-none-eabi/4.8.4/../../../../arm-none-eabi/lib/armv6-m\libg_s.a(lib_a-init.o)
 .ARM.attributes
                0x000002e7       0x2c c:/works/programs/psoc_creator/psoc creator/3.2/psoc_creator/import/gnu/arm/4.8.4/bin/../lib/gcc/arm-none-eabi/4.8.4/../../../../arm-none-eabi/lib/armv6-m\libg_s.a(lib_a-memcpy-stub.o)
 .ARM.attributes
                0x00000313       0x2c c:/works/programs/psoc_creator/psoc creator/3.2/psoc_creator/import/gnu/arm/4.8.4/bin/../lib/gcc/arm-none-eabi/4.8.4/../../../../arm-none-eabi/lib/armv6-m\libg_s.a(lib_a-memset.o)
 .ARM.attributes
                0x0000033f       0x2c c:/works/programs/psoc_creator/psoc creator/3.2/psoc_creator/import/gnu/arm/4.8.4/bin/../lib/gcc/arm-none-eabi/4.8.4/armv6-m/crtend.o
 .ARM.attributes
                0x0000036b       0x1e c:/works/programs/psoc_creator/psoc creator/3.2/psoc_creator/import/gnu/arm/4.8.4/bin/../lib/gcc/arm-none-eabi/4.8.4/armv6-m/crtn.o

/DISCARD/
 *(.note.GNU-stack)
OUTPUT(.\CortexM0\ARM_GCC_484\Debug\Bootloadable Blinking LED.elf elf32-littlearm)
